{
  "Entries": [
    {
      "RequestUri": "/subscriptions/e37510d7-33b6-4676-886f-ee75bcc01871/resourcegroups/crptestps9026?api-version=2016-09-01",
      "EncodedRequestUri": "L3N1YnNjcmlwdGlvbnMvZTM3NTEwZDctMzNiNi00Njc2LTg4NmYtZWU3NWJjYzAxODcxL3Jlc291cmNlZ3JvdXBzL2NycHRlc3RwczkwMjY/YXBpLXZlcnNpb249MjAxNi0wOS0wMQ==",
      "RequestMethod": "PUT",
      "RequestHeaders": {
        "x-ms-client-request-id": [
          "848cc7e8-23aa-439d-bd46-3fd047fee014"
        ],
        "Accept-Language": [
          "en-US"
        ],
        "User-Agent": [
          "FxVersion/4.700.22.51102",
          "OSName/Windows",
          "OSVersion/Microsoft.Windows.10.0.22621",
          "Microsoft.Azure.Management.Internal.Resources.ResourceManagementClient/1.3.64"
        ],
        "Content-Type": [
          "application/json; charset=utf-8"
        ],
        "Content-Length": [
          "33"
        ]
      },
      "RequestBody": "{\r\n  \"location\": \"northeurope\"\r\n}",
      "ResponseHeaders": {
        "Cache-Control": [
          "no-cache"
        ],
        "Pragma": [
          "no-cache"
        ],
        "x-ms-ratelimit-remaining-subscription-writes": [
          "1199"
        ],
        "x-ms-request-id": [
          "0a047523-5262-4e8b-b3f3-e6e470623851"
        ],
        "x-ms-correlation-request-id": [
          "0a047523-5262-4e8b-b3f3-e6e470623851"
        ],
        "x-ms-routing-request-id": [
          "CENTRALUS:20221212T212738Z:0a047523-5262-4e8b-b3f3-e6e470623851"
        ],
        "Strict-Transport-Security": [
          "max-age=31536000; includeSubDomains"
        ],
        "X-Content-Type-Options": [
          "nosniff"
        ],
        "Date": [
          "Mon, 12 Dec 2022 21:27:38 GMT"
        ],
        "Content-Length": [
          "184"
        ],
        "Content-Type": [
          "application/json; charset=utf-8"
        ],
        "Expires": [
          "-1"
        ]
      },
      "ResponseBody": "{\r\n  \"id\": \"/subscriptions/e37510d7-33b6-4676-886f-ee75bcc01871/resourceGroups/crptestps9026\",\r\n  \"name\": \"crptestps9026\",\r\n  \"location\": \"northeurope\",\r\n  \"properties\": {\r\n    \"provisioningState\": \"Succeeded\"\r\n  }\r\n}",
      "StatusCode": 201
    },
    {
      "RequestUri": "/subscriptions/e37510d7-33b6-4676-886f-ee75bcc01871/resourceGroups/crptestps9026/providers/Microsoft.Network/virtualNetworks/vnetcrptestps9026?api-version=2022-05-01",
      "EncodedRequestUri": "L3N1YnNjcmlwdGlvbnMvZTM3NTEwZDctMzNiNi00Njc2LTg4NmYtZWU3NWJjYzAxODcxL3Jlc291cmNlR3JvdXBzL2NycHRlc3RwczkwMjYvcHJvdmlkZXJzL01pY3Jvc29mdC5OZXR3b3JrL3ZpcnR1YWxOZXR3b3Jrcy92bmV0Y3JwdGVzdHBzOTAyNj9hcGktdmVyc2lvbj0yMDIyLTA1LTAx",
      "RequestMethod": "GET",
      "RequestHeaders": {
        "x-ms-client-request-id": [
          "c78ab1ed-7a04-428e-ac79-b5063476ff00"
        ],
        "Accept-Language": [
          "en-US"
        ],
        "User-Agent": [
          "FxVersion/4.700.22.51102",
          "OSName/Windows",
          "OSVersion/Microsoft.Windows.10.0.22621",
          "Microsoft.Azure.Management.Network.NetworkManagementClient/24.0.0.0"
        ]
      },
      "RequestBody": "",
      "ResponseHeaders": {
        "Cache-Control": [
          "no-cache"
        ],
        "Pragma": [
          "no-cache"
        ],
        "x-ms-failure-cause": [
          "gateway"
        ],
        "x-ms-request-id": [
          "e0370535-ad03-4f55-b5ca-66c91505fcff"
        ],
        "x-ms-correlation-request-id": [
          "e0370535-ad03-4f55-b5ca-66c91505fcff"
        ],
        "x-ms-routing-request-id": [
          "CENTRALUS:20221212T212740Z:e0370535-ad03-4f55-b5ca-66c91505fcff"
        ],
        "Strict-Transport-Security": [
          "max-age=31536000; includeSubDomains"
        ],
        "X-Content-Type-Options": [
          "nosniff"
        ],
        "Date": [
          "Mon, 12 Dec 2022 21:27:40 GMT"
        ],
        "Content-Type": [
          "application/json; charset=utf-8"
        ],
        "Expires": [
          "-1"
        ],
        "Content-Length": [
          "236"
        ]
      },
      "ResponseBody": "{\r\n  \"error\": {\r\n    \"code\": \"ResourceNotFound\",\r\n    \"message\": \"The Resource 'Microsoft.Network/virtualNetworks/vnetcrptestps9026' under resource group 'crptestps9026' was not found. For more details please go to https://aka.ms/ARMResourceNotFoundFix\"\r\n  }\r\n}",
      "StatusCode": 404
    },
    {
      "RequestUri": "/subscriptions/e37510d7-33b6-4676-886f-ee75bcc01871/resourceGroups/crptestps9026/providers/Microsoft.Network/virtualNetworks/vnetcrptestps9026?api-version=2022-05-01",
      "EncodedRequestUri": "L3N1YnNjcmlwdGlvbnMvZTM3NTEwZDctMzNiNi00Njc2LTg4NmYtZWU3NWJjYzAxODcxL3Jlc291cmNlR3JvdXBzL2NycHRlc3RwczkwMjYvcHJvdmlkZXJzL01pY3Jvc29mdC5OZXR3b3JrL3ZpcnR1YWxOZXR3b3Jrcy92bmV0Y3JwdGVzdHBzOTAyNj9hcGktdmVyc2lvbj0yMDIyLTA1LTAx",
      "RequestMethod": "GET",
      "RequestHeaders": {
        "x-ms-client-request-id": [
          "c78ab1ed-7a04-428e-ac79-b5063476ff00"
        ],
        "User-Agent": [
          "FxVersion/4.700.22.51102",
          "OSName/Windows",
          "OSVersion/Microsoft.Windows.10.0.22621",
          "Microsoft.Azure.Management.Network.NetworkManagementClient/24.0.0.0"
        ]
      },
      "RequestBody": "",
      "ResponseHeaders": {
        "Cache-Control": [
          "no-cache"
        ],
        "Pragma": [
          "no-cache"
        ],
        "ETag": [
          "W/\"cf2ece13-12c4-433f-a6c4-81b614d0bf4a\""
        ],
        "x-ms-request-id": [
          "16aaade8-88b3-4067-926e-f0cab66665ca"
        ],
        "x-ms-correlation-request-id": [
          "55d9247d-f656-402a-9ddc-802384d83d5f"
        ],
        "x-ms-arm-service-request-id": [
          "059c0f4a-edb3-4820-990d-a090cb47f841"
        ],
        "Strict-Transport-Security": [
          "max-age=31536000; includeSubDomains"
        ],
        "Server": [
          "Microsoft-HTTPAPI/2.0",
          "Microsoft-HTTPAPI/2.0"
        ],
        "x-ms-ratelimit-remaining-subscription-reads": [
          "11997"
        ],
        "x-ms-routing-request-id": [
          "CENTRALUS:20221212T212753Z:55d9247d-f656-402a-9ddc-802384d83d5f"
        ],
        "X-Content-Type-Options": [
          "nosniff"
        ],
        "Date": [
          "Mon, 12 Dec 2022 21:27:52 GMT"
        ],
        "Content-Length": [
          "1313"
        ],
        "Content-Type": [
          "application/json; charset=utf-8"
        ],
        "Expires": [
          "-1"
        ]
      },
      "ResponseBody": "{\r\n  \"name\": \"vnetcrptestps9026\",\r\n  \"id\": \"/subscriptions/e37510d7-33b6-4676-886f-ee75bcc01871/resourceGroups/crptestps9026/providers/Microsoft.Network/virtualNetworks/vnetcrptestps9026\",\r\n  \"etag\": \"W/\\\"cf2ece13-12c4-433f-a6c4-81b614d0bf4a\\\"\",\r\n  \"type\": \"Microsoft.Network/virtualNetworks\",\r\n  \"location\": \"northeurope\",\r\n  \"properties\": {\r\n    \"provisioningState\": \"Succeeded\",\r\n    \"resourceGuid\": \"ec09760c-bc10-4e9e-912c-7c685b89a2da\",\r\n    \"addressSpace\": {\r\n      \"addressPrefixes\": [\r\n        \"10.0.0.0/16\"\r\n      ]\r\n    },\r\n    \"subnets\": [\r\n      {\r\n        \"name\": \"subnetcrptestps9026\",\r\n        \"id\": \"/subscriptions/e37510d7-33b6-4676-886f-ee75bcc01871/resourceGroups/crptestps9026/providers/Microsoft.Network/virtualNetworks/vnetcrptestps9026/subnets/subnetcrptestps9026\",\r\n        \"etag\": \"W/\\\"cf2ece13-12c4-433f-a6c4-81b614d0bf4a\\\"\",\r\n        \"properties\": {\r\n          \"provisioningState\": \"Succeeded\",\r\n          \"addressPrefix\": \"10.0.0.0/24\",\r\n          \"serviceEndpoints\": [],\r\n          \"delegations\": [],\r\n          \"privateEndpointNetworkPolicies\": \"Disabled\",\r\n          \"privateLinkServiceNetworkPolicies\": \"Enabled\"\r\n        },\r\n        \"type\": \"Microsoft.Network/virtualNetworks/subnets\"\r\n      }\r\n    ],\r\n    \"virtualNetworkPeerings\": [],\r\n    \"enableDdosProtection\": false\r\n  }\r\n}",
      "StatusCode": 200
    },
    {
      "RequestUri": "/subscriptions/e37510d7-33b6-4676-886f-ee75bcc01871/resourceGroups/crptestps9026/providers/Microsoft.Network/virtualNetworks/vnetcrptestps9026?api-version=2022-05-01",
      "EncodedRequestUri": "L3N1YnNjcmlwdGlvbnMvZTM3NTEwZDctMzNiNi00Njc2LTg4NmYtZWU3NWJjYzAxODcxL3Jlc291cmNlR3JvdXBzL2NycHRlc3RwczkwMjYvcHJvdmlkZXJzL01pY3Jvc29mdC5OZXR3b3JrL3ZpcnR1YWxOZXR3b3Jrcy92bmV0Y3JwdGVzdHBzOTAyNj9hcGktdmVyc2lvbj0yMDIyLTA1LTAx",
      "RequestMethod": "GET",
      "RequestHeaders": {
        "x-ms-client-request-id": [
          "c78ab1ed-7a04-428e-ac79-b5063476ff00"
        ],
        "Accept-Language": [
          "en-US"
        ],
        "User-Agent": [
          "FxVersion/4.700.22.51102",
          "OSName/Windows",
          "OSVersion/Microsoft.Windows.10.0.22621",
          "Microsoft.Azure.Management.Network.NetworkManagementClient/24.0.0.0"
        ]
      },
      "RequestBody": "",
      "ResponseHeaders": {
        "Cache-Control": [
          "no-cache"
        ],
        "Pragma": [
          "no-cache"
        ],
        "ETag": [
          "W/\"cf2ece13-12c4-433f-a6c4-81b614d0bf4a\""
        ],
        "x-ms-request-id": [
          "18d368eb-8732-48a5-ae7c-939bf7df3d02"
        ],
        "x-ms-correlation-request-id": [
          "d2b3c8b8-0e00-4ac0-b350-a570d7c84811"
        ],
        "x-ms-arm-service-request-id": [
          "407da194-155d-442e-ba9e-fc2125bfae90"
        ],
        "Strict-Transport-Security": [
          "max-age=31536000; includeSubDomains"
        ],
        "Server": [
          "Microsoft-HTTPAPI/2.0",
          "Microsoft-HTTPAPI/2.0"
        ],
        "x-ms-ratelimit-remaining-subscription-reads": [
          "11996"
        ],
        "x-ms-routing-request-id": [
          "CENTRALUS:20221212T212753Z:d2b3c8b8-0e00-4ac0-b350-a570d7c84811"
        ],
        "X-Content-Type-Options": [
          "nosniff"
        ],
        "Date": [
          "Mon, 12 Dec 2022 21:27:53 GMT"
        ],
        "Content-Length": [
          "1313"
        ],
        "Content-Type": [
          "application/json; charset=utf-8"
        ],
        "Expires": [
          "-1"
        ]
      },
      "ResponseBody": "{\r\n  \"name\": \"vnetcrptestps9026\",\r\n  \"id\": \"/subscriptions/e37510d7-33b6-4676-886f-ee75bcc01871/resourceGroups/crptestps9026/providers/Microsoft.Network/virtualNetworks/vnetcrptestps9026\",\r\n  \"etag\": \"W/\\\"cf2ece13-12c4-433f-a6c4-81b614d0bf4a\\\"\",\r\n  \"type\": \"Microsoft.Network/virtualNetworks\",\r\n  \"location\": \"northeurope\",\r\n  \"properties\": {\r\n    \"provisioningState\": \"Succeeded\",\r\n    \"resourceGuid\": \"ec09760c-bc10-4e9e-912c-7c685b89a2da\",\r\n    \"addressSpace\": {\r\n      \"addressPrefixes\": [\r\n        \"10.0.0.0/16\"\r\n      ]\r\n    },\r\n    \"subnets\": [\r\n      {\r\n        \"name\": \"subnetcrptestps9026\",\r\n        \"id\": \"/subscriptions/e37510d7-33b6-4676-886f-ee75bcc01871/resourceGroups/crptestps9026/providers/Microsoft.Network/virtualNetworks/vnetcrptestps9026/subnets/subnetcrptestps9026\",\r\n        \"etag\": \"W/\\\"cf2ece13-12c4-433f-a6c4-81b614d0bf4a\\\"\",\r\n        \"properties\": {\r\n          \"provisioningState\": \"Succeeded\",\r\n          \"addressPrefix\": \"10.0.0.0/24\",\r\n          \"serviceEndpoints\": [],\r\n          \"delegations\": [],\r\n          \"privateEndpointNetworkPolicies\": \"Disabled\",\r\n          \"privateLinkServiceNetworkPolicies\": \"Enabled\"\r\n        },\r\n        \"type\": \"Microsoft.Network/virtualNetworks/subnets\"\r\n      }\r\n    ],\r\n    \"virtualNetworkPeerings\": [],\r\n    \"enableDdosProtection\": false\r\n  }\r\n}",
      "StatusCode": 200
    },
    {
      "RequestUri": "/subscriptions/e37510d7-33b6-4676-886f-ee75bcc01871/resourceGroups/crptestps9026/providers/Microsoft.Network/virtualNetworks/vnetcrptestps9026?api-version=2022-05-01",
      "EncodedRequestUri": "L3N1YnNjcmlwdGlvbnMvZTM3NTEwZDctMzNiNi00Njc2LTg4NmYtZWU3NWJjYzAxODcxL3Jlc291cmNlR3JvdXBzL2NycHRlc3RwczkwMjYvcHJvdmlkZXJzL01pY3Jvc29mdC5OZXR3b3JrL3ZpcnR1YWxOZXR3b3Jrcy92bmV0Y3JwdGVzdHBzOTAyNj9hcGktdmVyc2lvbj0yMDIyLTA1LTAx",
      "RequestMethod": "GET",
      "RequestHeaders": {
        "x-ms-client-request-id": [
          "9cbac0d3-77af-4b85-bafc-1b94db5fb252"
        ],
        "Accept-Language": [
          "en-US"
        ],
        "User-Agent": [
          "FxVersion/4.700.22.51102",
          "OSName/Windows",
          "OSVersion/Microsoft.Windows.10.0.22621",
          "Microsoft.Azure.Management.Network.NetworkManagementClient/24.0.0.0"
        ]
      },
      "RequestBody": "",
      "ResponseHeaders": {
        "Cache-Control": [
          "no-cache"
        ],
        "Pragma": [
          "no-cache"
        ],
        "ETag": [
          "W/\"cf2ece13-12c4-433f-a6c4-81b614d0bf4a\""
        ],
        "x-ms-request-id": [
          "11f334e7-4829-4788-9d04-44489d79e103"
        ],
        "x-ms-correlation-request-id": [
          "87aa07af-2882-465e-9e8d-65c62005bc29"
        ],
        "x-ms-arm-service-request-id": [
          "de538867-0d49-46e4-a004-8eb156a9c2a2"
        ],
        "Strict-Transport-Security": [
          "max-age=31536000; includeSubDomains"
        ],
        "Server": [
          "Microsoft-HTTPAPI/2.0",
          "Microsoft-HTTPAPI/2.0"
        ],
        "x-ms-ratelimit-remaining-subscription-reads": [
          "11999"
        ],
        "x-ms-routing-request-id": [
          "CENTRALUS:20221212T212755Z:87aa07af-2882-465e-9e8d-65c62005bc29"
        ],
        "X-Content-Type-Options": [
          "nosniff"
        ],
        "Date": [
          "Mon, 12 Dec 2022 21:27:54 GMT"
        ],
        "Content-Length": [
          "1313"
        ],
        "Content-Type": [
          "application/json; charset=utf-8"
        ],
        "Expires": [
          "-1"
        ]
      },
      "ResponseBody": "{\r\n  \"name\": \"vnetcrptestps9026\",\r\n  \"id\": \"/subscriptions/e37510d7-33b6-4676-886f-ee75bcc01871/resourceGroups/crptestps9026/providers/Microsoft.Network/virtualNetworks/vnetcrptestps9026\",\r\n  \"etag\": \"W/\\\"cf2ece13-12c4-433f-a6c4-81b614d0bf4a\\\"\",\r\n  \"type\": \"Microsoft.Network/virtualNetworks\",\r\n  \"location\": \"northeurope\",\r\n  \"properties\": {\r\n    \"provisioningState\": \"Succeeded\",\r\n    \"resourceGuid\": \"ec09760c-bc10-4e9e-912c-7c685b89a2da\",\r\n    \"addressSpace\": {\r\n      \"addressPrefixes\": [\r\n        \"10.0.0.0/16\"\r\n      ]\r\n    },\r\n    \"subnets\": [\r\n      {\r\n        \"name\": \"subnetcrptestps9026\",\r\n        \"id\": \"/subscriptions/e37510d7-33b6-4676-886f-ee75bcc01871/resourceGroups/crptestps9026/providers/Microsoft.Network/virtualNetworks/vnetcrptestps9026/subnets/subnetcrptestps9026\",\r\n        \"etag\": \"W/\\\"cf2ece13-12c4-433f-a6c4-81b614d0bf4a\\\"\",\r\n        \"properties\": {\r\n          \"provisioningState\": \"Succeeded\",\r\n          \"addressPrefix\": \"10.0.0.0/24\",\r\n          \"serviceEndpoints\": [],\r\n          \"delegations\": [],\r\n          \"privateEndpointNetworkPolicies\": \"Disabled\",\r\n          \"privateLinkServiceNetworkPolicies\": \"Enabled\"\r\n        },\r\n        \"type\": \"Microsoft.Network/virtualNetworks/subnets\"\r\n      }\r\n    ],\r\n    \"virtualNetworkPeerings\": [],\r\n    \"enableDdosProtection\": false\r\n  }\r\n}",
      "StatusCode": 200
    },
    {
      "RequestUri": "/subscriptions/e37510d7-33b6-4676-886f-ee75bcc01871/resourceGroups/crptestps9026/providers/Microsoft.Network/virtualNetworks/vnetcrptestps9026?api-version=2022-05-01",
      "EncodedRequestUri": "L3N1YnNjcmlwdGlvbnMvZTM3NTEwZDctMzNiNi00Njc2LTg4NmYtZWU3NWJjYzAxODcxL3Jlc291cmNlR3JvdXBzL2NycHRlc3RwczkwMjYvcHJvdmlkZXJzL01pY3Jvc29mdC5OZXR3b3JrL3ZpcnR1YWxOZXR3b3Jrcy92bmV0Y3JwdGVzdHBzOTAyNj9hcGktdmVyc2lvbj0yMDIyLTA1LTAx",
      "RequestMethod": "PUT",
      "RequestHeaders": {
        "x-ms-client-request-id": [
          "c78ab1ed-7a04-428e-ac79-b5063476ff00"
        ],
        "Accept-Language": [
          "en-US"
        ],
        "User-Agent": [
          "FxVersion/4.700.22.51102",
          "OSName/Windows",
          "OSVersion/Microsoft.Windows.10.0.22621",
          "Microsoft.Azure.Management.Network.NetworkManagementClient/24.0.0.0"
        ],
        "Content-Type": [
          "application/json; charset=utf-8"
        ],
        "Content-Length": [
          "749"
        ]
      },
      "RequestBody": "{\r\n  \"properties\": {\r\n    \"addressSpace\": {\r\n      \"addressPrefixes\": [\r\n        \"10.0.0.0/16\"\r\n      ]\r\n    },\r\n    \"subnets\": [\r\n      {\r\n        \"properties\": {\r\n          \"addressPrefix\": \"10.0.0.0/24\",\r\n          \"addressPrefixes\": [],\r\n          \"serviceEndpoints\": [],\r\n          \"serviceEndpointPolicies\": [],\r\n          \"ipAllocations\": [],\r\n          \"delegations\": [],\r\n          \"privateEndpointNetworkPolicies\": \"Disabled\",\r\n          \"privateLinkServiceNetworkPolicies\": \"Enabled\",\r\n          \"applicationGatewayIpConfigurations\": []\r\n        },\r\n        \"name\": \"subnetcrptestps9026\"\r\n      }\r\n    ],\r\n    \"virtualNetworkPeerings\": [],\r\n    \"enableDdosProtection\": false,\r\n    \"ipAllocations\": []\r\n  },\r\n  \"location\": \"northeurope\"\r\n}",
      "ResponseHeaders": {
        "Cache-Control": [
          "no-cache"
        ],
        "Pragma": [
          "no-cache"
        ],
        "Retry-After": [
          "3"
        ],
        "x-ms-request-id": [
          "3d9236a4-fef2-4088-8072-6da04c202728"
        ],
        "Azure-AsyncOperation": [
          "https://management.azure.com/subscriptions/e37510d7-33b6-4676-886f-ee75bcc01871/providers/Microsoft.Network/locations/northeurope/operations/3d9236a4-fef2-4088-8072-6da04c202728?api-version=2022-05-01"
        ],
        "x-ms-correlation-request-id": [
          "807a782b-e208-4a0a-87ba-0d9cef7565f2"
        ],
        "Azure-AsyncNotification": [
          "Enabled"
        ],
        "x-ms-arm-service-request-id": [
          "52881ebd-7860-4f70-a127-5d67726ed9b5"
        ],
        "Strict-Transport-Security": [
          "max-age=31536000; includeSubDomains"
        ],
        "Server": [
          "Microsoft-HTTPAPI/2.0",
          "Microsoft-HTTPAPI/2.0"
        ],
        "x-ms-ratelimit-remaining-subscription-writes": [
          "1199"
        ],
        "x-ms-routing-request-id": [
          "CENTRALUS:20221212T212749Z:807a782b-e208-4a0a-87ba-0d9cef7565f2"
        ],
        "X-Content-Type-Options": [
          "nosniff"
        ],
        "Date": [
          "Mon, 12 Dec 2022 21:27:49 GMT"
        ],
        "Content-Length": [
          "1311"
        ],
        "Content-Type": [
          "application/json; charset=utf-8"
        ],
        "Expires": [
          "-1"
        ]
      },
      "ResponseBody": "{\r\n  \"name\": \"vnetcrptestps9026\",\r\n  \"id\": \"/subscriptions/e37510d7-33b6-4676-886f-ee75bcc01871/resourceGroups/crptestps9026/providers/Microsoft.Network/virtualNetworks/vnetcrptestps9026\",\r\n  \"etag\": \"W/\\\"041233c7-3bec-469f-8e30-c28842a73964\\\"\",\r\n  \"type\": \"Microsoft.Network/virtualNetworks\",\r\n  \"location\": \"northeurope\",\r\n  \"properties\": {\r\n    \"provisioningState\": \"Updating\",\r\n    \"resourceGuid\": \"ec09760c-bc10-4e9e-912c-7c685b89a2da\",\r\n    \"addressSpace\": {\r\n      \"addressPrefixes\": [\r\n        \"10.0.0.0/16\"\r\n      ]\r\n    },\r\n    \"subnets\": [\r\n      {\r\n        \"name\": \"subnetcrptestps9026\",\r\n        \"id\": \"/subscriptions/e37510d7-33b6-4676-886f-ee75bcc01871/resourceGroups/crptestps9026/providers/Microsoft.Network/virtualNetworks/vnetcrptestps9026/subnets/subnetcrptestps9026\",\r\n        \"etag\": \"W/\\\"041233c7-3bec-469f-8e30-c28842a73964\\\"\",\r\n        \"properties\": {\r\n          \"provisioningState\": \"Updating\",\r\n          \"addressPrefix\": \"10.0.0.0/24\",\r\n          \"serviceEndpoints\": [],\r\n          \"delegations\": [],\r\n          \"privateEndpointNetworkPolicies\": \"Disabled\",\r\n          \"privateLinkServiceNetworkPolicies\": \"Enabled\"\r\n        },\r\n        \"type\": \"Microsoft.Network/virtualNetworks/subnets\"\r\n      }\r\n    ],\r\n    \"virtualNetworkPeerings\": [],\r\n    \"enableDdosProtection\": false\r\n  }\r\n}",
      "StatusCode": 201
    },
    {
      "RequestUri": "/subscriptions/e37510d7-33b6-4676-886f-ee75bcc01871/providers/Microsoft.Network/locations/northeurope/operations/3d9236a4-fef2-4088-8072-6da04c202728?api-version=2022-05-01",
      "EncodedRequestUri": "L3N1YnNjcmlwdGlvbnMvZTM3NTEwZDctMzNiNi00Njc2LTg4NmYtZWU3NWJjYzAxODcxL3Byb3ZpZGVycy9NaWNyb3NvZnQuTmV0d29yay9sb2NhdGlvbnMvbm9ydGhldXJvcGUvb3BlcmF0aW9ucy8zZDkyMzZhNC1mZWYyLTQwODgtODA3Mi02ZGEwNGMyMDI3Mjg/YXBpLXZlcnNpb249MjAyMi0wNS0wMQ==",
      "RequestMethod": "GET",
      "RequestHeaders": {
        "x-ms-client-request-id": [
          "c78ab1ed-7a04-428e-ac79-b5063476ff00"
        ],
        "User-Agent": [
          "FxVersion/4.700.22.51102",
          "OSName/Windows",
          "OSVersion/Microsoft.Windows.10.0.22621",
          "Microsoft.Azure.Management.Network.NetworkManagementClient/24.0.0.0"
        ]
      },
      "RequestBody": "",
      "ResponseHeaders": {
        "Cache-Control": [
          "no-cache"
        ],
        "Pragma": [
          "no-cache"
        ],
        "x-ms-request-id": [
          "d707f5d2-7b23-42f6-8d3a-99ad1cce4795"
        ],
        "x-ms-correlation-request-id": [
          "a8610304-bb6b-44f6-890d-715ba681fcbc"
        ],
        "x-ms-arm-service-request-id": [
          "07764899-1829-4446-836d-f2060e3f3d57"
        ],
        "Strict-Transport-Security": [
          "max-age=31536000; includeSubDomains"
        ],
        "Server": [
          "Microsoft-HTTPAPI/2.0",
          "Microsoft-HTTPAPI/2.0"
        ],
        "x-ms-ratelimit-remaining-subscription-reads": [
          "11998"
        ],
        "x-ms-routing-request-id": [
          "CENTRALUS:20221212T212752Z:a8610304-bb6b-44f6-890d-715ba681fcbc"
        ],
        "X-Content-Type-Options": [
          "nosniff"
        ],
        "Date": [
          "Mon, 12 Dec 2022 21:27:52 GMT"
        ],
        "Content-Length": [
          "29"
        ],
        "Content-Type": [
          "application/json; charset=utf-8"
        ],
        "Expires": [
          "-1"
        ]
      },
      "ResponseBody": "{\r\n  \"status\": \"Succeeded\"\r\n}",
      "StatusCode": 200
    },
    {
      "RequestUri": "/subscriptions/e37510d7-33b6-4676-886f-ee75bcc01871/resourceGroups/crptestps9026/providers/Microsoft.Compute/virtualMachineScaleSets/vmsscrptestps9026?api-version=2022-08-01",
      "EncodedRequestUri": "L3N1YnNjcmlwdGlvbnMvZTM3NTEwZDctMzNiNi00Njc2LTg4NmYtZWU3NWJjYzAxODcxL3Jlc291cmNlR3JvdXBzL2NycHRlc3RwczkwMjYvcHJvdmlkZXJzL01pY3Jvc29mdC5Db21wdXRlL3ZpcnR1YWxNYWNoaW5lU2NhbGVTZXRzL3Ztc3NjcnB0ZXN0cHM5MDI2P2FwaS12ZXJzaW9uPTIwMjItMDgtMDE=",
      "RequestMethod": "PUT",
      "RequestHeaders": {
        "x-ms-client-request-id": [
          "1b577603-8f4b-45ed-a100-8025ad51062f"
        ],
        "Accept-Language": [
          "en-US"
        ],
        "User-Agent": [
          "FxVersion/4.700.22.51102",
          "OSName/Windows",
          "OSVersion/Microsoft.Windows.10.0.22621",
          "Microsoft.Azure.Management.Compute.ComputeManagementClient/58.0.0"
        ],
        "Content-Type": [
          "application/json; charset=utf-8"
        ],
        "Content-Length": [
          "1940"
        ]
      },
      "RequestBody": "{\r\n  \"sku\": {\r\n    \"name\": \"Standard_DC2as_v5\",\r\n    \"capacity\": 2\r\n  },\r\n  \"properties\": {\r\n    \"upgradePolicy\": {\r\n      \"mode\": \"Manual\"\r\n    },\r\n    \"virtualMachineProfile\": {\r\n      \"osProfile\": {\r\n        \"computerNamePrefix\": \"test\",\r\n        \"adminUsername\": \"usertest\",\r\n        \"adminPassword\": \"System.Security.SecureString\"\r\n      },\r\n      \"storageProfile\": {\r\n        \"imageReference\": {\r\n          \"publisher\": \"MicrosoftWindowsServer\",\r\n          \"offer\": \"WindowsServer\",\r\n          \"sku\": \"2022-datacenter-smalldisk-g2\",\r\n          \"version\": \"latest\"\r\n        },\r\n        \"osDisk\": {\r\n          \"caching\": \"ReadOnly\",\r\n          \"writeAcceleratorEnabled\": false,\r\n          \"createOption\": \"FromImage\",\r\n          \"managedDisk\": {\r\n            \"securityProfile\": {\r\n              \"securityEncryptionType\": \"VMGuestStateOnly\"\r\n            }\r\n          }\r\n        }\r\n      },\r\n      \"networkProfile\": {\r\n        \"networkInterfaceConfigurations\": [\r\n          {\r\n            \"name\": \"test\",\r\n            \"properties\": {\r\n              \"primary\": true,\r\n              \"enableAcceleratedNetworking\": false,\r\n              \"ipConfigurations\": [\r\n                {\r\n                  \"name\": \"test\",\r\n                  \"properties\": {\r\n                    \"subnet\": {\r\n                      \"id\": \"/subscriptions/e37510d7-33b6-4676-886f-ee75bcc01871/resourceGroups/crptestps9026/providers/Microsoft.Network/virtualNetworks/vnetcrptestps9026/subnets/subnetcrptestps9026\"\r\n                    },\r\n                    \"primary\": false\r\n                  }\r\n                }\r\n              ],\r\n              \"enableIPForwarding\": false\r\n            }\r\n          }\r\n        ]\r\n      },\r\n      \"securityProfile\": {\r\n        \"uefiSettings\": {\r\n          \"secureBootEnabled\": true,\r\n          \"vTpmEnabled\": true\r\n        },\r\n        \"securityType\": \"ConfidentialVM\"\r\n      }\r\n    }\r\n  },\r\n  \"location\": \"northeurope\",\r\n  \"tags\": {}\r\n}",
      "ResponseHeaders": {
        "Cache-Control": [
          "no-cache"
        ],
        "Pragma": [
          "no-cache"
        ],
        "Retry-After": [
          "10"
        ],
        "Azure-AsyncOperation": [
          "https://management.azure.com/subscriptions/e37510d7-33b6-4676-886f-ee75bcc01871/providers/Microsoft.Compute/locations/northeurope/operations/46614f3a-903c-49dc-8c8e-c5794f664d58?p=360d5990-68ba-4dc0-8cff-440152c2137e&api-version=2022-08-01"
        ],
        "Azure-AsyncNotification": [
          "Enabled"
        ],
        "x-ms-ratelimit-remaining-resource": [
          "Microsoft.Compute/CreateVMScaleSet3Min;59,Microsoft.Compute/CreateVMScaleSet30Min;299,Microsoft.Compute/VMScaleSetBatchedVMRequests5Min;1196,Microsoft.Compute/VmssQueuedVMOperations;0"
        ],
        "x-ms-request-charge": [
          "4"
        ],
        "Strict-Transport-Security": [
          "max-age=31536000; includeSubDomains"
        ],
        "x-ms-request-id": [
          "46614f3a-903c-49dc-8c8e-c5794f664d58"
        ],
        "Server": [
          "Microsoft-HTTPAPI/2.0",
          "Microsoft-HTTPAPI/2.0"
        ],
        "x-ms-ratelimit-remaining-subscription-writes": [
          "1199"
        ],
        "x-ms-correlation-request-id": [
          "5f16d4a5-c078-48ac-bbe3-ddb8935113d9"
        ],
        "x-ms-routing-request-id": [
          "CENTRALUS:20221212T212803Z:5f16d4a5-c078-48ac-bbe3-ddb8935113d9"
        ],
        "X-Content-Type-Options": [
          "nosniff"
        ],
        "Date": [
          "Mon, 12 Dec 2022 21:28:03 GMT"
        ],
        "Content-Length": [
          "3647"
        ],
        "Content-Type": [
          "application/json; charset=utf-8"
        ],
        "Expires": [
          "-1"
        ]
      },
      "ResponseBody": "{\r\n  \"name\": \"vmsscrptestps9026\",\r\n  \"id\": \"/subscriptions/e37510d7-33b6-4676-886f-ee75bcc01871/resourceGroups/crptestps9026/providers/Microsoft.Compute/virtualMachineScaleSets/vmsscrptestps9026\",\r\n  \"type\": \"Microsoft.Compute/virtualMachineScaleSets\",\r\n  \"location\": \"northeurope\",\r\n  \"tags\": {\r\n    \"azsecpack\": \"nonprod\",\r\n    \"platformsettings.host_environment.service.platform_optedin_for_rootcerts\": \"true\"\r\n  },\r\n  \"sku\": {\r\n    \"name\": \"Standard_DC2as_v5\",\r\n    \"tier\": \"Standard\",\r\n    \"capacity\": 2\r\n  },\r\n  \"properties\": {\r\n    \"singlePlacementGroup\": true,\r\n    \"orchestrationMode\": \"Uniform\",\r\n    \"upgradePolicy\": {\r\n      \"mode\": \"Manual\"\r\n    },\r\n    \"virtualMachineProfile\": {\r\n      \"osProfile\": {\r\n        \"computerNamePrefix\": \"test\",\r\n        \"adminUsername\": \"usertest\",\r\n        \"windowsConfiguration\": {\r\n          \"provisionVMAgent\": true,\r\n          \"enableAutomaticUpdates\": true,\r\n          \"enableVMAgentPlatformUpdates\": false\r\n        },\r\n        \"secrets\": [],\r\n        \"allowExtensionOperations\": true,\r\n        \"requireGuestProvisionSignal\": true\r\n      },\r\n      \"storageProfile\": {\r\n        \"osDisk\": {\r\n          \"osType\": \"Windows\",\r\n          \"createOption\": \"FromImage\",\r\n          \"caching\": \"ReadOnly\",\r\n          \"writeAcceleratorEnabled\": false,\r\n          \"managedDisk\": {\r\n            \"securityProfile\": {\r\n              \"securityEncryptionType\": \"VMGuestStateOnly\"\r\n            },\r\n            \"storageAccountType\": \"Premium_LRS\"\r\n          },\r\n          \"diskSizeGB\": 30\r\n        },\r\n        \"imageReference\": {\r\n          \"publisher\": \"MicrosoftWindowsServer\",\r\n          \"offer\": \"WindowsServer\",\r\n          \"sku\": \"2022-datacenter-smalldisk-g2\",\r\n          \"version\": \"latest\"\r\n        }\r\n      },\r\n      \"networkProfile\": {\r\n        \"networkInterfaceConfigurations\": [\r\n          {\r\n            \"name\": \"test\",\r\n            \"properties\": {\r\n              \"primary\": true,\r\n              \"enableAcceleratedNetworking\": false,\r\n              \"disableTcpStateTracking\": false,\r\n              \"dnsSettings\": {\r\n                \"dnsServers\": []\r\n              },\r\n              \"enableIPForwarding\": false,\r\n              \"ipConfigurations\": [\r\n                {\r\n                  \"name\": \"test\",\r\n                  \"properties\": {\r\n                    \"primary\": true,\r\n                    \"subnet\": {\r\n                      \"id\": \"/subscriptions/e37510d7-33b6-4676-886f-ee75bcc01871/resourceGroups/crptestps9026/providers/Microsoft.Network/virtualNetworks/vnetcrptestps9026/subnets/subnetcrptestps9026\"\r\n                    },\r\n                    \"privateIPAddressVersion\": \"IPv4\"\r\n                  }\r\n                }\r\n              ]\r\n            }\r\n          }\r\n        ]\r\n      },\r\n      \"extensionProfile\": {\r\n        \"extensions\": [\r\n          {\r\n            \"name\": \"Microsoft.Azure.Security.AntimalwareSignature.AntimalwareConfiguration\",\r\n            \"properties\": {\r\n              \"autoUpgradeMinorVersion\": true,\r\n              \"enableAutomaticUpgrade\": true,\r\n              \"publisher\": \"Microsoft.Azure.Security.AntimalwareSignature\",\r\n              \"type\": \"AntimalwareConfiguration\",\r\n              \"typeHandlerVersion\": \"2.0\",\r\n              \"settings\": {}\r\n            }\r\n          },\r\n          {\r\n            \"name\": \"Microsoft.Azure.Geneva.GenevaMonitoring\",\r\n            \"properties\": {\r\n              \"autoUpgradeMinorVersion\": true,\r\n              \"enableAutomaticUpgrade\": true,\r\n              \"publisher\": \"Microsoft.Azure.Geneva\",\r\n              \"type\": \"GenevaMonitoring\",\r\n              \"typeHandlerVersion\": \"2.0\",\r\n              \"settings\": {}\r\n            }\r\n          }\r\n        ]\r\n      },\r\n      \"securityProfile\": {\r\n        \"uefiSettings\": {\r\n          \"secureBootEnabled\": true,\r\n          \"vTpmEnabled\": true\r\n        },\r\n        \"securityType\": \"ConfidentialVM\"\r\n      }\r\n    },\r\n    \"provisioningState\": \"Creating\",\r\n    \"overprovision\": true,\r\n    \"doNotRunExtensionsOnOverprovisionedVMs\": false,\r\n    \"uniqueId\": \"20129d43-bd64-49e3-8c3d-b9499737c86d\",\r\n    \"timeCreated\": \"2022-12-12T16:28:00.7725385-05:00\"\r\n  }\r\n}",
      "StatusCode": 201
    },
    {
      "RequestUri": "/subscriptions/e37510d7-33b6-4676-886f-ee75bcc01871/providers/Microsoft.Compute/locations/northeurope/operations/46614f3a-903c-49dc-8c8e-c5794f664d58?p=360d5990-68ba-4dc0-8cff-440152c2137e&api-version=2022-08-01",
      "EncodedRequestUri": "L3N1YnNjcmlwdGlvbnMvZTM3NTEwZDctMzNiNi00Njc2LTg4NmYtZWU3NWJjYzAxODcxL3Byb3ZpZGVycy9NaWNyb3NvZnQuQ29tcHV0ZS9sb2NhdGlvbnMvbm9ydGhldXJvcGUvb3BlcmF0aW9ucy80NjYxNGYzYS05MDNjLTQ5ZGMtOGM4ZS1jNTc5NGY2NjRkNTg/cD0zNjBkNTk5MC02OGJhLTRkYzAtOGNmZi00NDAxNTJjMjEzN2UmYXBpLXZlcnNpb249MjAyMi0wOC0wMQ==",
      "RequestMethod": "GET",
      "RequestHeaders": {
        "x-ms-client-request-id": [
          "1b577603-8f4b-45ed-a100-8025ad51062f"
        ],
        "User-Agent": [
          "FxVersion/4.700.22.51102",
          "OSName/Windows",
          "OSVersion/Microsoft.Windows.10.0.22621",
          "Microsoft.Azure.Management.Compute.ComputeManagementClient/58.0.0"
        ]
      },
      "RequestBody": "",
      "ResponseHeaders": {
        "Cache-Control": [
          "no-cache"
        ],
        "Pragma": [
          "no-cache"
        ],
        "Retry-After": [
          "97"
        ],
        "x-ms-ratelimit-remaining-resource": [
          "Microsoft.Compute/GetOperation3Min;14999,Microsoft.Compute/GetOperation30Min;29999"
        ],
        "Strict-Transport-Security": [
          "max-age=31536000; includeSubDomains"
        ],
        "x-ms-request-id": [
          "df139393-25b9-4c17-a224-de7f3f3ed191"
        ],
        "Server": [
          "Microsoft-HTTPAPI/2.0",
          "Microsoft-HTTPAPI/2.0"
        ],
        "x-ms-ratelimit-remaining-subscription-reads": [
          "11999"
        ],
        "x-ms-correlation-request-id": [
          "a8b61836-1931-4ca3-bf36-15408d7e381a"
        ],
        "x-ms-routing-request-id": [
          "CENTRALUS:20221212T212813Z:a8b61836-1931-4ca3-bf36-15408d7e381a"
        ],
        "X-Content-Type-Options": [
          "nosniff"
        ],
        "Date": [
          "Mon, 12 Dec 2022 21:28:13 GMT"
        ],
        "Content-Length": [
          "134"
        ],
        "Content-Type": [
          "application/json; charset=utf-8"
        ],
        "Expires": [
          "-1"
        ]
      },
      "ResponseBody": "{\r\n  \"startTime\": \"2022-12-12T16:28:00.7569237-05:00\",\r\n  \"status\": \"InProgress\",\r\n  \"name\": \"46614f3a-903c-49dc-8c8e-c5794f664d58\"\r\n}",
      "StatusCode": 200
    },
    {
      "RequestUri": "/subscriptions/e37510d7-33b6-4676-886f-ee75bcc01871/providers/Microsoft.Compute/locations/northeurope/operations/46614f3a-903c-49dc-8c8e-c5794f664d58?p=360d5990-68ba-4dc0-8cff-440152c2137e&api-version=2022-08-01",
      "EncodedRequestUri": "L3N1YnNjcmlwdGlvbnMvZTM3NTEwZDctMzNiNi00Njc2LTg4NmYtZWU3NWJjYzAxODcxL3Byb3ZpZGVycy9NaWNyb3NvZnQuQ29tcHV0ZS9sb2NhdGlvbnMvbm9ydGhldXJvcGUvb3BlcmF0aW9ucy80NjYxNGYzYS05MDNjLTQ5ZGMtOGM4ZS1jNTc5NGY2NjRkNTg/cD0zNjBkNTk5MC02OGJhLTRkYzAtOGNmZi00NDAxNTJjMjEzN2UmYXBpLXZlcnNpb249MjAyMi0wOC0wMQ==",
      "RequestMethod": "GET",
      "RequestHeaders": {
        "x-ms-client-request-id": [
          "1b577603-8f4b-45ed-a100-8025ad51062f"
        ],
        "User-Agent": [
          "FxVersion/4.700.22.51102",
          "OSName/Windows",
          "OSVersion/Microsoft.Windows.10.0.22621",
          "Microsoft.Azure.Management.Compute.ComputeManagementClient/58.0.0"
        ]
      },
      "RequestBody": "",
      "ResponseHeaders": {
        "Cache-Control": [
          "no-cache"
        ],
        "Pragma": [
          "no-cache"
        ],
        "x-ms-ratelimit-remaining-resource": [
          "Microsoft.Compute/GetOperation3Min;14997,Microsoft.Compute/GetOperation30Min;29997"
        ],
        "Strict-Transport-Security": [
          "max-age=31536000; includeSubDomains"
        ],
        "x-ms-request-id": [
          "ae0cab06-9b7b-4abb-82c6-3c8c8e1ca460"
        ],
        "Server": [
          "Microsoft-HTTPAPI/2.0",
          "Microsoft-HTTPAPI/2.0"
        ],
        "x-ms-ratelimit-remaining-subscription-reads": [
          "11998"
        ],
        "x-ms-correlation-request-id": [
          "829b6c4a-ce2a-4eaf-ba97-a015d1104f9c"
        ],
        "x-ms-routing-request-id": [
          "CENTRALUS:20221212T212951Z:829b6c4a-ce2a-4eaf-ba97-a015d1104f9c"
        ],
        "X-Content-Type-Options": [
          "nosniff"
        ],
        "Date": [
          "Mon, 12 Dec 2022 21:29:50 GMT"
        ],
        "Content-Length": [
          "134"
        ],
        "Content-Type": [
          "application/json; charset=utf-8"
        ],
        "Expires": [
          "-1"
        ]
      },
      "ResponseBody": "{\r\n  \"startTime\": \"2022-12-12T16:28:00.7569237-05:00\",\r\n  \"status\": \"InProgress\",\r\n  \"name\": \"46614f3a-903c-49dc-8c8e-c5794f664d58\"\r\n}",
      "StatusCode": 200
    },
    {
      "RequestUri": "/subscriptions/e37510d7-33b6-4676-886f-ee75bcc01871/providers/Microsoft.Compute/locations/northeurope/operations/46614f3a-903c-49dc-8c8e-c5794f664d58?p=360d5990-68ba-4dc0-8cff-440152c2137e&api-version=2022-08-01",
      "EncodedRequestUri": "L3N1YnNjcmlwdGlvbnMvZTM3NTEwZDctMzNiNi00Njc2LTg4NmYtZWU3NWJjYzAxODcxL3Byb3ZpZGVycy9NaWNyb3NvZnQuQ29tcHV0ZS9sb2NhdGlvbnMvbm9ydGhldXJvcGUvb3BlcmF0aW9ucy80NjYxNGYzYS05MDNjLTQ5ZGMtOGM4ZS1jNTc5NGY2NjRkNTg/cD0zNjBkNTk5MC02OGJhLTRkYzAtOGNmZi00NDAxNTJjMjEzN2UmYXBpLXZlcnNpb249MjAyMi0wOC0wMQ==",
      "RequestMethod": "GET",
      "RequestHeaders": {
        "x-ms-client-request-id": [
          "1b577603-8f4b-45ed-a100-8025ad51062f"
        ],
        "User-Agent": [
          "FxVersion/4.700.22.51102",
          "OSName/Windows",
          "OSVersion/Microsoft.Windows.10.0.22621",
          "Microsoft.Azure.Management.Compute.ComputeManagementClient/58.0.0"
        ]
      },
      "RequestBody": "",
      "ResponseHeaders": {
        "Cache-Control": [
          "no-cache"
        ],
        "Pragma": [
          "no-cache"
        ],
        "x-ms-ratelimit-remaining-resource": [
          "Microsoft.Compute/GetOperation3Min;14995,Microsoft.Compute/GetOperation30Min;29994"
        ],
        "Strict-Transport-Security": [
          "max-age=31536000; includeSubDomains"
        ],
        "x-ms-request-id": [
          "db80880f-5873-4afe-94e2-955ba29027d8"
        ],
        "Server": [
          "Microsoft-HTTPAPI/2.0",
          "Microsoft-HTTPAPI/2.0"
        ],
        "x-ms-ratelimit-remaining-subscription-reads": [
          "11997"
        ],
        "x-ms-correlation-request-id": [
          "1a91b224-03cd-4c78-aa09-2bc1fe6e2d02"
        ],
        "x-ms-routing-request-id": [
          "CENTRALUS:20221212T213128Z:1a91b224-03cd-4c78-aa09-2bc1fe6e2d02"
        ],
        "X-Content-Type-Options": [
          "nosniff"
        ],
        "Date": [
          "Mon, 12 Dec 2022 21:31:27 GMT"
        ],
        "Content-Length": [
          "134"
        ],
        "Content-Type": [
          "application/json; charset=utf-8"
        ],
        "Expires": [
          "-1"
        ]
      },
      "ResponseBody": "{\r\n  \"startTime\": \"2022-12-12T16:28:00.7569237-05:00\",\r\n  \"status\": \"InProgress\",\r\n  \"name\": \"46614f3a-903c-49dc-8c8e-c5794f664d58\"\r\n}",
      "StatusCode": 200
    },
    {
      "RequestUri": "/subscriptions/e37510d7-33b6-4676-886f-ee75bcc01871/providers/Microsoft.Compute/locations/northeurope/operations/46614f3a-903c-49dc-8c8e-c5794f664d58?p=360d5990-68ba-4dc0-8cff-440152c2137e&api-version=2022-08-01",
      "EncodedRequestUri": "L3N1YnNjcmlwdGlvbnMvZTM3NTEwZDctMzNiNi00Njc2LTg4NmYtZWU3NWJjYzAxODcxL3Byb3ZpZGVycy9NaWNyb3NvZnQuQ29tcHV0ZS9sb2NhdGlvbnMvbm9ydGhldXJvcGUvb3BlcmF0aW9ucy80NjYxNGYzYS05MDNjLTQ5ZGMtOGM4ZS1jNTc5NGY2NjRkNTg/cD0zNjBkNTk5MC02OGJhLTRkYzAtOGNmZi00NDAxNTJjMjEzN2UmYXBpLXZlcnNpb249MjAyMi0wOC0wMQ==",
      "RequestMethod": "GET",
      "RequestHeaders": {
        "x-ms-client-request-id": [
          "1b577603-8f4b-45ed-a100-8025ad51062f"
        ],
        "User-Agent": [
          "FxVersion/4.700.22.51102",
          "OSName/Windows",
          "OSVersion/Microsoft.Windows.10.0.22621",
          "Microsoft.Azure.Management.Compute.ComputeManagementClient/58.0.0"
        ]
      },
      "RequestBody": "",
      "ResponseHeaders": {
        "Cache-Control": [
          "no-cache"
        ],
        "Pragma": [
          "no-cache"
        ],
        "x-ms-ratelimit-remaining-resource": [
          "Microsoft.Compute/GetOperation3Min;14995,Microsoft.Compute/GetOperation30Min;29991"
        ],
        "Strict-Transport-Security": [
          "max-age=31536000; includeSubDomains"
        ],
        "x-ms-request-id": [
          "ac3fa22a-67af-4121-b4ad-bf1b573af4a2"
        ],
        "Server": [
          "Microsoft-HTTPAPI/2.0",
          "Microsoft-HTTPAPI/2.0"
        ],
        "x-ms-ratelimit-remaining-subscription-reads": [
          "11996"
        ],
        "x-ms-correlation-request-id": [
          "029bcab1-cebc-4b93-a8f0-8e13cfbf3dc9"
        ],
        "x-ms-routing-request-id": [
          "CENTRALUS:20221212T213305Z:029bcab1-cebc-4b93-a8f0-8e13cfbf3dc9"
        ],
        "X-Content-Type-Options": [
          "nosniff"
        ],
        "Date": [
          "Mon, 12 Dec 2022 21:33:05 GMT"
        ],
        "Content-Length": [
          "184"
        ],
        "Content-Type": [
          "application/json; charset=utf-8"
        ],
        "Expires": [
          "-1"
        ]
      },
      "ResponseBody": "{\r\n  \"startTime\": \"2022-12-12T16:28:00.7569237-05:00\",\r\n  \"endTime\": \"2022-12-12T16:31:49.0065144-05:00\",\r\n  \"status\": \"Succeeded\",\r\n  \"name\": \"46614f3a-903c-49dc-8c8e-c5794f664d58\"\r\n}",
      "StatusCode": 200
    },
    {
      "RequestUri": "/subscriptions/e37510d7-33b6-4676-886f-ee75bcc01871/resourceGroups/crptestps9026/providers/Microsoft.Compute/virtualMachineScaleSets/vmsscrptestps9026?api-version=2022-08-01",
      "EncodedRequestUri": "L3N1YnNjcmlwdGlvbnMvZTM3NTEwZDctMzNiNi00Njc2LTg4NmYtZWU3NWJjYzAxODcxL3Jlc291cmNlR3JvdXBzL2NycHRlc3RwczkwMjYvcHJvdmlkZXJzL01pY3Jvc29mdC5Db21wdXRlL3ZpcnR1YWxNYWNoaW5lU2NhbGVTZXRzL3Ztc3NjcnB0ZXN0cHM5MDI2P2FwaS12ZXJzaW9uPTIwMjItMDgtMDE=",
      "RequestMethod": "GET",
      "RequestHeaders": {
        "x-ms-client-request-id": [
          "1b577603-8f4b-45ed-a100-8025ad51062f"
        ],
        "User-Agent": [
          "FxVersion/4.700.22.51102",
          "OSName/Windows",
          "OSVersion/Microsoft.Windows.10.0.22621",
          "Microsoft.Azure.Management.Compute.ComputeManagementClient/58.0.0"
        ]
      },
      "RequestBody": "",
      "ResponseHeaders": {
        "Cache-Control": [
          "no-cache"
        ],
        "Pragma": [
          "no-cache"
        ],
        "x-ms-ratelimit-remaining-resource": [
          "Microsoft.Compute/GetVMScaleSet3Min;396,Microsoft.Compute/GetVMScaleSet30Min;2596"
        ],
        "Strict-Transport-Security": [
          "max-age=31536000; includeSubDomains"
        ],
        "x-ms-request-id": [
          "e9976cfb-7d13-44ec-bae7-638bcd7feb0f"
        ],
        "Server": [
          "Microsoft-HTTPAPI/2.0",
          "Microsoft-HTTPAPI/2.0"
        ],
        "x-ms-ratelimit-remaining-subscription-reads": [
          "11995"
        ],
        "x-ms-correlation-request-id": [
          "ae4e0cb3-e6a2-4d30-b414-57e057a0bd2a"
        ],
        "x-ms-routing-request-id": [
          "CENTRALUS:20221212T213305Z:ae4e0cb3-e6a2-4d30-b414-57e057a0bd2a"
        ],
        "X-Content-Type-Options": [
          "nosniff"
        ],
        "Date": [
          "Mon, 12 Dec 2022 21:33:05 GMT"
        ],
        "Content-Length": [
          "3648"
        ],
        "Content-Type": [
          "application/json; charset=utf-8"
        ],
        "Expires": [
          "-1"
        ]
      },
      "ResponseBody": "{\r\n  \"name\": \"vmsscrptestps9026\",\r\n  \"id\": \"/subscriptions/e37510d7-33b6-4676-886f-ee75bcc01871/resourceGroups/crptestps9026/providers/Microsoft.Compute/virtualMachineScaleSets/vmsscrptestps9026\",\r\n  \"type\": \"Microsoft.Compute/virtualMachineScaleSets\",\r\n  \"location\": \"northeurope\",\r\n  \"tags\": {\r\n    \"azsecpack\": \"nonprod\",\r\n    \"platformsettings.host_environment.service.platform_optedin_for_rootcerts\": \"true\"\r\n  },\r\n  \"sku\": {\r\n    \"name\": \"Standard_DC2as_v5\",\r\n    \"tier\": \"Standard\",\r\n    \"capacity\": 2\r\n  },\r\n  \"properties\": {\r\n    \"singlePlacementGroup\": true,\r\n    \"orchestrationMode\": \"Uniform\",\r\n    \"upgradePolicy\": {\r\n      \"mode\": \"Manual\"\r\n    },\r\n    \"virtualMachineProfile\": {\r\n      \"osProfile\": {\r\n        \"computerNamePrefix\": \"test\",\r\n        \"adminUsername\": \"usertest\",\r\n        \"windowsConfiguration\": {\r\n          \"provisionVMAgent\": true,\r\n          \"enableAutomaticUpdates\": true,\r\n          \"enableVMAgentPlatformUpdates\": false\r\n        },\r\n        \"secrets\": [],\r\n        \"allowExtensionOperations\": true,\r\n        \"requireGuestProvisionSignal\": true\r\n      },\r\n      \"storageProfile\": {\r\n        \"osDisk\": {\r\n          \"osType\": \"Windows\",\r\n          \"createOption\": \"FromImage\",\r\n          \"caching\": \"ReadOnly\",\r\n          \"writeAcceleratorEnabled\": false,\r\n          \"managedDisk\": {\r\n            \"securityProfile\": {\r\n              \"securityEncryptionType\": \"VMGuestStateOnly\"\r\n            },\r\n            \"storageAccountType\": \"Premium_LRS\"\r\n          },\r\n          \"diskSizeGB\": 30\r\n        },\r\n        \"imageReference\": {\r\n          \"publisher\": \"MicrosoftWindowsServer\",\r\n          \"offer\": \"WindowsServer\",\r\n          \"sku\": \"2022-datacenter-smalldisk-g2\",\r\n          \"version\": \"latest\"\r\n        }\r\n      },\r\n      \"networkProfile\": {\r\n        \"networkInterfaceConfigurations\": [\r\n          {\r\n            \"name\": \"test\",\r\n            \"properties\": {\r\n              \"primary\": true,\r\n              \"enableAcceleratedNetworking\": false,\r\n              \"disableTcpStateTracking\": false,\r\n              \"dnsSettings\": {\r\n                \"dnsServers\": []\r\n              },\r\n              \"enableIPForwarding\": false,\r\n              \"ipConfigurations\": [\r\n                {\r\n                  \"name\": \"test\",\r\n                  \"properties\": {\r\n                    \"primary\": true,\r\n                    \"subnet\": {\r\n                      \"id\": \"/subscriptions/e37510d7-33b6-4676-886f-ee75bcc01871/resourceGroups/crptestps9026/providers/Microsoft.Network/virtualNetworks/vnetcrptestps9026/subnets/subnetcrptestps9026\"\r\n                    },\r\n                    \"privateIPAddressVersion\": \"IPv4\"\r\n                  }\r\n                }\r\n              ]\r\n            }\r\n          }\r\n        ]\r\n      },\r\n      \"extensionProfile\": {\r\n        \"extensions\": [\r\n          {\r\n            \"name\": \"Microsoft.Azure.Security.AntimalwareSignature.AntimalwareConfiguration\",\r\n            \"properties\": {\r\n              \"autoUpgradeMinorVersion\": true,\r\n              \"enableAutomaticUpgrade\": true,\r\n              \"publisher\": \"Microsoft.Azure.Security.AntimalwareSignature\",\r\n              \"type\": \"AntimalwareConfiguration\",\r\n              \"typeHandlerVersion\": \"2.0\",\r\n              \"settings\": {}\r\n            }\r\n          },\r\n          {\r\n            \"name\": \"Microsoft.Azure.Geneva.GenevaMonitoring\",\r\n            \"properties\": {\r\n              \"autoUpgradeMinorVersion\": true,\r\n              \"enableAutomaticUpgrade\": true,\r\n              \"publisher\": \"Microsoft.Azure.Geneva\",\r\n              \"type\": \"GenevaMonitoring\",\r\n              \"typeHandlerVersion\": \"2.0\",\r\n              \"settings\": {}\r\n            }\r\n          }\r\n        ]\r\n      },\r\n      \"securityProfile\": {\r\n        \"uefiSettings\": {\r\n          \"secureBootEnabled\": true,\r\n          \"vTpmEnabled\": true\r\n        },\r\n        \"securityType\": \"ConfidentialVM\"\r\n      }\r\n    },\r\n    \"provisioningState\": \"Succeeded\",\r\n    \"overprovision\": true,\r\n    \"doNotRunExtensionsOnOverprovisionedVMs\": false,\r\n    \"uniqueId\": \"20129d43-bd64-49e3-8c3d-b9499737c86d\",\r\n    \"timeCreated\": \"2022-12-12T16:28:00.7725385-05:00\"\r\n  }\r\n}",
      "StatusCode": 200
    },
    {
      "RequestUri": "/subscriptions/e37510d7-33b6-4676-886f-ee75bcc01871/resourceGroups/crptestps9026/providers/Microsoft.Compute/virtualMachineScaleSets/vmsscrptestps9026?api-version=2022-08-01",
      "EncodedRequestUri": "L3N1YnNjcmlwdGlvbnMvZTM3NTEwZDctMzNiNi00Njc2LTg4NmYtZWU3NWJjYzAxODcxL3Jlc291cmNlR3JvdXBzL2NycHRlc3RwczkwMjYvcHJvdmlkZXJzL01pY3Jvc29mdC5Db21wdXRlL3ZpcnR1YWxNYWNoaW5lU2NhbGVTZXRzL3Ztc3NjcnB0ZXN0cHM5MDI2P2FwaS12ZXJzaW9uPTIwMjItMDgtMDE=",
      "RequestMethod": "GET",
      "RequestHeaders": {
        "x-ms-client-request-id": [
          "e466a16b-2d56-4819-9d9f-8a44998eae3a"
        ],
        "Accept-Language": [
          "en-US"
        ],
        "User-Agent": [
          "FxVersion/4.700.22.51102",
          "OSName/Windows",
          "OSVersion/Microsoft.Windows.10.0.22621",
          "Microsoft.Azure.Management.Compute.ComputeManagementClient/58.0.0"
        ]
      },
      "RequestBody": "",
      "ResponseHeaders": {
        "Cache-Control": [
          "no-cache"
        ],
        "Pragma": [
          "no-cache"
        ],
        "x-ms-ratelimit-remaining-resource": [
          "Microsoft.Compute/GetVMScaleSet3Min;395,Microsoft.Compute/GetVMScaleSet30Min;2595"
        ],
        "Strict-Transport-Security": [
          "max-age=31536000; includeSubDomains"
        ],
        "x-ms-request-id": [
          "a3073cfd-161b-4a4c-bdf3-ae183db2339a"
        ],
        "Server": [
          "Microsoft-HTTPAPI/2.0",
          "Microsoft-HTTPAPI/2.0"
        ],
        "x-ms-ratelimit-remaining-subscription-reads": [
          "11999"
        ],
        "x-ms-correlation-request-id": [
          "9fc8bb63-abf5-4fe7-a8a0-7258882f84c2"
        ],
        "x-ms-routing-request-id": [
          "CENTRALUS:20221212T213306Z:9fc8bb63-abf5-4fe7-a8a0-7258882f84c2"
        ],
        "X-Content-Type-Options": [
          "nosniff"
        ],
        "Date": [
          "Mon, 12 Dec 2022 21:33:06 GMT"
        ],
        "Content-Length": [
          "3648"
        ],
        "Content-Type": [
          "application/json; charset=utf-8"
        ],
        "Expires": [
          "-1"
        ]
      },
      "ResponseBody": "{\r\n  \"name\": \"vmsscrptestps9026\",\r\n  \"id\": \"/subscriptions/e37510d7-33b6-4676-886f-ee75bcc01871/resourceGroups/crptestps9026/providers/Microsoft.Compute/virtualMachineScaleSets/vmsscrptestps9026\",\r\n  \"type\": \"Microsoft.Compute/virtualMachineScaleSets\",\r\n  \"location\": \"northeurope\",\r\n  \"tags\": {\r\n    \"azsecpack\": \"nonprod\",\r\n    \"platformsettings.host_environment.service.platform_optedin_for_rootcerts\": \"true\"\r\n  },\r\n  \"sku\": {\r\n    \"name\": \"Standard_DC2as_v5\",\r\n    \"tier\": \"Standard\",\r\n    \"capacity\": 2\r\n  },\r\n  \"properties\": {\r\n    \"singlePlacementGroup\": true,\r\n    \"orchestrationMode\": \"Uniform\",\r\n    \"upgradePolicy\": {\r\n      \"mode\": \"Manual\"\r\n    },\r\n    \"virtualMachineProfile\": {\r\n      \"osProfile\": {\r\n        \"computerNamePrefix\": \"test\",\r\n        \"adminUsername\": \"usertest\",\r\n        \"windowsConfiguration\": {\r\n          \"provisionVMAgent\": true,\r\n          \"enableAutomaticUpdates\": true,\r\n          \"enableVMAgentPlatformUpdates\": false\r\n        },\r\n        \"secrets\": [],\r\n        \"allowExtensionOperations\": true,\r\n        \"requireGuestProvisionSignal\": true\r\n      },\r\n      \"storageProfile\": {\r\n        \"osDisk\": {\r\n          \"osType\": \"Windows\",\r\n          \"createOption\": \"FromImage\",\r\n          \"caching\": \"ReadOnly\",\r\n          \"writeAcceleratorEnabled\": false,\r\n          \"managedDisk\": {\r\n            \"securityProfile\": {\r\n              \"securityEncryptionType\": \"VMGuestStateOnly\"\r\n            },\r\n            \"storageAccountType\": \"Premium_LRS\"\r\n          },\r\n          \"diskSizeGB\": 30\r\n        },\r\n        \"imageReference\": {\r\n          \"publisher\": \"MicrosoftWindowsServer\",\r\n          \"offer\": \"WindowsServer\",\r\n          \"sku\": \"2022-datacenter-smalldisk-g2\",\r\n          \"version\": \"latest\"\r\n        }\r\n      },\r\n      \"networkProfile\": {\r\n        \"networkInterfaceConfigurations\": [\r\n          {\r\n            \"name\": \"test\",\r\n            \"properties\": {\r\n              \"primary\": true,\r\n              \"enableAcceleratedNetworking\": false,\r\n              \"disableTcpStateTracking\": false,\r\n              \"dnsSettings\": {\r\n                \"dnsServers\": []\r\n              },\r\n              \"enableIPForwarding\": false,\r\n              \"ipConfigurations\": [\r\n                {\r\n                  \"name\": \"test\",\r\n                  \"properties\": {\r\n                    \"primary\": true,\r\n                    \"subnet\": {\r\n                      \"id\": \"/subscriptions/e37510d7-33b6-4676-886f-ee75bcc01871/resourceGroups/crptestps9026/providers/Microsoft.Network/virtualNetworks/vnetcrptestps9026/subnets/subnetcrptestps9026\"\r\n                    },\r\n                    \"privateIPAddressVersion\": \"IPv4\"\r\n                  }\r\n                }\r\n              ]\r\n            }\r\n          }\r\n        ]\r\n      },\r\n      \"extensionProfile\": {\r\n        \"extensions\": [\r\n          {\r\n            \"name\": \"Microsoft.Azure.Security.AntimalwareSignature.AntimalwareConfiguration\",\r\n            \"properties\": {\r\n              \"autoUpgradeMinorVersion\": true,\r\n              \"enableAutomaticUpgrade\": true,\r\n              \"publisher\": \"Microsoft.Azure.Security.AntimalwareSignature\",\r\n              \"type\": \"AntimalwareConfiguration\",\r\n              \"typeHandlerVersion\": \"2.0\",\r\n              \"settings\": {}\r\n            }\r\n          },\r\n          {\r\n            \"name\": \"Microsoft.Azure.Geneva.GenevaMonitoring\",\r\n            \"properties\": {\r\n              \"autoUpgradeMinorVersion\": true,\r\n              \"enableAutomaticUpgrade\": true,\r\n              \"publisher\": \"Microsoft.Azure.Geneva\",\r\n              \"type\": \"GenevaMonitoring\",\r\n              \"typeHandlerVersion\": \"2.0\",\r\n              \"settings\": {}\r\n            }\r\n          }\r\n        ]\r\n      },\r\n      \"securityProfile\": {\r\n        \"uefiSettings\": {\r\n          \"secureBootEnabled\": true,\r\n          \"vTpmEnabled\": true\r\n        },\r\n        \"securityType\": \"ConfidentialVM\"\r\n      }\r\n    },\r\n    \"provisioningState\": \"Succeeded\",\r\n    \"overprovision\": true,\r\n    \"doNotRunExtensionsOnOverprovisionedVMs\": false,\r\n    \"uniqueId\": \"20129d43-bd64-49e3-8c3d-b9499737c86d\",\r\n    \"timeCreated\": \"2022-12-12T16:28:00.7725385-05:00\"\r\n  }\r\n}",
      "StatusCode": 200
    },
    {
      "RequestUri": "/subscriptions/e37510d7-33b6-4676-886f-ee75bcc01871/resourceGroups/crptestps9026/providers/Microsoft.Compute/virtualMachineScaleSets/vmsscrptestps9026/virtualMachines?api-version=2022-08-01",
      "EncodedRequestUri": "L3N1YnNjcmlwdGlvbnMvZTM3NTEwZDctMzNiNi00Njc2LTg4NmYtZWU3NWJjYzAxODcxL3Jlc291cmNlR3JvdXBzL2NycHRlc3RwczkwMjYvcHJvdmlkZXJzL01pY3Jvc29mdC5Db21wdXRlL3ZpcnR1YWxNYWNoaW5lU2NhbGVTZXRzL3Ztc3NjcnB0ZXN0cHM5MDI2L3ZpcnR1YWxNYWNoaW5lcz9hcGktdmVyc2lvbj0yMDIyLTA4LTAx",
      "RequestMethod": "GET",
      "RequestHeaders": {
        "x-ms-client-request-id": [
          "4bc93128-a73e-42cf-8668-e5567b3f18ce"
        ],
        "Accept-Language": [
          "en-US"
        ],
        "User-Agent": [
          "FxVersion/4.700.22.51102",
          "OSName/Windows",
          "OSVersion/Microsoft.Windows.10.0.22621",
          "Microsoft.Azure.Management.Compute.ComputeManagementClient/58.0.0"
        ]
      },
      "RequestBody": "",
      "ResponseHeaders": {
        "Cache-Control": [
          "no-cache"
        ],
        "Pragma": [
          "no-cache"
        ],
        "x-ms-ratelimit-remaining-resource": [
          "Microsoft.Compute/HighCostGetVMScaleSet3Min;178,Microsoft.Compute/HighCostGetVMScaleSet30Min;898,Microsoft.Compute/VMScaleSetVMViews3Min;4998"
        ],
        "x-ms-request-charge": [
          "2"
        ],
        "Strict-Transport-Security": [
          "max-age=31536000; includeSubDomains"
        ],
        "x-ms-request-id": [
          "6d2f53b8-0240-4a15-93e0-f2ee005da5e0"
        ],
        "Server": [
          "Microsoft-HTTPAPI/2.0",
          "Microsoft-HTTPAPI/2.0"
        ],
        "x-ms-ratelimit-remaining-subscription-reads": [
          "11999"
        ],
        "x-ms-correlation-request-id": [
          "4480dbaa-0c16-44b3-ac01-dd2d04b86f7c"
        ],
        "x-ms-routing-request-id": [
          "CENTRALUS:20221212T213307Z:4480dbaa-0c16-44b3-ac01-dd2d04b86f7c"
        ],
        "X-Content-Type-Options": [
          "nosniff"
        ],
        "Date": [
          "Mon, 12 Dec 2022 21:33:06 GMT"
        ],
        "Content-Length": [
          "10274"
        ],
        "Content-Type": [
          "application/json; charset=utf-8"
        ],
        "Expires": [
          "-1"
        ]
      },
      "ResponseBody": "{\r\n  \"value\": [\r\n    {\r\n      \"name\": \"vmsscrptestps9026_1\",\r\n      \"id\": \"/subscriptions/e37510d7-33b6-4676-886f-ee75bcc01871/resourceGroups/crptestps9026/providers/Microsoft.Compute/virtualMachineScaleSets/vmsscrptestps9026/virtualMachines/1\",\r\n      \"type\": \"Microsoft.Compute/virtualMachineScaleSets/virtualMachines\",\r\n      \"location\": \"northeurope\",\r\n      \"tags\": {\r\n        \"azsecpack\": \"nonprod\",\r\n        \"platformsettings.host_environment.service.platform_optedin_for_rootcerts\": \"true\"\r\n      },\r\n      \"instanceId\": \"1\",\r\n      \"sku\": {\r\n        \"name\": \"Standard_DC2as_v5\",\r\n        \"tier\": \"Standard\"\r\n      },\r\n      \"properties\": {\r\n        \"latestModelApplied\": true,\r\n        \"modelDefinitionApplied\": \"VirtualMachineScaleSet\",\r\n        \"networkProfileConfiguration\": {\r\n          \"networkInterfaceConfigurations\": [\r\n            {\r\n              \"name\": \"test\",\r\n              \"properties\": {\r\n                \"primary\": true,\r\n                \"enableAcceleratedNetworking\": false,\r\n                \"disableTcpStateTracking\": false,\r\n                \"dnsSettings\": {\r\n                  \"dnsServers\": []\r\n                },\r\n                \"enableIPForwarding\": false,\r\n                \"ipConfigurations\": [\r\n                  {\r\n                    \"name\": \"test\",\r\n                    \"properties\": {\r\n                      \"primary\": true,\r\n                      \"subnet\": {\r\n                        \"id\": \"/subscriptions/e37510d7-33b6-4676-886f-ee75bcc01871/resourceGroups/crptestps9026/providers/Microsoft.Network/virtualNetworks/vnetcrptestps9026/subnets/subnetcrptestps9026\"\r\n                      },\r\n                      \"privateIPAddressVersion\": \"IPv4\"\r\n                    }\r\n                  }\r\n                ]\r\n              }\r\n            }\r\n          ]\r\n        },\r\n        \"vmId\": \"a90e5cc4-4422-46f9-ab26-8e27318cd6cc\",\r\n        \"hardwareProfile\": {\r\n          \"vmSize\": \"Standard_DC2as_v5\"\r\n        },\r\n        \"storageProfile\": {\r\n          \"imageReference\": {\r\n            \"publisher\": \"MicrosoftWindowsServer\",\r\n            \"offer\": \"WindowsServer\",\r\n            \"sku\": \"2022-datacenter-smalldisk-g2\",\r\n            \"version\": \"latest\",\r\n            \"exactVersion\": \"20348.1249.221105\"\r\n          },\r\n          \"osDisk\": {\r\n            \"osType\": \"Windows\",\r\n            \"name\": \"vmsscrptestps9026_vmsscrptestps9026_1_OsDisk_1_074df2a4aff344ada41274692e2ee003\",\r\n            \"createOption\": \"FromImage\",\r\n            \"caching\": \"ReadOnly\",\r\n            \"writeAcceleratorEnabled\": false,\r\n            \"managedDisk\": {\r\n              \"securityProfile\": {\r\n                \"securityEncryptionType\": \"VMGuestStateOnly\"\r\n              },\r\n              \"storageAccountType\": \"Premium_LRS\",\r\n              \"id\": \"/subscriptions/e37510d7-33b6-4676-886f-ee75bcc01871/resourceGroups/crptestps9026/providers/Microsoft.Compute/disks/vmsscrptestps9026_vmsscrptestps9026_1_OsDisk_1_074df2a4aff344ada41274692e2ee003\"\r\n            },\r\n            \"diskSizeGB\": 30\r\n          },\r\n          \"dataDisks\": []\r\n        },\r\n        \"osProfile\": {\r\n          \"computerName\": \"test000001\",\r\n          \"adminUsername\": \"usertest\",\r\n          \"windowsConfiguration\": {\r\n            \"provisionVMAgent\": true,\r\n            \"enableAutomaticUpdates\": true,\r\n            \"enableVMAgentPlatformUpdates\": false\r\n          },\r\n          \"secrets\": [],\r\n          \"allowExtensionOperations\": true,\r\n          \"requireGuestProvisionSignal\": true\r\n        },\r\n        \"securityProfile\": {\r\n          \"uefiSettings\": {\r\n            \"secureBootEnabled\": true,\r\n            \"vTpmEnabled\": true\r\n          },\r\n          \"securityType\": \"ConfidentialVM\"\r\n        },\r\n        \"networkProfile\": {\r\n          \"networkInterfaces\": [\r\n            {\r\n              \"id\": \"/subscriptions/e37510d7-33b6-4676-886f-ee75bcc01871/resourceGroups/crptestps9026/providers/Microsoft.Compute/virtualMachineScaleSets/vmsscrptestps9026/virtualMachines/1/networkInterfaces/test\"\r\n            }\r\n          ]\r\n        },\r\n        \"provisioningState\": \"Succeeded\",\r\n        \"timeCreated\": \"2022-12-12T16:28:00.9444117-05:00\"\r\n      },\r\n      \"resources\": [\r\n        {\r\n          \"name\": \"Microsoft.Azure.Security.AntimalwareSignature.AntimalwareConfiguration\",\r\n          \"id\": \"/subscriptions/e37510d7-33b6-4676-886f-ee75bcc01871/resourceGroups/crptestps9026/providers/Microsoft.Compute/virtualMachines/vmsscrptestps9026_1/extensions/Microsoft.Azure.Security.AntimalwareSignature.AntimalwareConfiguration\",\r\n          \"type\": \"Microsoft.Compute/virtualMachines/extensions\",\r\n          \"location\": \"northeurope\",\r\n          \"properties\": {\r\n            \"autoUpgradeMinorVersion\": true,\r\n            \"provisioningState\": \"Succeeded\",\r\n            \"enableAutomaticUpgrade\": true,\r\n            \"publisher\": \"Microsoft.Azure.Security.AntimalwareSignature\",\r\n            \"type\": \"AntimalwareConfiguration\",\r\n            \"typeHandlerVersion\": \"2.0\",\r\n            \"settings\": {}\r\n          }\r\n        },\r\n        {\r\n          \"name\": \"Microsoft.Azure.Geneva.GenevaMonitoring\",\r\n          \"id\": \"/subscriptions/e37510d7-33b6-4676-886f-ee75bcc01871/resourceGroups/crptestps9026/providers/Microsoft.Compute/virtualMachines/vmsscrptestps9026_1/extensions/Microsoft.Azure.Geneva.GenevaMonitoring\",\r\n          \"type\": \"Microsoft.Compute/virtualMachines/extensions\",\r\n          \"location\": \"northeurope\",\r\n          \"properties\": {\r\n            \"autoUpgradeMinorVersion\": true,\r\n            \"provisioningState\": \"Succeeded\",\r\n            \"enableAutomaticUpgrade\": true,\r\n            \"publisher\": \"Microsoft.Azure.Geneva\",\r\n            \"type\": \"GenevaMonitoring\",\r\n            \"typeHandlerVersion\": \"2.0\",\r\n            \"settings\": {}\r\n          }\r\n        }\r\n      ]\r\n    },\r\n    {\r\n      \"name\": \"vmsscrptestps9026_2\",\r\n      \"id\": \"/subscriptions/e37510d7-33b6-4676-886f-ee75bcc01871/resourceGroups/crptestps9026/providers/Microsoft.Compute/virtualMachineScaleSets/vmsscrptestps9026/virtualMachines/2\",\r\n      \"type\": \"Microsoft.Compute/virtualMachineScaleSets/virtualMachines\",\r\n      \"location\": \"northeurope\",\r\n      \"tags\": {\r\n        \"azsecpack\": \"nonprod\",\r\n        \"platformsettings.host_environment.service.platform_optedin_for_rootcerts\": \"true\"\r\n      },\r\n      \"instanceId\": \"2\",\r\n      \"sku\": {\r\n        \"name\": \"Standard_DC2as_v5\",\r\n        \"tier\": \"Standard\"\r\n      },\r\n      \"properties\": {\r\n        \"latestModelApplied\": true,\r\n        \"modelDefinitionApplied\": \"VirtualMachineScaleSet\",\r\n        \"networkProfileConfiguration\": {\r\n          \"networkInterfaceConfigurations\": [\r\n            {\r\n              \"name\": \"test\",\r\n              \"properties\": {\r\n                \"primary\": true,\r\n                \"enableAcceleratedNetworking\": false,\r\n                \"disableTcpStateTracking\": false,\r\n                \"dnsSettings\": {\r\n                  \"dnsServers\": []\r\n                },\r\n                \"enableIPForwarding\": false,\r\n                \"ipConfigurations\": [\r\n                  {\r\n                    \"name\": \"test\",\r\n                    \"properties\": {\r\n                      \"primary\": true,\r\n                      \"subnet\": {\r\n                        \"id\": \"/subscriptions/e37510d7-33b6-4676-886f-ee75bcc01871/resourceGroups/crptestps9026/providers/Microsoft.Network/virtualNetworks/vnetcrptestps9026/subnets/subnetcrptestps9026\"\r\n                      },\r\n                      \"privateIPAddressVersion\": \"IPv4\"\r\n                    }\r\n                  }\r\n                ]\r\n              }\r\n            }\r\n          ]\r\n        },\r\n        \"vmId\": \"45af0c13-7d53-45ff-9219-7c32ddf730bc\",\r\n        \"hardwareProfile\": {\r\n          \"vmSize\": \"Standard_DC2as_v5\"\r\n        },\r\n        \"storageProfile\": {\r\n          \"imageReference\": {\r\n            \"publisher\": \"MicrosoftWindowsServer\",\r\n            \"offer\": \"WindowsServer\",\r\n            \"sku\": \"2022-datacenter-smalldisk-g2\",\r\n            \"version\": \"latest\",\r\n            \"exactVersion\": \"20348.1249.221105\"\r\n          },\r\n          \"osDisk\": {\r\n            \"osType\": \"Windows\",\r\n            \"name\": \"vmsscrptestps9026_vmsscrptestps9026_2_OsDisk_1_38c57e344e7a49c0bc26090c1ccadf66\",\r\n            \"createOption\": \"FromImage\",\r\n            \"caching\": \"ReadOnly\",\r\n            \"writeAcceleratorEnabled\": false,\r\n            \"managedDisk\": {\r\n              \"securityProfile\": {\r\n                \"securityEncryptionType\": \"VMGuestStateOnly\"\r\n              },\r\n              \"storageAccountType\": \"Premium_LRS\",\r\n              \"id\": \"/subscriptions/e37510d7-33b6-4676-886f-ee75bcc01871/resourceGroups/crptestps9026/providers/Microsoft.Compute/disks/vmsscrptestps9026_vmsscrptestps9026_2_OsDisk_1_38c57e344e7a49c0bc26090c1ccadf66\"\r\n            },\r\n            \"diskSizeGB\": 30\r\n          },\r\n          \"dataDisks\": []\r\n        },\r\n        \"osProfile\": {\r\n          \"computerName\": \"test000002\",\r\n          \"adminUsername\": \"usertest\",\r\n          \"windowsConfiguration\": {\r\n            \"provisionVMAgent\": true,\r\n            \"enableAutomaticUpdates\": true,\r\n            \"enableVMAgentPlatformUpdates\": false\r\n          },\r\n          \"secrets\": [],\r\n          \"allowExtensionOperations\": true,\r\n          \"requireGuestProvisionSignal\": true\r\n        },\r\n        \"securityProfile\": {\r\n          \"uefiSettings\": {\r\n            \"secureBootEnabled\": true,\r\n            \"vTpmEnabled\": true\r\n          },\r\n          \"securityType\": \"ConfidentialVM\"\r\n        },\r\n        \"networkProfile\": {\r\n          \"networkInterfaces\": [\r\n            {\r\n              \"id\": \"/subscriptions/e37510d7-33b6-4676-886f-ee75bcc01871/resourceGroups/crptestps9026/providers/Microsoft.Compute/virtualMachineScaleSets/vmsscrptestps9026/virtualMachines/2/networkInterfaces/test\"\r\n            }\r\n          ]\r\n        },\r\n        \"provisioningState\": \"Succeeded\",\r\n        \"timeCreated\": \"2022-12-12T16:28:00.9444117-05:00\"\r\n      },\r\n      \"resources\": [\r\n        {\r\n          \"name\": \"Microsoft.Azure.Security.AntimalwareSignature.AntimalwareConfiguration\",\r\n          \"id\": \"/subscriptions/e37510d7-33b6-4676-886f-ee75bcc01871/resourceGroups/crptestps9026/providers/Microsoft.Compute/virtualMachines/vmsscrptestps9026_2/extensions/Microsoft.Azure.Security.AntimalwareSignature.AntimalwareConfiguration\",\r\n          \"type\": \"Microsoft.Compute/virtualMachines/extensions\",\r\n          \"location\": \"northeurope\",\r\n          \"properties\": {\r\n            \"autoUpgradeMinorVersion\": true,\r\n            \"provisioningState\": \"Succeeded\",\r\n            \"enableAutomaticUpgrade\": true,\r\n            \"publisher\": \"Microsoft.Azure.Security.AntimalwareSignature\",\r\n            \"type\": \"AntimalwareConfiguration\",\r\n            \"typeHandlerVersion\": \"2.0\",\r\n            \"settings\": {}\r\n          }\r\n        },\r\n        {\r\n          \"name\": \"Microsoft.Azure.Geneva.GenevaMonitoring\",\r\n          \"id\": \"/subscriptions/e37510d7-33b6-4676-886f-ee75bcc01871/resourceGroups/crptestps9026/providers/Microsoft.Compute/virtualMachines/vmsscrptestps9026_2/extensions/Microsoft.Azure.Geneva.GenevaMonitoring\",\r\n          \"type\": \"Microsoft.Compute/virtualMachines/extensions\",\r\n          \"location\": \"northeurope\",\r\n          \"properties\": {\r\n            \"autoUpgradeMinorVersion\": true,\r\n            \"provisioningState\": \"Succeeded\",\r\n            \"enableAutomaticUpgrade\": true,\r\n            \"publisher\": \"Microsoft.Azure.Geneva\",\r\n            \"type\": \"GenevaMonitoring\",\r\n            \"typeHandlerVersion\": \"2.0\",\r\n            \"settings\": {}\r\n          }\r\n        }\r\n      ]\r\n    }\r\n  ]\r\n}",
      "StatusCode": 200
    },
    {
      "RequestUri": "/subscriptions/e37510d7-33b6-4676-886f-ee75bcc01871/resourceGroups/crptestps9026/providers/Microsoft.Compute/virtualMachineScaleSets/vmsscrptestps9026/virtualMachines/1?api-version=2022-08-01",
      "EncodedRequestUri": "L3N1YnNjcmlwdGlvbnMvZTM3NTEwZDctMzNiNi00Njc2LTg4NmYtZWU3NWJjYzAxODcxL3Jlc291cmNlR3JvdXBzL2NycHRlc3RwczkwMjYvcHJvdmlkZXJzL01pY3Jvc29mdC5Db21wdXRlL3ZpcnR1YWxNYWNoaW5lU2NhbGVTZXRzL3Ztc3NjcnB0ZXN0cHM5MDI2L3ZpcnR1YWxNYWNoaW5lcy8xP2FwaS12ZXJzaW9uPTIwMjItMDgtMDE=",
      "RequestMethod": "GET",
      "RequestHeaders": {
        "x-ms-client-request-id": [
          "08e66860-b796-4ee2-aeca-1e4d69f4fd34"
        ],
        "Accept-Language": [
          "en-US"
        ],
        "User-Agent": [
          "FxVersion/4.700.22.51102",
          "OSName/Windows",
          "OSVersion/Microsoft.Windows.10.0.22621",
          "Microsoft.Azure.Management.Compute.ComputeManagementClient/58.0.0"
        ]
      },
      "RequestBody": "",
      "ResponseHeaders": {
        "Cache-Control": [
          "no-cache"
        ],
        "Pragma": [
          "no-cache"
        ],
        "x-ms-ratelimit-remaining-resource": [
          "Microsoft.Compute/GetVMScaleSetVM3Min;999,Microsoft.Compute/GetVMScaleSetVM30Min;4999,Microsoft.Compute/VMScaleSetVMViews3Min;4997"
        ],
        "x-ms-request-charge": [
          "1"
        ],
        "Strict-Transport-Security": [
          "max-age=31536000; includeSubDomains"
        ],
        "x-ms-request-id": [
          "b4a657e7-273d-4058-b410-48872e692cf3"
        ],
        "Server": [
          "Microsoft-HTTPAPI/2.0",
          "Microsoft-HTTPAPI/2.0"
        ],
        "x-ms-ratelimit-remaining-subscription-reads": [
          "11999"
        ],
        "x-ms-correlation-request-id": [
          "edbdea81-e3bb-4f8f-ada9-72541bac046f"
        ],
        "x-ms-routing-request-id": [
          "CENTRALUS:20221212T213308Z:edbdea81-e3bb-4f8f-ada9-72541bac046f"
        ],
        "X-Content-Type-Options": [
          "nosniff"
        ],
        "Date": [
          "Mon, 12 Dec 2022 21:33:08 GMT"
        ],
        "Content-Length": [
          "4711"
        ],
        "Content-Type": [
          "application/json; charset=utf-8"
        ],
        "Expires": [
          "-1"
        ]
      },
      "ResponseBody": "{\r\n  \"name\": \"vmsscrptestps9026_1\",\r\n  \"id\": \"/subscriptions/e37510d7-33b6-4676-886f-ee75bcc01871/resourceGroups/crptestps9026/providers/Microsoft.Compute/virtualMachineScaleSets/vmsscrptestps9026/virtualMachines/1\",\r\n  \"type\": \"Microsoft.Compute/virtualMachineScaleSets/virtualMachines\",\r\n  \"location\": \"northeurope\",\r\n  \"tags\": {\r\n    \"azsecpack\": \"nonprod\",\r\n    \"platformsettings.host_environment.service.platform_optedin_for_rootcerts\": \"true\"\r\n  },\r\n  \"instanceId\": \"1\",\r\n  \"sku\": {\r\n    \"name\": \"Standard_DC2as_v5\",\r\n    \"tier\": \"Standard\"\r\n  },\r\n  \"properties\": {\r\n    \"latestModelApplied\": true,\r\n    \"modelDefinitionApplied\": \"VirtualMachineScaleSet\",\r\n    \"networkProfileConfiguration\": {\r\n      \"networkInterfaceConfigurations\": [\r\n        {\r\n          \"name\": \"test\",\r\n          \"properties\": {\r\n            \"primary\": true,\r\n            \"enableAcceleratedNetworking\": false,\r\n            \"disableTcpStateTracking\": false,\r\n            \"dnsSettings\": {\r\n              \"dnsServers\": []\r\n            },\r\n            \"enableIPForwarding\": false,\r\n            \"ipConfigurations\": [\r\n              {\r\n                \"name\": \"test\",\r\n                \"properties\": {\r\n                  \"primary\": true,\r\n                  \"subnet\": {\r\n                    \"id\": \"/subscriptions/e37510d7-33b6-4676-886f-ee75bcc01871/resourceGroups/crptestps9026/providers/Microsoft.Network/virtualNetworks/vnetcrptestps9026/subnets/subnetcrptestps9026\"\r\n                  },\r\n                  \"privateIPAddressVersion\": \"IPv4\"\r\n                }\r\n              }\r\n            ]\r\n          }\r\n        }\r\n      ]\r\n    },\r\n    \"vmId\": \"a90e5cc4-4422-46f9-ab26-8e27318cd6cc\",\r\n    \"hardwareProfile\": {\r\n      \"vmSize\": \"Standard_DC2as_v5\"\r\n    },\r\n    \"storageProfile\": {\r\n      \"imageReference\": {\r\n        \"publisher\": \"MicrosoftWindowsServer\",\r\n        \"offer\": \"WindowsServer\",\r\n        \"sku\": \"2022-datacenter-smalldisk-g2\",\r\n        \"version\": \"latest\",\r\n        \"exactVersion\": \"20348.1249.221105\"\r\n      },\r\n      \"osDisk\": {\r\n        \"osType\": \"Windows\",\r\n        \"name\": \"vmsscrptestps9026_vmsscrptestps9026_1_OsDisk_1_074df2a4aff344ada41274692e2ee003\",\r\n        \"createOption\": \"FromImage\",\r\n        \"caching\": \"ReadOnly\",\r\n        \"writeAcceleratorEnabled\": false,\r\n        \"managedDisk\": {\r\n          \"securityProfile\": {\r\n            \"securityEncryptionType\": \"VMGuestStateOnly\"\r\n          },\r\n          \"storageAccountType\": \"Premium_LRS\",\r\n          \"id\": \"/subscriptions/e37510d7-33b6-4676-886f-ee75bcc01871/resourceGroups/crptestps9026/providers/Microsoft.Compute/disks/vmsscrptestps9026_vmsscrptestps9026_1_OsDisk_1_074df2a4aff344ada41274692e2ee003\"\r\n        },\r\n        \"diskSizeGB\": 30\r\n      },\r\n      \"dataDisks\": []\r\n    },\r\n    \"osProfile\": {\r\n      \"computerName\": \"test000001\",\r\n      \"adminUsername\": \"usertest\",\r\n      \"windowsConfiguration\": {\r\n        \"provisionVMAgent\": true,\r\n        \"enableAutomaticUpdates\": true,\r\n        \"enableVMAgentPlatformUpdates\": false\r\n      },\r\n      \"secrets\": [],\r\n      \"allowExtensionOperations\": true,\r\n      \"requireGuestProvisionSignal\": true\r\n    },\r\n    \"securityProfile\": {\r\n      \"uefiSettings\": {\r\n        \"secureBootEnabled\": true,\r\n        \"vTpmEnabled\": true\r\n      },\r\n      \"securityType\": \"ConfidentialVM\"\r\n    },\r\n    \"networkProfile\": {\r\n      \"networkInterfaces\": [\r\n        {\r\n          \"id\": \"/subscriptions/e37510d7-33b6-4676-886f-ee75bcc01871/resourceGroups/crptestps9026/providers/Microsoft.Compute/virtualMachineScaleSets/vmsscrptestps9026/virtualMachines/1/networkInterfaces/test\"\r\n        }\r\n      ]\r\n    },\r\n    \"provisioningState\": \"Succeeded\",\r\n    \"timeCreated\": \"2022-12-12T16:28:00.9444117-05:00\"\r\n  },\r\n  \"resources\": [\r\n    {\r\n      \"name\": \"Microsoft.Azure.Security.AntimalwareSignature.AntimalwareConfiguration\",\r\n      \"id\": \"/subscriptions/e37510d7-33b6-4676-886f-ee75bcc01871/resourceGroups/crptestps9026/providers/Microsoft.Compute/virtualMachines/vmsscrptestps9026_1/extensions/Microsoft.Azure.Security.AntimalwareSignature.AntimalwareConfiguration\",\r\n      \"type\": \"Microsoft.Compute/virtualMachines/extensions\",\r\n      \"location\": \"northeurope\",\r\n      \"properties\": {\r\n        \"autoUpgradeMinorVersion\": true,\r\n        \"provisioningState\": \"Succeeded\",\r\n        \"enableAutomaticUpgrade\": true,\r\n        \"publisher\": \"Microsoft.Azure.Security.AntimalwareSignature\",\r\n        \"type\": \"AntimalwareConfiguration\",\r\n        \"typeHandlerVersion\": \"2.0\",\r\n        \"settings\": {}\r\n      }\r\n    },\r\n    {\r\n      \"name\": \"Microsoft.Azure.Geneva.GenevaMonitoring\",\r\n      \"id\": \"/subscriptions/e37510d7-33b6-4676-886f-ee75bcc01871/resourceGroups/crptestps9026/providers/Microsoft.Compute/virtualMachines/vmsscrptestps9026_1/extensions/Microsoft.Azure.Geneva.GenevaMonitoring\",\r\n      \"type\": \"Microsoft.Compute/virtualMachines/extensions\",\r\n      \"location\": \"northeurope\",\r\n      \"properties\": {\r\n        \"autoUpgradeMinorVersion\": true,\r\n        \"provisioningState\": \"Succeeded\",\r\n        \"enableAutomaticUpgrade\": true,\r\n        \"publisher\": \"Microsoft.Azure.Geneva\",\r\n        \"type\": \"GenevaMonitoring\",\r\n        \"typeHandlerVersion\": \"2.0\",\r\n        \"settings\": {}\r\n      }\r\n    }\r\n  ]\r\n}",
      "StatusCode": 200
    },
    {
      "RequestUri": "/subscriptions/e37510d7-33b6-4676-886f-ee75bcc01871/resourcegroups/crptestps9026?api-version=2016-09-01",
      "EncodedRequestUri": "L3N1YnNjcmlwdGlvbnMvZTM3NTEwZDctMzNiNi00Njc2LTg4NmYtZWU3NWJjYzAxODcxL3Jlc291cmNlZ3JvdXBzL2NycHRlc3RwczkwMjY/YXBpLXZlcnNpb249MjAxNi0wOS0wMQ==",
      "RequestMethod": "DELETE",
      "RequestHeaders": {
        "x-ms-client-request-id": [
          "3f989e67-16c7-4c37-b525-ecd52d2046f2"
        ],
        "Accept-Language": [
          "en-US"
        ],
        "User-Agent": [
          "FxVersion/4.700.22.51102",
          "OSName/Windows",
          "OSVersion/Microsoft.Windows.10.0.22621",
          "Microsoft.Azure.Management.Internal.Resources.ResourceManagementClient/1.3.64"
        ]
      },
      "RequestBody": "",
      "ResponseHeaders": {
        "Cache-Control": [
          "no-cache"
        ],
        "Pragma": [
          "no-cache"
        ],
        "Location": [
          "https://management.azure.com/subscriptions/e37510d7-33b6-4676-886f-ee75bcc01871/operationresults/eyJqb2JJZCI6IlJFU09VUkNFR1JPVVBERUxFVElPTkpPQi1DUlBURVNUUFM5MDI2LU5PUlRIRVVST1BFIiwiam9iTG9jYXRpb24iOiJub3J0aGV1cm9wZSJ9?api-version=2016-09-01"
        ],
        "Retry-After": [
          "15"
        ],
        "x-ms-ratelimit-remaining-subscription-deletes": [
          "14999"
        ],
        "x-ms-request-id": [
          "c43c759d-44e3-439c-a195-76f99e289a7c"
        ],
        "x-ms-correlation-request-id": [
          "c43c759d-44e3-439c-a195-76f99e289a7c"
        ],
        "x-ms-routing-request-id": [
          "CENTRALUS:20221212T213312Z:c43c759d-44e3-439c-a195-76f99e289a7c"
        ],
        "Strict-Transport-Security": [
          "max-age=31536000; includeSubDomains"
        ],
        "X-Content-Type-Options": [
          "nosniff"
        ],
        "Date": [
          "Mon, 12 Dec 2022 21:33:11 GMT"
        ],
        "Expires": [
          "-1"
        ],
        "Content-Length": [
          "0"
        ]
      },
      "ResponseBody": "",
      "StatusCode": 202
    },
    {
      "RequestUri": "/subscriptions/e37510d7-33b6-4676-886f-ee75bcc01871/operationresults/eyJqb2JJZCI6IlJFU09VUkNFR1JPVVBERUxFVElPTkpPQi1DUlBURVNUUFM5MDI2LU5PUlRIRVVST1BFIiwiam9iTG9jYXRpb24iOiJub3J0aGV1cm9wZSJ9?api-version=2016-09-01",
      "EncodedRequestUri": "L3N1YnNjcmlwdGlvbnMvZTM3NTEwZDctMzNiNi00Njc2LTg4NmYtZWU3NWJjYzAxODcxL29wZXJhdGlvbnJlc3VsdHMvZXlKcWIySkpaQ0k2SWxKRlUwOVZVa05GUjFKUFZWQkVSVXhGVkVsUFRrcFBRaTFEVWxCVVJWTlVVRk01TURJMkxVNVBVbFJJUlZWU1QxQkZJaXdpYW05aVRHOWpZWFJwYjI0aU9pSnViM0owYUdWMWNtOXdaU0o5P2FwaS12ZXJzaW9uPTIwMTYtMDktMDE=",
      "RequestMethod": "GET",
      "RequestHeaders": {
        "User-Agent": [
          "FxVersion/4.700.22.51102",
          "OSName/Windows",
          "OSVersion/Microsoft.Windows.10.0.22621",
          "Microsoft.Azure.Management.Internal.Resources.ResourceManagementClient/1.3.64"
        ]
      },
      "RequestBody": "",
      "ResponseHeaders": {
        "Cache-Control": [
          "no-cache"
        ],
        "Pragma": [
          "no-cache"
        ],
        "Location": [
          "https://management.azure.com/subscriptions/e37510d7-33b6-4676-886f-ee75bcc01871/operationresults/eyJqb2JJZCI6IlJFU09VUkNFR1JPVVBERUxFVElPTkpPQi1DUlBURVNUUFM5MDI2LU5PUlRIRVVST1BFIiwiam9iTG9jYXRpb24iOiJub3J0aGV1cm9wZSJ9?api-version=2016-09-01"
        ],
        "Retry-After": [
          "15"
        ],
        "x-ms-ratelimit-remaining-subscription-reads": [
          "11999"
        ],
        "x-ms-request-id": [
          "f5875489-0ace-4588-961d-54844afe5c71"
        ],
        "x-ms-correlation-request-id": [
          "f5875489-0ace-4588-961d-54844afe5c71"
        ],
        "x-ms-routing-request-id": [
          "CENTRALUS:20221212T213327Z:f5875489-0ace-4588-961d-54844afe5c71"
        ],
        "Strict-Transport-Security": [
          "max-age=31536000; includeSubDomains"
        ],
        "X-Content-Type-Options": [
          "nosniff"
        ],
        "Date": [
          "Mon, 12 Dec 2022 21:33:26 GMT"
        ],
        "Expires": [
          "-1"
        ],
        "Content-Length": [
          "0"
        ]
      },
      "ResponseBody": "",
      "StatusCode": 202
    },
    {
      "RequestUri": "/subscriptions/e37510d7-33b6-4676-886f-ee75bcc01871/operationresults/eyJqb2JJZCI6IlJFU09VUkNFR1JPVVBERUxFVElPTkpPQi1DUlBURVNUUFM5MDI2LU5PUlRIRVVST1BFIiwiam9iTG9jYXRpb24iOiJub3J0aGV1cm9wZSJ9?api-version=2016-09-01",
      "EncodedRequestUri": "L3N1YnNjcmlwdGlvbnMvZTM3NTEwZDctMzNiNi00Njc2LTg4NmYtZWU3NWJjYzAxODcxL29wZXJhdGlvbnJlc3VsdHMvZXlKcWIySkpaQ0k2SWxKRlUwOVZVa05GUjFKUFZWQkVSVXhGVkVsUFRrcFBRaTFEVWxCVVJWTlVVRk01TURJMkxVNVBVbFJJUlZWU1QxQkZJaXdpYW05aVRHOWpZWFJwYjI0aU9pSnViM0owYUdWMWNtOXdaU0o5P2FwaS12ZXJzaW9uPTIwMTYtMDktMDE=",
      "RequestMethod": "GET",
      "RequestHeaders": {
        "User-Agent": [
          "FxVersion/4.700.22.51102",
          "OSName/Windows",
          "OSVersion/Microsoft.Windows.10.0.22621",
          "Microsoft.Azure.Management.Internal.Resources.ResourceManagementClient/1.3.64"
        ]
      },
      "RequestBody": "",
      "ResponseHeaders": {
        "Cache-Control": [
          "no-cache"
        ],
        "Pragma": [
          "no-cache"
        ],
        "Location": [
          "https://management.azure.com/subscriptions/e37510d7-33b6-4676-886f-ee75bcc01871/operationresults/eyJqb2JJZCI6IlJFU09VUkNFR1JPVVBERUxFVElPTkpPQi1DUlBURVNUUFM5MDI2LU5PUlRIRVVST1BFIiwiam9iTG9jYXRpb24iOiJub3J0aGV1cm9wZSJ9?api-version=2016-09-01"
        ],
        "Retry-After": [
          "15"
        ],
        "x-ms-ratelimit-remaining-subscription-reads": [
          "11998"
        ],
        "x-ms-request-id": [
          "bff97332-b4cb-4af5-aaae-804d16609796"
        ],
        "x-ms-correlation-request-id": [
          "bff97332-b4cb-4af5-aaae-804d16609796"
        ],
        "x-ms-routing-request-id": [
          "CENTRALUS:20221212T213342Z:bff97332-b4cb-4af5-aaae-804d16609796"
        ],
        "Strict-Transport-Security": [
          "max-age=31536000; includeSubDomains"
        ],
        "X-Content-Type-Options": [
          "nosniff"
        ],
        "Date": [
          "Mon, 12 Dec 2022 21:33:41 GMT"
        ],
        "Expires": [
          "-1"
        ],
        "Content-Length": [
          "0"
        ]
      },
      "ResponseBody": "",
      "StatusCode": 202
    },
    {
      "RequestUri": "/subscriptions/e37510d7-33b6-4676-886f-ee75bcc01871/operationresults/eyJqb2JJZCI6IlJFU09VUkNFR1JPVVBERUxFVElPTkpPQi1DUlBURVNUUFM5MDI2LU5PUlRIRVVST1BFIiwiam9iTG9jYXRpb24iOiJub3J0aGV1cm9wZSJ9?api-version=2016-09-01",
      "EncodedRequestUri": "L3N1YnNjcmlwdGlvbnMvZTM3NTEwZDctMzNiNi00Njc2LTg4NmYtZWU3NWJjYzAxODcxL29wZXJhdGlvbnJlc3VsdHMvZXlKcWIySkpaQ0k2SWxKRlUwOVZVa05GUjFKUFZWQkVSVXhGVkVsUFRrcFBRaTFEVWxCVVJWTlVVRk01TURJMkxVNVBVbFJJUlZWU1QxQkZJaXdpYW05aVRHOWpZWFJwYjI0aU9pSnViM0owYUdWMWNtOXdaU0o5P2FwaS12ZXJzaW9uPTIwMTYtMDktMDE=",
      "RequestMethod": "GET",
      "RequestHeaders": {
        "User-Agent": [
          "FxVersion/4.700.22.51102",
          "OSName/Windows",
          "OSVersion/Microsoft.Windows.10.0.22621",
          "Microsoft.Azure.Management.Internal.Resources.ResourceManagementClient/1.3.64"
        ]
      },
      "RequestBody": "",
      "ResponseHeaders": {
        "Cache-Control": [
          "no-cache"
        ],
        "Pragma": [
          "no-cache"
        ],
        "Location": [
          "https://management.azure.com/subscriptions/e37510d7-33b6-4676-886f-ee75bcc01871/operationresults/eyJqb2JJZCI6IlJFU09VUkNFR1JPVVBERUxFVElPTkpPQi1DUlBURVNUUFM5MDI2LU5PUlRIRVVST1BFIiwiam9iTG9jYXRpb24iOiJub3J0aGV1cm9wZSJ9?api-version=2016-09-01"
        ],
        "Retry-After": [
          "15"
        ],
        "x-ms-ratelimit-remaining-subscription-reads": [
          "11997"
        ],
        "x-ms-request-id": [
          "bf1d3b1f-b945-4d5a-b141-5b719c506df1"
        ],
        "x-ms-correlation-request-id": [
          "bf1d3b1f-b945-4d5a-b141-5b719c506df1"
        ],
        "x-ms-routing-request-id": [
          "CENTRALUS:20221212T213358Z:bf1d3b1f-b945-4d5a-b141-5b719c506df1"
        ],
        "Strict-Transport-Security": [
          "max-age=31536000; includeSubDomains"
        ],
        "X-Content-Type-Options": [
          "nosniff"
        ],
        "Date": [
          "Mon, 12 Dec 2022 21:33:57 GMT"
        ],
        "Expires": [
          "-1"
        ],
        "Content-Length": [
          "0"
        ]
      },
      "ResponseBody": "",
      "StatusCode": 202
    },
    {
      "RequestUri": "/subscriptions/e37510d7-33b6-4676-886f-ee75bcc01871/operationresults/eyJqb2JJZCI6IlJFU09VUkNFR1JPVVBERUxFVElPTkpPQi1DUlBURVNUUFM5MDI2LU5PUlRIRVVST1BFIiwiam9iTG9jYXRpb24iOiJub3J0aGV1cm9wZSJ9?api-version=2016-09-01",
      "EncodedRequestUri": "L3N1YnNjcmlwdGlvbnMvZTM3NTEwZDctMzNiNi00Njc2LTg4NmYtZWU3NWJjYzAxODcxL29wZXJhdGlvbnJlc3VsdHMvZXlKcWIySkpaQ0k2SWxKRlUwOVZVa05GUjFKUFZWQkVSVXhGVkVsUFRrcFBRaTFEVWxCVVJWTlVVRk01TURJMkxVNVBVbFJJUlZWU1QxQkZJaXdpYW05aVRHOWpZWFJwYjI0aU9pSnViM0owYUdWMWNtOXdaU0o5P2FwaS12ZXJzaW9uPTIwMTYtMDktMDE=",
      "RequestMethod": "GET",
      "RequestHeaders": {
        "User-Agent": [
          "FxVersion/4.700.22.51102",
          "OSName/Windows",
          "OSVersion/Microsoft.Windows.10.0.22621",
          "Microsoft.Azure.Management.Internal.Resources.ResourceManagementClient/1.3.64"
        ]
      },
      "RequestBody": "",
      "ResponseHeaders": {
        "Cache-Control": [
          "no-cache"
        ],
        "Pragma": [
          "no-cache"
        ],
        "Location": [
          "https://management.azure.com/subscriptions/e37510d7-33b6-4676-886f-ee75bcc01871/operationresults/eyJqb2JJZCI6IlJFU09VUkNFR1JPVVBERUxFVElPTkpPQi1DUlBURVNUUFM5MDI2LU5PUlRIRVVST1BFIiwiam9iTG9jYXRpb24iOiJub3J0aGV1cm9wZSJ9?api-version=2016-09-01"
        ],
        "Retry-After": [
          "15"
        ],
        "x-ms-ratelimit-remaining-subscription-reads": [
          "11996"
        ],
        "x-ms-request-id": [
          "5a711077-8345-4362-8d27-90578f195652"
        ],
        "x-ms-correlation-request-id": [
          "5a711077-8345-4362-8d27-90578f195652"
        ],
        "x-ms-routing-request-id": [
          "CENTRALUS:20221212T213426Z:5a711077-8345-4362-8d27-90578f195652"
        ],
        "Strict-Transport-Security": [
          "max-age=31536000; includeSubDomains"
        ],
        "X-Content-Type-Options": [
          "nosniff"
        ],
        "Date": [
          "Mon, 12 Dec 2022 21:34:25 GMT"
        ],
        "Expires": [
          "-1"
        ],
        "Content-Length": [
          "0"
        ]
      },
      "ResponseBody": "",
      "StatusCode": 202
    },
    {
      "RequestUri": "/subscriptions/e37510d7-33b6-4676-886f-ee75bcc01871/operationresults/eyJqb2JJZCI6IlJFU09VUkNFR1JPVVBERUxFVElPTkpPQi1DUlBURVNUUFM5MDI2LU5PUlRIRVVST1BFIiwiam9iTG9jYXRpb24iOiJub3J0aGV1cm9wZSJ9?api-version=2016-09-01",
      "EncodedRequestUri": "L3N1YnNjcmlwdGlvbnMvZTM3NTEwZDctMzNiNi00Njc2LTg4NmYtZWU3NWJjYzAxODcxL29wZXJhdGlvbnJlc3VsdHMvZXlKcWIySkpaQ0k2SWxKRlUwOVZVa05GUjFKUFZWQkVSVXhGVkVsUFRrcFBRaTFEVWxCVVJWTlVVRk01TURJMkxVNVBVbFJJUlZWU1QxQkZJaXdpYW05aVRHOWpZWFJwYjI0aU9pSnViM0owYUdWMWNtOXdaU0o5P2FwaS12ZXJzaW9uPTIwMTYtMDktMDE=",
      "RequestMethod": "GET",
      "RequestHeaders": {
        "User-Agent": [
          "FxVersion/4.700.22.51102",
          "OSName/Windows",
          "OSVersion/Microsoft.Windows.10.0.22621",
          "Microsoft.Azure.Management.Internal.Resources.ResourceManagementClient/1.3.64"
        ]
      },
      "RequestBody": "",
      "ResponseHeaders": {
        "Cache-Control": [
          "no-cache"
        ],
        "Pragma": [
          "no-cache"
        ],
        "Location": [
          "https://management.azure.com/subscriptions/e37510d7-33b6-4676-886f-ee75bcc01871/operationresults/eyJqb2JJZCI6IlJFU09VUkNFR1JPVVBERUxFVElPTkpPQi1DUlBURVNUUFM5MDI2LU5PUlRIRVVST1BFIiwiam9iTG9jYXRpb24iOiJub3J0aGV1cm9wZSJ9?api-version=2016-09-01"
        ],
        "Retry-After": [
          "15"
        ],
        "x-ms-ratelimit-remaining-subscription-reads": [
          "11995"
        ],
        "x-ms-request-id": [
          "28d40ca1-5b21-49ea-b0a9-63f71790e83c"
        ],
        "x-ms-correlation-request-id": [
          "28d40ca1-5b21-49ea-b0a9-63f71790e83c"
        ],
        "x-ms-routing-request-id": [
          "CENTRALUS:20221212T213441Z:28d40ca1-5b21-49ea-b0a9-63f71790e83c"
        ],
        "Strict-Transport-Security": [
          "max-age=31536000; includeSubDomains"
        ],
        "X-Content-Type-Options": [
          "nosniff"
        ],
        "Date": [
          "Mon, 12 Dec 2022 21:34:41 GMT"
        ],
        "Expires": [
          "-1"
        ],
        "Content-Length": [
          "0"
        ]
      },
      "ResponseBody": "",
      "StatusCode": 202
    },
    {
      "RequestUri": "/subscriptions/e37510d7-33b6-4676-886f-ee75bcc01871/operationresults/eyJqb2JJZCI6IlJFU09VUkNFR1JPVVBERUxFVElPTkpPQi1DUlBURVNUUFM5MDI2LU5PUlRIRVVST1BFIiwiam9iTG9jYXRpb24iOiJub3J0aGV1cm9wZSJ9?api-version=2016-09-01",
      "EncodedRequestUri": "L3N1YnNjcmlwdGlvbnMvZTM3NTEwZDctMzNiNi00Njc2LTg4NmYtZWU3NWJjYzAxODcxL29wZXJhdGlvbnJlc3VsdHMvZXlKcWIySkpaQ0k2SWxKRlUwOVZVa05GUjFKUFZWQkVSVXhGVkVsUFRrcFBRaTFEVWxCVVJWTlVVRk01TURJMkxVNVBVbFJJUlZWU1QxQkZJaXdpYW05aVRHOWpZWFJwYjI0aU9pSnViM0owYUdWMWNtOXdaU0o5P2FwaS12ZXJzaW9uPTIwMTYtMDktMDE=",
      "RequestMethod": "GET",
      "RequestHeaders": {
        "User-Agent": [
          "FxVersion/4.700.22.51102",
          "OSName/Windows",
          "OSVersion/Microsoft.Windows.10.0.22621",
          "Microsoft.Azure.Management.Internal.Resources.ResourceManagementClient/1.3.64"
        ]
      },
      "RequestBody": "",
      "ResponseHeaders": {
        "Cache-Control": [
          "no-cache"
        ],
        "Pragma": [
          "no-cache"
        ],
        "Location": [
          "https://management.azure.com/subscriptions/e37510d7-33b6-4676-886f-ee75bcc01871/operationresults/eyJqb2JJZCI6IlJFU09VUkNFR1JPVVBERUxFVElPTkpPQi1DUlBURVNUUFM5MDI2LU5PUlRIRVVST1BFIiwiam9iTG9jYXRpb24iOiJub3J0aGV1cm9wZSJ9?api-version=2016-09-01"
        ],
        "Retry-After": [
          "15"
        ],
        "x-ms-ratelimit-remaining-subscription-reads": [
          "11994"
        ],
        "x-ms-request-id": [
          "bd1a631c-ad55-4a8b-b754-dee1629fc3f3"
        ],
        "x-ms-correlation-request-id": [
          "bd1a631c-ad55-4a8b-b754-dee1629fc3f3"
        ],
        "x-ms-routing-request-id": [
          "CENTRALUS:20221212T213456Z:bd1a631c-ad55-4a8b-b754-dee1629fc3f3"
        ],
        "Strict-Transport-Security": [
          "max-age=31536000; includeSubDomains"
        ],
        "X-Content-Type-Options": [
          "nosniff"
        ],
        "Date": [
          "Mon, 12 Dec 2022 21:34:56 GMT"
        ],
        "Expires": [
          "-1"
        ],
        "Content-Length": [
          "0"
        ]
      },
      "ResponseBody": "",
      "StatusCode": 202
    },
    {
      "RequestUri": "/subscriptions/e37510d7-33b6-4676-886f-ee75bcc01871/operationresults/eyJqb2JJZCI6IlJFU09VUkNFR1JPVVBERUxFVElPTkpPQi1DUlBURVNUUFM5MDI2LU5PUlRIRVVST1BFIiwiam9iTG9jYXRpb24iOiJub3J0aGV1cm9wZSJ9?api-version=2016-09-01",
      "EncodedRequestUri": "L3N1YnNjcmlwdGlvbnMvZTM3NTEwZDctMzNiNi00Njc2LTg4NmYtZWU3NWJjYzAxODcxL29wZXJhdGlvbnJlc3VsdHMvZXlKcWIySkpaQ0k2SWxKRlUwOVZVa05GUjFKUFZWQkVSVXhGVkVsUFRrcFBRaTFEVWxCVVJWTlVVRk01TURJMkxVNVBVbFJJUlZWU1QxQkZJaXdpYW05aVRHOWpZWFJwYjI0aU9pSnViM0owYUdWMWNtOXdaU0o5P2FwaS12ZXJzaW9uPTIwMTYtMDktMDE=",
      "RequestMethod": "GET",
      "RequestHeaders": {
        "User-Agent": [
          "FxVersion/4.700.22.51102",
          "OSName/Windows",
          "OSVersion/Microsoft.Windows.10.0.22621",
          "Microsoft.Azure.Management.Internal.Resources.ResourceManagementClient/1.3.64"
        ]
      },
      "RequestBody": "",
      "ResponseHeaders": {
        "Cache-Control": [
          "no-cache"
        ],
        "Pragma": [
          "no-cache"
        ],
        "Location": [
          "https://management.azure.com/subscriptions/e37510d7-33b6-4676-886f-ee75bcc01871/operationresults/eyJqb2JJZCI6IlJFU09VUkNFR1JPVVBERUxFVElPTkpPQi1DUlBURVNUUFM5MDI2LU5PUlRIRVVST1BFIiwiam9iTG9jYXRpb24iOiJub3J0aGV1cm9wZSJ9?api-version=2016-09-01"
        ],
        "Retry-After": [
          "15"
        ],
        "x-ms-ratelimit-remaining-subscription-reads": [
          "11993"
        ],
        "x-ms-request-id": [
          "10f5fe16-bf00-4eda-83c4-6ebefd7034a2"
        ],
        "x-ms-correlation-request-id": [
          "10f5fe16-bf00-4eda-83c4-6ebefd7034a2"
        ],
        "x-ms-routing-request-id": [
          "CENTRALUS:20221212T213512Z:10f5fe16-bf00-4eda-83c4-6ebefd7034a2"
        ],
        "Strict-Transport-Security": [
          "max-age=31536000; includeSubDomains"
        ],
        "X-Content-Type-Options": [
          "nosniff"
        ],
        "Date": [
          "Mon, 12 Dec 2022 21:35:11 GMT"
        ],
        "Expires": [
          "-1"
        ],
        "Content-Length": [
          "0"
        ]
      },
      "ResponseBody": "",
      "StatusCode": 202
    },
    {
      "RequestUri": "/subscriptions/e37510d7-33b6-4676-886f-ee75bcc01871/operationresults/eyJqb2JJZCI6IlJFU09VUkNFR1JPVVBERUxFVElPTkpPQi1DUlBURVNUUFM5MDI2LU5PUlRIRVVST1BFIiwiam9iTG9jYXRpb24iOiJub3J0aGV1cm9wZSJ9?api-version=2016-09-01",
      "EncodedRequestUri": "L3N1YnNjcmlwdGlvbnMvZTM3NTEwZDctMzNiNi00Njc2LTg4NmYtZWU3NWJjYzAxODcxL29wZXJhdGlvbnJlc3VsdHMvZXlKcWIySkpaQ0k2SWxKRlUwOVZVa05GUjFKUFZWQkVSVXhGVkVsUFRrcFBRaTFEVWxCVVJWTlVVRk01TURJMkxVNVBVbFJJUlZWU1QxQkZJaXdpYW05aVRHOWpZWFJwYjI0aU9pSnViM0owYUdWMWNtOXdaU0o5P2FwaS12ZXJzaW9uPTIwMTYtMDktMDE=",
      "RequestMethod": "GET",
      "RequestHeaders": {
        "User-Agent": [
          "FxVersion/4.700.22.51102",
          "OSName/Windows",
          "OSVersion/Microsoft.Windows.10.0.22621",
          "Microsoft.Azure.Management.Internal.Resources.ResourceManagementClient/1.3.64"
        ]
      },
      "RequestBody": "",
      "ResponseHeaders": {
        "Cache-Control": [
          "no-cache"
        ],
        "Pragma": [
          "no-cache"
        ],
        "Location": [
          "https://management.azure.com/subscriptions/e37510d7-33b6-4676-886f-ee75bcc01871/operationresults/eyJqb2JJZCI6IlJFU09VUkNFR1JPVVBERUxFVElPTkpPQi1DUlBURVNUUFM5MDI2LU5PUlRIRVVST1BFIiwiam9iTG9jYXRpb24iOiJub3J0aGV1cm9wZSJ9?api-version=2016-09-01"
        ],
        "Retry-After": [
          "15"
        ],
        "x-ms-ratelimit-remaining-subscription-reads": [
          "11992"
        ],
        "x-ms-request-id": [
          "ad3aee42-4132-42d1-b024-424cebe4a704"
        ],
        "x-ms-correlation-request-id": [
          "ad3aee42-4132-42d1-b024-424cebe4a704"
        ],
        "x-ms-routing-request-id": [
          "CENTRALUS:20221212T213527Z:ad3aee42-4132-42d1-b024-424cebe4a704"
        ],
        "Strict-Transport-Security": [
          "max-age=31536000; includeSubDomains"
        ],
        "X-Content-Type-Options": [
          "nosniff"
        ],
        "Date": [
          "Mon, 12 Dec 2022 21:35:27 GMT"
        ],
        "Expires": [
          "-1"
        ],
        "Content-Length": [
          "0"
        ]
      },
      "ResponseBody": "",
      "StatusCode": 202
    },
    {
      "RequestUri": "/subscriptions/e37510d7-33b6-4676-886f-ee75bcc01871/operationresults/eyJqb2JJZCI6IlJFU09VUkNFR1JPVVBERUxFVElPTkpPQi1DUlBURVNUUFM5MDI2LU5PUlRIRVVST1BFIiwiam9iTG9jYXRpb24iOiJub3J0aGV1cm9wZSJ9?api-version=2016-09-01",
      "EncodedRequestUri": "L3N1YnNjcmlwdGlvbnMvZTM3NTEwZDctMzNiNi00Njc2LTg4NmYtZWU3NWJjYzAxODcxL29wZXJhdGlvbnJlc3VsdHMvZXlKcWIySkpaQ0k2SWxKRlUwOVZVa05GUjFKUFZWQkVSVXhGVkVsUFRrcFBRaTFEVWxCVVJWTlVVRk01TURJMkxVNVBVbFJJUlZWU1QxQkZJaXdpYW05aVRHOWpZWFJwYjI0aU9pSnViM0owYUdWMWNtOXdaU0o5P2FwaS12ZXJzaW9uPTIwMTYtMDktMDE=",
      "RequestMethod": "GET",
      "RequestHeaders": {
        "User-Agent": [
          "FxVersion/4.700.22.51102",
          "OSName/Windows",
          "OSVersion/Microsoft.Windows.10.0.22621",
          "Microsoft.Azure.Management.Internal.Resources.ResourceManagementClient/1.3.64"
        ]
      },
      "RequestBody": "",
      "ResponseHeaders": {
        "Cache-Control": [
          "no-cache"
        ],
        "Pragma": [
          "no-cache"
        ],
        "Location": [
          "https://management.azure.com/subscriptions/e37510d7-33b6-4676-886f-ee75bcc01871/operationresults/eyJqb2JJZCI6IlJFU09VUkNFR1JPVVBERUxFVElPTkpPQi1DUlBURVNUUFM5MDI2LU5PUlRIRVVST1BFIiwiam9iTG9jYXRpb24iOiJub3J0aGV1cm9wZSJ9?api-version=2016-09-01"
        ],
        "Retry-After": [
          "15"
        ],
        "x-ms-ratelimit-remaining-subscription-reads": [
          "11991"
        ],
        "x-ms-request-id": [
          "9fcec98d-787d-4ed8-8a54-012a688fe75a"
        ],
        "x-ms-correlation-request-id": [
          "9fcec98d-787d-4ed8-8a54-012a688fe75a"
        ],
        "x-ms-routing-request-id": [
          "CENTRALUS:20221212T213542Z:9fcec98d-787d-4ed8-8a54-012a688fe75a"
        ],
        "Strict-Transport-Security": [
          "max-age=31536000; includeSubDomains"
        ],
        "X-Content-Type-Options": [
          "nosniff"
        ],
        "Date": [
          "Mon, 12 Dec 2022 21:35:42 GMT"
        ],
        "Expires": [
          "-1"
        ],
        "Content-Length": [
          "0"
        ]
      },
      "ResponseBody": "",
      "StatusCode": 202
    },
    {
      "RequestUri": "/subscriptions/e37510d7-33b6-4676-886f-ee75bcc01871/operationresults/eyJqb2JJZCI6IlJFU09VUkNFR1JPVVBERUxFVElPTkpPQi1DUlBURVNUUFM5MDI2LU5PUlRIRVVST1BFIiwiam9iTG9jYXRpb24iOiJub3J0aGV1cm9wZSJ9?api-version=2016-09-01",
      "EncodedRequestUri": "L3N1YnNjcmlwdGlvbnMvZTM3NTEwZDctMzNiNi00Njc2LTg4NmYtZWU3NWJjYzAxODcxL29wZXJhdGlvbnJlc3VsdHMvZXlKcWIySkpaQ0k2SWxKRlUwOVZVa05GUjFKUFZWQkVSVXhGVkVsUFRrcFBRaTFEVWxCVVJWTlVVRk01TURJMkxVNVBVbFJJUlZWU1QxQkZJaXdpYW05aVRHOWpZWFJwYjI0aU9pSnViM0owYUdWMWNtOXdaU0o5P2FwaS12ZXJzaW9uPTIwMTYtMDktMDE=",
      "RequestMethod": "GET",
      "RequestHeaders": {
        "User-Agent": [
          "FxVersion/4.700.22.51102",
          "OSName/Windows",
          "OSVersion/Microsoft.Windows.10.0.22621",
          "Microsoft.Azure.Management.Internal.Resources.ResourceManagementClient/1.3.64"
        ]
      },
      "RequestBody": "",
      "ResponseHeaders": {
        "Cache-Control": [
          "no-cache"
        ],
        "Pragma": [
          "no-cache"
        ],
        "Location": [
          "https://management.azure.com/subscriptions/e37510d7-33b6-4676-886f-ee75bcc01871/operationresults/eyJqb2JJZCI6IlJFU09VUkNFR1JPVVBERUxFVElPTkpPQi1DUlBURVNUUFM5MDI2LU5PUlRIRVVST1BFIiwiam9iTG9jYXRpb24iOiJub3J0aGV1cm9wZSJ9?api-version=2016-09-01"
        ],
        "Retry-After": [
          "15"
        ],
        "x-ms-ratelimit-remaining-subscription-reads": [
          "11990"
        ],
        "x-ms-request-id": [
          "c304850c-8c8e-4ea8-a2c1-723737d24817"
        ],
        "x-ms-correlation-request-id": [
          "c304850c-8c8e-4ea8-a2c1-723737d24817"
        ],
        "x-ms-routing-request-id": [
          "CENTRALUS:20221212T213558Z:c304850c-8c8e-4ea8-a2c1-723737d24817"
        ],
        "Strict-Transport-Security": [
          "max-age=31536000; includeSubDomains"
        ],
        "X-Content-Type-Options": [
          "nosniff"
        ],
        "Date": [
          "Mon, 12 Dec 2022 21:35:57 GMT"
        ],
        "Expires": [
          "-1"
        ],
        "Content-Length": [
          "0"
        ]
      },
      "ResponseBody": "",
      "StatusCode": 202
    },
    {
      "RequestUri": "/subscriptions/e37510d7-33b6-4676-886f-ee75bcc01871/operationresults/eyJqb2JJZCI6IlJFU09VUkNFR1JPVVBERUxFVElPTkpPQi1DUlBURVNUUFM5MDI2LU5PUlRIRVVST1BFIiwiam9iTG9jYXRpb24iOiJub3J0aGV1cm9wZSJ9?api-version=2016-09-01",
      "EncodedRequestUri": "L3N1YnNjcmlwdGlvbnMvZTM3NTEwZDctMzNiNi00Njc2LTg4NmYtZWU3NWJjYzAxODcxL29wZXJhdGlvbnJlc3VsdHMvZXlKcWIySkpaQ0k2SWxKRlUwOVZVa05GUjFKUFZWQkVSVXhGVkVsUFRrcFBRaTFEVWxCVVJWTlVVRk01TURJMkxVNVBVbFJJUlZWU1QxQkZJaXdpYW05aVRHOWpZWFJwYjI0aU9pSnViM0owYUdWMWNtOXdaU0o5P2FwaS12ZXJzaW9uPTIwMTYtMDktMDE=",
      "RequestMethod": "GET",
      "RequestHeaders": {
        "User-Agent": [
          "FxVersion/4.700.22.51102",
          "OSName/Windows",
          "OSVersion/Microsoft.Windows.10.0.22621",
          "Microsoft.Azure.Management.Internal.Resources.ResourceManagementClient/1.3.64"
        ]
      },
      "RequestBody": "",
      "ResponseHeaders": {
        "Cache-Control": [
          "no-cache"
        ],
        "Pragma": [
          "no-cache"
        ],
        "Location": [
          "https://management.azure.com/subscriptions/e37510d7-33b6-4676-886f-ee75bcc01871/operationresults/eyJqb2JJZCI6IlJFU09VUkNFR1JPVVBERUxFVElPTkpPQi1DUlBURVNUUFM5MDI2LU5PUlRIRVVST1BFIiwiam9iTG9jYXRpb24iOiJub3J0aGV1cm9wZSJ9?api-version=2016-09-01"
        ],
        "Retry-After": [
          "15"
        ],
        "x-ms-ratelimit-remaining-subscription-reads": [
          "11989"
        ],
        "x-ms-request-id": [
          "5afdb30f-49d7-420e-9088-fbc7482a1c58"
        ],
        "x-ms-correlation-request-id": [
          "5afdb30f-49d7-420e-9088-fbc7482a1c58"
        ],
        "x-ms-routing-request-id": [
          "CENTRALUS:20221212T213613Z:5afdb30f-49d7-420e-9088-fbc7482a1c58"
        ],
        "Strict-Transport-Security": [
          "max-age=31536000; includeSubDomains"
        ],
        "X-Content-Type-Options": [
          "nosniff"
        ],
        "Date": [
          "Mon, 12 Dec 2022 21:36:12 GMT"
        ],
        "Expires": [
          "-1"
        ],
        "Content-Length": [
          "0"
        ]
      },
      "ResponseBody": "",
      "StatusCode": 202
    },
    {
      "RequestUri": "/subscriptions/e37510d7-33b6-4676-886f-ee75bcc01871/operationresults/eyJqb2JJZCI6IlJFU09VUkNFR1JPVVBERUxFVElPTkpPQi1DUlBURVNUUFM5MDI2LU5PUlRIRVVST1BFIiwiam9iTG9jYXRpb24iOiJub3J0aGV1cm9wZSJ9?api-version=2016-09-01",
      "EncodedRequestUri": "L3N1YnNjcmlwdGlvbnMvZTM3NTEwZDctMzNiNi00Njc2LTg4NmYtZWU3NWJjYzAxODcxL29wZXJhdGlvbnJlc3VsdHMvZXlKcWIySkpaQ0k2SWxKRlUwOVZVa05GUjFKUFZWQkVSVXhGVkVsUFRrcFBRaTFEVWxCVVJWTlVVRk01TURJMkxVNVBVbFJJUlZWU1QxQkZJaXdpYW05aVRHOWpZWFJwYjI0aU9pSnViM0owYUdWMWNtOXdaU0o5P2FwaS12ZXJzaW9uPTIwMTYtMDktMDE=",
      "RequestMethod": "GET",
      "RequestHeaders": {
        "User-Agent": [
          "FxVersion/4.700.22.51102",
          "OSName/Windows",
          "OSVersion/Microsoft.Windows.10.0.22621",
          "Microsoft.Azure.Management.Internal.Resources.ResourceManagementClient/1.3.64"
        ]
      },
      "RequestBody": "",
      "ResponseHeaders": {
        "Cache-Control": [
          "no-cache"
        ],
        "Pragma": [
          "no-cache"
        ],
        "Location": [
          "https://management.azure.com/subscriptions/e37510d7-33b6-4676-886f-ee75bcc01871/operationresults/eyJqb2JJZCI6IlJFU09VUkNFR1JPVVBERUxFVElPTkpPQi1DUlBURVNUUFM5MDI2LU5PUlRIRVVST1BFIiwiam9iTG9jYXRpb24iOiJub3J0aGV1cm9wZSJ9?api-version=2016-09-01"
        ],
        "Retry-After": [
          "15"
        ],
        "x-ms-ratelimit-remaining-subscription-reads": [
          "11988"
        ],
        "x-ms-request-id": [
          "f302ba17-a707-4263-8b56-fc81bc3fe342"
        ],
        "x-ms-correlation-request-id": [
          "f302ba17-a707-4263-8b56-fc81bc3fe342"
        ],
        "x-ms-routing-request-id": [
          "CENTRALUS:20221212T213628Z:f302ba17-a707-4263-8b56-fc81bc3fe342"
        ],
        "Strict-Transport-Security": [
          "max-age=31536000; includeSubDomains"
        ],
        "X-Content-Type-Options": [
          "nosniff"
        ],
        "Date": [
          "Mon, 12 Dec 2022 21:36:27 GMT"
        ],
        "Expires": [
          "-1"
        ],
        "Content-Length": [
          "0"
        ]
      },
      "ResponseBody": "",
      "StatusCode": 202
    },
    {
      "RequestUri": "/subscriptions/e37510d7-33b6-4676-886f-ee75bcc01871/operationresults/eyJqb2JJZCI6IlJFU09VUkNFR1JPVVBERUxFVElPTkpPQi1DUlBURVNUUFM5MDI2LU5PUlRIRVVST1BFIiwiam9iTG9jYXRpb24iOiJub3J0aGV1cm9wZSJ9?api-version=2016-09-01",
      "EncodedRequestUri": "L3N1YnNjcmlwdGlvbnMvZTM3NTEwZDctMzNiNi00Njc2LTg4NmYtZWU3NWJjYzAxODcxL29wZXJhdGlvbnJlc3VsdHMvZXlKcWIySkpaQ0k2SWxKRlUwOVZVa05GUjFKUFZWQkVSVXhGVkVsUFRrcFBRaTFEVWxCVVJWTlVVRk01TURJMkxVNVBVbFJJUlZWU1QxQkZJaXdpYW05aVRHOWpZWFJwYjI0aU9pSnViM0owYUdWMWNtOXdaU0o5P2FwaS12ZXJzaW9uPTIwMTYtMDktMDE=",
      "RequestMethod": "GET",
      "RequestHeaders": {
        "User-Agent": [
          "FxVersion/4.700.22.51102",
          "OSName/Windows",
          "OSVersion/Microsoft.Windows.10.0.22621",
          "Microsoft.Azure.Management.Internal.Resources.ResourceManagementClient/1.3.64"
        ]
      },
      "RequestBody": "",
      "ResponseHeaders": {
        "Cache-Control": [
          "no-cache"
        ],
        "Pragma": [
          "no-cache"
        ],
        "Location": [
          "https://management.azure.com/subscriptions/e37510d7-33b6-4676-886f-ee75bcc01871/operationresults/eyJqb2JJZCI6IlJFU09VUkNFR1JPVVBERUxFVElPTkpPQi1DUlBURVNUUFM5MDI2LU5PUlRIRVVST1BFIiwiam9iTG9jYXRpb24iOiJub3J0aGV1cm9wZSJ9?api-version=2016-09-01"
        ],
        "Retry-After": [
          "15"
        ],
        "x-ms-ratelimit-remaining-subscription-reads": [
          "11987"
        ],
        "x-ms-request-id": [
          "b3cd318e-704a-4a6f-a0fb-53f5fb01c050"
        ],
        "x-ms-correlation-request-id": [
          "b3cd318e-704a-4a6f-a0fb-53f5fb01c050"
        ],
        "x-ms-routing-request-id": [
          "CENTRALUS:20221212T213644Z:b3cd318e-704a-4a6f-a0fb-53f5fb01c050"
        ],
        "Strict-Transport-Security": [
          "max-age=31536000; includeSubDomains"
        ],
        "X-Content-Type-Options": [
          "nosniff"
        ],
        "Date": [
          "Mon, 12 Dec 2022 21:36:43 GMT"
        ],
        "Expires": [
          "-1"
        ],
        "Content-Length": [
          "0"
        ]
      },
      "ResponseBody": "",
      "StatusCode": 202
    },
    {
      "RequestUri": "/subscriptions/e37510d7-33b6-4676-886f-ee75bcc01871/operationresults/eyJqb2JJZCI6IlJFU09VUkNFR1JPVVBERUxFVElPTkpPQi1DUlBURVNUUFM5MDI2LU5PUlRIRVVST1BFIiwiam9iTG9jYXRpb24iOiJub3J0aGV1cm9wZSJ9?api-version=2016-09-01",
      "EncodedRequestUri": "L3N1YnNjcmlwdGlvbnMvZTM3NTEwZDctMzNiNi00Njc2LTg4NmYtZWU3NWJjYzAxODcxL29wZXJhdGlvbnJlc3VsdHMvZXlKcWIySkpaQ0k2SWxKRlUwOVZVa05GUjFKUFZWQkVSVXhGVkVsUFRrcFBRaTFEVWxCVVJWTlVVRk01TURJMkxVNVBVbFJJUlZWU1QxQkZJaXdpYW05aVRHOWpZWFJwYjI0aU9pSnViM0owYUdWMWNtOXdaU0o5P2FwaS12ZXJzaW9uPTIwMTYtMDktMDE=",
      "RequestMethod": "GET",
      "RequestHeaders": {
        "User-Agent": [
          "FxVersion/4.700.22.51102",
          "OSName/Windows",
          "OSVersion/Microsoft.Windows.10.0.22621",
          "Microsoft.Azure.Management.Internal.Resources.ResourceManagementClient/1.3.64"
        ]
      },
      "RequestBody": "",
      "ResponseHeaders": {
        "Cache-Control": [
          "no-cache"
        ],
        "Pragma": [
          "no-cache"
        ],
        "Location": [
          "https://management.azure.com/subscriptions/e37510d7-33b6-4676-886f-ee75bcc01871/operationresults/eyJqb2JJZCI6IlJFU09VUkNFR1JPVVBERUxFVElPTkpPQi1DUlBURVNUUFM5MDI2LU5PUlRIRVVST1BFIiwiam9iTG9jYXRpb24iOiJub3J0aGV1cm9wZSJ9?api-version=2016-09-01"
        ],
        "Retry-After": [
          "15"
        ],
        "x-ms-ratelimit-remaining-subscription-reads": [
          "11986"
        ],
        "x-ms-request-id": [
          "edeed757-35e3-469f-9a7c-4b9885b3bb20"
        ],
        "x-ms-correlation-request-id": [
          "edeed757-35e3-469f-9a7c-4b9885b3bb20"
        ],
        "x-ms-routing-request-id": [
          "CENTRALUS:20221212T213659Z:edeed757-35e3-469f-9a7c-4b9885b3bb20"
        ],
        "Strict-Transport-Security": [
          "max-age=31536000; includeSubDomains"
        ],
        "X-Content-Type-Options": [
          "nosniff"
        ],
        "Date": [
          "Mon, 12 Dec 2022 21:36:59 GMT"
        ],
        "Expires": [
          "-1"
        ],
        "Content-Length": [
          "0"
        ]
      },
      "ResponseBody": "",
      "StatusCode": 202
    },
    {
      "RequestUri": "/subscriptions/e37510d7-33b6-4676-886f-ee75bcc01871/operationresults/eyJqb2JJZCI6IlJFU09VUkNFR1JPVVBERUxFVElPTkpPQi1DUlBURVNUUFM5MDI2LU5PUlRIRVVST1BFIiwiam9iTG9jYXRpb24iOiJub3J0aGV1cm9wZSJ9?api-version=2016-09-01",
      "EncodedRequestUri": "L3N1YnNjcmlwdGlvbnMvZTM3NTEwZDctMzNiNi00Njc2LTg4NmYtZWU3NWJjYzAxODcxL29wZXJhdGlvbnJlc3VsdHMvZXlKcWIySkpaQ0k2SWxKRlUwOVZVa05GUjFKUFZWQkVSVXhGVkVsUFRrcFBRaTFEVWxCVVJWTlVVRk01TURJMkxVNVBVbFJJUlZWU1QxQkZJaXdpYW05aVRHOWpZWFJwYjI0aU9pSnViM0owYUdWMWNtOXdaU0o5P2FwaS12ZXJzaW9uPTIwMTYtMDktMDE=",
      "RequestMethod": "GET",
      "RequestHeaders": {
        "User-Agent": [
          "FxVersion/4.700.22.51102",
          "OSName/Windows",
          "OSVersion/Microsoft.Windows.10.0.22621",
          "Microsoft.Azure.Management.Internal.Resources.ResourceManagementClient/1.3.64"
        ]
      },
      "RequestBody": "",
      "ResponseHeaders": {
        "Cache-Control": [
          "no-cache"
        ],
        "Pragma": [
          "no-cache"
        ],
        "x-ms-ratelimit-remaining-subscription-reads": [
          "11985"
        ],
        "x-ms-request-id": [
          "ae12ee81-57dd-4dd1-beef-5d053ee4985e"
        ],
        "x-ms-correlation-request-id": [
          "ae12ee81-57dd-4dd1-beef-5d053ee4985e"
        ],
        "x-ms-routing-request-id": [
          "CENTRALUS:20221212T213714Z:ae12ee81-57dd-4dd1-beef-5d053ee4985e"
        ],
        "Strict-Transport-Security": [
          "max-age=31536000; includeSubDomains"
        ],
        "X-Content-Type-Options": [
          "nosniff"
        ],
        "Date": [
          "Mon, 12 Dec 2022 21:37:14 GMT"
        ],
        "Expires": [
          "-1"
        ],
        "Content-Length": [
          "0"
        ]
      },
      "ResponseBody": "",
      "StatusCode": 200
    },
    {
      "RequestUri": "/subscriptions/e37510d7-33b6-4676-886f-ee75bcc01871/operationresults/eyJqb2JJZCI6IlJFU09VUkNFR1JPVVBERUxFVElPTkpPQi1DUlBURVNUUFM5MDI2LU5PUlRIRVVST1BFIiwiam9iTG9jYXRpb24iOiJub3J0aGV1cm9wZSJ9?api-version=2016-09-01",
      "EncodedRequestUri": "L3N1YnNjcmlwdGlvbnMvZTM3NTEwZDctMzNiNi00Njc2LTg4NmYtZWU3NWJjYzAxODcxL29wZXJhdGlvbnJlc3VsdHMvZXlKcWIySkpaQ0k2SWxKRlUwOVZVa05GUjFKUFZWQkVSVXhGVkVsUFRrcFBRaTFEVWxCVVJWTlVVRk01TURJMkxVNVBVbFJJUlZWU1QxQkZJaXdpYW05aVRHOWpZWFJwYjI0aU9pSnViM0owYUdWMWNtOXdaU0o5P2FwaS12ZXJzaW9uPTIwMTYtMDktMDE=",
      "RequestMethod": "GET",
      "RequestHeaders": {
        "User-Agent": [
          "FxVersion/4.700.22.51102",
          "OSName/Windows",
          "OSVersion/Microsoft.Windows.10.0.22621",
          "Microsoft.Azure.Management.Internal.Resources.ResourceManagementClient/1.3.64"
        ]
      },
      "RequestBody": "",
      "ResponseHeaders": {
        "Cache-Control": [
          "no-cache"
        ],
        "Pragma": [
          "no-cache"
        ],
        "x-ms-ratelimit-remaining-subscription-reads": [
          "11984"
        ],
        "x-ms-request-id": [
          "9430e738-bc18-4af0-9819-1e92a216c34c"
        ],
        "x-ms-correlation-request-id": [
          "9430e738-bc18-4af0-9819-1e92a216c34c"
        ],
        "x-ms-routing-request-id": [
          "CENTRALUS:20221212T213715Z:9430e738-bc18-4af0-9819-1e92a216c34c"
        ],
        "Strict-Transport-Security": [
          "max-age=31536000; includeSubDomains"
        ],
        "X-Content-Type-Options": [
          "nosniff"
        ],
        "Date": [
          "Mon, 12 Dec 2022 21:37:14 GMT"
        ],
        "Expires": [
          "-1"
        ],
        "Content-Length": [
          "0"
        ]
      },
      "ResponseBody": "",
      "StatusCode": 200
    }
  ],
  "Names": {
    "Test-VirtualMachineScaleSetConfidentialVMSSSecurityType": [
      "crptestps9026"
    ]
  },
  "Variables": {
    "SubscriptionId": "e37510d7-33b6-4676-886f-ee75bcc01871"
  }
}