{
  "Get-AzWvdScalingPlanPersonalSchedule+[NoContext]+Get+$PUT+https://management.azure.com/subscriptions/dbedef25-184c-430f-b383-0eeb87c3205d/resourceGroups/alecbUserSessionTests/providers/Microsoft.DesktopVirtualization/scalingPlans/ScalingPlanPowershellContained1?api-version=2024-04-03+1": {
    "Request": {
      "Method": "PUT",
      "RequestUri": "https://management.azure.com/subscriptions/dbedef25-184c-430f-b383-0eeb87c3205d/resourceGroups/alecbUserSessionTests/providers/Microsoft.DesktopVirtualization/scalingPlans/ScalingPlanPowershellContained1?api-version=2024-04-03",
      "Content": "{\r\n  \"location\": \"westus2\",\r\n  \"properties\": {\r\n    \"description\": \"desc\",\r\n    \"friendlyName\": \"fri\",\r\n    \"timeZone\": \"Pacific Standard Time\",\r\n    \"hostPoolType\": \"Personal\",\r\n    \"schedules\": [ ],\r\n    \"hostPoolReferences\": [ ]\r\n  }\r\n}",
      "isContentBase64": false,
      "Headers": {
      },
      "ContentHeaders": {
        "Content-Type": [ "application/json" ],
        "Content-Length": [ "239" ]
      }
    },
    "Response": {
      "StatusCode": 201,
      "Headers": {
        "Cache-Control": [ "no-cache" ],
        "Pragma": [ "no-cache" ],
        "Location": [ "/subscriptions/dbedef25-184c-430f-b383-0eeb87c3205d/resourcegroups/alecbUserSessionTests/providers/Microsoft.DesktopVirtualization/scalingplans/ScalingPlanPowershellContained1" ],
        "Set-Cookie": [ "ARRAffinity=39d91f16fdd59b39d7a07780844d80b88a73a7f54a8a5e7eeddb8cc0cb631057;Path=/;HttpOnly;Secure;Domain=rdarmprovider-g-us-r0.wvdselfhost.microsoft.com", "ARRAffinitySameSite=39d91f16fdd59b39d7a07780844d80b88a73a7f54a8a5e7eeddb8cc0cb631057;Path=/;HttpOnly;SameSite=None;Secure;Domain=rdarmprovider-g-us-r0.wvdselfhost.microsoft.com" ],
        "X-Rate-Limit-Limit": [ "0" ],
        "X-Rate-Limit-Remaining": [ "9223372036854775807" ],
        "X-Rate-Limit-Reset": [ "0" ],
        "x-ms-opsarmpath64": [ "L3N1YnNjcmlwdGlvbnMvZGJlZGVmMjUtMTg0Yy00MzBmLWIzODMtMGVlYjg3YzMyMDVkL3Jlc291cmNlR3JvdXBzL2FsZWNiVXNlclNlc3Npb25UZXN0cy9wcm92aWRlcnMvTWljcm9zb2Z0LkRlc2t0b3BWaXJ0dWFsaXphdGlvbi9zY2FsaW5nUGxhbnMvU2NhbGluZ1BsYW5Qb3dlcnNoZWxsQ29udGFpbmVkMQ==" ],
        "x-ms-lamport-ts": [ "173953845" ],
        "x-ms-correlation-id": [ "5849966c-6d4d-46fc-b519-c6f1f063885a" ],
        "x-ms-request-id": [ "1aa36b18-ae39-469d-b613-c32b86eef1f8" ],
        "X-Powered-By": [ "ASP.NET" ],
        "X-Content-Type-Options": [ "nosniff" ],
        "x-ms-ratelimit-remaining-subscription-writes": [ "199" ],
        "x-ms-ratelimit-remaining-subscription-global-writes": [ "2999" ],
        "x-ms-correlation-request-id": [ "196c5dc6-ac45-4c77-b0f3-2502f7c15116" ],
        "x-ms-routing-request-id": [ "WESTUS:20240809T003437Z:196c5dc6-ac45-4c77-b0f3-2502f7c15116" ],
        "Strict-Transport-Security": [ "max-age=31536000; includeSubDomains" ],
        "X-Cache": [ "CONFIG_NOCACHE" ],
        "X-MSEdge-Ref": [ "Ref A: 1199C73FC7034E6B8A1EB3A92CB3203C Ref B: SJC211051204037 Ref C: 2024-08-09T00:34:35Z" ],
        "Date": [ "Fri, 09 Aug 2024 00:34:37 GMT" ]
      },
      "ContentHeaders": {
        "Content-Length": [ "809" ],
        "Content-Type": [ "application/json; charset=utf-8" ],
        "Expires": [ "-1" ]
      },
      "Content": "{\"name\":\"ScalingPlanPowershellContained1\",\"id\":\"/subscriptions/dbedef25-184c-430f-b383-0eeb87c3205d/resourcegroups/alecbUserSessionTests/providers/Microsoft.DesktopVirtualization/scalingplans/ScalingPlanPowershellContained1\",\"type\":\"Microsoft.DesktopVirtualization/scalingplans\",\"location\":\"westus2\",\"tags\":null,\"kind\":null,\"systemData\":{\"createdBy\":\"alecbaird@wvdtesttenant.onmicrosoft.com\",\"createdByType\":\"User\",\"createdAt\":\"2024-08-09T00:34:37.48Z\",\"lastModifiedBy\":\"alecbaird@wvdtesttenant.onmicrosoft.com\",\"lastModifiedByType\":\"User\",\"lastModifiedAt\":\"2024-08-09T00:34:37.48Z\"},\"properties\":{\"description\":\"desc\",\"friendlyName\":\"fri\",\"timeZone\":\"Pacific Standard Time\",\"hostPoolType\":\"Personal\",\"exclusionTag\":\"\",\"schedules\":[],\"hostPoolReferences\":[],\"objectId\":\"301a0ccc-d5cf-4fbf-aa71-8af3c79aa2e5\"}}",
      "isContentBase64": false
    }
  },
  "Get-AzWvdScalingPlanPersonalSchedule+[NoContext]+Get+$PUT+https://management.azure.com/subscriptions/dbedef25-184c-430f-b383-0eeb87c3205d/resourceGroups/alecbUserSessionTests/providers/Microsoft.DesktopVirtualization/scalingPlans/ScalingPlanPowershellContained1/personalSchedules/PersonalSchedule1?api-version=2024-04-03+2": {
    "Request": {
      "Method": "PUT",
      "RequestUri": "https://management.azure.com/subscriptions/dbedef25-184c-430f-b383-0eeb87c3205d/resourceGroups/alecbUserSessionTests/providers/Microsoft.DesktopVirtualization/scalingPlans/ScalingPlanPowershellContained1/personalSchedules/PersonalSchedule1?api-version=2024-04-03",
      "Content": "{\r\n  \"properties\": {\r\n    \"rampUpStartTime\": {\r\n      \"hour\": 6,\r\n      \"minute\": 30\r\n    },\r\n    \"peakStartTime\": {\r\n      \"hour\": 8,\r\n      \"minute\": 30\r\n    },\r\n    \"rampDownStartTime\": {\r\n      \"hour\": 16,\r\n      \"minute\": 0\r\n    },\r\n    \"offPeakStartTime\": {\r\n      \"hour\": 22,\r\n      \"minute\": 45\r\n    },\r\n    \"daysOfWeek\": [ \"Monday\", \"Tuesday\", \"Wednesday\", \"Thursday\", \"Friday\" ],\r\n    \"rampUpAutoStartHosts\": \"All\",\r\n    \"rampUpStartVMOnConnect\": \"Enable\",\r\n    \"rampUpActionOnDisconnect\": \"None\",\r\n    \"rampUpMinutesToWaitOnDisconnect\": 10,\r\n    \"rampUpActionOnLogoff\": \"None\",\r\n    \"rampUpMinutesToWaitOnLogoff\": 10,\r\n    \"peakStartVMOnConnect\": \"Enable\",\r\n    \"peakActionOnDisconnect\": \"None\",\r\n    \"peakMinutesToWaitOnDisconnect\": 10,\r\n    \"peakMinutesToWaitOnLogoff\": 10,\r\n    \"rampDownStartVMOnConnect\": \"Enable\",\r\n    \"rampDownActionOnDisconnect\": \"None\",\r\n    \"rampDownMinutesToWaitOnDisconnect\": 10,\r\n    \"rampDownActionOnLogoff\": \"None\",\r\n    \"rampDownMinutesToWaitOnLogoff\": 10,\r\n    \"offPeakStartVMOnConnect\": \"Enable\",\r\n    \"offPeakActionOnDisconnect\": \"None\",\r\n    \"offPeakMinutesToWaitOnDisconnect\": 10,\r\n    \"offPeakActionOnLogoff\": \"Deallocate\",\r\n    \"offPeakMinutesToWaitOnLogoff\": 10\r\n  }\r\n}",
      "isContentBase64": false,
      "Headers": {
      },
      "ContentHeaders": {
        "Content-Type": [ "application/json" ],
        "Content-Length": [ "1220" ]
      }
    },
    "Response": {
      "StatusCode": 200,
      "Headers": {
        "Cache-Control": [ "no-cache" ],
        "Pragma": [ "no-cache" ],
        "Vary": [ "Accept-Encoding" ],
        "Set-Cookie": [ "ARRAffinity=bcbcd66544f5ddaf4cbead41410626b9ca9d605ee7d3a04c141d9e19b964fb41;Path=/;HttpOnly;Secure;Domain=rdarmprovider-g-us-r0.wvdselfhost.microsoft.com", "ARRAffinitySameSite=bcbcd66544f5ddaf4cbead41410626b9ca9d605ee7d3a04c141d9e19b964fb41;Path=/;HttpOnly;SameSite=None;Secure;Domain=rdarmprovider-g-us-r0.wvdselfhost.microsoft.com" ],
        "x-ms-ratelimit-remaining-subscription-writes": [ "199" ],
        "X-Rate-Limit-Limit": [ "0" ],
        "X-Rate-Limit-Remaining": [ "9223372036854775807" ],
        "X-Rate-Limit-Reset": [ "0" ],
        "x-ms-opsarmpath64": [ "L3N1YnNjcmlwdGlvbnMvZGJlZGVmMjUtMTg0Yy00MzBmLWIzODMtMGVlYjg3YzMyMDVkL3Jlc291cmNlR3JvdXBzL2FsZWNiVXNlclNlc3Npb25UZXN0cy9wcm92aWRlcnMvTWljcm9zb2Z0LkRlc2t0b3BWaXJ0dWFsaXphdGlvbi9zY2FsaW5nUGxhbnMvU2NhbGluZ1BsYW5Qb3dlcnNoZWxsQ29udGFpbmVkMS9wZXJzb25hbFNjaGVkdWxlcy9QZXJzb25hbFNjaGVkdWxlMQ==" ],
        "x-ms-lamport-ts": [ "173953853" ],
        "x-ms-correlation-id": [ "8830770a-e9a2-4a37-b977-93601520320d" ],
        "x-ms-request-id": [ "66c70908-ee59-4def-beb5-9b5a1344ee8f" ],
        "X-Powered-By": [ "ASP.NET" ],
        "X-Content-Type-Options": [ "nosniff" ],
        "x-ms-ratelimit-remaining-subscription-global-writes": [ "2999" ],
        "x-ms-correlation-request-id": [ "89f1bbbc-b318-4247-97e6-0f0cf16a550d" ],
        "x-ms-routing-request-id": [ "WESTUS:20240809T003440Z:89f1bbbc-b318-4247-97e6-0f0cf16a550d" ],
        "Strict-Transport-Security": [ "max-age=31536000; includeSubDomains" ],
        "X-Cache": [ "CONFIG_NOCACHE" ],
        "X-MSEdge-Ref": [ "Ref A: DDAEE011B8E346D6A7A25E8B52C029AC Ref B: SJC211051204037 Ref C: 2024-08-09T00:34:37Z" ],
        "Date": [ "Fri, 09 Aug 2024 00:34:39 GMT" ]
      },
      "ContentHeaders": {
        "Content-Length": [ "1867" ],
        "Content-Type": [ "application/json; charset=utf-8" ],
        "Expires": [ "-1" ]
      },
      "Content": "{\"name\":\"ScalingPlanPowershellContained1/PersonalSchedule1\",\"id\":\"/subscriptions/dbedef25-184c-430f-b383-0eeb87c3205d/resourcegroups/alecbUserSessionTests/providers/Microsoft.DesktopVirtualization/scalingplans/ScalingPlanPowershellContained1/personalSchedules/PersonalSchedule1\",\"type\":\"Microsoft.DesktopVirtualization/scalingplans/personalSchedules\",\"properties\":{\"rampUpStartTime\":{\"hour\":6,\"minute\":30},\"rampUpAutoStartHosts\":\"All\",\"rampUpStartVMOnConnect\":\"Enable\",\"rampUpMinutesToWaitOnDisconnect\":10,\"rampUpActionOnDisconnect\":\"None\",\"rampUpMinutesToWaitOnLogoff\":10,\"rampUpActionOnLogoff\":\"None\",\"peakStartTime\":{\"hour\":8,\"minute\":30},\"peakStartVMOnConnect\":\"Enable\",\"peakMinutesToWaitOnDisconnect\":10,\"peakActionOnDisconnect\":\"None\",\"peakMinutesToWaitOnLogoff\":10,\"peakActionOnLogoff\":\"None\",\"rampDownStartTime\":{\"hour\":16,\"minute\":0},\"rampDownStartVMOnConnect\":\"Enable\",\"rampDownMinutesToWaitOnDisconnect\":10,\"rampDownActionOnDisconnect\":\"None\",\"rampDownMinutesToWaitOnLogoff\":10,\"rampDownActionOnLogoff\":\"None\",\"offPeakStartTime\":{\"hour\":22,\"minute\":45},\"offPeakStartVMOnConnect\":\"Enable\",\"offPeakMinutesToWaitOnDisconnect\":10,\"offPeakActionOnDisconnect\":\"None\",\"offPeakMinutesToWaitOnLogoff\":10,\"offPeakActionOnLogoff\":\"Deallocate\",\"name\":\"PersonalSchedule1\",\"systemData\":{\"createdBy\":\"alecbaird@wvdtesttenant.onmicrosoft.com\",\"createdByType\":\"User\",\"createdAt\":\"2024-08-09T00:34:39.9082792Z\",\"lastModifiedBy\":\"alecbaird@wvdtesttenant.onmicrosoft.com\",\"lastModifiedByType\":\"User\",\"lastModifiedAt\":\"2024-08-09T00:34:39.9082792Z\"},\"daysOfWeek\":[\"Monday\",\"Tuesday\",\"Wednesday\",\"Thursday\",\"Friday\"]},\"systemData\":{\"createdBy\":\"alecbaird@wvdtesttenant.onmicrosoft.com\",\"createdByType\":\"User\",\"createdAt\":\"2024-08-09T00:34:39.90Z\",\"lastModifiedBy\":\"alecbaird@wvdtesttenant.onmicrosoft.com\",\"lastModifiedByType\":\"User\",\"lastModifiedAt\":\"2024-08-09T00:34:39.90Z\"}}",
      "isContentBase64": false
    }
  },
  "Get-AzWvdScalingPlanPersonalSchedule+[NoContext]+Get+$GET+https://management.azure.com/subscriptions/dbedef25-184c-430f-b383-0eeb87c3205d/resourceGroups/alecbUserSessionTests/providers/Microsoft.DesktopVirtualization/scalingPlans/ScalingPlanPowershellContained1/personalSchedules/PersonalSchedule1?api-version=2024-04-03+3": {
    "Request": {
      "Method": "GET",
      "RequestUri": "https://management.azure.com/subscriptions/dbedef25-184c-430f-b383-0eeb87c3205d/resourceGroups/alecbUserSessionTests/providers/Microsoft.DesktopVirtualization/scalingPlans/ScalingPlanPowershellContained1/personalSchedules/PersonalSchedule1?api-version=2024-04-03",
      "Content": null,
      "isContentBase64": false,
      "Headers": {
        "x-ms-unique-id": [ "135" ],
        "x-ms-client-request-id": [ "87446875-2083-4b1a-b15e-267ca743026e" ],
        "CommandName": [ "Get-AzWvdScalingPlanPersonalSchedule" ],
        "FullCommandName": [ "Get-AzWvdScalingPlanPersonalSchedule_Get" ],
        "ParameterSetName": [ "__AllParameterSets" ],
        "User-Agent": [ "AzurePowershell/v0.0.0", "PSVersion/v7.2.19", "Az.DesktopVirtualization/2.1.0" ],
        "Authorization": [ "[Filtered]" ]
      },
      "ContentHeaders": {
      }
    },
    "Response": {
      "StatusCode": 200,
      "Headers": {
        "Cache-Control": [ "no-cache" ],
        "Pragma": [ "no-cache" ],
        "Vary": [ "Accept-Encoding" ],
        "Set-Cookie": [ "ARRAffinity=de05b342bfa7816b86cf467ecc947b8c2d1419d8d518ac9f49486dea08ed770a;Path=/;HttpOnly;Secure;Domain=rdarmprovider-g-us-r0.wvdselfhost.microsoft.com", "ARRAffinitySameSite=de05b342bfa7816b86cf467ecc947b8c2d1419d8d518ac9f49486dea08ed770a;Path=/;HttpOnly;SameSite=None;Secure;Domain=rdarmprovider-g-us-r0.wvdselfhost.microsoft.com" ],
        "x-ms-ratelimit-remaining-subscription-reads": [ "249" ],
        "X-Rate-Limit-Limit": [ "0" ],
        "X-Rate-Limit-Remaining": [ "9223372036854775807" ],
        "X-Rate-Limit-Reset": [ "0" ],
        "x-ms-opsarmpath64": [ "L3N1YnNjcmlwdGlvbnMvZGJlZGVmMjUtMTg0Yy00MzBmLWIzODMtMGVlYjg3YzMyMDVkL3Jlc291cmNlR3JvdXBzL2FsZWNiVXNlclNlc3Npb25UZXN0cy9wcm92aWRlcnMvTWljcm9zb2Z0LkRlc2t0b3BWaXJ0dWFsaXphdGlvbi9zY2FsaW5nUGxhbnMvU2NhbGluZ1BsYW5Qb3dlcnNoZWxsQ29udGFpbmVkMS9wZXJzb25hbFNjaGVkdWxlcy9QZXJzb25hbFNjaGVkdWxlMQ==" ],
        "x-ms-lamport-ts": [ "173953853" ],
        "x-ms-correlation-id": [ "a0c4551e-6199-456b-a3c6-ac369d07eb9e" ],
        "x-ms-request-id": [ "87446875-2083-4b1a-b15e-267ca743026e" ],
        "X-Powered-By": [ "ASP.NET" ],
        "X-Content-Type-Options": [ "nosniff" ],
        "x-ms-ratelimit-remaining-subscription-global-reads": [ "3749" ],
        "x-ms-correlation-request-id": [ "03388334-29e2-45b6-8a31-531245ac5ac2" ],
        "x-ms-routing-request-id": [ "WESTUS:20240809T003440Z:03388334-29e2-45b6-8a31-531245ac5ac2" ],
        "Strict-Transport-Security": [ "max-age=31536000; includeSubDomains" ],
        "X-Cache": [ "CONFIG_NOCACHE" ],
        "X-MSEdge-Ref": [ "Ref A: 4DF2478116024A7EBC95DF2860E8287A Ref B: SJC211051204037 Ref C: 2024-08-09T00:34:40Z" ],
        "Date": [ "Fri, 09 Aug 2024 00:34:40 GMT" ]
      },
      "ContentHeaders": {
        "Content-Length": [ "1867" ],
        "Content-Type": [ "application/json; charset=utf-8" ],
        "Expires": [ "-1" ]
      },
      "Content": "{\"name\":\"ScalingPlanPowershellContained1/PersonalSchedule1\",\"id\":\"/subscriptions/dbedef25-184c-430f-b383-0eeb87c3205d/resourcegroups/alecbUserSessionTests/providers/Microsoft.DesktopVirtualization/scalingplans/ScalingPlanPowershellContained1/personalSchedules/PersonalSchedule1\",\"type\":\"Microsoft.DesktopVirtualization/scalingplans/personalSchedules\",\"properties\":{\"rampUpStartTime\":{\"hour\":6,\"minute\":30},\"rampUpAutoStartHosts\":\"All\",\"rampUpStartVMOnConnect\":\"Enable\",\"rampUpMinutesToWaitOnDisconnect\":10,\"rampUpActionOnDisconnect\":\"None\",\"rampUpMinutesToWaitOnLogoff\":10,\"rampUpActionOnLogoff\":\"None\",\"peakStartTime\":{\"hour\":8,\"minute\":30},\"peakStartVMOnConnect\":\"Enable\",\"peakMinutesToWaitOnDisconnect\":10,\"peakActionOnDisconnect\":\"None\",\"peakMinutesToWaitOnLogoff\":10,\"peakActionOnLogoff\":\"None\",\"rampDownStartTime\":{\"hour\":16,\"minute\":0},\"rampDownStartVMOnConnect\":\"Enable\",\"rampDownMinutesToWaitOnDisconnect\":10,\"rampDownActionOnDisconnect\":\"None\",\"rampDownMinutesToWaitOnLogoff\":10,\"rampDownActionOnLogoff\":\"None\",\"offPeakStartTime\":{\"hour\":22,\"minute\":45},\"offPeakStartVMOnConnect\":\"Enable\",\"offPeakMinutesToWaitOnDisconnect\":10,\"offPeakActionOnDisconnect\":\"None\",\"offPeakMinutesToWaitOnLogoff\":10,\"offPeakActionOnLogoff\":\"Deallocate\",\"name\":\"PersonalSchedule1\",\"systemData\":{\"createdBy\":\"alecbaird@wvdtesttenant.onmicrosoft.com\",\"createdByType\":\"User\",\"createdAt\":\"2024-08-09T00:34:39.9082792Z\",\"lastModifiedBy\":\"alecbaird@wvdtesttenant.onmicrosoft.com\",\"lastModifiedByType\":\"User\",\"lastModifiedAt\":\"2024-08-09T00:34:39.9082792Z\"},\"daysOfWeek\":[\"Monday\",\"Tuesday\",\"Wednesday\",\"Thursday\",\"Friday\"]},\"systemData\":{\"createdBy\":\"alecbaird@wvdtesttenant.onmicrosoft.com\",\"createdByType\":\"User\",\"createdAt\":\"2024-08-09T00:34:39.90Z\",\"lastModifiedBy\":\"alecbaird@wvdtesttenant.onmicrosoft.com\",\"lastModifiedByType\":\"User\",\"lastModifiedAt\":\"2024-08-09T00:34:39.90Z\"}}",
      "isContentBase64": false
    }
  },
  "Get-AzWvdScalingPlanPersonalSchedule+[NoContext]+Get+$DELETE+https://management.azure.com/subscriptions/dbedef25-184c-430f-b383-0eeb87c3205d/resourceGroups/alecbUserSessionTests/providers/Microsoft.DesktopVirtualization/scalingPlans/ScalingPlanPowershellContained1?api-version=2024-04-03+4": {
    "Request": {
      "Method": "DELETE",
      "RequestUri": "https://management.azure.com/subscriptions/dbedef25-184c-430f-b383-0eeb87c3205d/resourceGroups/alecbUserSessionTests/providers/Microsoft.DesktopVirtualization/scalingPlans/ScalingPlanPowershellContained1?api-version=2024-04-03",
      "Content": null,
      "isContentBase64": false,
      "Headers": {
        "x-ms-unique-id": [ "136" ],
        "x-ms-client-request-id": [ "3b3ab81c-0e28-482c-baab-3040eca1e389" ],
        "CommandName": [ "Remove-AzWvdScalingPlan" ],
        "FullCommandName": [ "Remove-AzWvdScalingPlan_Delete" ],
        "ParameterSetName": [ "__AllParameterSets" ],
        "User-Agent": [ "AzurePowershell/v0.0.0", "PSVersion/v7.2.19", "Az.DesktopVirtualization/2.1.0" ],
        "Authorization": [ "[Filtered]" ]
      },
      "ContentHeaders": {
      }
    },
    "Response": {
      "StatusCode": 200,
      "Headers": {
        "Cache-Control": [ "no-cache" ],
        "Pragma": [ "no-cache" ],
        "Vary": [ "Accept-Encoding" ],
        "Set-Cookie": [ "ARRAffinity=bcbcd66544f5ddaf4cbead41410626b9ca9d605ee7d3a04c141d9e19b964fb41;Path=/;HttpOnly;Secure;Domain=rdarmprovider-g-us-r0.wvdselfhost.microsoft.com", "ARRAffinitySameSite=bcbcd66544f5ddaf4cbead41410626b9ca9d605ee7d3a04c141d9e19b964fb41;Path=/;HttpOnly;SameSite=None;Secure;Domain=rdarmprovider-g-us-r0.wvdselfhost.microsoft.com" ],
        "x-ms-ratelimit-remaining-subscription-deletes": [ "199" ],
        "X-Rate-Limit-Limit": [ "0" ],
        "X-Rate-Limit-Remaining": [ "9223372036854775807" ],
        "X-Rate-Limit-Reset": [ "0" ],
        "x-ms-opsarmpath64": [ "L3N1YnNjcmlwdGlvbnMvZGJlZGVmMjUtMTg0Yy00MzBmLWIzODMtMGVlYjg3YzMyMDVkL3Jlc291cmNlR3JvdXBzL2FsZWNiVXNlclNlc3Npb25UZXN0cy9wcm92aWRlcnMvTWljcm9zb2Z0LkRlc2t0b3BWaXJ0dWFsaXphdGlvbi9zY2FsaW5nUGxhbnMvU2NhbGluZ1BsYW5Qb3dlcnNoZWxsQ29udGFpbmVkMQ==" ],
        "x-ms-lamport-ts": [ "173953856" ],
        "x-ms-correlation-id": [ "2de260ae-26ba-4d20-841b-e911fc6f435a" ],
        "x-ms-request-id": [ "3b3ab81c-0e28-482c-baab-3040eca1e389" ],
        "X-Powered-By": [ "ASP.NET" ],
        "X-Content-Type-Options": [ "nosniff" ],
        "x-ms-ratelimit-remaining-subscription-global-deletes": [ "2999" ],
        "x-ms-correlation-request-id": [ "536c7d37-42fe-416a-a1f0-58d18d879e69" ],
        "x-ms-routing-request-id": [ "WESTUS:20240809T003441Z:536c7d37-42fe-416a-a1f0-58d18d879e69" ],
        "Strict-Transport-Security": [ "max-age=31536000; includeSubDomains" ],
        "X-Cache": [ "CONFIG_NOCACHE" ],
        "X-MSEdge-Ref": [ "Ref A: 33FE8B5CF52B4D6DAEC25E34CD4F4A8F Ref B: SJC211051204037 Ref C: 2024-08-09T00:34:40Z" ],
        "Date": [ "Fri, 09 Aug 2024 00:34:40 GMT" ]
      },
      "ContentHeaders": {
        "Content-Length": [ "809" ],
        "Content-Type": [ "application/json; charset=utf-8" ],
        "Expires": [ "-1" ]
      },
      "Content": "{\"name\":\"ScalingPlanPowershellContained1\",\"id\":\"/subscriptions/dbedef25-184c-430f-b383-0eeb87c3205d/resourcegroups/alecbUserSessionTests/providers/Microsoft.DesktopVirtualization/scalingplans/ScalingPlanPowershellContained1\",\"type\":\"Microsoft.DesktopVirtualization/scalingplans\",\"location\":\"westus2\",\"tags\":null,\"kind\":null,\"systemData\":{\"createdBy\":\"alecbaird@wvdtesttenant.onmicrosoft.com\",\"createdByType\":\"User\",\"createdAt\":\"2024-08-09T00:34:37.48Z\",\"lastModifiedBy\":\"alecbaird@wvdtesttenant.onmicrosoft.com\",\"lastModifiedByType\":\"User\",\"lastModifiedAt\":\"2024-08-09T00:34:37.48Z\"},\"properties\":{\"description\":\"desc\",\"friendlyName\":\"fri\",\"timeZone\":\"Pacific Standard Time\",\"hostPoolType\":\"Personal\",\"exclusionTag\":\"\",\"schedules\":[],\"hostPoolReferences\":[],\"objectId\":\"301a0ccc-d5cf-4fbf-aa71-8af3c79aa2e5\"}}",
      "isContentBase64": false
    }
  },
  "Get-AzWvdScalingPlanPersonalSchedule+[NoContext]+List+$PUT+https://management.azure.com/subscriptions/dbedef25-184c-430f-b383-0eeb87c3205d/resourceGroups/alecbUserSessionTests/providers/Microsoft.DesktopVirtualization/scalingPlans/ScalingPlanPowershellContained1?api-version=2024-04-03+1": {
    "Request": {
      "Method": "PUT",
      "RequestUri": "https://management.azure.com/subscriptions/dbedef25-184c-430f-b383-0eeb87c3205d/resourceGroups/alecbUserSessionTests/providers/Microsoft.DesktopVirtualization/scalingPlans/ScalingPlanPowershellContained1?api-version=2024-04-03",
      "Content": "{\r\n  \"location\": \"westus2\",\r\n  \"properties\": {\r\n    \"description\": \"desc\",\r\n    \"friendlyName\": \"fri\",\r\n    \"timeZone\": \"Pacific Standard Time\",\r\n    \"hostPoolType\": \"Personal\",\r\n    \"schedules\": [ ],\r\n    \"hostPoolReferences\": [ ]\r\n  }\r\n}",
      "isContentBase64": false,
      "Headers": {
      },
      "ContentHeaders": {
        "Content-Type": [ "application/json" ],
        "Content-Length": [ "239" ]
      }
    },
    "Response": {
      "StatusCode": 201,
      "Headers": {
        "Cache-Control": [ "no-cache" ],
        "Pragma": [ "no-cache" ],
        "Location": [ "/subscriptions/dbedef25-184c-430f-b383-0eeb87c3205d/resourcegroups/alecbUserSessionTests/providers/Microsoft.DesktopVirtualization/scalingplans/ScalingPlanPowershellContained1" ],
        "Set-Cookie": [ "ARRAffinity=de05b342bfa7816b86cf467ecc947b8c2d1419d8d518ac9f49486dea08ed770a;Path=/;HttpOnly;Secure;Domain=rdarmprovider-g-us-r0.wvdselfhost.microsoft.com", "ARRAffinitySameSite=de05b342bfa7816b86cf467ecc947b8c2d1419d8d518ac9f49486dea08ed770a;Path=/;HttpOnly;SameSite=None;Secure;Domain=rdarmprovider-g-us-r0.wvdselfhost.microsoft.com" ],
        "X-Rate-Limit-Limit": [ "0" ],
        "X-Rate-Limit-Remaining": [ "9223372036854775807" ],
        "X-Rate-Limit-Reset": [ "0" ],
        "x-ms-opsarmpath64": [ "L3N1YnNjcmlwdGlvbnMvZGJlZGVmMjUtMTg0Yy00MzBmLWIzODMtMGVlYjg3YzMyMDVkL3Jlc291cmNlR3JvdXBzL2FsZWNiVXNlclNlc3Npb25UZXN0cy9wcm92aWRlcnMvTWljcm9zb2Z0LkRlc2t0b3BWaXJ0dWFsaXphdGlvbi9zY2FsaW5nUGxhbnMvU2NhbGluZ1BsYW5Qb3dlcnNoZWxsQ29udGFpbmVkMQ==" ],
        "x-ms-lamport-ts": [ "173953856" ],
        "x-ms-correlation-id": [ "624da5c4-0ebb-4d1d-8703-50c4542d34a4" ],
        "x-ms-request-id": [ "5a28f5cd-f93f-4e52-8dcf-e4293858b8d9" ],
        "X-Powered-By": [ "ASP.NET" ],
        "X-Content-Type-Options": [ "nosniff" ],
        "x-ms-ratelimit-remaining-subscription-writes": [ "199" ],
        "x-ms-ratelimit-remaining-subscription-global-writes": [ "2999" ],
        "x-ms-correlation-request-id": [ "c3aa64d1-b304-4269-9b06-41ef21742dd1" ],
        "x-ms-routing-request-id": [ "WESTUS:20240809T003441Z:c3aa64d1-b304-4269-9b06-41ef21742dd1" ],
        "Strict-Transport-Security": [ "max-age=31536000; includeSubDomains" ],
        "X-Cache": [ "CONFIG_NOCACHE" ],
        "X-MSEdge-Ref": [ "Ref A: 790F5E7421C649C98848E07A3872B213 Ref B: SJC211051204037 Ref C: 2024-08-09T00:34:41Z" ],
        "Date": [ "Fri, 09 Aug 2024 00:34:41 GMT" ]
      },
      "ContentHeaders": {
        "Content-Length": [ "809" ],
        "Content-Type": [ "application/json; charset=utf-8" ],
        "Expires": [ "-1" ]
      },
      "Content": "{\"name\":\"ScalingPlanPowershellContained1\",\"id\":\"/subscriptions/dbedef25-184c-430f-b383-0eeb87c3205d/resourcegroups/alecbUserSessionTests/providers/Microsoft.DesktopVirtualization/scalingplans/ScalingPlanPowershellContained1\",\"type\":\"Microsoft.DesktopVirtualization/scalingplans\",\"location\":\"westus2\",\"tags\":null,\"kind\":null,\"systemData\":{\"createdBy\":\"alecbaird@wvdtesttenant.onmicrosoft.com\",\"createdByType\":\"User\",\"createdAt\":\"2024-08-09T00:34:41.53Z\",\"lastModifiedBy\":\"alecbaird@wvdtesttenant.onmicrosoft.com\",\"lastModifiedByType\":\"User\",\"lastModifiedAt\":\"2024-08-09T00:34:41.53Z\"},\"properties\":{\"description\":\"desc\",\"friendlyName\":\"fri\",\"timeZone\":\"Pacific Standard Time\",\"hostPoolType\":\"Personal\",\"exclusionTag\":\"\",\"schedules\":[],\"hostPoolReferences\":[],\"objectId\":\"e0b1bace-1b45-4f87-a5d4-6fc8c0cff9f0\"}}",
      "isContentBase64": false
    }
  },
  "Get-AzWvdScalingPlanPersonalSchedule+[NoContext]+List+$PUT+https://management.azure.com/subscriptions/dbedef25-184c-430f-b383-0eeb87c3205d/resourceGroups/alecbUserSessionTests/providers/Microsoft.DesktopVirtualization/scalingPlans/ScalingPlanPowershellContained1/personalSchedules/PersonalSchedule1?api-version=2024-04-03+2": {
    "Request": {
      "Method": "PUT",
      "RequestUri": "https://management.azure.com/subscriptions/dbedef25-184c-430f-b383-0eeb87c3205d/resourceGroups/alecbUserSessionTests/providers/Microsoft.DesktopVirtualization/scalingPlans/ScalingPlanPowershellContained1/personalSchedules/PersonalSchedule1?api-version=2024-04-03",
      "Content": "{\r\n  \"properties\": {\r\n    \"rampUpStartTime\": {\r\n      \"hour\": 6,\r\n      \"minute\": 30\r\n    },\r\n    \"peakStartTime\": {\r\n      \"hour\": 8,\r\n      \"minute\": 30\r\n    },\r\n    \"rampDownStartTime\": {\r\n      \"hour\": 16,\r\n      \"minute\": 0\r\n    },\r\n    \"offPeakStartTime\": {\r\n      \"hour\": 22,\r\n      \"minute\": 45\r\n    },\r\n    \"daysOfWeek\": [ \"Monday\", \"Tuesday\" ],\r\n    \"rampUpAutoStartHosts\": \"All\",\r\n    \"rampUpStartVMOnConnect\": \"Enable\",\r\n    \"rampUpActionOnDisconnect\": \"None\",\r\n    \"rampUpMinutesToWaitOnDisconnect\": 10,\r\n    \"rampUpActionOnLogoff\": \"None\",\r\n    \"rampUpMinutesToWaitOnLogoff\": 10,\r\n    \"peakStartVMOnConnect\": \"Enable\",\r\n    \"peakActionOnDisconnect\": \"None\",\r\n    \"peakMinutesToWaitOnDisconnect\": 10,\r\n    \"peakMinutesToWaitOnLogoff\": 10,\r\n    \"rampDownStartVMOnConnect\": \"Enable\",\r\n    \"rampDownActionOnDisconnect\": \"None\",\r\n    \"rampDownMinutesToWaitOnDisconnect\": 10,\r\n    \"rampDownActionOnLogoff\": \"None\",\r\n    \"rampDownMinutesToWaitOnLogoff\": 10,\r\n    \"offPeakStartVMOnConnect\": \"Enable\",\r\n    \"offPeakActionOnDisconnect\": \"None\",\r\n    \"offPeakMinutesToWaitOnDisconnect\": 10,\r\n    \"offPeakActionOnLogoff\": \"Deallocate\",\r\n    \"offPeakMinutesToWaitOnLogoff\": 10\r\n  }\r\n}",
      "isContentBase64": false,
      "Headers": {
      },
      "ContentHeaders": {
        "Content-Type": [ "application/json" ],
        "Content-Length": [ "1185" ]
      }
    },
    "Response": {
      "StatusCode": 200,
      "Headers": {
        "Cache-Control": [ "no-cache" ],
        "Pragma": [ "no-cache" ],
        "Vary": [ "Accept-Encoding" ],
        "Set-Cookie": [ "ARRAffinity=39d91f16fdd59b39d7a07780844d80b88a73a7f54a8a5e7eeddb8cc0cb631057;Path=/;HttpOnly;Secure;Domain=rdarmprovider-g-us-r0.wvdselfhost.microsoft.com", "ARRAffinitySameSite=39d91f16fdd59b39d7a07780844d80b88a73a7f54a8a5e7eeddb8cc0cb631057;Path=/;HttpOnly;SameSite=None;Secure;Domain=rdarmprovider-g-us-r0.wvdselfhost.microsoft.com" ],
        "x-ms-ratelimit-remaining-subscription-writes": [ "199" ],
        "X-Rate-Limit-Limit": [ "0" ],
        "X-Rate-Limit-Remaining": [ "9223372036854775807" ],
        "X-Rate-Limit-Reset": [ "0" ],
        "x-ms-opsarmpath64": [ "L3N1YnNjcmlwdGlvbnMvZGJlZGVmMjUtMTg0Yy00MzBmLWIzODMtMGVlYjg3YzMyMDVkL3Jlc291cmNlR3JvdXBzL2FsZWNiVXNlclNlc3Npb25UZXN0cy9wcm92aWRlcnMvTWljcm9zb2Z0LkRlc2t0b3BWaXJ0dWFsaXphdGlvbi9zY2FsaW5nUGxhbnMvU2NhbGluZ1BsYW5Qb3dlcnNoZWxsQ29udGFpbmVkMS9wZXJzb25hbFNjaGVkdWxlcy9QZXJzb25hbFNjaGVkdWxlMQ==" ],
        "x-ms-lamport-ts": [ "173953848" ],
        "x-ms-correlation-id": [ "97bf99df-ef96-44ba-bdb3-ba099befebac" ],
        "x-ms-request-id": [ "411a954f-1a3c-43d9-bcef-32eb2c2f8bc5" ],
        "X-Powered-By": [ "ASP.NET" ],
        "X-Content-Type-Options": [ "nosniff" ],
        "x-ms-ratelimit-remaining-subscription-global-writes": [ "2999" ],
        "x-ms-correlation-request-id": [ "33cb5ffc-1de9-405e-851e-73541cdb12f0" ],
        "x-ms-routing-request-id": [ "WESTUS:20240809T003442Z:33cb5ffc-1de9-405e-851e-73541cdb12f0" ],
        "Strict-Transport-Security": [ "max-age=31536000; includeSubDomains" ],
        "X-Cache": [ "CONFIG_NOCACHE" ],
        "X-MSEdge-Ref": [ "Ref A: FB99C8F1D45148D78B45D866183CB425 Ref B: SJC211051204037 Ref C: 2024-08-09T00:34:41Z" ],
        "Date": [ "Fri, 09 Aug 2024 00:34:41 GMT" ]
      },
      "ContentHeaders": {
        "Content-Length": [ "1835" ],
        "Content-Type": [ "application/json; charset=utf-8" ],
        "Expires": [ "-1" ]
      },
      "Content": "{\"name\":\"ScalingPlanPowershellContained1/PersonalSchedule1\",\"id\":\"/subscriptions/dbedef25-184c-430f-b383-0eeb87c3205d/resourcegroups/alecbUserSessionTests/providers/Microsoft.DesktopVirtualization/scalingplans/ScalingPlanPowershellContained1/personalSchedules/PersonalSchedule1\",\"type\":\"Microsoft.DesktopVirtualization/scalingplans/personalSchedules\",\"properties\":{\"rampUpStartTime\":{\"hour\":6,\"minute\":30},\"rampUpAutoStartHosts\":\"All\",\"rampUpStartVMOnConnect\":\"Enable\",\"rampUpMinutesToWaitOnDisconnect\":10,\"rampUpActionOnDisconnect\":\"None\",\"rampUpMinutesToWaitOnLogoff\":10,\"rampUpActionOnLogoff\":\"None\",\"peakStartTime\":{\"hour\":8,\"minute\":30},\"peakStartVMOnConnect\":\"Enable\",\"peakMinutesToWaitOnDisconnect\":10,\"peakActionOnDisconnect\":\"None\",\"peakMinutesToWaitOnLogoff\":10,\"peakActionOnLogoff\":\"None\",\"rampDownStartTime\":{\"hour\":16,\"minute\":0},\"rampDownStartVMOnConnect\":\"Enable\",\"rampDownMinutesToWaitOnDisconnect\":10,\"rampDownActionOnDisconnect\":\"None\",\"rampDownMinutesToWaitOnLogoff\":10,\"rampDownActionOnLogoff\":\"None\",\"offPeakStartTime\":{\"hour\":22,\"minute\":45},\"offPeakStartVMOnConnect\":\"Enable\",\"offPeakMinutesToWaitOnDisconnect\":10,\"offPeakActionOnDisconnect\":\"None\",\"offPeakMinutesToWaitOnLogoff\":10,\"offPeakActionOnLogoff\":\"Deallocate\",\"name\":\"PersonalSchedule1\",\"systemData\":{\"createdBy\":\"alecbaird@wvdtesttenant.onmicrosoft.com\",\"createdByType\":\"User\",\"createdAt\":\"2024-08-09T00:34:41.9493791Z\",\"lastModifiedBy\":\"alecbaird@wvdtesttenant.onmicrosoft.com\",\"lastModifiedByType\":\"User\",\"lastModifiedAt\":\"2024-08-09T00:34:41.9493791Z\"},\"daysOfWeek\":[\"Monday\",\"Tuesday\"]},\"systemData\":{\"createdBy\":\"alecbaird@wvdtesttenant.onmicrosoft.com\",\"createdByType\":\"User\",\"createdAt\":\"2024-08-09T00:34:41.94Z\",\"lastModifiedBy\":\"alecbaird@wvdtesttenant.onmicrosoft.com\",\"lastModifiedByType\":\"User\",\"lastModifiedAt\":\"2024-08-09T00:34:41.94Z\"}}",
      "isContentBase64": false
    }
  },
  "Get-AzWvdScalingPlanPersonalSchedule+[NoContext]+List+$PUT+https://management.azure.com/subscriptions/dbedef25-184c-430f-b383-0eeb87c3205d/resourceGroups/alecbUserSessionTests/providers/Microsoft.DesktopVirtualization/scalingPlans/ScalingPlanPowershellContained1/personalSchedules/PersonalSchedule2?api-version=2024-04-03+3": {
    "Request": {
      "Method": "PUT",
      "RequestUri": "https://management.azure.com/subscriptions/dbedef25-184c-430f-b383-0eeb87c3205d/resourceGroups/alecbUserSessionTests/providers/Microsoft.DesktopVirtualization/scalingPlans/ScalingPlanPowershellContained1/personalSchedules/PersonalSchedule2?api-version=2024-04-03",
      "Content": "{\r\n  \"properties\": {\r\n    \"rampUpStartTime\": {\r\n      \"hour\": 6,\r\n      \"minute\": 30\r\n    },\r\n    \"peakStartTime\": {\r\n      \"hour\": 8,\r\n      \"minute\": 30\r\n    },\r\n    \"rampDownStartTime\": {\r\n      \"hour\": 16,\r\n      \"minute\": 0\r\n    },\r\n    \"offPeakStartTime\": {\r\n      \"hour\": 22,\r\n      \"minute\": 45\r\n    },\r\n    \"daysOfWeek\": [ \"Wednesday\", \"Thursday\", \"Friday\" ],\r\n    \"rampUpAutoStartHosts\": \"All\",\r\n    \"rampUpStartVMOnConnect\": \"Enable\",\r\n    \"rampUpActionOnDisconnect\": \"None\",\r\n    \"rampUpMinutesToWaitOnDisconnect\": 10,\r\n    \"rampUpActionOnLogoff\": \"None\",\r\n    \"rampUpMinutesToWaitOnLogoff\": 10,\r\n    \"peakStartVMOnConnect\": \"Enable\",\r\n    \"peakActionOnDisconnect\": \"None\",\r\n    \"peakMinutesToWaitOnDisconnect\": 10,\r\n    \"peakMinutesToWaitOnLogoff\": 10,\r\n    \"rampDownStartVMOnConnect\": \"Enable\",\r\n    \"rampDownActionOnDisconnect\": \"None\",\r\n    \"rampDownMinutesToWaitOnDisconnect\": 10,\r\n    \"rampDownActionOnLogoff\": \"None\",\r\n    \"rampDownMinutesToWaitOnLogoff\": 10,\r\n    \"offPeakStartVMOnConnect\": \"Enable\",\r\n    \"offPeakActionOnDisconnect\": \"None\",\r\n    \"offPeakMinutesToWaitOnDisconnect\": 10,\r\n    \"offPeakActionOnLogoff\": \"Deallocate\",\r\n    \"offPeakMinutesToWaitOnLogoff\": 10\r\n  }\r\n}",
      "isContentBase64": false,
      "Headers": {
      },
      "ContentHeaders": {
        "Content-Type": [ "application/json" ],
        "Content-Length": [ "1199" ]
      }
    },
    "Response": {
      "StatusCode": 200,
      "Headers": {
        "Cache-Control": [ "no-cache" ],
        "Pragma": [ "no-cache" ],
        "Vary": [ "Accept-Encoding" ],
        "Set-Cookie": [ "ARRAffinity=bcbcd66544f5ddaf4cbead41410626b9ca9d605ee7d3a04c141d9e19b964fb41;Path=/;HttpOnly;Secure;Domain=rdarmprovider-g-us-r0.wvdselfhost.microsoft.com", "ARRAffinitySameSite=bcbcd66544f5ddaf4cbead41410626b9ca9d605ee7d3a04c141d9e19b964fb41;Path=/;HttpOnly;SameSite=None;Secure;Domain=rdarmprovider-g-us-r0.wvdselfhost.microsoft.com" ],
        "x-ms-ratelimit-remaining-subscription-writes": [ "199" ],
        "X-Rate-Limit-Limit": [ "0" ],
        "X-Rate-Limit-Remaining": [ "9223372036854775807" ],
        "X-Rate-Limit-Reset": [ "0" ],
        "x-ms-opsarmpath64": [ "L3N1YnNjcmlwdGlvbnMvZGJlZGVmMjUtMTg0Yy00MzBmLWIzODMtMGVlYjg3YzMyMDVkL3Jlc291cmNlR3JvdXBzL2FsZWNiVXNlclNlc3Npb25UZXN0cy9wcm92aWRlcnMvTWljcm9zb2Z0LkRlc2t0b3BWaXJ0dWFsaXphdGlvbi9zY2FsaW5nUGxhbnMvU2NhbGluZ1BsYW5Qb3dlcnNoZWxsQ29udGFpbmVkMS9wZXJzb25hbFNjaGVkdWxlcy9QZXJzb25hbFNjaGVkdWxlMg==" ],
        "x-ms-lamport-ts": [ "173953865" ],
        "x-ms-correlation-id": [ "6454060f-74f1-4d0a-abb8-be4059784e77" ],
        "x-ms-request-id": [ "bcd5be05-74d8-4461-b8a6-260c75e4a311" ],
        "X-Powered-By": [ "ASP.NET" ],
        "X-Content-Type-Options": [ "nosniff" ],
        "x-ms-ratelimit-remaining-subscription-global-writes": [ "2999" ],
        "x-ms-correlation-request-id": [ "5551b952-a262-458b-938a-483f0557b924" ],
        "x-ms-routing-request-id": [ "WESTUS:20240809T003443Z:5551b952-a262-458b-938a-483f0557b924" ],
        "Strict-Transport-Security": [ "max-age=31536000; includeSubDomains" ],
        "X-Cache": [ "CONFIG_NOCACHE" ],
        "X-MSEdge-Ref": [ "Ref A: F62DAC6890844C4999409282DE56A9F7 Ref B: SJC211051204037 Ref C: 2024-08-09T00:34:42Z" ],
        "Date": [ "Fri, 09 Aug 2024 00:34:43 GMT" ]
      },
      "ContentHeaders": {
        "Content-Length": [ "1848" ],
        "Content-Type": [ "application/json; charset=utf-8" ],
        "Expires": [ "-1" ]
      },
      "Content": "{\"name\":\"ScalingPlanPowershellContained1/PersonalSchedule2\",\"id\":\"/subscriptions/dbedef25-184c-430f-b383-0eeb87c3205d/resourcegroups/alecbUserSessionTests/providers/Microsoft.DesktopVirtualization/scalingplans/ScalingPlanPowershellContained1/personalSchedules/PersonalSchedule2\",\"type\":\"Microsoft.DesktopVirtualization/scalingplans/personalSchedules\",\"properties\":{\"rampUpStartTime\":{\"hour\":6,\"minute\":30},\"rampUpAutoStartHosts\":\"All\",\"rampUpStartVMOnConnect\":\"Enable\",\"rampUpMinutesToWaitOnDisconnect\":10,\"rampUpActionOnDisconnect\":\"None\",\"rampUpMinutesToWaitOnLogoff\":10,\"rampUpActionOnLogoff\":\"None\",\"peakStartTime\":{\"hour\":8,\"minute\":30},\"peakStartVMOnConnect\":\"Enable\",\"peakMinutesToWaitOnDisconnect\":10,\"peakActionOnDisconnect\":\"None\",\"peakMinutesToWaitOnLogoff\":10,\"peakActionOnLogoff\":\"None\",\"rampDownStartTime\":{\"hour\":16,\"minute\":0},\"rampDownStartVMOnConnect\":\"Enable\",\"rampDownMinutesToWaitOnDisconnect\":10,\"rampDownActionOnDisconnect\":\"None\",\"rampDownMinutesToWaitOnLogoff\":10,\"rampDownActionOnLogoff\":\"None\",\"offPeakStartTime\":{\"hour\":22,\"minute\":45},\"offPeakStartVMOnConnect\":\"Enable\",\"offPeakMinutesToWaitOnDisconnect\":10,\"offPeakActionOnDisconnect\":\"None\",\"offPeakMinutesToWaitOnLogoff\":10,\"offPeakActionOnLogoff\":\"Deallocate\",\"name\":\"PersonalSchedule2\",\"systemData\":{\"createdBy\":\"alecbaird@wvdtesttenant.onmicrosoft.com\",\"createdByType\":\"User\",\"createdAt\":\"2024-08-09T00:34:43.6998451Z\",\"lastModifiedBy\":\"alecbaird@wvdtesttenant.onmicrosoft.com\",\"lastModifiedByType\":\"User\",\"lastModifiedAt\":\"2024-08-09T00:34:43.6998451Z\"},\"daysOfWeek\":[\"Wednesday\",\"Thursday\",\"Friday\"]},\"systemData\":{\"createdBy\":\"alecbaird@wvdtesttenant.onmicrosoft.com\",\"createdByType\":\"User\",\"createdAt\":\"2024-08-09T00:34:43.69Z\",\"lastModifiedBy\":\"alecbaird@wvdtesttenant.onmicrosoft.com\",\"lastModifiedByType\":\"User\",\"lastModifiedAt\":\"2024-08-09T00:34:43.69Z\"}}",
      "isContentBase64": false
    }
  },
  "Get-AzWvdScalingPlanPersonalSchedule+[NoContext]+List+$GET+https://management.azure.com/subscriptions/dbedef25-184c-430f-b383-0eeb87c3205d/resourceGroups/alecbUserSessionTests/providers/Microsoft.DesktopVirtualization/scalingPlans/ScalingPlanPowershellContained1/personalSchedules?api-version=2024-04-03+4": {
    "Request": {
      "Method": "GET",
      "RequestUri": "https://management.azure.com/subscriptions/dbedef25-184c-430f-b383-0eeb87c3205d/resourceGroups/alecbUserSessionTests/providers/Microsoft.DesktopVirtualization/scalingPlans/ScalingPlanPowershellContained1/personalSchedules?api-version=2024-04-03",
      "Content": null,
      "isContentBase64": false,
      "Headers": {
        "x-ms-unique-id": [ "140" ],
        "x-ms-client-request-id": [ "e204feef-9b48-4d41-b40a-fe91bd1dde1b" ],
        "CommandName": [ "Get-AzWvdScalingPlanPersonalSchedule" ],
        "FullCommandName": [ "Get-AzWvdScalingPlanPersonalSchedule_List" ],
        "ParameterSetName": [ "__AllParameterSets" ],
        "User-Agent": [ "AzurePowershell/v0.0.0", "PSVersion/v7.2.19", "Az.DesktopVirtualization/2.1.0" ],
        "Authorization": [ "[Filtered]" ]
      },
      "ContentHeaders": {
      }
    },
    "Response": {
      "StatusCode": 200,
      "Headers": {
        "Cache-Control": [ "no-cache" ],
        "Pragma": [ "no-cache" ],
        "Vary": [ "Accept-Encoding" ],
        "Set-Cookie": [ "ARRAffinity=39d91f16fdd59b39d7a07780844d80b88a73a7f54a8a5e7eeddb8cc0cb631057;Path=/;HttpOnly;Secure;Domain=rdarmprovider-g-us-r0.wvdselfhost.microsoft.com", "ARRAffinitySameSite=39d91f16fdd59b39d7a07780844d80b88a73a7f54a8a5e7eeddb8cc0cb631057;Path=/;HttpOnly;SameSite=None;Secure;Domain=rdarmprovider-g-us-r0.wvdselfhost.microsoft.com" ],
        "x-ms-ratelimit-remaining-subscription-reads": [ "249" ],
        "X-Rate-Limit-Limit": [ "0" ],
        "X-Rate-Limit-Remaining": [ "9223372036854775807" ],
        "X-Rate-Limit-Reset": [ "0" ],
        "x-ms-opsarmpath64": [ "L3N1YnNjcmlwdGlvbnMvZGJlZGVmMjUtMTg0Yy00MzBmLWIzODMtMGVlYjg3YzMyMDVkL3Jlc291cmNlR3JvdXBzL2FsZWNiVXNlclNlc3Npb25UZXN0cy9wcm92aWRlcnMvTWljcm9zb2Z0LkRlc2t0b3BWaXJ0dWFsaXphdGlvbi9zY2FsaW5nUGxhbnMvU2NhbGluZ1BsYW5Qb3dlcnNoZWxsQ29udGFpbmVkMQ==" ],
        "x-ms-lamport-ts": [ "173953853" ],
        "x-ms-correlation-id": [ "c260580e-1c9d-4001-9925-c0f82cbbb869" ],
        "x-ms-request-id": [ "e204feef-9b48-4d41-b40a-fe91bd1dde1b" ],
        "X-Powered-By": [ "ASP.NET" ],
        "X-Content-Type-Options": [ "nosniff" ],
        "x-ms-ratelimit-remaining-subscription-global-reads": [ "3749" ],
        "x-ms-correlation-request-id": [ "99d36c9b-0609-4b60-b518-74fcabce279f" ],
        "x-ms-routing-request-id": [ "WESTUS:20240809T003445Z:99d36c9b-0609-4b60-b518-74fcabce279f" ],
        "Strict-Transport-Security": [ "max-age=31536000; includeSubDomains" ],
        "X-Cache": [ "CONFIG_NOCACHE" ],
        "X-MSEdge-Ref": [ "Ref A: 162D1778FCD649729AE266141C7E66AD Ref B: SJC211051204037 Ref C: 2024-08-09T00:34:43Z" ],
        "Date": [ "Fri, 09 Aug 2024 00:34:45 GMT" ]
      },
      "ContentHeaders": {
        "Content-Length": [ "3712" ],
        "Content-Type": [ "application/json; charset=utf-8" ],
        "Expires": [ "-1" ]
      },
      "Content": "{\"value\":[{\"name\":\"ScalingPlanPowershellContained1/PersonalSchedule1\",\"id\":\"/subscriptions/dbedef25-184c-430f-b383-0eeb87c3205d/resourcegroups/alecbUserSessionTests/providers/Microsoft.DesktopVirtualization/scalingplans/ScalingPlanPowershellContained1/personalSchedules/PersonalSchedule1\",\"type\":\"Microsoft.DesktopVirtualization/scalingplans/personalSchedules\",\"properties\":{\"rampUpStartTime\":{\"hour\":6,\"minute\":30},\"rampUpAutoStartHosts\":\"All\",\"rampUpStartVMOnConnect\":\"Enable\",\"rampUpMinutesToWaitOnDisconnect\":10,\"rampUpActionOnDisconnect\":\"None\",\"rampUpMinutesToWaitOnLogoff\":10,\"rampUpActionOnLogoff\":\"None\",\"peakStartTime\":{\"hour\":8,\"minute\":30},\"peakStartVMOnConnect\":\"Enable\",\"peakMinutesToWaitOnDisconnect\":10,\"peakActionOnDisconnect\":\"None\",\"peakMinutesToWaitOnLogoff\":10,\"peakActionOnLogoff\":\"None\",\"rampDownStartTime\":{\"hour\":16,\"minute\":0},\"rampDownStartVMOnConnect\":\"Enable\",\"rampDownMinutesToWaitOnDisconnect\":10,\"rampDownActionOnDisconnect\":\"None\",\"rampDownMinutesToWaitOnLogoff\":10,\"rampDownActionOnLogoff\":\"None\",\"offPeakStartTime\":{\"hour\":22,\"minute\":45},\"offPeakStartVMOnConnect\":\"Enable\",\"offPeakMinutesToWaitOnDisconnect\":10,\"offPeakActionOnDisconnect\":\"None\",\"offPeakMinutesToWaitOnLogoff\":10,\"offPeakActionOnLogoff\":\"Deallocate\",\"name\":\"PersonalSchedule1\",\"systemData\":{\"createdBy\":\"alecbaird@wvdtesttenant.onmicrosoft.com\",\"createdByType\":\"User\",\"createdAt\":\"2024-08-09T00:34:41.9493791Z\",\"lastModifiedBy\":\"alecbaird@wvdtesttenant.onmicrosoft.com\",\"lastModifiedByType\":\"User\",\"lastModifiedAt\":\"2024-08-09T00:34:41.9493791Z\"},\"daysOfWeek\":[\"Monday\",\"Tuesday\"]},\"systemData\":{\"createdBy\":\"alecbaird@wvdtesttenant.onmicrosoft.com\",\"createdByType\":\"User\",\"createdAt\":\"2024-08-09T00:34:41.94Z\",\"lastModifiedBy\":\"alecbaird@wvdtesttenant.onmicrosoft.com\",\"lastModifiedByType\":\"User\",\"lastModifiedAt\":\"2024-08-09T00:34:41.94Z\"}},{\"name\":\"ScalingPlanPowershellContained1/PersonalSchedule2\",\"id\":\"/subscriptions/dbedef25-184c-430f-b383-0eeb87c3205d/resourcegroups/alecbUserSessionTests/providers/Microsoft.DesktopVirtualization/scalingplans/ScalingPlanPowershellContained1/personalSchedules/PersonalSchedule2\",\"type\":\"Microsoft.DesktopVirtualization/scalingplans/personalSchedules\",\"properties\":{\"rampUpStartTime\":{\"hour\":6,\"minute\":30},\"rampUpAutoStartHosts\":\"All\",\"rampUpStartVMOnConnect\":\"Enable\",\"rampUpMinutesToWaitOnDisconnect\":10,\"rampUpActionOnDisconnect\":\"None\",\"rampUpMinutesToWaitOnLogoff\":10,\"rampUpActionOnLogoff\":\"None\",\"peakStartTime\":{\"hour\":8,\"minute\":30},\"peakStartVMOnConnect\":\"Enable\",\"peakMinutesToWaitOnDisconnect\":10,\"peakActionOnDisconnect\":\"None\",\"peakMinutesToWaitOnLogoff\":10,\"peakActionOnLogoff\":\"None\",\"rampDownStartTime\":{\"hour\":16,\"minute\":0},\"rampDownStartVMOnConnect\":\"Enable\",\"rampDownMinutesToWaitOnDisconnect\":10,\"rampDownActionOnDisconnect\":\"None\",\"rampDownMinutesToWaitOnLogoff\":10,\"rampDownActionOnLogoff\":\"None\",\"offPeakStartTime\":{\"hour\":22,\"minute\":45},\"offPeakStartVMOnConnect\":\"Enable\",\"offPeakMinutesToWaitOnDisconnect\":10,\"offPeakActionOnDisconnect\":\"None\",\"offPeakMinutesToWaitOnLogoff\":10,\"offPeakActionOnLogoff\":\"Deallocate\",\"name\":\"PersonalSchedule2\",\"systemData\":{\"createdBy\":\"alecbaird@wvdtesttenant.onmicrosoft.com\",\"createdByType\":\"User\",\"createdAt\":\"2024-08-09T00:34:43.6998451Z\",\"lastModifiedBy\":\"alecbaird@wvdtesttenant.onmicrosoft.com\",\"lastModifiedByType\":\"User\",\"lastModifiedAt\":\"2024-08-09T00:34:43.6998451Z\"},\"daysOfWeek\":[\"Wednesday\",\"Thursday\",\"Friday\"]},\"systemData\":{\"createdBy\":\"alecbaird@wvdtesttenant.onmicrosoft.com\",\"createdByType\":\"User\",\"createdAt\":\"2024-08-09T00:34:43.69Z\",\"lastModifiedBy\":\"alecbaird@wvdtesttenant.onmicrosoft.com\",\"lastModifiedByType\":\"User\",\"lastModifiedAt\":\"2024-08-09T00:34:43.69Z\"}}],\"nextLink\":null}",
      "isContentBase64": false
    }
  },
  "Get-AzWvdScalingPlanPersonalSchedule+[NoContext]+List+$DELETE+https://management.azure.com/subscriptions/dbedef25-184c-430f-b383-0eeb87c3205d/resourceGroups/alecbUserSessionTests/providers/Microsoft.DesktopVirtualization/scalingPlans/ScalingPlanPowershellContained1?api-version=2024-04-03+5": {
    "Request": {
      "Method": "DELETE",
      "RequestUri": "https://management.azure.com/subscriptions/dbedef25-184c-430f-b383-0eeb87c3205d/resourceGroups/alecbUserSessionTests/providers/Microsoft.DesktopVirtualization/scalingPlans/ScalingPlanPowershellContained1?api-version=2024-04-03",
      "Content": null,
      "isContentBase64": false,
      "Headers": {
        "x-ms-unique-id": [ "141" ],
        "x-ms-client-request-id": [ "8af7bf99-c642-492b-96bb-4e6a33e295e1" ],
        "CommandName": [ "Remove-AzWvdScalingPlan" ],
        "FullCommandName": [ "Remove-AzWvdScalingPlan_Delete" ],
        "ParameterSetName": [ "__AllParameterSets" ],
        "User-Agent": [ "AzurePowershell/v0.0.0", "PSVersion/v7.2.19", "Az.DesktopVirtualization/2.1.0" ],
        "Authorization": [ "[Filtered]" ]
      },
      "ContentHeaders": {
      }
    },
    "Response": {
      "StatusCode": 200,
      "Headers": {
        "Cache-Control": [ "no-cache" ],
        "Pragma": [ "no-cache" ],
        "Vary": [ "Accept-Encoding" ],
        "Set-Cookie": [ "ARRAffinity=39d91f16fdd59b39d7a07780844d80b88a73a7f54a8a5e7eeddb8cc0cb631057;Path=/;HttpOnly;Secure;Domain=rdarmprovider-g-us-r0.wvdselfhost.microsoft.com", "ARRAffinitySameSite=39d91f16fdd59b39d7a07780844d80b88a73a7f54a8a5e7eeddb8cc0cb631057;Path=/;HttpOnly;SameSite=None;Secure;Domain=rdarmprovider-g-us-r0.wvdselfhost.microsoft.com" ],
        "x-ms-ratelimit-remaining-subscription-deletes": [ "199" ],
        "X-Rate-Limit-Limit": [ "0" ],
        "X-Rate-Limit-Remaining": [ "9223372036854775807" ],
        "X-Rate-Limit-Reset": [ "0" ],
        "x-ms-opsarmpath64": [ "L3N1YnNjcmlwdGlvbnMvZGJlZGVmMjUtMTg0Yy00MzBmLWIzODMtMGVlYjg3YzMyMDVkL3Jlc291cmNlR3JvdXBzL2FsZWNiVXNlclNlc3Npb25UZXN0cy9wcm92aWRlcnMvTWljcm9zb2Z0LkRlc2t0b3BWaXJ0dWFsaXphdGlvbi9zY2FsaW5nUGxhbnMvU2NhbGluZ1BsYW5Qb3dlcnNoZWxsQ29udGFpbmVkMQ==" ],
        "x-ms-lamport-ts": [ "173953856" ],
        "x-ms-correlation-id": [ "ab5c5e5b-f859-4996-8791-47ad559cfb63" ],
        "x-ms-request-id": [ "8af7bf99-c642-492b-96bb-4e6a33e295e1" ],
        "X-Powered-By": [ "ASP.NET" ],
        "X-Content-Type-Options": [ "nosniff" ],
        "x-ms-ratelimit-remaining-subscription-global-deletes": [ "2999" ],
        "x-ms-correlation-request-id": [ "dec9efe8-3f8d-46be-9aba-133def227069" ],
        "x-ms-routing-request-id": [ "WESTUS:20240809T003446Z:dec9efe8-3f8d-46be-9aba-133def227069" ],
        "Strict-Transport-Security": [ "max-age=31536000; includeSubDomains" ],
        "X-Cache": [ "CONFIG_NOCACHE" ],
        "X-MSEdge-Ref": [ "Ref A: 3EA7AE10977848D1837F6A615EAC57B1 Ref B: SJC211051204037 Ref C: 2024-08-09T00:34:45Z" ],
        "Date": [ "Fri, 09 Aug 2024 00:34:46 GMT" ]
      },
      "ContentHeaders": {
        "Content-Length": [ "809" ],
        "Content-Type": [ "application/json; charset=utf-8" ],
        "Expires": [ "-1" ]
      },
      "Content": "{\"name\":\"ScalingPlanPowershellContained1\",\"id\":\"/subscriptions/dbedef25-184c-430f-b383-0eeb87c3205d/resourcegroups/alecbUserSessionTests/providers/Microsoft.DesktopVirtualization/scalingplans/ScalingPlanPowershellContained1\",\"type\":\"Microsoft.DesktopVirtualization/scalingplans\",\"location\":\"westus2\",\"tags\":null,\"kind\":null,\"systemData\":{\"createdBy\":\"alecbaird@wvdtesttenant.onmicrosoft.com\",\"createdByType\":\"User\",\"createdAt\":\"2024-08-09T00:34:41.53Z\",\"lastModifiedBy\":\"alecbaird@wvdtesttenant.onmicrosoft.com\",\"lastModifiedByType\":\"User\",\"lastModifiedAt\":\"2024-08-09T00:34:41.53Z\"},\"properties\":{\"description\":\"desc\",\"friendlyName\":\"fri\",\"timeZone\":\"Pacific Standard Time\",\"hostPoolType\":\"Personal\",\"exclusionTag\":\"\",\"schedules\":[],\"hostPoolReferences\":[],\"objectId\":\"e0b1bace-1b45-4f87-a5d4-6fc8c0cff9f0\"}}",
      "isContentBase64": false
    }
  }
}