{
  "Get-AzWvdAppAttachPackage+[NoContext]+ListResourceGroup+$PUT+https://management.azure.com/subscriptions/dbedef25-184c-430f-b383-0eeb87c3205d/resourceGroups/alecbUserSessionTests/providers/Microsoft.DesktopVirtualization/appAttachPackages/TestPackageRG?api-version=2024-01-16-preview+1": {
    "Request": {
      "Method": "PUT",
      "RequestUri": "https://management.azure.com/subscriptions/dbedef25-184c-430f-b383-0eeb87c3205d/resourceGroups/alecbUserSessionTests/providers/Microsoft.DesktopVirtualization/appAttachPackages/TestPackageRG?api-version=2024-01-16-preview",
      "Content": "{\r\n  \"location\": \"westus2\",\r\n  \"properties\": {\r\n    \"image\": {\r\n      \"imagePath\": \"C:\\\\\\\\msix\\\\SingleMsix.vhd\",\r\n      \"packageName\": \"MsixUnitTest_Name\",\r\n      \"packageFamilyName\": \"MsixUnitTest_FamilyName\",\r\n      \"packageFullName\": \"AATest_FullName_UnitTest\",\r\n      \"displayName\": \"UnitTest-MSIXPackage\",\r\n      \"packageRelativePath\": \"MsixUnitTest_RelativePackageRoot\",\r\n      \"isRegularRegistration\": true,\r\n      \"isActive\": true,\r\n      \"packageDependencies\": [\r\n        {\r\n          \"dependencyName\": \"MsixTest_Dependency_Name\",\r\n          \"publisher\": \"MsixTest_Dependency_Publisher\",\r\n          \"minVersion\": \"0.0.0.42\"\r\n        }\r\n      ],\r\n      \"version\": \"0.0.18838.722\",\r\n      \"lastUpdated\": \"0001-01-01T00:00:00.0000000\",\r\n      \"packageApplications\": [\r\n        {\r\n          \"appId\": \"MsixTest_Application_Id\",\r\n          \"description\": \"testing from ps\",\r\n          \"appUserModelID\": \"MsixTest_Application_ModelID\",\r\n          \"friendlyName\": \"some name\",\r\n          \"iconImageName\": \"Apptile\",\r\n          \"rawIcon\": \"c29tZSBpbWFnZQ==\",\r\n          \"rawPng\": \"c29tZSBpbWFnZQ==\"\r\n        }\r\n      ]\r\n    }\r\n  }\r\n}",
      "isContentBase64": false,
      "Headers": {
      },
      "ContentHeaders": {
        "Content-Type": [ "application/json" ],
        "Content-Length": [ "1133" ]
      }
    },
    "Response": {
      "StatusCode": 201,
      "Headers": {
        "Cache-Control": [ "no-cache" ],
        "Pragma": [ "no-cache" ],
        "Location": [ "/subscriptions/dbedef25-184c-430f-b383-0eeb87c3205d/resourcegroups/alecbUserSessionTests/providers/Microsoft.DesktopVirtualization/appattachpackages/TestPackageRG" ],
        "Set-Cookie": [ "ARRAffinity=06c56b8471ef26f13c61783eeb00d8e15bf74407238d9c8d8936521d5d5d2dd0;Path=/;HttpOnly;Secure;Domain=rdarmprovider-g-us-r0.wvdselfhost.microsoft.com", "ARRAffinitySameSite=06c56b8471ef26f13c61783eeb00d8e15bf74407238d9c8d8936521d5d5d2dd0;Path=/;HttpOnly;SameSite=None;Secure;Domain=rdarmprovider-g-us-r0.wvdselfhost.microsoft.com" ],
        "X-Rate-Limit-Limit": [ "0" ],
        "X-Rate-Limit-Remaining": [ "9223372036854775807" ],
        "X-Rate-Limit-Reset": [ "0" ],
        "x-ms-opsarmpath64": [ "L3N1YnNjcmlwdGlvbnMvZGJlZGVmMjUtMTg0Yy00MzBmLWIzODMtMGVlYjg3YzMyMDVkL3Jlc291cmNlR3JvdXBzL2FsZWNiVXNlclNlc3Npb25UZXN0cy9wcm92aWRlcnMvTWljcm9zb2Z0LkRlc2t0b3BWaXJ0dWFsaXphdGlvbi9hcHBBdHRhY2hQYWNrYWdlcy9UZXN0UGFja2FnZVJH" ],
        "x-ms-lamport-ts": [ "158000018" ],
        "x-ms-correlation-id": [ "d275ca8b-4dca-4bc8-9bb6-fe10be254768" ],
        "x-ms-request-id": [ "e655562b-e002-48c4-b622-4c007ce41b30" ],
        "X-Powered-By": [ "ASP.NET" ],
        "X-Content-Type-Options": [ "nosniff" ],
        "x-ms-throttling-version": [ "v1" ],
        "x-ms-ratelimit-remaining-subscription-writes": [ "1199" ],
        "x-ms-correlation-request-id": [ "ec964507-e938-49f5-be0f-dead07bd4904" ],
        "x-ms-routing-request-id": [ "WESTCENTRALUS:20240506T205558Z:ec964507-e938-49f5-be0f-dead07bd4904" ],
        "Strict-Transport-Security": [ "max-age=31536000; includeSubDomains" ],
        "X-Cache": [ "CONFIG_NOCACHE" ],
        "X-MSEdge-Ref": [ "Ref A: 4E4D879D4BD24137BEDE1BE5BE8DFD40 Ref B: CYS013050703047 Ref C: 2024-05-06T20:55:57Z" ],
        "Date": [ "Mon, 06 May 2024 20:55:58 GMT" ]
      },
      "ContentHeaders": {
        "Content-Length": [ "1556" ],
        "Content-Type": [ "application/json; charset=utf-8" ],
        "Expires": [ "-1" ]
      },
      "Content": "{\"name\":\"TestPackageRG\",\"id\":\"/subscriptions/dbedef25-184c-430f-b383-0eeb87c3205d/resourcegroups/alecbUserSessionTests/providers/Microsoft.DesktopVirtualization/appattachpackages/TestPackageRG\",\"type\":\"Microsoft.DesktopVirtualization/appattachpackages\",\"location\":\"westus2\",\"tags\":{},\"kind\":null,\"systemData\":{\"createdBy\":\"alecbaird@wvdtesttenant.onmicrosoft.com\",\"createdByType\":\"User\",\"createdAt\":\"2024-05-06T20:55:57.94Z\",\"lastModifiedBy\":\"alecbaird@wvdtesttenant.onmicrosoft.com\",\"lastModifiedByType\":\"User\",\"lastModifiedAt\":\"2024-05-06T20:55:57.94Z\"},\"properties\":{\"image\":{\"packageAlias\":null,\"imagePath\":\"C:\\\\\\\\msix\\\\SingleMsix.vhd\",\"packageName\":\"MsixUnitTest_Name\",\"packageFamilyName\":\"MsixUnitTest_FamilyName\",\"packageFullName\":\"AATest_FullName_UnitTest\",\"displayName\":\"UnitTest-MSIXPackage\",\"packageRelativePath\":\"MsixUnitTest_RelativePackageRoot\",\"isRegularRegistration\":true,\"isActive\":true,\"packageDependencies\":[{\"dependencyName\":\"MsixTest_Dependency_Name\",\"publisher\":\"MsixTest_Dependency_Publisher\",\"minVersion\":\"0.0.0.42\"}],\"version\":\"0.0.18838.722\",\"lastUpdated\":\"0001-01-01T00:00:00\",\"packageApplications\":[{\"appUserModelID\":\"MsixTest_Application_ModelID\",\"appId\":\"MsixTest_Application_Id\",\"description\":\"testing from ps\",\"friendlyName\":\"some name\",\"iconImageName\":\"Apptile\",\"rawIcon\":\"c29tZSBpbWFnZQ==\",\"rawPng\":\"c29tZSBpbWFnZQ==\"}],\"certificateExpiry\":\"0001-01-01T00:00:00\",\"certificateName\":null,\"isPackageTimestamped\":\"NotTimestamped\"},\"hostPoolReferences\":[],\"failHealthCheckOnStagingFailure\":\"NeedsAssistance\",\"keyVaultURL\":null}}",
      "isContentBase64": false
    }
  },
  "Get-AzWvdAppAttachPackage+[NoContext]+ListResourceGroup+$PUT+https://management.azure.com/subscriptions/dbedef25-184c-430f-b383-0eeb87c3205d/resourceGroups/alecbUserSessionTests/providers/Microsoft.DesktopVirtualization/appAttachPackages/TestPackageRG2?api-version=2024-01-16-preview+2": {
    "Request": {
      "Method": "PUT",
      "RequestUri": "https://management.azure.com/subscriptions/dbedef25-184c-430f-b383-0eeb87c3205d/resourceGroups/alecbUserSessionTests/providers/Microsoft.DesktopVirtualization/appAttachPackages/TestPackageRG2?api-version=2024-01-16-preview",
      "Content": "{\r\n  \"location\": \"westus2\",\r\n  \"properties\": {\r\n    \"image\": {\r\n      \"imagePath\": \"C:\\\\\\\\msix\\\\SingleMsix.vhd\",\r\n      \"packageName\": \"MsixUnitTest_Name2\",\r\n      \"packageFamilyName\": \"MsixUnitTest_FamilyName2\",\r\n      \"packageFullName\": \"AATest_FullName_UnitTest\",\r\n      \"displayName\": \"UnitTest-MSIXPackage\",\r\n      \"packageRelativePath\": \"MsixUnitTest_RelativePackageRoot2\",\r\n      \"isRegularRegistration\": true,\r\n      \"isActive\": true,\r\n      \"packageDependencies\": [\r\n        {\r\n          \"dependencyName\": \"MsixTest_Dependency_Name\",\r\n          \"publisher\": \"MsixTest_Dependency_Publisher\",\r\n          \"minVersion\": \"0.0.0.42\"\r\n        }\r\n      ],\r\n      \"version\": \"0.0.18838.722\",\r\n      \"lastUpdated\": \"0001-01-01T00:00:00.0000000\",\r\n      \"packageApplications\": [\r\n        {\r\n          \"appId\": \"MsixTest_Application_Id\",\r\n          \"description\": \"testing from ps\",\r\n          \"appUserModelID\": \"MsixTest_Application_ModelID\",\r\n          \"friendlyName\": \"some name\",\r\n          \"iconImageName\": \"Apptile\",\r\n          \"rawIcon\": \"c29tZSBpbWFnZQ==\",\r\n          \"rawPng\": \"c29tZSBpbWFnZQ==\"\r\n        }\r\n      ]\r\n    }\r\n  }\r\n}",
      "isContentBase64": false,
      "Headers": {
      },
      "ContentHeaders": {
        "Content-Type": [ "application/json" ],
        "Content-Length": [ "1136" ]
      }
    },
    "Response": {
      "StatusCode": 201,
      "Headers": {
        "Cache-Control": [ "no-cache" ],
        "Pragma": [ "no-cache" ],
        "Location": [ "/subscriptions/dbedef25-184c-430f-b383-0eeb87c3205d/resourcegroups/alecbUserSessionTests/providers/Microsoft.DesktopVirtualization/appattachpackages/TestPackageRG2" ],
        "Set-Cookie": [ "ARRAffinity=40237ffdc57de1390eeff374e782e979bae0af189a51754a0bc4cff0e861cdf3;Path=/;HttpOnly;Secure;Domain=rdarmprovider-g-us-r0.wvdselfhost.microsoft.com", "ARRAffinitySameSite=40237ffdc57de1390eeff374e782e979bae0af189a51754a0bc4cff0e861cdf3;Path=/;HttpOnly;SameSite=None;Secure;Domain=rdarmprovider-g-us-r0.wvdselfhost.microsoft.com" ],
        "X-Rate-Limit-Limit": [ "0" ],
        "X-Rate-Limit-Remaining": [ "9223372036854775807" ],
        "X-Rate-Limit-Reset": [ "0" ],
        "x-ms-opsarmpath64": [ "L3N1YnNjcmlwdGlvbnMvZGJlZGVmMjUtMTg0Yy00MzBmLWIzODMtMGVlYjg3YzMyMDVkL3Jlc291cmNlR3JvdXBzL2FsZWNiVXNlclNlc3Npb25UZXN0cy9wcm92aWRlcnMvTWljcm9zb2Z0LkRlc2t0b3BWaXJ0dWFsaXphdGlvbi9hcHBBdHRhY2hQYWNrYWdlcy9UZXN0UGFja2FnZVJHMg==" ],
        "x-ms-lamport-ts": [ "158000062" ],
        "x-ms-correlation-id": [ "5f2fc933-f809-4857-adae-be947d050ca4" ],
        "x-ms-request-id": [ "cae9fbda-3370-40be-9c24-9abbbe005969" ],
        "X-Powered-By": [ "ASP.NET" ],
        "X-Content-Type-Options": [ "nosniff" ],
        "x-ms-throttling-version": [ "v1" ],
        "x-ms-ratelimit-remaining-subscription-writes": [ "1199" ],
        "x-ms-correlation-request-id": [ "414358b5-6639-43a5-a298-fb688947362e" ],
        "x-ms-routing-request-id": [ "WESTCENTRALUS:20240506T205600Z:414358b5-6639-43a5-a298-fb688947362e" ],
        "Strict-Transport-Security": [ "max-age=31536000; includeSubDomains" ],
        "X-Cache": [ "CONFIG_NOCACHE" ],
        "X-MSEdge-Ref": [ "Ref A: FF70C44E5F14467A93E918FCCA9C5502 Ref B: CYS013050703047 Ref C: 2024-05-06T20:55:58Z" ],
        "Date": [ "Mon, 06 May 2024 20:56:00 GMT" ]
      },
      "ContentHeaders": {
        "Content-Length": [ "1561" ],
        "Content-Type": [ "application/json; charset=utf-8" ],
        "Expires": [ "-1" ]
      },
      "Content": "{\"name\":\"TestPackageRG2\",\"id\":\"/subscriptions/dbedef25-184c-430f-b383-0eeb87c3205d/resourcegroups/alecbUserSessionTests/providers/Microsoft.DesktopVirtualization/appattachpackages/TestPackageRG2\",\"type\":\"Microsoft.DesktopVirtualization/appattachpackages\",\"location\":\"westus2\",\"tags\":{},\"kind\":null,\"systemData\":{\"createdBy\":\"alecbaird@wvdtesttenant.onmicrosoft.com\",\"createdByType\":\"User\",\"createdAt\":\"2024-05-06T20:56:00.31Z\",\"lastModifiedBy\":\"alecbaird@wvdtesttenant.onmicrosoft.com\",\"lastModifiedByType\":\"User\",\"lastModifiedAt\":\"2024-05-06T20:56:00.31Z\"},\"properties\":{\"image\":{\"packageAlias\":null,\"imagePath\":\"C:\\\\\\\\msix\\\\SingleMsix.vhd\",\"packageName\":\"MsixUnitTest_Name2\",\"packageFamilyName\":\"MsixUnitTest_FamilyName2\",\"packageFullName\":\"AATest_FullName_UnitTest\",\"displayName\":\"UnitTest-MSIXPackage\",\"packageRelativePath\":\"MsixUnitTest_RelativePackageRoot2\",\"isRegularRegistration\":true,\"isActive\":true,\"packageDependencies\":[{\"dependencyName\":\"MsixTest_Dependency_Name\",\"publisher\":\"MsixTest_Dependency_Publisher\",\"minVersion\":\"0.0.0.42\"}],\"version\":\"0.0.18838.722\",\"lastUpdated\":\"0001-01-01T00:00:00\",\"packageApplications\":[{\"appUserModelID\":\"MsixTest_Application_ModelID\",\"appId\":\"MsixTest_Application_Id\",\"description\":\"testing from ps\",\"friendlyName\":\"some name\",\"iconImageName\":\"Apptile\",\"rawIcon\":\"c29tZSBpbWFnZQ==\",\"rawPng\":\"c29tZSBpbWFnZQ==\"}],\"certificateExpiry\":\"0001-01-01T00:00:00\",\"certificateName\":null,\"isPackageTimestamped\":\"NotTimestamped\"},\"hostPoolReferences\":[],\"failHealthCheckOnStagingFailure\":\"NeedsAssistance\",\"keyVaultURL\":null}}",
      "isContentBase64": false
    }
  },
  "Get-AzWvdAppAttachPackage+[NoContext]+ListResourceGroup+$GET+https://management.azure.com/subscriptions/dbedef25-184c-430f-b383-0eeb87c3205d/resourceGroups/alecbUserSessionTests/providers/Microsoft.DesktopVirtualization/appAttachPackages?api-version=2024-01-16-preview+3": {
    "Request": {
      "Method": "GET",
      "RequestUri": "https://management.azure.com/subscriptions/dbedef25-184c-430f-b383-0eeb87c3205d/resourceGroups/alecbUserSessionTests/providers/Microsoft.DesktopVirtualization/appAttachPackages?api-version=2024-01-16-preview",
      "Content": null,
      "isContentBase64": false,
      "Headers": {
        "x-ms-unique-id": [ "9" ],
        "x-ms-client-request-id": [ "7d7aed53-e96b-49d4-be0c-fe2aa6160c0f" ],
        "CommandName": [ "Get-AzWvdAppAttachPackage" ],
        "FullCommandName": [ "Get-AzWvdAppAttachPackage_List" ],
        "ParameterSetName": [ "__AllParameterSets" ],
        "User-Agent": [ "AzurePowershell/v0.0.0", "PSVersion/v7.2.19", "Az.DesktopVirtualization/2.1.0" ],
        "Authorization": [ "[Filtered]" ]
      },
      "ContentHeaders": {
      }
    },
    "Response": {
      "StatusCode": 200,
      "Headers": {
        "Cache-Control": [ "no-cache" ],
        "Pragma": [ "no-cache" ],
        "Vary": [ "Accept-Encoding" ],
        "Set-Cookie": [ "ARRAffinity=40237ffdc57de1390eeff374e782e979bae0af189a51754a0bc4cff0e861cdf3;Path=/;HttpOnly;Secure;Domain=rdarmprovider-g-us-r0.wvdselfhost.microsoft.com", "ARRAffinitySameSite=40237ffdc57de1390eeff374e782e979bae0af189a51754a0bc4cff0e861cdf3;Path=/;HttpOnly;SameSite=None;Secure;Domain=rdarmprovider-g-us-r0.wvdselfhost.microsoft.com" ],
        "x-ms-throttling-version": [ "v1" ],
        "X-Rate-Limit-Limit": [ "0" ],
        "X-Rate-Limit-Remaining": [ "9223372036854775807" ],
        "X-Rate-Limit-Reset": [ "0" ],
        "x-ms-opsarmpath64": [ "L3N1YnNjcmlwdGlvbnMvZGJlZGVmMjUtMTg0Yy00MzBmLWIzODMtMGVlYjg3YzMyMDVkL3Jlc291cmNlR3JvdXBzL2FsZWNiVXNlclNlc3Npb25UZXN0cw==" ],
        "x-ms-lamport-ts": [ "158000068" ],
        "x-ms-correlation-id": [ "f8af855a-e806-4ffb-8722-42bc54e78a9f" ],
        "x-ms-request-id": [ "7d7aed53-e96b-49d4-be0c-fe2aa6160c0f" ],
        "X-Powered-By": [ "ASP.NET" ],
        "X-Content-Type-Options": [ "nosniff" ],
        "x-ms-ratelimit-remaining-subscription-reads": [ "11999" ],
        "x-ms-correlation-request-id": [ "bfd5f2a3-d030-470c-a78d-bbfc426936da" ],
        "x-ms-routing-request-id": [ "WESTCENTRALUS:20240506T205600Z:bfd5f2a3-d030-470c-a78d-bbfc426936da" ],
        "Strict-Transport-Security": [ "max-age=31536000; includeSubDomains" ],
        "X-Cache": [ "CONFIG_NOCACHE" ],
        "X-MSEdge-Ref": [ "Ref A: B75F8AA412814D39A1BC4B217477E689 Ref B: CYS013050703047 Ref C: 2024-05-06T20:56:00Z" ],
        "Date": [ "Mon, 06 May 2024 20:56:00 GMT" ]
      },
      "ContentHeaders": {
        "Content-Length": [ "3146" ],
        "Content-Type": [ "application/json; charset=utf-8" ],
        "Expires": [ "-1" ]
      },
      "Content": "{\"value\":[{\"name\":\"TestPackageRG\",\"id\":\"/subscriptions/dbedef25-184c-430f-b383-0eeb87c3205d/resourcegroups/alecbUserSessionTests/providers/Microsoft.DesktopVirtualization/appattachpackages/TestPackageRG\",\"type\":\"Microsoft.DesktopVirtualization/appattachpackages\",\"location\":\"westus2\",\"tags\":{},\"kind\":null,\"systemData\":{\"createdBy\":\"alecbaird@wvdtesttenant.onmicrosoft.com\",\"createdByType\":\"User\",\"createdAt\":\"2024-05-06T20:55:57.94Z\",\"lastModifiedBy\":\"alecbaird@wvdtesttenant.onmicrosoft.com\",\"lastModifiedByType\":\"User\",\"lastModifiedAt\":\"2024-05-06T20:55:57.94Z\"},\"properties\":{\"image\":{\"packageAlias\":null,\"imagePath\":\"C:\\\\\\\\msix\\\\SingleMsix.vhd\",\"packageName\":\"MsixUnitTest_Name\",\"packageFamilyName\":\"MsixUnitTest_FamilyName\",\"packageFullName\":\"AATest_FullName_UnitTest\",\"displayName\":\"UnitTest-MSIXPackage\",\"packageRelativePath\":\"MsixUnitTest_RelativePackageRoot\",\"isRegularRegistration\":true,\"isActive\":true,\"packageDependencies\":[{\"dependencyName\":\"MsixTest_Dependency_Name\",\"publisher\":\"MsixTest_Dependency_Publisher\",\"minVersion\":\"0.0.0.42\"}],\"version\":\"0.0.18838.722\",\"lastUpdated\":\"0001-01-01T00:00:00\",\"packageApplications\":[{\"appUserModelID\":\"MsixTest_Application_ModelID\",\"appId\":\"MsixTest_Application_Id\",\"description\":\"testing from ps\",\"friendlyName\":\"some name\",\"iconImageName\":\"Apptile\",\"rawIcon\":\"c29tZSBpbWFnZQ==\",\"rawPng\":\"c29tZSBpbWFnZQ==\"}],\"certificateExpiry\":\"0001-01-01T00:00:00\",\"certificateName\":null,\"isPackageTimestamped\":\"NotTimestamped\"},\"hostPoolReferences\":[],\"failHealthCheckOnStagingFailure\":\"NeedsAssistance\",\"keyVaultURL\":null}},{\"name\":\"TestPackageRG2\",\"id\":\"/subscriptions/dbedef25-184c-430f-b383-0eeb87c3205d/resourcegroups/alecbUserSessionTests/providers/Microsoft.DesktopVirtualization/appattachpackages/TestPackageRG2\",\"type\":\"Microsoft.DesktopVirtualization/appattachpackages\",\"location\":\"westus2\",\"tags\":{},\"kind\":null,\"systemData\":{\"createdBy\":\"alecbaird@wvdtesttenant.onmicrosoft.com\",\"createdByType\":\"User\",\"createdAt\":\"2024-05-06T20:56:00.31Z\",\"lastModifiedBy\":\"alecbaird@wvdtesttenant.onmicrosoft.com\",\"lastModifiedByType\":\"User\",\"lastModifiedAt\":\"2024-05-06T20:56:00.31Z\"},\"properties\":{\"image\":{\"packageAlias\":null,\"imagePath\":\"C:\\\\\\\\msix\\\\SingleMsix.vhd\",\"packageName\":\"MsixUnitTest_Name2\",\"packageFamilyName\":\"MsixUnitTest_FamilyName2\",\"packageFullName\":\"AATest_FullName_UnitTest\",\"displayName\":\"UnitTest-MSIXPackage\",\"packageRelativePath\":\"MsixUnitTest_RelativePackageRoot2\",\"isRegularRegistration\":true,\"isActive\":true,\"packageDependencies\":[{\"dependencyName\":\"MsixTest_Dependency_Name\",\"publisher\":\"MsixTest_Dependency_Publisher\",\"minVersion\":\"0.0.0.42\"}],\"version\":\"0.0.18838.722\",\"lastUpdated\":\"0001-01-01T00:00:00\",\"packageApplications\":[{\"appUserModelID\":\"MsixTest_Application_ModelID\",\"appId\":\"MsixTest_Application_Id\",\"description\":\"testing from ps\",\"friendlyName\":\"some name\",\"iconImageName\":\"Apptile\",\"rawIcon\":\"c29tZSBpbWFnZQ==\",\"rawPng\":\"c29tZSBpbWFnZQ==\"}],\"certificateExpiry\":\"0001-01-01T00:00:00\",\"certificateName\":null,\"isPackageTimestamped\":\"NotTimestamped\"},\"hostPoolReferences\":[],\"failHealthCheckOnStagingFailure\":\"NeedsAssistance\",\"keyVaultURL\":null}}],\"nextLink\":null}",
      "isContentBase64": false
    }
  },
  "Get-AzWvdAppAttachPackage+[NoContext]+ListResourceGroup+$DELETE+https://management.azure.com/subscriptions/dbedef25-184c-430f-b383-0eeb87c3205d/resourceGroups/alecbUserSessionTests/providers/Microsoft.DesktopVirtualization/appAttachPackages/TestPackageRG?api-version=2024-01-16-preview+4": {
    "Request": {
      "Method": "DELETE",
      "RequestUri": "https://management.azure.com/subscriptions/dbedef25-184c-430f-b383-0eeb87c3205d/resourceGroups/alecbUserSessionTests/providers/Microsoft.DesktopVirtualization/appAttachPackages/TestPackageRG?api-version=2024-01-16-preview",
      "Content": null,
      "isContentBase64": false,
      "Headers": {
        "x-ms-unique-id": [ "10" ],
        "x-ms-client-request-id": [ "4557041f-173b-4862-a6f6-ed93fb25c421" ],
        "CommandName": [ "Remove-AzWvdAppAttachPackage" ],
        "FullCommandName": [ "Remove-AzWvdAppAttachPackage_Delete" ],
        "ParameterSetName": [ "__AllParameterSets" ],
        "User-Agent": [ "AzurePowershell/v0.0.0", "PSVersion/v7.2.19", "Az.DesktopVirtualization/2.1.0" ],
        "Authorization": [ "[Filtered]" ]
      },
      "ContentHeaders": {
      }
    },
    "Response": {
      "StatusCode": 200,
      "Headers": {
        "Cache-Control": [ "no-cache" ],
        "Pragma": [ "no-cache" ],
        "Vary": [ "Accept-Encoding" ],
        "Set-Cookie": [ "ARRAffinity=40237ffdc57de1390eeff374e782e979bae0af189a51754a0bc4cff0e861cdf3;Path=/;HttpOnly;Secure;Domain=rdarmprovider-g-us-r0.wvdselfhost.microsoft.com", "ARRAffinitySameSite=40237ffdc57de1390eeff374e782e979bae0af189a51754a0bc4cff0e861cdf3;Path=/;HttpOnly;SameSite=None;Secure;Domain=rdarmprovider-g-us-r0.wvdselfhost.microsoft.com" ],
        "x-ms-throttling-version": [ "v1" ],
        "X-Rate-Limit-Limit": [ "0" ],
        "X-Rate-Limit-Remaining": [ "9223372036854775807" ],
        "X-Rate-Limit-Reset": [ "0" ],
        "x-ms-opsarmpath64": [ "L3N1YnNjcmlwdGlvbnMvZGJlZGVmMjUtMTg0Yy00MzBmLWIzODMtMGVlYjg3YzMyMDVkL3Jlc291cmNlR3JvdXBzL2FsZWNiVXNlclNlc3Npb25UZXN0cy9wcm92aWRlcnMvTWljcm9zb2Z0LkRlc2t0b3BWaXJ0dWFsaXphdGlvbi9hcHBBdHRhY2hQYWNrYWdlcy9UZXN0UGFja2FnZVJH" ],
        "x-ms-lamport-ts": [ "158000071" ],
        "x-ms-correlation-id": [ "840adc4b-ebd1-4396-b0b8-516b6e0e3aed" ],
        "x-ms-request-id": [ "4557041f-173b-4862-a6f6-ed93fb25c421" ],
        "X-Powered-By": [ "ASP.NET" ],
        "X-Content-Type-Options": [ "nosniff" ],
        "x-ms-ratelimit-remaining-subscription-deletes": [ "14999" ],
        "x-ms-correlation-request-id": [ "82c382e8-893d-4e0e-82ee-c69c77195962" ],
        "x-ms-routing-request-id": [ "WESTCENTRALUS:20240506T205602Z:82c382e8-893d-4e0e-82ee-c69c77195962" ],
        "Strict-Transport-Security": [ "max-age=31536000; includeSubDomains" ],
        "X-Cache": [ "CONFIG_NOCACHE" ],
        "X-MSEdge-Ref": [ "Ref A: 7A10C2A63E634CCCB7DBEB5D35B66568 Ref B: CYS013050703047 Ref C: 2024-05-06T20:56:01Z" ],
        "Date": [ "Mon, 06 May 2024 20:56:02 GMT" ]
      },
      "ContentHeaders": {
        "Content-Length": [ "1556" ],
        "Content-Type": [ "application/json; charset=utf-8" ],
        "Expires": [ "-1" ]
      },
      "Content": "{\"name\":\"TestPackageRG\",\"id\":\"/subscriptions/dbedef25-184c-430f-b383-0eeb87c3205d/resourcegroups/alecbUserSessionTests/providers/Microsoft.DesktopVirtualization/appattachpackages/TestPackageRG\",\"type\":\"Microsoft.DesktopVirtualization/appattachpackages\",\"location\":\"westus2\",\"tags\":{},\"kind\":null,\"systemData\":{\"createdBy\":\"alecbaird@wvdtesttenant.onmicrosoft.com\",\"createdByType\":\"User\",\"createdAt\":\"2024-05-06T20:55:57.94Z\",\"lastModifiedBy\":\"alecbaird@wvdtesttenant.onmicrosoft.com\",\"lastModifiedByType\":\"User\",\"lastModifiedAt\":\"2024-05-06T20:55:57.94Z\"},\"properties\":{\"image\":{\"packageAlias\":null,\"imagePath\":\"C:\\\\\\\\msix\\\\SingleMsix.vhd\",\"packageName\":\"MsixUnitTest_Name\",\"packageFamilyName\":\"MsixUnitTest_FamilyName\",\"packageFullName\":\"AATest_FullName_UnitTest\",\"displayName\":\"UnitTest-MSIXPackage\",\"packageRelativePath\":\"MsixUnitTest_RelativePackageRoot\",\"isRegularRegistration\":true,\"isActive\":true,\"packageDependencies\":[{\"dependencyName\":\"MsixTest_Dependency_Name\",\"publisher\":\"MsixTest_Dependency_Publisher\",\"minVersion\":\"0.0.0.42\"}],\"version\":\"0.0.18838.722\",\"lastUpdated\":\"0001-01-01T00:00:00\",\"packageApplications\":[{\"appUserModelID\":\"MsixTest_Application_ModelID\",\"appId\":\"MsixTest_Application_Id\",\"description\":\"testing from ps\",\"friendlyName\":\"some name\",\"iconImageName\":\"Apptile\",\"rawIcon\":\"c29tZSBpbWFnZQ==\",\"rawPng\":\"c29tZSBpbWFnZQ==\"}],\"certificateExpiry\":\"0001-01-01T00:00:00\",\"certificateName\":null,\"isPackageTimestamped\":\"NotTimestamped\"},\"hostPoolReferences\":[],\"failHealthCheckOnStagingFailure\":\"NeedsAssistance\",\"keyVaultURL\":null}}",
      "isContentBase64": false
    }
  },
  "Get-AzWvdAppAttachPackage+[NoContext]+ListResourceGroup+$DELETE+https://management.azure.com/subscriptions/dbedef25-184c-430f-b383-0eeb87c3205d/resourceGroups/alecbUserSessionTests/providers/Microsoft.DesktopVirtualization/appAttachPackages/TestPackageRG2?api-version=2024-01-16-preview+5": {
    "Request": {
      "Method": "DELETE",
      "RequestUri": "https://management.azure.com/subscriptions/dbedef25-184c-430f-b383-0eeb87c3205d/resourceGroups/alecbUserSessionTests/providers/Microsoft.DesktopVirtualization/appAttachPackages/TestPackageRG2?api-version=2024-01-16-preview",
      "Content": null,
      "isContentBase64": false,
      "Headers": {
        "x-ms-unique-id": [ "11" ],
        "x-ms-client-request-id": [ "e532e34e-d4c5-4ebf-9838-c5782c824886" ],
        "CommandName": [ "Remove-AzWvdAppAttachPackage" ],
        "FullCommandName": [ "Remove-AzWvdAppAttachPackage_Delete" ],
        "ParameterSetName": [ "__AllParameterSets" ],
        "User-Agent": [ "AzurePowershell/v0.0.0", "PSVersion/v7.2.19", "Az.DesktopVirtualization/2.1.0" ],
        "Authorization": [ "[Filtered]" ]
      },
      "ContentHeaders": {
      }
    },
    "Response": {
      "StatusCode": 200,
      "Headers": {
        "Cache-Control": [ "no-cache" ],
        "Pragma": [ "no-cache" ],
        "Vary": [ "Accept-Encoding" ],
        "Set-Cookie": [ "ARRAffinity=40237ffdc57de1390eeff374e782e979bae0af189a51754a0bc4cff0e861cdf3;Path=/;HttpOnly;Secure;Domain=rdarmprovider-g-us-r0.wvdselfhost.microsoft.com", "ARRAffinitySameSite=40237ffdc57de1390eeff374e782e979bae0af189a51754a0bc4cff0e861cdf3;Path=/;HttpOnly;SameSite=None;Secure;Domain=rdarmprovider-g-us-r0.wvdselfhost.microsoft.com" ],
        "x-ms-throttling-version": [ "v1" ],
        "X-Rate-Limit-Limit": [ "0" ],
        "X-Rate-Limit-Remaining": [ "9223372036854775807" ],
        "X-Rate-Limit-Reset": [ "0" ],
        "x-ms-opsarmpath64": [ "L3N1YnNjcmlwdGlvbnMvZGJlZGVmMjUtMTg0Yy00MzBmLWIzODMtMGVlYjg3YzMyMDVkL3Jlc291cmNlR3JvdXBzL2FsZWNiVXNlclNlc3Npb25UZXN0cy9wcm92aWRlcnMvTWljcm9zb2Z0LkRlc2t0b3BWaXJ0dWFsaXphdGlvbi9hcHBBdHRhY2hQYWNrYWdlcy9UZXN0UGFja2FnZVJHMg==" ],
        "x-ms-lamport-ts": [ "158000080" ],
        "x-ms-correlation-id": [ "19ebdc4d-059e-4296-90f3-b09f8770d81f" ],
        "x-ms-request-id": [ "e532e34e-d4c5-4ebf-9838-c5782c824886" ],
        "X-Powered-By": [ "ASP.NET" ],
        "X-Content-Type-Options": [ "nosniff" ],
        "x-ms-ratelimit-remaining-subscription-deletes": [ "14999" ],
        "x-ms-correlation-request-id": [ "6422af7d-efa7-4a0b-8b13-d9315b05016d" ],
        "x-ms-routing-request-id": [ "WESTCENTRALUS:20240506T205603Z:6422af7d-efa7-4a0b-8b13-d9315b05016d" ],
        "Strict-Transport-Security": [ "max-age=31536000; includeSubDomains" ],
        "X-Cache": [ "CONFIG_NOCACHE" ],
        "X-MSEdge-Ref": [ "Ref A: 0756A6D67E46478A91865062389ED8D4 Ref B: CYS013050703047 Ref C: 2024-05-06T20:56:02Z" ],
        "Date": [ "Mon, 06 May 2024 20:56:03 GMT" ]
      },
      "ContentHeaders": {
        "Content-Length": [ "1561" ],
        "Content-Type": [ "application/json; charset=utf-8" ],
        "Expires": [ "-1" ]
      },
      "Content": "{\"name\":\"TestPackageRG2\",\"id\":\"/subscriptions/dbedef25-184c-430f-b383-0eeb87c3205d/resourcegroups/alecbUserSessionTests/providers/Microsoft.DesktopVirtualization/appattachpackages/TestPackageRG2\",\"type\":\"Microsoft.DesktopVirtualization/appattachpackages\",\"location\":\"westus2\",\"tags\":{},\"kind\":null,\"systemData\":{\"createdBy\":\"alecbaird@wvdtesttenant.onmicrosoft.com\",\"createdByType\":\"User\",\"createdAt\":\"2024-05-06T20:56:00.31Z\",\"lastModifiedBy\":\"alecbaird@wvdtesttenant.onmicrosoft.com\",\"lastModifiedByType\":\"User\",\"lastModifiedAt\":\"2024-05-06T20:56:00.31Z\"},\"properties\":{\"image\":{\"packageAlias\":null,\"imagePath\":\"C:\\\\\\\\msix\\\\SingleMsix.vhd\",\"packageName\":\"MsixUnitTest_Name2\",\"packageFamilyName\":\"MsixUnitTest_FamilyName2\",\"packageFullName\":\"AATest_FullName_UnitTest\",\"displayName\":\"UnitTest-MSIXPackage\",\"packageRelativePath\":\"MsixUnitTest_RelativePackageRoot2\",\"isRegularRegistration\":true,\"isActive\":true,\"packageDependencies\":[{\"dependencyName\":\"MsixTest_Dependency_Name\",\"publisher\":\"MsixTest_Dependency_Publisher\",\"minVersion\":\"0.0.0.42\"}],\"version\":\"0.0.18838.722\",\"lastUpdated\":\"0001-01-01T00:00:00\",\"packageApplications\":[{\"appUserModelID\":\"MsixTest_Application_ModelID\",\"appId\":\"MsixTest_Application_Id\",\"description\":\"testing from ps\",\"friendlyName\":\"some name\",\"iconImageName\":\"Apptile\",\"rawIcon\":\"c29tZSBpbWFnZQ==\",\"rawPng\":\"c29tZSBpbWFnZQ==\"}],\"certificateExpiry\":\"0001-01-01T00:00:00\",\"certificateName\":null,\"isPackageTimestamped\":\"NotTimestamped\"},\"hostPoolReferences\":[],\"failHealthCheckOnStagingFailure\":\"NeedsAssistance\",\"keyVaultURL\":null}}",
      "isContentBase64": false
    }
  },
  "Get-AzWvdAppAttachPackage+[NoContext]+ListSubscription+$PUT+https://management.azure.com/subscriptions/dbedef25-184c-430f-b383-0eeb87c3205d/resourceGroups/alecbUserSessionTests/providers/Microsoft.DesktopVirtualization/appAttachPackages/TestPackageSub?api-version=2024-01-16-preview+1": {
    "Request": {
      "Method": "PUT",
      "RequestUri": "https://management.azure.com/subscriptions/dbedef25-184c-430f-b383-0eeb87c3205d/resourceGroups/alecbUserSessionTests/providers/Microsoft.DesktopVirtualization/appAttachPackages/TestPackageSub?api-version=2024-01-16-preview",
      "Content": "{\r\n  \"location\": \"westus2\",\r\n  \"properties\": {\r\n    \"image\": {\r\n      \"imagePath\": \"C:\\\\\\\\msix\\\\SingleMsix.vhd\",\r\n      \"packageName\": \"MsixUnitTest_Name\",\r\n      \"packageFamilyName\": \"MsixUnitTest_FamilyName\",\r\n      \"packageFullName\": \"AATest_FullName_UnitTest\",\r\n      \"displayName\": \"UnitTest-MSIXPackage\",\r\n      \"packageRelativePath\": \"MsixUnitTest_RelativePackageRoot\",\r\n      \"isRegularRegistration\": true,\r\n      \"isActive\": true,\r\n      \"packageDependencies\": [\r\n        {\r\n          \"dependencyName\": \"MsixTest_Dependency_Name\",\r\n          \"publisher\": \"MsixTest_Dependency_Publisher\",\r\n          \"minVersion\": \"0.0.0.42\"\r\n        }\r\n      ],\r\n      \"version\": \"0.0.18838.722\",\r\n      \"lastUpdated\": \"0001-01-01T00:00:00.0000000\",\r\n      \"packageApplications\": [\r\n        {\r\n          \"appId\": \"MsixTest_Application_Id\",\r\n          \"description\": \"testing from ps\",\r\n          \"appUserModelID\": \"MsixTest_Application_ModelID\",\r\n          \"friendlyName\": \"some name\",\r\n          \"iconImageName\": \"Apptile\",\r\n          \"rawIcon\": \"c29tZSBpbWFnZQ==\",\r\n          \"rawPng\": \"c29tZSBpbWFnZQ==\"\r\n        }\r\n      ]\r\n    }\r\n  }\r\n}",
      "isContentBase64": false,
      "Headers": {
      },
      "ContentHeaders": {
        "Content-Type": [ "application/json" ],
        "Content-Length": [ "1133" ]
      }
    },
    "Response": {
      "StatusCode": 201,
      "Headers": {
        "Cache-Control": [ "no-cache" ],
        "Pragma": [ "no-cache" ],
        "Location": [ "/subscriptions/dbedef25-184c-430f-b383-0eeb87c3205d/resourcegroups/alecbUserSessionTests/providers/Microsoft.DesktopVirtualization/appattachpackages/TestPackageSub" ],
        "Set-Cookie": [ "ARRAffinity=40237ffdc57de1390eeff374e782e979bae0af189a51754a0bc4cff0e861cdf3;Path=/;HttpOnly;Secure;Domain=rdarmprovider-g-us-r0.wvdselfhost.microsoft.com", "ARRAffinitySameSite=40237ffdc57de1390eeff374e782e979bae0af189a51754a0bc4cff0e861cdf3;Path=/;HttpOnly;SameSite=None;Secure;Domain=rdarmprovider-g-us-r0.wvdselfhost.microsoft.com" ],
        "X-Rate-Limit-Limit": [ "0" ],
        "X-Rate-Limit-Remaining": [ "9223372036854775807" ],
        "X-Rate-Limit-Reset": [ "0" ],
        "x-ms-opsarmpath64": [ "L3N1YnNjcmlwdGlvbnMvZGJlZGVmMjUtMTg0Yy00MzBmLWIzODMtMGVlYjg3YzMyMDVkL3Jlc291cmNlR3JvdXBzL2FsZWNiVXNlclNlc3Npb25UZXN0cy9wcm92aWRlcnMvTWljcm9zb2Z0LkRlc2t0b3BWaXJ0dWFsaXphdGlvbi9hcHBBdHRhY2hQYWNrYWdlcy9UZXN0UGFja2FnZVN1Yg==" ],
        "x-ms-lamport-ts": [ "158000083" ],
        "x-ms-correlation-id": [ "82bb1508-5eaf-45c0-86cf-7c3c146e10de" ],
        "x-ms-request-id": [ "cee43514-76f3-4d8b-81c5-d29e09fdb881" ],
        "X-Powered-By": [ "ASP.NET" ],
        "X-Content-Type-Options": [ "nosniff" ],
        "x-ms-throttling-version": [ "v1" ],
        "x-ms-ratelimit-remaining-subscription-writes": [ "1198" ],
        "x-ms-correlation-request-id": [ "90b1516c-6d0f-4c73-a926-514197edd8b9" ],
        "x-ms-routing-request-id": [ "WESTCENTRALUS:20240506T205604Z:90b1516c-6d0f-4c73-a926-514197edd8b9" ],
        "Strict-Transport-Security": [ "max-age=31536000; includeSubDomains" ],
        "X-Cache": [ "CONFIG_NOCACHE" ],
        "X-MSEdge-Ref": [ "Ref A: C142D936A0674B02BE4C9052B10344CF Ref B: CYS013050703047 Ref C: 2024-05-06T20:56:03Z" ],
        "Date": [ "Mon, 06 May 2024 20:56:04 GMT" ]
      },
      "ContentHeaders": {
        "Content-Length": [ "1558" ],
        "Content-Type": [ "application/json; charset=utf-8" ],
        "Expires": [ "-1" ]
      },
      "Content": "{\"name\":\"TestPackageSub\",\"id\":\"/subscriptions/dbedef25-184c-430f-b383-0eeb87c3205d/resourcegroups/alecbUserSessionTests/providers/Microsoft.DesktopVirtualization/appattachpackages/TestPackageSub\",\"type\":\"Microsoft.DesktopVirtualization/appattachpackages\",\"location\":\"westus2\",\"tags\":{},\"kind\":null,\"systemData\":{\"createdBy\":\"alecbaird@wvdtesttenant.onmicrosoft.com\",\"createdByType\":\"User\",\"createdAt\":\"2024-05-06T20:56:04.09Z\",\"lastModifiedBy\":\"alecbaird@wvdtesttenant.onmicrosoft.com\",\"lastModifiedByType\":\"User\",\"lastModifiedAt\":\"2024-05-06T20:56:04.09Z\"},\"properties\":{\"image\":{\"packageAlias\":null,\"imagePath\":\"C:\\\\\\\\msix\\\\SingleMsix.vhd\",\"packageName\":\"MsixUnitTest_Name\",\"packageFamilyName\":\"MsixUnitTest_FamilyName\",\"packageFullName\":\"AATest_FullName_UnitTest\",\"displayName\":\"UnitTest-MSIXPackage\",\"packageRelativePath\":\"MsixUnitTest_RelativePackageRoot\",\"isRegularRegistration\":true,\"isActive\":true,\"packageDependencies\":[{\"dependencyName\":\"MsixTest_Dependency_Name\",\"publisher\":\"MsixTest_Dependency_Publisher\",\"minVersion\":\"0.0.0.42\"}],\"version\":\"0.0.18838.722\",\"lastUpdated\":\"0001-01-01T00:00:00\",\"packageApplications\":[{\"appUserModelID\":\"MsixTest_Application_ModelID\",\"appId\":\"MsixTest_Application_Id\",\"description\":\"testing from ps\",\"friendlyName\":\"some name\",\"iconImageName\":\"Apptile\",\"rawIcon\":\"c29tZSBpbWFnZQ==\",\"rawPng\":\"c29tZSBpbWFnZQ==\"}],\"certificateExpiry\":\"0001-01-01T00:00:00\",\"certificateName\":null,\"isPackageTimestamped\":\"NotTimestamped\"},\"hostPoolReferences\":[],\"failHealthCheckOnStagingFailure\":\"NeedsAssistance\",\"keyVaultURL\":null}}",
      "isContentBase64": false
    }
  },
  "Get-AzWvdAppAttachPackage+[NoContext]+ListSubscription+$PUT+https://management.azure.com/subscriptions/dbedef25-184c-430f-b383-0eeb87c3205d/resourceGroups/alecbUserSessionTests/providers/Microsoft.DesktopVirtualization/appAttachPackages/TestPackageSub2?api-version=2024-01-16-preview+2": {
    "Request": {
      "Method": "PUT",
      "RequestUri": "https://management.azure.com/subscriptions/dbedef25-184c-430f-b383-0eeb87c3205d/resourceGroups/alecbUserSessionTests/providers/Microsoft.DesktopVirtualization/appAttachPackages/TestPackageSub2?api-version=2024-01-16-preview",
      "Content": "{\r\n  \"location\": \"westus2\",\r\n  \"properties\": {\r\n    \"image\": {\r\n      \"imagePath\": \"C:\\\\\\\\msix\\\\SingleMsix.vhd\",\r\n      \"packageName\": \"MsixUnitTest_Name2\",\r\n      \"packageFamilyName\": \"MsixUnitTest_FamilyName2\",\r\n      \"packageFullName\": \"AATest_FullName_UnitTest\",\r\n      \"displayName\": \"UnitTest-MSIXPackage\",\r\n      \"packageRelativePath\": \"MsixUnitTest_RelativePackageRoot2\",\r\n      \"isRegularRegistration\": true,\r\n      \"isActive\": true,\r\n      \"packageDependencies\": [\r\n        {\r\n          \"dependencyName\": \"MsixTest_Dependency_Name\",\r\n          \"publisher\": \"MsixTest_Dependency_Publisher\",\r\n          \"minVersion\": \"0.0.0.42\"\r\n        }\r\n      ],\r\n      \"version\": \"0.0.18838.722\",\r\n      \"lastUpdated\": \"0001-01-01T00:00:00.0000000\",\r\n      \"packageApplications\": [\r\n        {\r\n          \"appId\": \"MsixTest_Application_Id\",\r\n          \"description\": \"testing from ps\",\r\n          \"appUserModelID\": \"MsixTest_Application_ModelID\",\r\n          \"friendlyName\": \"some name\",\r\n          \"iconImageName\": \"Apptile\",\r\n          \"rawIcon\": \"c29tZSBpbWFnZQ==\",\r\n          \"rawPng\": \"c29tZSBpbWFnZQ==\"\r\n        }\r\n      ]\r\n    }\r\n  }\r\n}",
      "isContentBase64": false,
      "Headers": {
      },
      "ContentHeaders": {
        "Content-Type": [ "application/json" ],
        "Content-Length": [ "1136" ]
      }
    },
    "Response": {
      "StatusCode": 201,
      "Headers": {
        "Cache-Control": [ "no-cache" ],
        "Pragma": [ "no-cache" ],
        "Location": [ "/subscriptions/dbedef25-184c-430f-b383-0eeb87c3205d/resourcegroups/alecbUserSessionTests/providers/Microsoft.DesktopVirtualization/appattachpackages/TestPackageSub2" ],
        "Set-Cookie": [ "ARRAffinity=40237ffdc57de1390eeff374e782e979bae0af189a51754a0bc4cff0e861cdf3;Path=/;HttpOnly;Secure;Domain=rdarmprovider-g-us-r0.wvdselfhost.microsoft.com", "ARRAffinitySameSite=40237ffdc57de1390eeff374e782e979bae0af189a51754a0bc4cff0e861cdf3;Path=/;HttpOnly;SameSite=None;Secure;Domain=rdarmprovider-g-us-r0.wvdselfhost.microsoft.com" ],
        "X-Rate-Limit-Limit": [ "0" ],
        "X-Rate-Limit-Remaining": [ "9223372036854775807" ],
        "X-Rate-Limit-Reset": [ "0" ],
        "x-ms-opsarmpath64": [ "L3N1YnNjcmlwdGlvbnMvZGJlZGVmMjUtMTg0Yy00MzBmLWIzODMtMGVlYjg3YzMyMDVkL3Jlc291cmNlR3JvdXBzL2FsZWNiVXNlclNlc3Npb25UZXN0cy9wcm92aWRlcnMvTWljcm9zb2Z0LkRlc2t0b3BWaXJ0dWFsaXphdGlvbi9hcHBBdHRhY2hQYWNrYWdlcy9UZXN0UGFja2FnZVN1YjI=" ],
        "x-ms-lamport-ts": [ "158000089" ],
        "x-ms-correlation-id": [ "167c8e9b-9bbc-4413-8cab-b7ff092bc253" ],
        "x-ms-request-id": [ "6901027a-61bc-40a5-ab60-d60e3716603a" ],
        "X-Powered-By": [ "ASP.NET" ],
        "X-Content-Type-Options": [ "nosniff" ],
        "x-ms-throttling-version": [ "v1" ],
        "x-ms-ratelimit-remaining-subscription-writes": [ "1199" ],
        "x-ms-correlation-request-id": [ "69aa8a75-7870-45ac-9067-4c49d7bed494" ],
        "x-ms-routing-request-id": [ "WESTCENTRALUS:20240506T205605Z:69aa8a75-7870-45ac-9067-4c49d7bed494" ],
        "Strict-Transport-Security": [ "max-age=31536000; includeSubDomains" ],
        "X-Cache": [ "CONFIG_NOCACHE" ],
        "X-MSEdge-Ref": [ "Ref A: 5A61C3BD73D24D26A34066CF3FDACFAC Ref B: CYS013050703047 Ref C: 2024-05-06T20:56:04Z" ],
        "Date": [ "Mon, 06 May 2024 20:56:05 GMT" ]
      },
      "ContentHeaders": {
        "Content-Length": [ "1563" ],
        "Content-Type": [ "application/json; charset=utf-8" ],
        "Expires": [ "-1" ]
      },
      "Content": "{\"name\":\"TestPackageSub2\",\"id\":\"/subscriptions/dbedef25-184c-430f-b383-0eeb87c3205d/resourcegroups/alecbUserSessionTests/providers/Microsoft.DesktopVirtualization/appattachpackages/TestPackageSub2\",\"type\":\"Microsoft.DesktopVirtualization/appattachpackages\",\"location\":\"westus2\",\"tags\":{},\"kind\":null,\"systemData\":{\"createdBy\":\"alecbaird@wvdtesttenant.onmicrosoft.com\",\"createdByType\":\"User\",\"createdAt\":\"2024-05-06T20:56:05.64Z\",\"lastModifiedBy\":\"alecbaird@wvdtesttenant.onmicrosoft.com\",\"lastModifiedByType\":\"User\",\"lastModifiedAt\":\"2024-05-06T20:56:05.64Z\"},\"properties\":{\"image\":{\"packageAlias\":null,\"imagePath\":\"C:\\\\\\\\msix\\\\SingleMsix.vhd\",\"packageName\":\"MsixUnitTest_Name2\",\"packageFamilyName\":\"MsixUnitTest_FamilyName2\",\"packageFullName\":\"AATest_FullName_UnitTest\",\"displayName\":\"UnitTest-MSIXPackage\",\"packageRelativePath\":\"MsixUnitTest_RelativePackageRoot2\",\"isRegularRegistration\":true,\"isActive\":true,\"packageDependencies\":[{\"dependencyName\":\"MsixTest_Dependency_Name\",\"publisher\":\"MsixTest_Dependency_Publisher\",\"minVersion\":\"0.0.0.42\"}],\"version\":\"0.0.18838.722\",\"lastUpdated\":\"0001-01-01T00:00:00\",\"packageApplications\":[{\"appUserModelID\":\"MsixTest_Application_ModelID\",\"appId\":\"MsixTest_Application_Id\",\"description\":\"testing from ps\",\"friendlyName\":\"some name\",\"iconImageName\":\"Apptile\",\"rawIcon\":\"c29tZSBpbWFnZQ==\",\"rawPng\":\"c29tZSBpbWFnZQ==\"}],\"certificateExpiry\":\"0001-01-01T00:00:00\",\"certificateName\":null,\"isPackageTimestamped\":\"NotTimestamped\"},\"hostPoolReferences\":[],\"failHealthCheckOnStagingFailure\":\"NeedsAssistance\",\"keyVaultURL\":null}}",
      "isContentBase64": false
    }
  },
  "Get-AzWvdAppAttachPackage+[NoContext]+ListSubscription+$GET+https://management.azure.com/subscriptions/dbedef25-184c-430f-b383-0eeb87c3205d/providers/Microsoft.DesktopVirtualization/appAttachPackages?api-version=2024-01-16-preview+3": {
    "Request": {
      "Method": "GET",
      "RequestUri": "https://management.azure.com/subscriptions/dbedef25-184c-430f-b383-0eeb87c3205d/providers/Microsoft.DesktopVirtualization/appAttachPackages?api-version=2024-01-16-preview",
      "Content": null,
      "isContentBase64": false,
      "Headers": {
        "x-ms-unique-id": [ "14" ],
        "x-ms-client-request-id": [ "aeac6d8e-c366-4d77-b2be-3d1225326bd5" ],
        "CommandName": [ "Get-AzWvdAppAttachPackage" ],
        "FullCommandName": [ "Get-AzWvdAppAttachPackage_List1" ],
        "ParameterSetName": [ "__AllParameterSets" ],
        "User-Agent": [ "AzurePowershell/v0.0.0", "PSVersion/v7.2.19", "Az.DesktopVirtualization/2.1.0" ],
        "Authorization": [ "[Filtered]" ]
      },
      "ContentHeaders": {
      }
    },
    "Response": {
      "StatusCode": 200,
      "Headers": {
        "Cache-Control": [ "no-cache" ],
        "Pragma": [ "no-cache" ],
        "Vary": [ "Accept-Encoding" ],
        "Set-Cookie": [ "ARRAffinity=40237ffdc57de1390eeff374e782e979bae0af189a51754a0bc4cff0e861cdf3;Path=/;HttpOnly;Secure;Domain=rdarmprovider-g-us-r0.wvdselfhost.microsoft.com", "ARRAffinitySameSite=40237ffdc57de1390eeff374e782e979bae0af189a51754a0bc4cff0e861cdf3;Path=/;HttpOnly;SameSite=None;Secure;Domain=rdarmprovider-g-us-r0.wvdselfhost.microsoft.com" ],
        "x-ms-throttling-version": [ "v1" ],
        "X-Rate-Limit-Limit": [ "0" ],
        "X-Rate-Limit-Remaining": [ "9223372036854775807" ],
        "X-Rate-Limit-Reset": [ "0" ],
        "x-ms-opsarmpath64": [ "L3N1YnNjcmlwdGlvbnMvZGJlZGVmMjUtMTg0Yy00MzBmLWIzODMtMGVlYjg3YzMyMDVk" ],
        "x-ms-lamport-ts": [ "158000097" ],
        "x-ms-correlation-id": [ "0ff227d3-4e68-4004-ab47-7956bd29355b" ],
        "x-ms-request-id": [ "aeac6d8e-c366-4d77-b2be-3d1225326bd5" ],
        "X-Powered-By": [ "ASP.NET" ],
        "X-Content-Type-Options": [ "nosniff" ],
        "x-ms-ratelimit-remaining-subscription-reads": [ "11999" ],
        "x-ms-correlation-request-id": [ "eeaeb13e-1e55-41f0-8fe8-063df480ec9e" ],
        "x-ms-routing-request-id": [ "WESTCENTRALUS:20240506T205616Z:eeaeb13e-1e55-41f0-8fe8-063df480ec9e" ],
        "Strict-Transport-Security": [ "max-age=31536000; includeSubDomains" ],
        "X-Cache": [ "CONFIG_NOCACHE" ],
        "X-MSEdge-Ref": [ "Ref A: 0ED4D599171C44C6B9E3AE79B9D4C2C2 Ref B: CYS013050703047 Ref C: 2024-05-06T20:56:16Z" ],
        "Date": [ "Mon, 06 May 2024 20:56:16 GMT" ]
      },
      "ContentHeaders": {
        "Content-Length": [ "3150" ],
        "Content-Type": [ "application/json; charset=utf-8" ],
        "Expires": [ "-1" ]
      },
      "Content": "{\"value\":[{\"name\":\"TestPackageSub\",\"id\":\"/subscriptions/dbedef25-184c-430f-b383-0eeb87c3205d/resourcegroups/alecbUserSessionTests/providers/Microsoft.DesktopVirtualization/appattachpackages/TestPackageSub\",\"type\":\"Microsoft.DesktopVirtualization/appattachpackages\",\"location\":\"westus2\",\"tags\":{},\"kind\":null,\"systemData\":{\"createdBy\":\"alecbaird@wvdtesttenant.onmicrosoft.com\",\"createdByType\":\"User\",\"createdAt\":\"2024-05-06T20:56:04.09Z\",\"lastModifiedBy\":\"alecbaird@wvdtesttenant.onmicrosoft.com\",\"lastModifiedByType\":\"User\",\"lastModifiedAt\":\"2024-05-06T20:56:04.09Z\"},\"properties\":{\"image\":{\"packageAlias\":null,\"imagePath\":\"C:\\\\\\\\msix\\\\SingleMsix.vhd\",\"packageName\":\"MsixUnitTest_Name\",\"packageFamilyName\":\"MsixUnitTest_FamilyName\",\"packageFullName\":\"AATest_FullName_UnitTest\",\"displayName\":\"UnitTest-MSIXPackage\",\"packageRelativePath\":\"MsixUnitTest_RelativePackageRoot\",\"isRegularRegistration\":true,\"isActive\":true,\"packageDependencies\":[{\"dependencyName\":\"MsixTest_Dependency_Name\",\"publisher\":\"MsixTest_Dependency_Publisher\",\"minVersion\":\"0.0.0.42\"}],\"version\":\"0.0.18838.722\",\"lastUpdated\":\"0001-01-01T00:00:00\",\"packageApplications\":[{\"appUserModelID\":\"MsixTest_Application_ModelID\",\"appId\":\"MsixTest_Application_Id\",\"description\":\"testing from ps\",\"friendlyName\":\"some name\",\"iconImageName\":\"Apptile\",\"rawIcon\":\"c29tZSBpbWFnZQ==\",\"rawPng\":\"c29tZSBpbWFnZQ==\"}],\"certificateExpiry\":\"0001-01-01T00:00:00\",\"certificateName\":null,\"isPackageTimestamped\":\"NotTimestamped\"},\"hostPoolReferences\":[],\"failHealthCheckOnStagingFailure\":\"NeedsAssistance\",\"keyVaultURL\":null}},{\"name\":\"TestPackageSub2\",\"id\":\"/subscriptions/dbedef25-184c-430f-b383-0eeb87c3205d/resourcegroups/alecbUserSessionTests/providers/Microsoft.DesktopVirtualization/appattachpackages/TestPackageSub2\",\"type\":\"Microsoft.DesktopVirtualization/appattachpackages\",\"location\":\"westus2\",\"tags\":{},\"kind\":null,\"systemData\":{\"createdBy\":\"alecbaird@wvdtesttenant.onmicrosoft.com\",\"createdByType\":\"User\",\"createdAt\":\"2024-05-06T20:56:05.64Z\",\"lastModifiedBy\":\"alecbaird@wvdtesttenant.onmicrosoft.com\",\"lastModifiedByType\":\"User\",\"lastModifiedAt\":\"2024-05-06T20:56:05.64Z\"},\"properties\":{\"image\":{\"packageAlias\":null,\"imagePath\":\"C:\\\\\\\\msix\\\\SingleMsix.vhd\",\"packageName\":\"MsixUnitTest_Name2\",\"packageFamilyName\":\"MsixUnitTest_FamilyName2\",\"packageFullName\":\"AATest_FullName_UnitTest\",\"displayName\":\"UnitTest-MSIXPackage\",\"packageRelativePath\":\"MsixUnitTest_RelativePackageRoot2\",\"isRegularRegistration\":true,\"isActive\":true,\"packageDependencies\":[{\"dependencyName\":\"MsixTest_Dependency_Name\",\"publisher\":\"MsixTest_Dependency_Publisher\",\"minVersion\":\"0.0.0.42\"}],\"version\":\"0.0.18838.722\",\"lastUpdated\":\"0001-01-01T00:00:00\",\"packageApplications\":[{\"appUserModelID\":\"MsixTest_Application_ModelID\",\"appId\":\"MsixTest_Application_Id\",\"description\":\"testing from ps\",\"friendlyName\":\"some name\",\"iconImageName\":\"Apptile\",\"rawIcon\":\"c29tZSBpbWFnZQ==\",\"rawPng\":\"c29tZSBpbWFnZQ==\"}],\"certificateExpiry\":\"0001-01-01T00:00:00\",\"certificateName\":null,\"isPackageTimestamped\":\"NotTimestamped\"},\"hostPoolReferences\":[],\"failHealthCheckOnStagingFailure\":\"NeedsAssistance\",\"keyVaultURL\":null}}],\"nextLink\":null}",
      "isContentBase64": false
    }
  },
  "Get-AzWvdAppAttachPackage+[NoContext]+ListSubscription+$DELETE+https://management.azure.com/subscriptions/dbedef25-184c-430f-b383-0eeb87c3205d/resourceGroups/alecbUserSessionTests/providers/Microsoft.DesktopVirtualization/appAttachPackages/TestPackageSub?api-version=2024-01-16-preview+4": {
    "Request": {
      "Method": "DELETE",
      "RequestUri": "https://management.azure.com/subscriptions/dbedef25-184c-430f-b383-0eeb87c3205d/resourceGroups/alecbUserSessionTests/providers/Microsoft.DesktopVirtualization/appAttachPackages/TestPackageSub?api-version=2024-01-16-preview",
      "Content": null,
      "isContentBase64": false,
      "Headers": {
        "x-ms-unique-id": [ "15" ],
        "x-ms-client-request-id": [ "302547fa-5ddf-424f-87d6-97547fd61cc9" ],
        "CommandName": [ "Remove-AzWvdAppAttachPackage" ],
        "FullCommandName": [ "Remove-AzWvdAppAttachPackage_Delete" ],
        "ParameterSetName": [ "__AllParameterSets" ],
        "User-Agent": [ "AzurePowershell/v0.0.0", "PSVersion/v7.2.19", "Az.DesktopVirtualization/2.1.0" ],
        "Authorization": [ "[Filtered]" ]
      },
      "ContentHeaders": {
      }
    },
    "Response": {
      "StatusCode": 200,
      "Headers": {
        "Cache-Control": [ "no-cache" ],
        "Pragma": [ "no-cache" ],
        "Vary": [ "Accept-Encoding" ],
        "Set-Cookie": [ "ARRAffinity=06c56b8471ef26f13c61783eeb00d8e15bf74407238d9c8d8936521d5d5d2dd0;Path=/;HttpOnly;Secure;Domain=rdarmprovider-g-us-r0.wvdselfhost.microsoft.com", "ARRAffinitySameSite=06c56b8471ef26f13c61783eeb00d8e15bf74407238d9c8d8936521d5d5d2dd0;Path=/;HttpOnly;SameSite=None;Secure;Domain=rdarmprovider-g-us-r0.wvdselfhost.microsoft.com" ],
        "x-ms-throttling-version": [ "v1" ],
        "X-Rate-Limit-Limit": [ "0" ],
        "X-Rate-Limit-Remaining": [ "9223372036854775807" ],
        "X-Rate-Limit-Reset": [ "0" ],
        "x-ms-opsarmpath64": [ "L3N1YnNjcmlwdGlvbnMvZGJlZGVmMjUtMTg0Yy00MzBmLWIzODMtMGVlYjg3YzMyMDVkL3Jlc291cmNlR3JvdXBzL2FsZWNiVXNlclNlc3Npb25UZXN0cy9wcm92aWRlcnMvTWljcm9zb2Z0LkRlc2t0b3BWaXJ0dWFsaXphdGlvbi9hcHBBdHRhY2hQYWNrYWdlcy9UZXN0UGFja2FnZVN1Yg==" ],
        "x-ms-lamport-ts": [ "158000070" ],
        "x-ms-correlation-id": [ "64b3b105-93d0-4350-96ae-9a88fcc0e122" ],
        "x-ms-request-id": [ "302547fa-5ddf-424f-87d6-97547fd61cc9" ],
        "X-Powered-By": [ "ASP.NET" ],
        "X-Content-Type-Options": [ "nosniff" ],
        "x-ms-ratelimit-remaining-subscription-deletes": [ "14999" ],
        "x-ms-correlation-request-id": [ "304b64c9-b9e1-405b-b721-518dfc3cdcb2" ],
        "x-ms-routing-request-id": [ "WESTCENTRALUS:20240506T205618Z:304b64c9-b9e1-405b-b721-518dfc3cdcb2" ],
        "Strict-Transport-Security": [ "max-age=31536000; includeSubDomains" ],
        "X-Cache": [ "CONFIG_NOCACHE" ],
        "X-MSEdge-Ref": [ "Ref A: 471F649A7F744081B17C07EF2A3FEE52 Ref B: CYS013050703047 Ref C: 2024-05-06T20:56:17Z" ],
        "Date": [ "Mon, 06 May 2024 20:56:18 GMT" ]
      },
      "ContentHeaders": {
        "Content-Length": [ "1558" ],
        "Content-Type": [ "application/json; charset=utf-8" ],
        "Expires": [ "-1" ]
      },
      "Content": "{\"name\":\"TestPackageSub\",\"id\":\"/subscriptions/dbedef25-184c-430f-b383-0eeb87c3205d/resourcegroups/alecbUserSessionTests/providers/Microsoft.DesktopVirtualization/appattachpackages/TestPackageSub\",\"type\":\"Microsoft.DesktopVirtualization/appattachpackages\",\"location\":\"westus2\",\"tags\":{},\"kind\":null,\"systemData\":{\"createdBy\":\"alecbaird@wvdtesttenant.onmicrosoft.com\",\"createdByType\":\"User\",\"createdAt\":\"2024-05-06T20:56:04.09Z\",\"lastModifiedBy\":\"alecbaird@wvdtesttenant.onmicrosoft.com\",\"lastModifiedByType\":\"User\",\"lastModifiedAt\":\"2024-05-06T20:56:04.09Z\"},\"properties\":{\"image\":{\"packageAlias\":null,\"imagePath\":\"C:\\\\\\\\msix\\\\SingleMsix.vhd\",\"packageName\":\"MsixUnitTest_Name\",\"packageFamilyName\":\"MsixUnitTest_FamilyName\",\"packageFullName\":\"AATest_FullName_UnitTest\",\"displayName\":\"UnitTest-MSIXPackage\",\"packageRelativePath\":\"MsixUnitTest_RelativePackageRoot\",\"isRegularRegistration\":true,\"isActive\":true,\"packageDependencies\":[{\"dependencyName\":\"MsixTest_Dependency_Name\",\"publisher\":\"MsixTest_Dependency_Publisher\",\"minVersion\":\"0.0.0.42\"}],\"version\":\"0.0.18838.722\",\"lastUpdated\":\"0001-01-01T00:00:00\",\"packageApplications\":[{\"appUserModelID\":\"MsixTest_Application_ModelID\",\"appId\":\"MsixTest_Application_Id\",\"description\":\"testing from ps\",\"friendlyName\":\"some name\",\"iconImageName\":\"Apptile\",\"rawIcon\":\"c29tZSBpbWFnZQ==\",\"rawPng\":\"c29tZSBpbWFnZQ==\"}],\"certificateExpiry\":\"0001-01-01T00:00:00\",\"certificateName\":null,\"isPackageTimestamped\":\"NotTimestamped\"},\"hostPoolReferences\":[],\"failHealthCheckOnStagingFailure\":\"NeedsAssistance\",\"keyVaultURL\":null}}",
      "isContentBase64": false
    }
  },
  "Get-AzWvdAppAttachPackage+[NoContext]+ListSubscription+$DELETE+https://management.azure.com/subscriptions/dbedef25-184c-430f-b383-0eeb87c3205d/resourceGroups/alecbUserSessionTests/providers/Microsoft.DesktopVirtualization/appAttachPackages/TestPackageSub2?api-version=2024-01-16-preview+5": {
    "Request": {
      "Method": "DELETE",
      "RequestUri": "https://management.azure.com/subscriptions/dbedef25-184c-430f-b383-0eeb87c3205d/resourceGroups/alecbUserSessionTests/providers/Microsoft.DesktopVirtualization/appAttachPackages/TestPackageSub2?api-version=2024-01-16-preview",
      "Content": null,
      "isContentBase64": false,
      "Headers": {
        "x-ms-unique-id": [ "16" ],
        "x-ms-client-request-id": [ "82b0a495-f8cb-4c0e-b346-78d953625443" ],
        "CommandName": [ "Remove-AzWvdAppAttachPackage" ],
        "FullCommandName": [ "Remove-AzWvdAppAttachPackage_Delete" ],
        "ParameterSetName": [ "__AllParameterSets" ],
        "User-Agent": [ "AzurePowershell/v0.0.0", "PSVersion/v7.2.19", "Az.DesktopVirtualization/2.1.0" ],
        "Authorization": [ "[Filtered]" ]
      },
      "ContentHeaders": {
      }
    },
    "Response": {
      "StatusCode": 200,
      "Headers": {
        "Cache-Control": [ "no-cache" ],
        "Pragma": [ "no-cache" ],
        "Vary": [ "Accept-Encoding" ],
        "Set-Cookie": [ "ARRAffinity=06c56b8471ef26f13c61783eeb00d8e15bf74407238d9c8d8936521d5d5d2dd0;Path=/;HttpOnly;Secure;Domain=rdarmprovider-g-us-r0.wvdselfhost.microsoft.com", "ARRAffinitySameSite=06c56b8471ef26f13c61783eeb00d8e15bf74407238d9c8d8936521d5d5d2dd0;Path=/;HttpOnly;SameSite=None;Secure;Domain=rdarmprovider-g-us-r0.wvdselfhost.microsoft.com" ],
        "x-ms-throttling-version": [ "v1" ],
        "X-Rate-Limit-Limit": [ "0" ],
        "X-Rate-Limit-Remaining": [ "9223372036854775807" ],
        "X-Rate-Limit-Reset": [ "0" ],
        "x-ms-opsarmpath64": [ "L3N1YnNjcmlwdGlvbnMvZGJlZGVmMjUtMTg0Yy00MzBmLWIzODMtMGVlYjg3YzMyMDVkL3Jlc291cmNlR3JvdXBzL2FsZWNiVXNlclNlc3Npb25UZXN0cy9wcm92aWRlcnMvTWljcm9zb2Z0LkRlc2t0b3BWaXJ0dWFsaXphdGlvbi9hcHBBdHRhY2hQYWNrYWdlcy9UZXN0UGFja2FnZVN1YjI=" ],
        "x-ms-lamport-ts": [ "158000073" ],
        "x-ms-correlation-id": [ "9493a2b3-024f-4e44-986c-f1e39d86cdeb" ],
        "x-ms-request-id": [ "82b0a495-f8cb-4c0e-b346-78d953625443" ],
        "X-Powered-By": [ "ASP.NET" ],
        "X-Content-Type-Options": [ "nosniff" ],
        "x-ms-ratelimit-remaining-subscription-deletes": [ "14999" ],
        "x-ms-correlation-request-id": [ "a2ffe311-0751-493e-9567-6ed19d3da3ca" ],
        "x-ms-routing-request-id": [ "WESTCENTRALUS:20240506T205619Z:a2ffe311-0751-493e-9567-6ed19d3da3ca" ],
        "Strict-Transport-Security": [ "max-age=31536000; includeSubDomains" ],
        "X-Cache": [ "CONFIG_NOCACHE" ],
        "X-MSEdge-Ref": [ "Ref A: 03D74B837C1949F9A6D35919CFCD121F Ref B: CYS013050703047 Ref C: 2024-05-06T20:56:18Z" ],
        "Date": [ "Mon, 06 May 2024 20:56:19 GMT" ]
      },
      "ContentHeaders": {
        "Content-Length": [ "1563" ],
        "Content-Type": [ "application/json; charset=utf-8" ],
        "Expires": [ "-1" ]
      },
      "Content": "{\"name\":\"TestPackageSub2\",\"id\":\"/subscriptions/dbedef25-184c-430f-b383-0eeb87c3205d/resourcegroups/alecbUserSessionTests/providers/Microsoft.DesktopVirtualization/appattachpackages/TestPackageSub2\",\"type\":\"Microsoft.DesktopVirtualization/appattachpackages\",\"location\":\"westus2\",\"tags\":{},\"kind\":null,\"systemData\":{\"createdBy\":\"alecbaird@wvdtesttenant.onmicrosoft.com\",\"createdByType\":\"User\",\"createdAt\":\"2024-05-06T20:56:05.64Z\",\"lastModifiedBy\":\"alecbaird@wvdtesttenant.onmicrosoft.com\",\"lastModifiedByType\":\"User\",\"lastModifiedAt\":\"2024-05-06T20:56:05.64Z\"},\"properties\":{\"image\":{\"packageAlias\":null,\"imagePath\":\"C:\\\\\\\\msix\\\\SingleMsix.vhd\",\"packageName\":\"MsixUnitTest_Name2\",\"packageFamilyName\":\"MsixUnitTest_FamilyName2\",\"packageFullName\":\"AATest_FullName_UnitTest\",\"displayName\":\"UnitTest-MSIXPackage\",\"packageRelativePath\":\"MsixUnitTest_RelativePackageRoot2\",\"isRegularRegistration\":true,\"isActive\":true,\"packageDependencies\":[{\"dependencyName\":\"MsixTest_Dependency_Name\",\"publisher\":\"MsixTest_Dependency_Publisher\",\"minVersion\":\"0.0.0.42\"}],\"version\":\"0.0.18838.722\",\"lastUpdated\":\"0001-01-01T00:00:00\",\"packageApplications\":[{\"appUserModelID\":\"MsixTest_Application_ModelID\",\"appId\":\"MsixTest_Application_Id\",\"description\":\"testing from ps\",\"friendlyName\":\"some name\",\"iconImageName\":\"Apptile\",\"rawIcon\":\"c29tZSBpbWFnZQ==\",\"rawPng\":\"c29tZSBpbWFnZQ==\"}],\"certificateExpiry\":\"0001-01-01T00:00:00\",\"certificateName\":null,\"isPackageTimestamped\":\"NotTimestamped\"},\"hostPoolReferences\":[],\"failHealthCheckOnStagingFailure\":\"NeedsAssistance\",\"keyVaultURL\":null}}",
      "isContentBase64": false
    }
  },
  "Get-AzWvdAppAttachPackage+[NoContext]+Get+$PUT+https://management.azure.com/subscriptions/dbedef25-184c-430f-b383-0eeb87c3205d/resourceGroups/alecbUserSessionTests/providers/Microsoft.DesktopVirtualization/appAttachPackages/TestPackage?api-version=2024-01-16-preview+1": {
    "Request": {
      "Method": "PUT",
      "RequestUri": "https://management.azure.com/subscriptions/dbedef25-184c-430f-b383-0eeb87c3205d/resourceGroups/alecbUserSessionTests/providers/Microsoft.DesktopVirtualization/appAttachPackages/TestPackage?api-version=2024-01-16-preview",
      "Content": "{\r\n  \"location\": \"westus2\",\r\n  \"properties\": {\r\n    \"image\": {\r\n      \"imagePath\": \"C:\\\\\\\\msix\\\\SingleMsix.vhd\",\r\n      \"packageName\": \"MsixUnitTest_Name\",\r\n      \"packageFamilyName\": \"MsixUnitTest_FamilyName\",\r\n      \"packageFullName\": \"AATest_FullName_UnitTest\",\r\n      \"displayName\": \"UnitTest-MSIXPackage\",\r\n      \"packageRelativePath\": \"MsixUnitTest_RelativePackageRoot\",\r\n      \"isRegularRegistration\": true,\r\n      \"isActive\": true,\r\n      \"packageDependencies\": [\r\n        {\r\n          \"dependencyName\": \"MsixTest_Dependency_Name\",\r\n          \"publisher\": \"MsixTest_Dependency_Publisher\",\r\n          \"minVersion\": \"0.0.0.42\"\r\n        }\r\n      ],\r\n      \"version\": \"0.0.18838.722\",\r\n      \"lastUpdated\": \"0001-01-01T00:00:00.0000000\",\r\n      \"packageApplications\": [\r\n        {\r\n          \"appId\": \"MsixTest_Application_Id\",\r\n          \"description\": \"testing from ps\",\r\n          \"appUserModelID\": \"MsixTest_Application_ModelID\",\r\n          \"friendlyName\": \"some name\",\r\n          \"iconImageName\": \"Apptile\",\r\n          \"rawIcon\": \"c29tZSBpbWFnZQ==\",\r\n          \"rawPng\": \"c29tZSBpbWFnZQ==\"\r\n        }\r\n      ]\r\n    }\r\n  }\r\n}",
      "isContentBase64": false,
      "Headers": {
      },
      "ContentHeaders": {
        "Content-Type": [ "application/json" ],
        "Content-Length": [ "1133" ]
      }
    },
    "Response": {
      "StatusCode": 201,
      "Headers": {
        "Cache-Control": [ "no-cache" ],
        "Pragma": [ "no-cache" ],
        "Location": [ "/subscriptions/dbedef25-184c-430f-b383-0eeb87c3205d/resourcegroups/alecbUserSessionTests/providers/Microsoft.DesktopVirtualization/appattachpackages/TestPackage" ],
        "Set-Cookie": [ "ARRAffinity=9d716053ef092553e7bdd2639d89f002241b80715630c2dbb839c205a5e8d5f8;Path=/;HttpOnly;Secure;Domain=rdarmprovider-g-us-r0.wvdselfhost.microsoft.com", "ARRAffinitySameSite=9d716053ef092553e7bdd2639d89f002241b80715630c2dbb839c205a5e8d5f8;Path=/;HttpOnly;SameSite=None;Secure;Domain=rdarmprovider-g-us-r0.wvdselfhost.microsoft.com" ],
        "X-Rate-Limit-Limit": [ "0" ],
        "X-Rate-Limit-Remaining": [ "9223372036854775807" ],
        "X-Rate-Limit-Reset": [ "0" ],
        "x-ms-opsarmpath64": [ "L3N1YnNjcmlwdGlvbnMvZGJlZGVmMjUtMTg0Yy00MzBmLWIzODMtMGVlYjg3YzMyMDVkL3Jlc291cmNlR3JvdXBzL2FsZWNiVXNlclNlc3Npb25UZXN0cy9wcm92aWRlcnMvTWljcm9zb2Z0LkRlc2t0b3BWaXJ0dWFsaXphdGlvbi9hcHBBdHRhY2hQYWNrYWdlcy9UZXN0UGFja2FnZQ==" ],
        "x-ms-lamport-ts": [ "158000114" ],
        "x-ms-correlation-id": [ "41e261e6-8244-4793-b84a-9294dac6bab4" ],
        "x-ms-request-id": [ "03b3ac4e-cc0a-453d-b09e-d4a1d9449139" ],
        "X-Powered-By": [ "ASP.NET" ],
        "X-Content-Type-Options": [ "nosniff" ],
        "x-ms-throttling-version": [ "v1" ],
        "x-ms-ratelimit-remaining-subscription-writes": [ "1199" ],
        "x-ms-correlation-request-id": [ "af3caace-75bb-4b05-b2cb-caeac2a3628f" ],
        "x-ms-routing-request-id": [ "WESTCENTRALUS:20240506T205621Z:af3caace-75bb-4b05-b2cb-caeac2a3628f" ],
        "Strict-Transport-Security": [ "max-age=31536000; includeSubDomains" ],
        "X-Cache": [ "CONFIG_NOCACHE" ],
        "X-MSEdge-Ref": [ "Ref A: 7EB79AD94810459DA85EF3050755C293 Ref B: CYS013050703047 Ref C: 2024-05-06T20:56:19Z" ],
        "Date": [ "Mon, 06 May 2024 20:56:21 GMT" ]
      },
      "ContentHeaders": {
        "Content-Length": [ "1552" ],
        "Content-Type": [ "application/json; charset=utf-8" ],
        "Expires": [ "-1" ]
      },
      "Content": "{\"name\":\"TestPackage\",\"id\":\"/subscriptions/dbedef25-184c-430f-b383-0eeb87c3205d/resourcegroups/alecbUserSessionTests/providers/Microsoft.DesktopVirtualization/appattachpackages/TestPackage\",\"type\":\"Microsoft.DesktopVirtualization/appattachpackages\",\"location\":\"westus2\",\"tags\":{},\"kind\":null,\"systemData\":{\"createdBy\":\"alecbaird@wvdtesttenant.onmicrosoft.com\",\"createdByType\":\"User\",\"createdAt\":\"2024-05-06T20:56:21.24Z\",\"lastModifiedBy\":\"alecbaird@wvdtesttenant.onmicrosoft.com\",\"lastModifiedByType\":\"User\",\"lastModifiedAt\":\"2024-05-06T20:56:21.24Z\"},\"properties\":{\"image\":{\"packageAlias\":null,\"imagePath\":\"C:\\\\\\\\msix\\\\SingleMsix.vhd\",\"packageName\":\"MsixUnitTest_Name\",\"packageFamilyName\":\"MsixUnitTest_FamilyName\",\"packageFullName\":\"AATest_FullName_UnitTest\",\"displayName\":\"UnitTest-MSIXPackage\",\"packageRelativePath\":\"MsixUnitTest_RelativePackageRoot\",\"isRegularRegistration\":true,\"isActive\":true,\"packageDependencies\":[{\"dependencyName\":\"MsixTest_Dependency_Name\",\"publisher\":\"MsixTest_Dependency_Publisher\",\"minVersion\":\"0.0.0.42\"}],\"version\":\"0.0.18838.722\",\"lastUpdated\":\"0001-01-01T00:00:00\",\"packageApplications\":[{\"appUserModelID\":\"MsixTest_Application_ModelID\",\"appId\":\"MsixTest_Application_Id\",\"description\":\"testing from ps\",\"friendlyName\":\"some name\",\"iconImageName\":\"Apptile\",\"rawIcon\":\"c29tZSBpbWFnZQ==\",\"rawPng\":\"c29tZSBpbWFnZQ==\"}],\"certificateExpiry\":\"0001-01-01T00:00:00\",\"certificateName\":null,\"isPackageTimestamped\":\"NotTimestamped\"},\"hostPoolReferences\":[],\"failHealthCheckOnStagingFailure\":\"NeedsAssistance\",\"keyVaultURL\":null}}",
      "isContentBase64": false
    }
  },
  "Get-AzWvdAppAttachPackage+[NoContext]+Get+$GET+https://management.azure.com/subscriptions/dbedef25-184c-430f-b383-0eeb87c3205d/resourceGroups/alecbUserSessionTests/providers/Microsoft.DesktopVirtualization/appAttachPackages/TestPackage?api-version=2024-01-16-preview+2": {
    "Request": {
      "Method": "GET",
      "RequestUri": "https://management.azure.com/subscriptions/dbedef25-184c-430f-b383-0eeb87c3205d/resourceGroups/alecbUserSessionTests/providers/Microsoft.DesktopVirtualization/appAttachPackages/TestPackage?api-version=2024-01-16-preview",
      "Content": null,
      "isContentBase64": false,
      "Headers": {
        "x-ms-unique-id": [ "18" ],
        "x-ms-client-request-id": [ "7480551b-d2e4-4308-b4cc-902416423d39" ],
        "CommandName": [ "Get-AzWvdAppAttachPackage" ],
        "FullCommandName": [ "Get-AzWvdAppAttachPackage_Get" ],
        "ParameterSetName": [ "__AllParameterSets" ],
        "User-Agent": [ "AzurePowershell/v0.0.0", "PSVersion/v7.2.19", "Az.DesktopVirtualization/2.1.0" ],
        "Authorization": [ "[Filtered]" ]
      },
      "ContentHeaders": {
      }
    },
    "Response": {
      "StatusCode": 200,
      "Headers": {
        "Cache-Control": [ "no-cache" ],
        "Pragma": [ "no-cache" ],
        "Vary": [ "Accept-Encoding" ],
        "Set-Cookie": [ "ARRAffinity=40237ffdc57de1390eeff374e782e979bae0af189a51754a0bc4cff0e861cdf3;Path=/;HttpOnly;Secure;Domain=rdarmprovider-g-us-r0.wvdselfhost.microsoft.com", "ARRAffinitySameSite=40237ffdc57de1390eeff374e782e979bae0af189a51754a0bc4cff0e861cdf3;Path=/;HttpOnly;SameSite=None;Secure;Domain=rdarmprovider-g-us-r0.wvdselfhost.microsoft.com" ],
        "x-ms-throttling-version": [ "v1" ],
        "X-Rate-Limit-Limit": [ "0" ],
        "X-Rate-Limit-Remaining": [ "9223372036854775807" ],
        "X-Rate-Limit-Reset": [ "0" ],
        "x-ms-opsarmpath64": [ "L3N1YnNjcmlwdGlvbnMvZGJlZGVmMjUtMTg0Yy00MzBmLWIzODMtMGVlYjg3YzMyMDVkL3Jlc291cmNlR3JvdXBzL2FsZWNiVXNlclNlc3Npb25UZXN0cy9wcm92aWRlcnMvTWljcm9zb2Z0LkRlc2t0b3BWaXJ0dWFsaXphdGlvbi9hcHBBdHRhY2hQYWNrYWdlcy9UZXN0UGFja2FnZQ==" ],
        "x-ms-lamport-ts": [ "158000106" ],
        "x-ms-correlation-id": [ "f9d63396-f62a-44ff-b29e-43ccb4e1a173" ],
        "x-ms-request-id": [ "7480551b-d2e4-4308-b4cc-902416423d39" ],
        "X-Powered-By": [ "ASP.NET" ],
        "X-Content-Type-Options": [ "nosniff" ],
        "x-ms-ratelimit-remaining-subscription-reads": [ "11999" ],
        "x-ms-correlation-request-id": [ "fc70f28f-0b8e-49f8-8894-bba23fa4e061" ],
        "x-ms-routing-request-id": [ "WESTCENTRALUS:20240506T205623Z:fc70f28f-0b8e-49f8-8894-bba23fa4e061" ],
        "Strict-Transport-Security": [ "max-age=31536000; includeSubDomains" ],
        "X-Cache": [ "CONFIG_NOCACHE" ],
        "X-MSEdge-Ref": [ "Ref A: 86879A49A1324EAE88449D947EEFF2E0 Ref B: CYS013050703047 Ref C: 2024-05-06T20:56:21Z" ],
        "Date": [ "Mon, 06 May 2024 20:56:22 GMT" ]
      },
      "ContentHeaders": {
        "Content-Length": [ "1552" ],
        "Content-Type": [ "application/json; charset=utf-8" ],
        "Expires": [ "-1" ]
      },
      "Content": "{\"name\":\"TestPackage\",\"id\":\"/subscriptions/dbedef25-184c-430f-b383-0eeb87c3205d/resourcegroups/alecbUserSessionTests/providers/Microsoft.DesktopVirtualization/appattachpackages/TestPackage\",\"type\":\"Microsoft.DesktopVirtualization/appattachpackages\",\"location\":\"westus2\",\"tags\":{},\"kind\":null,\"systemData\":{\"createdBy\":\"alecbaird@wvdtesttenant.onmicrosoft.com\",\"createdByType\":\"User\",\"createdAt\":\"2024-05-06T20:56:21.24Z\",\"lastModifiedBy\":\"alecbaird@wvdtesttenant.onmicrosoft.com\",\"lastModifiedByType\":\"User\",\"lastModifiedAt\":\"2024-05-06T20:56:21.24Z\"},\"properties\":{\"image\":{\"packageAlias\":null,\"imagePath\":\"C:\\\\\\\\msix\\\\SingleMsix.vhd\",\"packageName\":\"MsixUnitTest_Name\",\"packageFamilyName\":\"MsixUnitTest_FamilyName\",\"packageFullName\":\"AATest_FullName_UnitTest\",\"displayName\":\"UnitTest-MSIXPackage\",\"packageRelativePath\":\"MsixUnitTest_RelativePackageRoot\",\"isRegularRegistration\":true,\"isActive\":true,\"packageDependencies\":[{\"dependencyName\":\"MsixTest_Dependency_Name\",\"publisher\":\"MsixTest_Dependency_Publisher\",\"minVersion\":\"0.0.0.42\"}],\"version\":\"0.0.18838.722\",\"lastUpdated\":\"0001-01-01T00:00:00\",\"packageApplications\":[{\"appUserModelID\":\"MsixTest_Application_ModelID\",\"appId\":\"MsixTest_Application_Id\",\"description\":\"testing from ps\",\"friendlyName\":\"some name\",\"iconImageName\":\"Apptile\",\"rawIcon\":\"c29tZSBpbWFnZQ==\",\"rawPng\":\"c29tZSBpbWFnZQ==\"}],\"certificateExpiry\":\"0001-01-01T00:00:00\",\"certificateName\":null,\"isPackageTimestamped\":\"NotTimestamped\"},\"hostPoolReferences\":[],\"failHealthCheckOnStagingFailure\":\"NeedsAssistance\",\"keyVaultURL\":null}}",
      "isContentBase64": false
    }
  },
  "Get-AzWvdAppAttachPackage+[NoContext]+Get+$DELETE+https://management.azure.com/subscriptions/dbedef25-184c-430f-b383-0eeb87c3205d/resourceGroups/alecbUserSessionTests/providers/Microsoft.DesktopVirtualization/appAttachPackages/TestPackage?api-version=2024-01-16-preview+3": {
    "Request": {
      "Method": "DELETE",
      "RequestUri": "https://management.azure.com/subscriptions/dbedef25-184c-430f-b383-0eeb87c3205d/resourceGroups/alecbUserSessionTests/providers/Microsoft.DesktopVirtualization/appAttachPackages/TestPackage?api-version=2024-01-16-preview",
      "Content": null,
      "isContentBase64": false,
      "Headers": {
        "x-ms-unique-id": [ "19" ],
        "x-ms-client-request-id": [ "e5c069de-30a7-4375-8188-3d6e55210b41" ],
        "CommandName": [ "Remove-AzWvdAppAttachPackage" ],
        "FullCommandName": [ "Remove-AzWvdAppAttachPackage_Delete" ],
        "ParameterSetName": [ "__AllParameterSets" ],
        "User-Agent": [ "AzurePowershell/v0.0.0", "PSVersion/v7.2.19", "Az.DesktopVirtualization/2.1.0" ],
        "Authorization": [ "[Filtered]" ]
      },
      "ContentHeaders": {
      }
    },
    "Response": {
      "StatusCode": 200,
      "Headers": {
        "Cache-Control": [ "no-cache" ],
        "Pragma": [ "no-cache" ],
        "Vary": [ "Accept-Encoding" ],
        "Set-Cookie": [ "ARRAffinity=9d716053ef092553e7bdd2639d89f002241b80715630c2dbb839c205a5e8d5f8;Path=/;HttpOnly;Secure;Domain=rdarmprovider-g-us-r0.wvdselfhost.microsoft.com", "ARRAffinitySameSite=9d716053ef092553e7bdd2639d89f002241b80715630c2dbb839c205a5e8d5f8;Path=/;HttpOnly;SameSite=None;Secure;Domain=rdarmprovider-g-us-r0.wvdselfhost.microsoft.com" ],
        "x-ms-throttling-version": [ "v1" ],
        "X-Rate-Limit-Limit": [ "0" ],
        "X-Rate-Limit-Remaining": [ "9223372036854775807" ],
        "X-Rate-Limit-Reset": [ "0" ],
        "x-ms-opsarmpath64": [ "L3N1YnNjcmlwdGlvbnMvZGJlZGVmMjUtMTg0Yy00MzBmLWIzODMtMGVlYjg3YzMyMDVkL3Jlc291cmNlR3JvdXBzL2FsZWNiVXNlclNlc3Npb25UZXN0cy9wcm92aWRlcnMvTWljcm9zb2Z0LkRlc2t0b3BWaXJ0dWFsaXphdGlvbi9hcHBBdHRhY2hQYWNrYWdlcy9UZXN0UGFja2FnZQ==" ],
        "x-ms-lamport-ts": [ "158000123" ],
        "x-ms-correlation-id": [ "5f40611f-fe07-4a9d-8c70-3d83cbfaa0c0" ],
        "x-ms-request-id": [ "e5c069de-30a7-4375-8188-3d6e55210b41" ],
        "X-Powered-By": [ "ASP.NET" ],
        "X-Content-Type-Options": [ "nosniff" ],
        "x-ms-ratelimit-remaining-subscription-deletes": [ "14999" ],
        "x-ms-correlation-request-id": [ "34cb7b22-e74a-49e9-9726-142e36050343" ],
        "x-ms-routing-request-id": [ "WESTCENTRALUS:20240506T205624Z:34cb7b22-e74a-49e9-9726-142e36050343" ],
        "Strict-Transport-Security": [ "max-age=31536000; includeSubDomains" ],
        "X-Cache": [ "CONFIG_NOCACHE" ],
        "X-MSEdge-Ref": [ "Ref A: 0FACF447B5AC4A70860ED273AD12486D Ref B: CYS013050703047 Ref C: 2024-05-06T20:56:23Z" ],
        "Date": [ "Mon, 06 May 2024 20:56:24 GMT" ]
      },
      "ContentHeaders": {
        "Content-Length": [ "1552" ],
        "Content-Type": [ "application/json; charset=utf-8" ],
        "Expires": [ "-1" ]
      },
      "Content": "{\"name\":\"TestPackage\",\"id\":\"/subscriptions/dbedef25-184c-430f-b383-0eeb87c3205d/resourcegroups/alecbUserSessionTests/providers/Microsoft.DesktopVirtualization/appattachpackages/TestPackage\",\"type\":\"Microsoft.DesktopVirtualization/appattachpackages\",\"location\":\"westus2\",\"tags\":{},\"kind\":null,\"systemData\":{\"createdBy\":\"alecbaird@wvdtesttenant.onmicrosoft.com\",\"createdByType\":\"User\",\"createdAt\":\"2024-05-06T20:56:21.24Z\",\"lastModifiedBy\":\"alecbaird@wvdtesttenant.onmicrosoft.com\",\"lastModifiedByType\":\"User\",\"lastModifiedAt\":\"2024-05-06T20:56:21.24Z\"},\"properties\":{\"image\":{\"packageAlias\":null,\"imagePath\":\"C:\\\\\\\\msix\\\\SingleMsix.vhd\",\"packageName\":\"MsixUnitTest_Name\",\"packageFamilyName\":\"MsixUnitTest_FamilyName\",\"packageFullName\":\"AATest_FullName_UnitTest\",\"displayName\":\"UnitTest-MSIXPackage\",\"packageRelativePath\":\"MsixUnitTest_RelativePackageRoot\",\"isRegularRegistration\":true,\"isActive\":true,\"packageDependencies\":[{\"dependencyName\":\"MsixTest_Dependency_Name\",\"publisher\":\"MsixTest_Dependency_Publisher\",\"minVersion\":\"0.0.0.42\"}],\"version\":\"0.0.18838.722\",\"lastUpdated\":\"0001-01-01T00:00:00\",\"packageApplications\":[{\"appUserModelID\":\"MsixTest_Application_ModelID\",\"appId\":\"MsixTest_Application_Id\",\"description\":\"testing from ps\",\"friendlyName\":\"some name\",\"iconImageName\":\"Apptile\",\"rawIcon\":\"c29tZSBpbWFnZQ==\",\"rawPng\":\"c29tZSBpbWFnZQ==\"}],\"certificateExpiry\":\"0001-01-01T00:00:00\",\"certificateName\":null,\"isPackageTimestamped\":\"NotTimestamped\"},\"hostPoolReferences\":[],\"failHealthCheckOnStagingFailure\":\"NeedsAssistance\",\"keyVaultURL\":null}}",
      "isContentBase64": false
    }
  }
}