{
  "Get-AzWvdUserSession+[NoContext]+Get+$GET+https://management.azure.com/subscriptions/dbedef25-184c-430f-b383-0eeb87c3205d/resourceGroups/alecbUserSessionTests/providers/Microsoft.DesktopVirtualization/hostPools/alecbUserSessionHP/sessionHosts/userSess-sh-0/userSessions/3?api-version=2024-04-03+1": {
    "Request": {
      "Method": "GET",
      "RequestUri": "https://management.azure.com/subscriptions/dbedef25-184c-430f-b383-0eeb87c3205d/resourceGroups/alecbUserSessionTests/providers/Microsoft.DesktopVirtualization/hostPools/alecbUserSessionHP/sessionHosts/userSess-sh-0/userSessions/3?api-version=2024-04-03",
      "Content": null,
      "isContentBase64": false,
      "Headers": {
        "x-ms-unique-id": [ "154" ],
        "x-ms-client-request-id": [ "9b0c5531-c907-4696-bcee-5d889ca5bcd2" ],
        "CommandName": [ "Get-AzWvdUserSession" ],
        "FullCommandName": [ "Get-AzWvdUserSession_Get" ],
        "ParameterSetName": [ "__AllParameterSets" ],
        "User-Agent": [ "AzurePowershell/v0.0.0", "PSVersion/v7.2.19", "Az.DesktopVirtualization/2.1.0" ],
        "Authorization": [ "[Filtered]" ]
      },
      "ContentHeaders": {
      }
    },
    "Response": {
      "StatusCode": 200,
      "Headers": {
        "Cache-Control": [ "no-cache" ],
        "Pragma": [ "no-cache" ],
        "Vary": [ "Accept-Encoding" ],
        "Set-Cookie": [ "ARRAffinity=de05b342bfa7816b86cf467ecc947b8c2d1419d8d518ac9f49486dea08ed770a;Path=/;HttpOnly;Secure;Domain=rdarmprovider-g-us-r0.wvdselfhost.microsoft.com", "ARRAffinitySameSite=de05b342bfa7816b86cf467ecc947b8c2d1419d8d518ac9f49486dea08ed770a;Path=/;HttpOnly;SameSite=None;Secure;Domain=rdarmprovider-g-us-r0.wvdselfhost.microsoft.com" ],
        "x-ms-ratelimit-remaining-subscription-reads": [ "249" ],
        "X-Rate-Limit-Limit": [ "0" ],
        "X-Rate-Limit-Remaining": [ "9223372036854775807" ],
        "X-Rate-Limit-Reset": [ "0" ],
        "x-ms-opsarmpath64": [ "L3N1YnNjcmlwdGlvbnMvZGJlZGVmMjUtMTg0Yy00MzBmLWIzODMtMGVlYjg3YzMyMDVkL3Jlc291cmNlR3JvdXBzL2FsZWNiVXNlclNlc3Npb25UZXN0cy9wcm92aWRlcnMvTWljcm9zb2Z0LkRlc2t0b3BWaXJ0dWFsaXphdGlvbi9ob3N0UG9vbHMvYWxlY2JVc2VyU2Vzc2lvbkhQL3Nlc3Npb25Ib3N0cy91c2VyU2Vzcy1zaC0wL3VzZXJTZXNzaW9ucy8z" ],
        "x-ms-lamport-ts": [ "173953909" ],
        "x-ms-correlation-id": [ "19c5b41b-49ef-4544-b2c2-fb08361f2c36" ],
        "x-ms-request-id": [ "9b0c5531-c907-4696-bcee-5d889ca5bcd2" ],
        "X-Powered-By": [ "ASP.NET" ],
        "X-Content-Type-Options": [ "nosniff" ],
        "x-ms-ratelimit-remaining-subscription-global-reads": [ "3749" ],
        "x-ms-correlation-request-id": [ "a42c01bf-f09a-4e19-9066-6b601010c436" ],
        "x-ms-routing-request-id": [ "WESTUS:20240809T003507Z:a42c01bf-f09a-4e19-9066-6b601010c436" ],
        "Strict-Transport-Security": [ "max-age=31536000; includeSubDomains" ],
        "X-Cache": [ "CONFIG_NOCACHE" ],
        "X-MSEdge-Ref": [ "Ref A: 1313AB2E24E540DEBD1862EC9433D45E Ref B: SJC211051204037 Ref C: 2024-08-09T00:35:05Z" ],
        "Date": [ "Fri, 09 Aug 2024 00:35:06 GMT" ]
      },
      "ContentHeaders": {
        "Content-Length": [ "770" ],
        "Content-Type": [ "application/json; charset=utf-8" ],
        "Expires": [ "-1" ]
      },
      "Content": "{\"name\":\"alecbUserSessionHP/userSess-sh-0/3\",\"id\":\"/subscriptions/dbedef25-184c-430f-b383-0eeb87c3205d/resourcegroups/alecbUserSessionTests/providers/Microsoft.DesktopVirtualization/hostpools/alecbUserSessionHP/sessionhosts/userSess-sh-0/usersessions/3\",\"type\":\"Microsoft.DesktopVirtualization/hostpools/sessionhosts/usersessions\",\"properties\":{\"createTime\":\"2023-12-21T15:40:08.15Z\",\"userPrincipalName\":\"admin@wvdtesttenant.onmicrosoft.com\",\"sessionState\":\"Disconnected\",\"applicationType\":\"Desktop\",\"activeDirectoryUserName\":\"AzureAD\\\\PavithraThiruvengada\",\"objectId\":\"62dccf1f-6f62-42ce-9f3e-0f806623c228\"},\"systemData\":{\"createdBy\":null,\"createdByType\":null,\"createdAt\":\"2023-12-21T15:40:08.15Z\",\"lastModifiedBy\":null,\"lastModifiedByType\":null,\"lastModifiedAt\":null}}",
      "isContentBase64": false
    }
  },
  "Get-AzWvdUserSession+[NoContext]+List+$GET+https://management.azure.com/subscriptions/dbedef25-184c-430f-b383-0eeb87c3205d/resourceGroups/alecbUserSessionTests/providers/Microsoft.DesktopVirtualization/hostPools/alecbUserSessionHP/sessionHosts/userSess-sh-0/userSessions?api-version=2024-04-03+1": {
    "Request": {
      "Method": "GET",
      "RequestUri": "https://management.azure.com/subscriptions/dbedef25-184c-430f-b383-0eeb87c3205d/resourceGroups/alecbUserSessionTests/providers/Microsoft.DesktopVirtualization/hostPools/alecbUserSessionHP/sessionHosts/userSess-sh-0/userSessions?api-version=2024-04-03",
      "Content": null,
      "isContentBase64": false,
      "Headers": {
        "x-ms-unique-id": [ "155" ],
        "x-ms-client-request-id": [ "cb281c34-6e80-4d10-812c-629c999bfeaa" ],
        "CommandName": [ "Get-AzWvdUserSession" ],
        "FullCommandName": [ "Get-AzWvdUserSession_List1" ],
        "ParameterSetName": [ "__AllParameterSets" ],
        "User-Agent": [ "AzurePowershell/v0.0.0", "PSVersion/v7.2.19", "Az.DesktopVirtualization/2.1.0" ],
        "Authorization": [ "[Filtered]" ]
      },
      "ContentHeaders": {
      }
    },
    "Response": {
      "StatusCode": 200,
      "Headers": {
        "Cache-Control": [ "no-cache" ],
        "Pragma": [ "no-cache" ],
        "Vary": [ "Accept-Encoding" ],
        "Set-Cookie": [ "ARRAffinity=de05b342bfa7816b86cf467ecc947b8c2d1419d8d518ac9f49486dea08ed770a;Path=/;HttpOnly;Secure;Domain=rdarmprovider-g-us-r0.wvdselfhost.microsoft.com", "ARRAffinitySameSite=de05b342bfa7816b86cf467ecc947b8c2d1419d8d518ac9f49486dea08ed770a;Path=/;HttpOnly;SameSite=None;Secure;Domain=rdarmprovider-g-us-r0.wvdselfhost.microsoft.com" ],
        "x-ms-ratelimit-remaining-subscription-reads": [ "249" ],
        "X-Rate-Limit-Limit": [ "0" ],
        "X-Rate-Limit-Remaining": [ "9223372036854775807" ],
        "X-Rate-Limit-Reset": [ "0" ],
        "x-ms-opsarmpath64": [ "L3N1YnNjcmlwdGlvbnMvZGJlZGVmMjUtMTg0Yy00MzBmLWIzODMtMGVlYjg3YzMyMDVkL3Jlc291cmNlR3JvdXBzL2FsZWNiVXNlclNlc3Npb25UZXN0cy9wcm92aWRlcnMvTWljcm9zb2Z0LkRlc2t0b3BWaXJ0dWFsaXphdGlvbi9ob3N0UG9vbHMvYWxlY2JVc2VyU2Vzc2lvbkhQL3Nlc3Npb25Ib3N0cy91c2VyU2Vzcy1zaC0w" ],
        "x-ms-lamport-ts": [ "173953912" ],
        "x-ms-correlation-id": [ "5f609141-dbe0-4dab-94f1-160fa9095b9c" ],
        "x-ms-request-id": [ "cb281c34-6e80-4d10-812c-629c999bfeaa" ],
        "X-Powered-By": [ "ASP.NET" ],
        "X-Content-Type-Options": [ "nosniff" ],
        "x-ms-ratelimit-remaining-subscription-global-reads": [ "3749" ],
        "x-ms-correlation-request-id": [ "385a918c-a7a0-4841-a854-6c509d4134e0" ],
        "x-ms-routing-request-id": [ "WESTUS:20240809T003507Z:385a918c-a7a0-4841-a854-6c509d4134e0" ],
        "Strict-Transport-Security": [ "max-age=31536000; includeSubDomains" ],
        "X-Cache": [ "CONFIG_NOCACHE" ],
        "X-MSEdge-Ref": [ "Ref A: 729311274B0E472B92E277563CA4AD73 Ref B: SJC211051204037 Ref C: 2024-08-09T00:35:07Z" ],
        "Date": [ "Fri, 09 Aug 2024 00:35:07 GMT" ]
      },
      "ContentHeaders": {
        "Content-Length": [ "2325" ],
        "Content-Type": [ "application/json; charset=utf-8" ],
        "Expires": [ "-1" ]
      },
      "Content": "{\"value\":[{\"name\":\"alecbUserSessionHP/userSess-sh-0/2\",\"id\":\"/subscriptions/dbedef25-184c-430f-b383-0eeb87c3205d/resourcegroups/alecbUserSessionTests/providers/Microsoft.DesktopVirtualization/hostpools/alecbUserSessionHP/sessionhosts/userSess-sh-0/usersessions/2\",\"type\":\"Microsoft.DesktopVirtualization/hostpools/sessionhosts/usersessions\",\"properties\":{\"createTime\":\"2023-12-21T15:35:55.68Z\",\"userPrincipalName\":\"pwshtest2@wvdtesttenant.onmicrosoft.com\",\"sessionState\":\"Disconnected\",\"applicationType\":\"Desktop\",\"activeDirectoryUserName\":\"AzureAD\\\\PwshTest2\",\"objectId\":\"3e943c1f-b7c8-4ab6-8bec-a0998b40643a\"},\"systemData\":{\"createdBy\":null,\"createdByType\":null,\"createdAt\":\"2023-12-21T15:35:55.68Z\",\"lastModifiedBy\":null,\"lastModifiedByType\":null,\"lastModifiedAt\":null}},{\"name\":\"alecbUserSessionHP/userSess-sh-0/3\",\"id\":\"/subscriptions/dbedef25-184c-430f-b383-0eeb87c3205d/resourcegroups/alecbUserSessionTests/providers/Microsoft.DesktopVirtualization/hostpools/alecbUserSessionHP/sessionhosts/userSess-sh-0/usersessions/3\",\"type\":\"Microsoft.DesktopVirtualization/hostpools/sessionhosts/usersessions\",\"properties\":{\"createTime\":\"2023-12-21T15:40:08.15Z\",\"userPrincipalName\":\"admin@wvdtesttenant.onmicrosoft.com\",\"sessionState\":\"Disconnected\",\"applicationType\":\"Desktop\",\"activeDirectoryUserName\":\"AzureAD\\\\PavithraThiruvengada\",\"objectId\":\"62dccf1f-6f62-42ce-9f3e-0f806623c228\"},\"systemData\":{\"createdBy\":null,\"createdByType\":null,\"createdAt\":\"2023-12-21T15:40:08.15Z\",\"lastModifiedBy\":null,\"lastModifiedByType\":null,\"lastModifiedAt\":null}},{\"name\":\"alecbUserSessionHP/userSess-sh-0/5\",\"id\":\"/subscriptions/dbedef25-184c-430f-b383-0eeb87c3205d/resourcegroups/alecbUserSessionTests/providers/Microsoft.DesktopVirtualization/hostpools/alecbUserSessionHP/sessionhosts/userSess-sh-0/usersessions/5\",\"type\":\"Microsoft.DesktopVirtualization/hostpools/sessionhosts/usersessions\",\"properties\":{\"createTime\":\"2023-12-21T17:34:55.17Z\",\"userPrincipalName\":\"pwshtest1@wvdtesttenant.onmicrosoft.com\",\"sessionState\":\"Disconnected\",\"applicationType\":\"Desktop\",\"activeDirectoryUserName\":\"AzureAD\\\\PwshTest\",\"objectId\":\"209fe1c7-dd4b-48d3-bb1d-ba2b76b87735\"},\"systemData\":{\"createdBy\":null,\"createdByType\":null,\"createdAt\":\"2023-12-21T17:34:55.17Z\",\"lastModifiedBy\":null,\"lastModifiedByType\":null,\"lastModifiedAt\":null}}],\"nextLink\":null}",
      "isContentBase64": false
    }
  },
  "Get-AzWvdUserSession+[NoContext]+List HostPool Level+$GET+https://management.azure.com/subscriptions/dbedef25-184c-430f-b383-0eeb87c3205d/resourceGroups/alecbUserSessionTests/providers/Microsoft.DesktopVirtualization/hostPools/alecbUserSessionHP/userSessions?api-version=2024-04-03+1": {
    "Request": {
      "Method": "GET",
      "RequestUri": "https://management.azure.com/subscriptions/dbedef25-184c-430f-b383-0eeb87c3205d/resourceGroups/alecbUserSessionTests/providers/Microsoft.DesktopVirtualization/hostPools/alecbUserSessionHP/userSessions?api-version=2024-04-03",
      "Content": null,
      "isContentBase64": false,
      "Headers": {
        "x-ms-unique-id": [ "156" ],
        "x-ms-client-request-id": [ "6de24540-64d5-4823-b81c-757235d29eb1" ],
        "CommandName": [ "Get-AzWvdUserSession" ],
        "FullCommandName": [ "Get-AzWvdUserSession_List" ],
        "ParameterSetName": [ "__AllParameterSets" ],
        "User-Agent": [ "AzurePowershell/v0.0.0", "PSVersion/v7.2.19", "Az.DesktopVirtualization/2.1.0" ],
        "Authorization": [ "[Filtered]" ]
      },
      "ContentHeaders": {
      }
    },
    "Response": {
      "StatusCode": 200,
      "Headers": {
        "Cache-Control": [ "no-cache" ],
        "Pragma": [ "no-cache" ],
        "Vary": [ "Accept-Encoding" ],
        "Set-Cookie": [ "ARRAffinity=39d91f16fdd59b39d7a07780844d80b88a73a7f54a8a5e7eeddb8cc0cb631057;Path=/;HttpOnly;Secure;Domain=rdarmprovider-g-us-r0.wvdselfhost.microsoft.com", "ARRAffinitySameSite=39d91f16fdd59b39d7a07780844d80b88a73a7f54a8a5e7eeddb8cc0cb631057;Path=/;HttpOnly;SameSite=None;Secure;Domain=rdarmprovider-g-us-r0.wvdselfhost.microsoft.com" ],
        "x-ms-ratelimit-remaining-subscription-reads": [ "249" ],
        "X-Rate-Limit-Limit": [ "0" ],
        "X-Rate-Limit-Remaining": [ "9223372036854775807" ],
        "X-Rate-Limit-Reset": [ "0" ],
        "x-ms-opsarmpath64": [ "L3N1YnNjcmlwdGlvbnMvZGJlZGVmMjUtMTg0Yy00MzBmLWIzODMtMGVlYjg3YzMyMDVkL3Jlc291cmNlR3JvdXBzL2FsZWNiVXNlclNlc3Npb25UZXN0cy9wcm92aWRlcnMvTWljcm9zb2Z0LkRlc2t0b3BWaXJ0dWFsaXphdGlvbi9ob3N0UG9vbHMvYWxlY2JVc2VyU2Vzc2lvbkhQ" ],
        "x-ms-lamport-ts": [ "173953878" ],
        "x-ms-correlation-id": [ "949865a1-73c1-46a7-9417-b8dccad8ea6e" ],
        "x-ms-request-id": [ "6de24540-64d5-4823-b81c-757235d29eb1" ],
        "X-Powered-By": [ "ASP.NET" ],
        "X-Content-Type-Options": [ "nosniff" ],
        "x-ms-ratelimit-remaining-subscription-global-reads": [ "3749" ],
        "x-ms-correlation-request-id": [ "20fcd961-266d-4c38-bfd9-71ec940784d2" ],
        "x-ms-routing-request-id": [ "WESTUS:20240809T003507Z:20fcd961-266d-4c38-bfd9-71ec940784d2" ],
        "Strict-Transport-Security": [ "max-age=31536000; includeSubDomains" ],
        "X-Cache": [ "CONFIG_NOCACHE" ],
        "X-MSEdge-Ref": [ "Ref A: D4282A22EBC24FE287C4FA8EFD90E2AF Ref B: SJC211051204037 Ref C: 2024-08-09T00:35:07Z" ],
        "Date": [ "Fri, 09 Aug 2024 00:35:07 GMT" ]
      },
      "ContentHeaders": {
        "Content-Length": [ "1896" ],
        "Content-Type": [ "application/json; charset=utf-8" ],
        "Expires": [ "-1" ]
      },
      "Content": "{\"value\":[{\"name\":\"alecbUserSessionHP/userSess-sh-0/3\",\"id\":\"/subscriptions/dbedef25-184c-430f-b383-0eeb87c3205d/resourcegroups/alecbUserSessionTests/providers/Microsoft.DesktopVirtualization/hostpools/alecbUserSessionHP/sessionhosts/userSess-sh-0/usersessions/3\",\"type\":\"Microsoft.DesktopVirtualization/hostpools/sessionhosts/usersessions\",\"properties\":{\"createTime\":\"2023-12-21T15:40:08.15Z\",\"userPrincipalName\":\"admin@wvdtesttenant.onmicrosoft.com\",\"sessionState\":\"Disconnected\",\"applicationType\":\"Desktop\",\"activeDirectoryUserName\":\"AzureAD\\\\PavithraThiruvengada\",\"objectId\":\"62dccf1f-6f62-42ce-9f3e-0f806623c228\"},\"systemData\":null},{\"name\":\"alecbUserSessionHP/userSess-sh-0/5\",\"id\":\"/subscriptions/dbedef25-184c-430f-b383-0eeb87c3205d/resourcegroups/alecbUserSessionTests/providers/Microsoft.DesktopVirtualization/hostpools/alecbUserSessionHP/sessionhosts/userSess-sh-0/usersessions/5\",\"type\":\"Microsoft.DesktopVirtualization/hostpools/sessionhosts/usersessions\",\"properties\":{\"createTime\":\"2023-12-21T17:34:55.17Z\",\"userPrincipalName\":\"pwshtest1@wvdtesttenant.onmicrosoft.com\",\"sessionState\":\"Disconnected\",\"applicationType\":\"Desktop\",\"activeDirectoryUserName\":\"AzureAD\\\\PwshTest\",\"objectId\":\"209fe1c7-dd4b-48d3-bb1d-ba2b76b87735\"},\"systemData\":null},{\"name\":\"alecbUserSessionHP/userSess-sh-0/2\",\"id\":\"/subscriptions/dbedef25-184c-430f-b383-0eeb87c3205d/resourcegroups/alecbUserSessionTests/providers/Microsoft.DesktopVirtualization/hostpools/alecbUserSessionHP/sessionhosts/userSess-sh-0/usersessions/2\",\"type\":\"Microsoft.DesktopVirtualization/hostpools/sessionhosts/usersessions\",\"properties\":{\"createTime\":\"2023-12-21T15:35:55.68Z\",\"userPrincipalName\":\"pwshtest2@wvdtesttenant.onmicrosoft.com\",\"sessionState\":\"Disconnected\",\"applicationType\":\"Desktop\",\"activeDirectoryUserName\":\"AzureAD\\\\PwshTest2\",\"objectId\":\"3e943c1f-b7c8-4ab6-8bec-a0998b40643a\"},\"systemData\":null}],\"nextLink\":null}",
      "isContentBase64": false
    }
  }
}