{
  "New-AzWvdWorkspace+[NoContext]+Create+$PUT+https://management.azure.com/subscriptions/dbedef25-184c-430f-b383-0eeb87c3205d/resourceGroups/alecbUserSessionTests/providers/Microsoft.DesktopVirtualization/workspaces/WorkspacePowershell1?api-version=2024-04-03+1": {
    "Request": {
      "Method": "PUT",
      "RequestUri": "https://management.azure.com/subscriptions/dbedef25-184c-430f-b383-0eeb87c3205d/resourceGroups/alecbUserSessionTests/providers/Microsoft.DesktopVirtualization/workspaces/WorkspacePowershell1?api-version=2024-04-03",
      "Content": "{\r\n  \"location\": \"westus2\",\r\n  \"properties\": {\r\n    \"description\": \"des\",\r\n    \"friendlyName\": \"fri\"\r\n  }\r\n}",
      "isContentBase64": false,
      "Headers": {
      },
      "ContentHeaders": {
        "Content-Type": [ "application/json" ],
        "Content-Length": [ "108" ]
      }
    },
    "Response": {
      "StatusCode": 201,
      "Headers": {
        "Cache-Control": [ "no-cache" ],
        "Pragma": [ "no-cache" ],
        "Location": [ "/subscriptions/dbedef25-184c-430f-b383-0eeb87c3205d/resourcegroups/alecbUserSessionTests/providers/Microsoft.DesktopVirtualization/workspaces/WorkspacePowershell1" ],
        "Set-Cookie": [ "ARRAffinity=de05b342bfa7816b86cf467ecc947b8c2d1419d8d518ac9f49486dea08ed770a;Path=/;HttpOnly;Secure;Domain=rdarmprovider-g-us-r0.wvdselfhost.microsoft.com", "ARRAffinitySameSite=de05b342bfa7816b86cf467ecc947b8c2d1419d8d518ac9f49486dea08ed770a;Path=/;HttpOnly;SameSite=None;Secure;Domain=rdarmprovider-g-us-r0.wvdselfhost.microsoft.com" ],
        "X-Rate-Limit-Limit": [ "0" ],
        "X-Rate-Limit-Remaining": [ "9223372036854775807" ],
        "X-Rate-Limit-Reset": [ "0" ],
        "x-ms-opsarmpath64": [ "L3N1YnNjcmlwdGlvbnMvZGJlZGVmMjUtMTg0Yy00MzBmLWIzODMtMGVlYjg3YzMyMDVkL3Jlc291cmNlR3JvdXBzL2FsZWNiVXNlclNlc3Npb25UZXN0cy9wcm92aWRlcnMvTWljcm9zb2Z0LkRlc2t0b3BWaXJ0dWFsaXphdGlvbi93b3Jrc3BhY2VzL1dvcmtzcGFjZVBvd2Vyc2hlbGwx" ],
        "x-ms-lamport-ts": [ "173950358" ],
        "x-ms-correlation-id": [ "3bac6d07-af06-4a27-b26f-fe516c6913a2" ],
        "x-ms-request-id": [ "03ec6c17-f1f9-45a4-9ab8-8611d2b23215" ],
        "X-Powered-By": [ "ASP.NET" ],
        "X-Content-Type-Options": [ "nosniff" ],
        "x-ms-ratelimit-remaining-subscription-writes": [ "199" ],
        "x-ms-ratelimit-remaining-subscription-global-writes": [ "2999" ],
        "x-ms-correlation-request-id": [ "8dc66e3e-8431-4b16-9f9c-44913020ac57" ],
        "x-ms-routing-request-id": [ "WESTUS:20240808T232810Z:8dc66e3e-8431-4b16-9f9c-44913020ac57" ],
        "Strict-Transport-Security": [ "max-age=31536000; includeSubDomains" ],
        "X-Cache": [ "CONFIG_NOCACHE" ],
        "X-MSEdge-Ref": [ "Ref A: 30D32CBF437B4E62A16CFD2E91D05C64 Ref B: SJC211051201027 Ref C: 2024-08-08T23:28:09Z" ],
        "Date": [ "Thu, 08 Aug 2024 23:28:10 GMT" ]
      },
      "ContentHeaders": {
        "Content-Length": [ "784" ],
        "Content-Type": [ "application/json; charset=utf-8" ],
        "Expires": [ "-1" ]
      },
      "Content": "{\"name\":\"WorkspacePowershell1\",\"id\":\"/subscriptions/dbedef25-184c-430f-b383-0eeb87c3205d/resourcegroups/alecbUserSessionTests/providers/Microsoft.DesktopVirtualization/workspaces/WorkspacePowershell1\",\"type\":\"Microsoft.DesktopVirtualization/workspaces\",\"location\":\"westus2\",\"tags\":{},\"kind\":null,\"systemData\":{\"createdBy\":\"alecbaird@wvdtesttenant.onmicrosoft.com\",\"createdByType\":\"User\",\"createdAt\":\"2024-08-08T23:28:10.00Z\",\"lastModifiedBy\":\"alecbaird@wvdtesttenant.onmicrosoft.com\",\"lastModifiedByType\":\"User\",\"lastModifiedAt\":\"2024-08-08T23:28:10.00Z\"},\"properties\":{\"privateEndpointConnections\":null,\"publicNetworkAccess\":\"Enabled\",\"description\":\"des\",\"friendlyName\":\"fri\",\"applicationGroupReferences\":[],\"cloudPcResource\":false,\"objectId\":\"8f249bf5-8df5-42dd-bba4-3c1bbad3f1f7\"}}",
      "isContentBase64": false
    }
  },
  "New-AzWvdWorkspace+[NoContext]+Create+$GET+https://management.azure.com/subscriptions/dbedef25-184c-430f-b383-0eeb87c3205d/resourceGroups/alecbUserSessionTests/providers/Microsoft.DesktopVirtualization/workspaces/WorkspacePowershell1?api-version=2024-04-03+2": {
    "Request": {
      "Method": "GET",
      "RequestUri": "https://management.azure.com/subscriptions/dbedef25-184c-430f-b383-0eeb87c3205d/resourceGroups/alecbUserSessionTests/providers/Microsoft.DesktopVirtualization/workspaces/WorkspacePowershell1?api-version=2024-04-03",
      "Content": null,
      "isContentBase64": false,
      "Headers": {
        "x-ms-unique-id": [ "243" ],
        "x-ms-client-request-id": [ "d4e2a39d-0b45-4a4e-8d93-c98f67c6df31" ],
        "CommandName": [ "Get-AzWvdWorkspace" ],
        "FullCommandName": [ "Get-AzWvdWorkspace_Get" ],
        "ParameterSetName": [ "__AllParameterSets" ],
        "User-Agent": [ "AzurePowershell/v0.0.0", "PSVersion/v7.2.19", "Az.DesktopVirtualization/2.1.0" ],
        "Authorization": [ "[Filtered]" ]
      },
      "ContentHeaders": {
      }
    },
    "Response": {
      "StatusCode": 200,
      "Headers": {
        "Cache-Control": [ "no-cache" ],
        "Pragma": [ "no-cache" ],
        "Vary": [ "Accept-Encoding" ],
        "Set-Cookie": [ "ARRAffinity=bcbcd66544f5ddaf4cbead41410626b9ca9d605ee7d3a04c141d9e19b964fb41;Path=/;HttpOnly;Secure;Domain=rdarmprovider-g-us-r0.wvdselfhost.microsoft.com", "ARRAffinitySameSite=bcbcd66544f5ddaf4cbead41410626b9ca9d605ee7d3a04c141d9e19b964fb41;Path=/;HttpOnly;SameSite=None;Secure;Domain=rdarmprovider-g-us-r0.wvdselfhost.microsoft.com" ],
        "x-ms-ratelimit-remaining-subscription-reads": [ "249" ],
        "X-Rate-Limit-Limit": [ "0" ],
        "X-Rate-Limit-Remaining": [ "9223372036854775807" ],
        "X-Rate-Limit-Reset": [ "0" ],
        "x-ms-opsarmpath64": [ "L3N1YnNjcmlwdGlvbnMvZGJlZGVmMjUtMTg0Yy00MzBmLWIzODMtMGVlYjg3YzMyMDVkL3Jlc291cmNlR3JvdXBzL2FsZWNiVXNlclNlc3Npb25UZXN0cy9wcm92aWRlcnMvTWljcm9zb2Z0LkRlc2t0b3BWaXJ0dWFsaXphdGlvbi93b3Jrc3BhY2VzL1dvcmtzcGFjZVBvd2Vyc2hlbGwx" ],
        "x-ms-lamport-ts": [ "173950360" ],
        "x-ms-correlation-id": [ "bdac6bba-11e7-4bcd-a7a2-74005dd9b6ff" ],
        "x-ms-request-id": [ "d4e2a39d-0b45-4a4e-8d93-c98f67c6df31" ],
        "X-Powered-By": [ "ASP.NET" ],
        "X-Content-Type-Options": [ "nosniff" ],
        "x-ms-ratelimit-remaining-subscription-global-reads": [ "3749" ],
        "x-ms-correlation-request-id": [ "02348420-6ea4-44de-b64b-998576e97c3e" ],
        "x-ms-routing-request-id": [ "WESTUS:20240808T232810Z:02348420-6ea4-44de-b64b-998576e97c3e" ],
        "Strict-Transport-Security": [ "max-age=31536000; includeSubDomains" ],
        "X-Cache": [ "CONFIG_NOCACHE" ],
        "X-MSEdge-Ref": [ "Ref A: B8FBB35B95774D16A92F06240C91D0F2 Ref B: SJC211051201027 Ref C: 2024-08-08T23:28:10Z" ],
        "Date": [ "Thu, 08 Aug 2024 23:28:10 GMT" ]
      },
      "ContentHeaders": {
        "Content-Length": [ "782" ],
        "Content-Type": [ "application/json; charset=utf-8" ],
        "Expires": [ "-1" ]
      },
      "Content": "{\"name\":\"WorkspacePowershell1\",\"id\":\"/subscriptions/dbedef25-184c-430f-b383-0eeb87c3205d/resourcegroups/alecbUserSessionTests/providers/Microsoft.DesktopVirtualization/workspaces/WorkspacePowershell1\",\"type\":\"Microsoft.DesktopVirtualization/workspaces\",\"location\":\"westus2\",\"tags\":{},\"kind\":null,\"systemData\":{\"createdBy\":\"alecbaird@wvdtesttenant.onmicrosoft.com\",\"createdByType\":\"User\",\"createdAt\":\"2024-08-08T23:28:10.00Z\",\"lastModifiedBy\":\"alecbaird@wvdtesttenant.onmicrosoft.com\",\"lastModifiedByType\":\"User\",\"lastModifiedAt\":\"2024-08-08T23:28:10.00Z\"},\"properties\":{\"privateEndpointConnections\":[],\"publicNetworkAccess\":\"Enabled\",\"description\":\"des\",\"friendlyName\":\"fri\",\"applicationGroupReferences\":[],\"cloudPcResource\":false,\"objectId\":\"8f249bf5-8df5-42dd-bba4-3c1bbad3f1f7\"}}",
      "isContentBase64": false
    }
  },
  "New-AzWvdWorkspace+[NoContext]+Create+$DELETE+https://management.azure.com/subscriptions/dbedef25-184c-430f-b383-0eeb87c3205d/resourceGroups/alecbUserSessionTests/providers/Microsoft.DesktopVirtualization/workspaces/WorkspacePowershell1?api-version=2024-04-03+3": {
    "Request": {
      "Method": "DELETE",
      "RequestUri": "https://management.azure.com/subscriptions/dbedef25-184c-430f-b383-0eeb87c3205d/resourceGroups/alecbUserSessionTests/providers/Microsoft.DesktopVirtualization/workspaces/WorkspacePowershell1?api-version=2024-04-03",
      "Content": null,
      "isContentBase64": false,
      "Headers": {
        "x-ms-unique-id": [ "244" ],
        "x-ms-client-request-id": [ "107f11b6-5924-4bc2-9911-57e1367f24a1" ],
        "CommandName": [ "Remove-AzWvdWorkspace" ],
        "FullCommandName": [ "Remove-AzWvdWorkspace_Delete" ],
        "ParameterSetName": [ "__AllParameterSets" ],
        "User-Agent": [ "AzurePowershell/v0.0.0", "PSVersion/v7.2.19", "Az.DesktopVirtualization/2.1.0" ],
        "Authorization": [ "[Filtered]" ]
      },
      "ContentHeaders": {
      }
    },
    "Response": {
      "StatusCode": 200,
      "Headers": {
        "Cache-Control": [ "no-cache" ],
        "Pragma": [ "no-cache" ],
        "Vary": [ "Accept-Encoding" ],
        "Set-Cookie": [ "ARRAffinity=39d91f16fdd59b39d7a07780844d80b88a73a7f54a8a5e7eeddb8cc0cb631057;Path=/;HttpOnly;Secure;Domain=rdarmprovider-g-us-r0.wvdselfhost.microsoft.com", "ARRAffinitySameSite=39d91f16fdd59b39d7a07780844d80b88a73a7f54a8a5e7eeddb8cc0cb631057;Path=/;HttpOnly;SameSite=None;Secure;Domain=rdarmprovider-g-us-r0.wvdselfhost.microsoft.com" ],
        "x-ms-ratelimit-remaining-subscription-deletes": [ "199" ],
        "X-Rate-Limit-Limit": [ "0" ],
        "X-Rate-Limit-Remaining": [ "9223372036854775807" ],
        "X-Rate-Limit-Reset": [ "0" ],
        "x-ms-opsarmpath64": [ "L3N1YnNjcmlwdGlvbnMvZGJlZGVmMjUtMTg0Yy00MzBmLWIzODMtMGVlYjg3YzMyMDVkL3Jlc291cmNlR3JvdXBzL2FsZWNiVXNlclNlc3Npb25UZXN0cy9wcm92aWRlcnMvTWljcm9zb2Z0LkRlc2t0b3BWaXJ0dWFsaXphdGlvbi93b3Jrc3BhY2VzL1dvcmtzcGFjZVBvd2Vyc2hlbGwx" ],
        "x-ms-lamport-ts": [ "173950345" ],
        "x-ms-correlation-id": [ "b092a30c-f9f5-4af9-82ad-0725e4bf3e0f" ],
        "x-ms-request-id": [ "107f11b6-5924-4bc2-9911-57e1367f24a1" ],
        "X-Powered-By": [ "ASP.NET" ],
        "X-Content-Type-Options": [ "nosniff" ],
        "x-ms-ratelimit-remaining-subscription-global-deletes": [ "2999" ],
        "x-ms-correlation-request-id": [ "0a3c00a1-3346-4efa-a9c6-dce1e20e704c" ],
        "x-ms-routing-request-id": [ "WESTUS:20240808T232811Z:0a3c00a1-3346-4efa-a9c6-dce1e20e704c" ],
        "Strict-Transport-Security": [ "max-age=31536000; includeSubDomains" ],
        "X-Cache": [ "CONFIG_NOCACHE" ],
        "X-MSEdge-Ref": [ "Ref A: DD26D8130345478595819F89D21E7E03 Ref B: SJC211051201027 Ref C: 2024-08-08T23:28:10Z" ],
        "Date": [ "Thu, 08 Aug 2024 23:28:11 GMT" ]
      },
      "ContentHeaders": {
        "Content-Length": [ "540" ],
        "Content-Type": [ "application/json; charset=utf-8" ],
        "Expires": [ "-1" ]
      },
      "Content": "{\"name\":\"WorkspacePowershell1\",\"id\":\"/subscriptions/dbedef25-184c-430f-b383-0eeb87c3205d/resourcegroups/alecbUserSessionTests/providers/Microsoft.DesktopVirtualization/workspaces/WorkspacePowershell1\",\"type\":\"Microsoft.DesktopVirtualization/workspaces\",\"location\":\"westus2\",\"tags\":{},\"kind\":null,\"systemData\":null,\"properties\":{\"privateEndpointConnections\":[],\"publicNetworkAccess\":\"Enabled\",\"description\":\"des\",\"friendlyName\":\"fri\",\"applicationGroupReferences\":[],\"cloudPcResource\":false,\"objectId\":\"8f249bf5-8df5-42dd-bba4-3c1bbad3f1f7\"}}",
      "isContentBase64": false
    }
  }
}