{
  "Remove-AzWvdScalingPlanPooledSchedule+[NoContext]+Delete+$PUT+https://management.azure.com/subscriptions/dbedef25-184c-430f-b383-0eeb87c3205d/resourceGroups/alecbUserSessionTests/providers/Microsoft.DesktopVirtualization/scalingPlans/ScalingPlanPowershellContained1?api-version=2024-03-06-preview+1": {
    "Request": {
      "Method": "PUT",
      "RequestUri": "https://management.azure.com/subscriptions/dbedef25-184c-430f-b383-0eeb87c3205d/resourceGroups/alecbUserSessionTests/providers/Microsoft.DesktopVirtualization/scalingPlans/ScalingPlanPowershellContained1?api-version=2024-03-06-preview",
      "Content": "{\r\n  \"location\": \"westus2\",\r\n  \"properties\": {\r\n    \"description\": \"desc\",\r\n    \"friendlyName\": \"fri\",\r\n    \"timeZone\": \"Pacific Standard Time\",\r\n    \"hostPoolType\": \"Pooled\",\r\n    \"schedules\": [ ],\r\n    \"hostPoolReferences\": [ ]\r\n  }\r\n}",
      "isContentBase64": false,
      "Headers": {
      },
      "ContentHeaders": {
        "Content-Type": [ "application/json" ],
        "Content-Length": [ "237" ]
      }
    },
    "Response": {
      "StatusCode": 201,
      "Headers": {
        "Cache-Control": [ "no-cache" ],
        "Pragma": [ "no-cache" ],
        "Location": [ "/subscriptions/dbedef25-184c-430f-b383-0eeb87c3205d/resourcegroups/alecbUserSessionTests/providers/Microsoft.DesktopVirtualization/scalingplans/ScalingPlanPowershellContained1" ],
        "Set-Cookie": [ "ARRAffinity=bcbcd66544f5ddaf4cbead41410626b9ca9d605ee7d3a04c141d9e19b964fb41;Path=/;HttpOnly;Secure;Domain=rdarmprovider-g-us-r0.wvdselfhost.microsoft.com", "ARRAffinitySameSite=bcbcd66544f5ddaf4cbead41410626b9ca9d605ee7d3a04c141d9e19b964fb41;Path=/;HttpOnly;SameSite=None;Secure;Domain=rdarmprovider-g-us-r0.wvdselfhost.microsoft.com" ],
        "X-Rate-Limit-Limit": [ "0" ],
        "X-Rate-Limit-Remaining": [ "9223372036854775807" ],
        "X-Rate-Limit-Reset": [ "0" ],
        "x-ms-opsarmpath64": [ "L3N1YnNjcmlwdGlvbnMvZGJlZGVmMjUtMTg0Yy00MzBmLWIzODMtMGVlYjg3YzMyMDVkL3Jlc291cmNlR3JvdXBzL2FsZWNiVXNlclNlc3Npb25UZXN0cy9wcm92aWRlcnMvTWljcm9zb2Z0LkRlc2t0b3BWaXJ0dWFsaXphdGlvbi9zY2FsaW5nUGxhbnMvU2NhbGluZ1BsYW5Qb3dlcnNoZWxsQ29udGFpbmVkMQ==" ],
        "x-ms-lamport-ts": [ "175518468" ],
        "x-ms-correlation-id": [ "ed491df8-b9ad-46d7-a96a-78e14e8f4387" ],
        "x-ms-request-id": [ "3a153e93-86d5-45dc-a164-7ce11f9d64f3" ],
        "X-Powered-By": [ "ASP.NET" ],
        "X-Content-Type-Options": [ "nosniff" ],
        "x-ms-ratelimit-remaining-subscription-writes": [ "199" ],
        "x-ms-ratelimit-remaining-subscription-global-writes": [ "2999" ],
        "x-ms-correlation-request-id": [ "65d56073-483b-4b89-bc42-2131c1078072" ],
        "x-ms-routing-request-id": [ "WESTUS:20240820T202105Z:65d56073-483b-4b89-bc42-2131c1078072" ],
        "Strict-Transport-Security": [ "max-age=31536000; includeSubDomains" ],
        "X-Cache": [ "CONFIG_NOCACHE" ],
        "X-MSEdge-Ref": [ "Ref A: B2180B6DDCA6498DB4B13C77F182A100 Ref B: SJC211051201029 Ref C: 2024-08-20T20:21:04Z" ],
        "Date": [ "Tue, 20 Aug 2024 20:21:04 GMT" ]
      },
      "ContentHeaders": {
        "Content-Length": [ "807" ],
        "Content-Type": [ "application/json; charset=utf-8" ],
        "Expires": [ "-1" ]
      },
      "Content": "{\"name\":\"ScalingPlanPowershellContained1\",\"id\":\"/subscriptions/dbedef25-184c-430f-b383-0eeb87c3205d/resourcegroups/alecbUserSessionTests/providers/Microsoft.DesktopVirtualization/scalingplans/ScalingPlanPowershellContained1\",\"type\":\"Microsoft.DesktopVirtualization/scalingplans\",\"location\":\"westus2\",\"tags\":null,\"kind\":null,\"systemData\":{\"createdBy\":\"alecbaird@wvdtesttenant.onmicrosoft.com\",\"createdByType\":\"User\",\"createdAt\":\"2024-08-20T20:21:04.89Z\",\"lastModifiedBy\":\"alecbaird@wvdtesttenant.onmicrosoft.com\",\"lastModifiedByType\":\"User\",\"lastModifiedAt\":\"2024-08-20T20:21:04.89Z\"},\"properties\":{\"description\":\"desc\",\"friendlyName\":\"fri\",\"timeZone\":\"Pacific Standard Time\",\"hostPoolType\":\"Pooled\",\"exclusionTag\":\"\",\"schedules\":[],\"hostPoolReferences\":[],\"objectId\":\"f52760f0-6a7a-4cd8-99aa-3e3fb53c282b\"}}",
      "isContentBase64": false
    }
  },
  "Remove-AzWvdScalingPlanPooledSchedule+[NoContext]+Delete+$PUT+https://management.azure.com/subscriptions/dbedef25-184c-430f-b383-0eeb87c3205d/resourceGroups/alecbUserSessionTests/providers/Microsoft.DesktopVirtualization/scalingPlans/ScalingPlanPowershellContained1/pooledSchedules/PooledSchedule1?api-version=2024-03-06-preview+2": {
    "Request": {
      "Method": "PUT",
      "RequestUri": "https://management.azure.com/subscriptions/dbedef25-184c-430f-b383-0eeb87c3205d/resourceGroups/alecbUserSessionTests/providers/Microsoft.DesktopVirtualization/scalingPlans/ScalingPlanPowershellContained1/pooledSchedules/PooledSchedule1?api-version=2024-03-06-preview",
      "Content": "{\r\n  \"properties\": {\r\n    \"rampUpStartTime\": {\r\n      \"hour\": 6,\r\n      \"minute\": 0\r\n    },\r\n    \"peakStartTime\": {\r\n      \"hour\": 8,\r\n      \"minute\": 15\r\n    },\r\n    \"rampDownStartTime\": {\r\n      \"hour\": 16,\r\n      \"minute\": 30\r\n    },\r\n    \"offPeakStartTime\": {\r\n      \"hour\": 18,\r\n      \"minute\": 45\r\n    },\r\n    \"daysOfWeek\": [ \"Monday\", \"Tuesday\", \"Wednesday\" ],\r\n    \"rampUpLoadBalancingAlgorithm\": \"BreadthFirst\",\r\n    \"rampUpMinimumHostsPct\": 1,\r\n    \"rampUpCapacityThresholdPct\": 10,\r\n    \"peakLoadBalancingAlgorithm\": \"BreadthFirst\",\r\n    \"rampDownLoadBalancingAlgorithm\": \"BreadthFirst\",\r\n    \"rampDownCapacityThresholdPct\": 10,\r\n    \"offPeakLoadBalancingAlgorithm\": \"BreadthFirst\"\r\n  }\r\n}",
      "isContentBase64": false,
      "Headers": {
      },
      "ContentHeaders": {
        "Content-Type": [ "application/json" ],
        "Content-Length": [ "700" ]
      }
    },
    "Response": {
      "StatusCode": 200,
      "Headers": {
        "Cache-Control": [ "no-cache" ],
        "Pragma": [ "no-cache" ],
        "Vary": [ "Accept-Encoding" ],
        "Set-Cookie": [ "ARRAffinity=de05b342bfa7816b86cf467ecc947b8c2d1419d8d518ac9f49486dea08ed770a;Path=/;HttpOnly;Secure;Domain=rdarmprovider-g-us-r0.wvdselfhost.microsoft.com", "ARRAffinitySameSite=de05b342bfa7816b86cf467ecc947b8c2d1419d8d518ac9f49486dea08ed770a;Path=/;HttpOnly;SameSite=None;Secure;Domain=rdarmprovider-g-us-r0.wvdselfhost.microsoft.com" ],
        "x-ms-ratelimit-remaining-subscription-writes": [ "199" ],
        "X-Rate-Limit-Limit": [ "0" ],
        "X-Rate-Limit-Remaining": [ "9223372036854775807" ],
        "X-Rate-Limit-Reset": [ "0" ],
        "x-ms-opsarmpath64": [ "L3N1YnNjcmlwdGlvbnMvZGJlZGVmMjUtMTg0Yy00MzBmLWIzODMtMGVlYjg3YzMyMDVkL3Jlc291cmNlR3JvdXBzL2FsZWNiVXNlclNlc3Npb25UZXN0cy9wcm92aWRlcnMvTWljcm9zb2Z0LkRlc2t0b3BWaXJ0dWFsaXphdGlvbi9zY2FsaW5nUGxhbnMvU2NhbGluZ1BsYW5Qb3dlcnNoZWxsQ29udGFpbmVkMS9wb29sZWRTY2hlZHVsZXMvUG9vbGVkU2NoZWR1bGUx" ],
        "x-ms-lamport-ts": [ "175518460" ],
        "x-ms-correlation-id": [ "5de4ee04-98ea-467c-b78f-3f3da7373f1e" ],
        "x-ms-request-id": [ "d9199207-c8a7-41c6-be5d-449776151d7e" ],
        "X-Powered-By": [ "ASP.NET" ],
        "X-Content-Type-Options": [ "nosniff" ],
        "x-ms-ratelimit-remaining-subscription-global-writes": [ "2999" ],
        "x-ms-correlation-request-id": [ "12018855-ef8e-4bfd-a686-eeea88d8ce04" ],
        "x-ms-routing-request-id": [ "WESTUS:20240820T202105Z:12018855-ef8e-4bfd-a686-eeea88d8ce04" ],
        "Strict-Transport-Security": [ "max-age=31536000; includeSubDomains" ],
        "X-Cache": [ "CONFIG_NOCACHE" ],
        "X-MSEdge-Ref": [ "Ref A: 1C02287292214AD491C7D461B11DCD35 Ref B: SJC211051201029 Ref C: 2024-08-20T20:21:05Z" ],
        "Date": [ "Tue, 20 Aug 2024 20:21:05 GMT" ]
      },
      "ContentHeaders": {
        "Content-Length": [ "1293" ],
        "Content-Type": [ "application/json; charset=utf-8" ],
        "Expires": [ "-1" ]
      },
      "Content": "{\"name\":\"ScalingPlanPowershellContained1/PooledSchedule1\",\"id\":\"/subscriptions/dbedef25-184c-430f-b383-0eeb87c3205d/resourcegroups/alecbUserSessionTests/providers/Microsoft.DesktopVirtualization/scalingplans/ScalingPlanPowershellContained1/pooledSchedules/PooledSchedule1\",\"type\":\"Microsoft.DesktopVirtualization/scalingplans/pooledSchedules\",\"properties\":{\"rampUpStartTime\":{\"hour\":6,\"minute\":0},\"peakStartTime\":{\"hour\":8,\"minute\":15},\"rampDownStartTime\":{\"hour\":16,\"minute\":30},\"offPeakStartTime\":{\"hour\":18,\"minute\":45},\"name\":\"PooledSchedule1\",\"daysOfWeek\":[\"Monday\",\"Tuesday\",\"Wednesday\"],\"rampUpLoadBalancingAlgorithm\":\"BreadthFirst\",\"rampUpMinimumHostsPct\":1,\"rampUpCapacityThresholdPct\":10,\"peakLoadBalancingAlgorithm\":\"BreadthFirst\",\"rampDownLoadBalancingAlgorithm\":\"BreadthFirst\",\"rampDownMinimumHostsPct\":0,\"rampDownCapacityThresholdPct\":10,\"rampDownForceLogoffUsers\":false,\"rampDownWaitTimeMinutes\":0,\"rampDownNotificationMessage\":\"\",\"rampDownStopHostsWhen\":\"ZeroSessions\",\"offPeakLoadBalancingAlgorithm\":\"BreadthFirst\"},\"systemData\":{\"createdBy\":\"alecbaird@wvdtesttenant.onmicrosoft.com\",\"createdByType\":\"User\",\"createdAt\":\"2024-08-20T20:21:05.74Z\",\"lastModifiedBy\":\"alecbaird@wvdtesttenant.onmicrosoft.com\",\"lastModifiedByType\":\"User\",\"lastModifiedAt\":\"2024-08-20T20:21:05.74Z\"}}",
      "isContentBase64": false
    }
  },
  "Remove-AzWvdScalingPlanPooledSchedule+[NoContext]+Delete+$DELETE+https://management.azure.com/subscriptions/dbedef25-184c-430f-b383-0eeb87c3205d/resourceGroups/alecbUserSessionTests/providers/Microsoft.DesktopVirtualization/scalingPlans/ScalingPlanPowershellContained1/pooledSchedules/PooledSchedule1?api-version=2024-03-06-preview+3": {
    "Request": {
      "Method": "DELETE",
      "RequestUri": "https://management.azure.com/subscriptions/dbedef25-184c-430f-b383-0eeb87c3205d/resourceGroups/alecbUserSessionTests/providers/Microsoft.DesktopVirtualization/scalingPlans/ScalingPlanPowershellContained1/pooledSchedules/PooledSchedule1?api-version=2024-03-06-preview",
      "Content": null,
      "isContentBase64": false,
      "Headers": {
        "x-ms-unique-id": [ "352" ],
        "x-ms-client-request-id": [ "f83c5b23-524e-46e0-93b0-46a0eb49f864" ],
        "CommandName": [ "Remove-AzWvdScalingPlanPooledSchedule" ],
        "FullCommandName": [ "Remove-AzWvdScalingPlanPooledSchedule_Delete" ],
        "ParameterSetName": [ "__AllParameterSets" ],
        "User-Agent": [ "AzurePowershell/v12.2.0", "PSVersion/v7.2.19", "Az.DesktopVirtualization/2.1.0" ],
        "Authorization": [ "[Filtered]" ]
      },
      "ContentHeaders": {
      }
    },
    "Response": {
      "StatusCode": 200,
      "Headers": {
        "Cache-Control": [ "no-cache" ],
        "Pragma": [ "no-cache" ],
        "Vary": [ "Accept-Encoding" ],
        "Set-Cookie": [ "ARRAffinity=de05b342bfa7816b86cf467ecc947b8c2d1419d8d518ac9f49486dea08ed770a;Path=/;HttpOnly;Secure;Domain=rdarmprovider-g-us-r0.wvdselfhost.microsoft.com", "ARRAffinitySameSite=de05b342bfa7816b86cf467ecc947b8c2d1419d8d518ac9f49486dea08ed770a;Path=/;HttpOnly;SameSite=None;Secure;Domain=rdarmprovider-g-us-r0.wvdselfhost.microsoft.com" ],
        "x-ms-ratelimit-remaining-subscription-deletes": [ "199" ],
        "X-Rate-Limit-Limit": [ "0" ],
        "X-Rate-Limit-Remaining": [ "9223372036854775807" ],
        "X-Rate-Limit-Reset": [ "0" ],
        "x-ms-opsarmpath64": [ "L3N1YnNjcmlwdGlvbnMvZGJlZGVmMjUtMTg0Yy00MzBmLWIzODMtMGVlYjg3YzMyMDVkL3Jlc291cmNlR3JvdXBzL2FsZWNiVXNlclNlc3Npb25UZXN0cy9wcm92aWRlcnMvTWljcm9zb2Z0LkRlc2t0b3BWaXJ0dWFsaXphdGlvbi9zY2FsaW5nUGxhbnMvU2NhbGluZ1BsYW5Qb3dlcnNoZWxsQ29udGFpbmVkMS9wb29sZWRTY2hlZHVsZXMvUG9vbGVkU2NoZWR1bGUx" ],
        "x-ms-lamport-ts": [ "175518463" ],
        "x-ms-correlation-id": [ "ce9a9613-f5be-40f1-a2ce-cd9595f62c35" ],
        "x-ms-request-id": [ "f83c5b23-524e-46e0-93b0-46a0eb49f864" ],
        "X-Powered-By": [ "ASP.NET" ],
        "X-Content-Type-Options": [ "nosniff" ],
        "x-ms-ratelimit-remaining-subscription-global-deletes": [ "2999" ],
        "x-ms-correlation-request-id": [ "f081f910-f2ca-4661-b9b1-dcda3f8aa4ff" ],
        "x-ms-routing-request-id": [ "WESTUS:20240820T202107Z:f081f910-f2ca-4661-b9b1-dcda3f8aa4ff" ],
        "Strict-Transport-Security": [ "max-age=31536000; includeSubDomains" ],
        "X-Cache": [ "CONFIG_NOCACHE" ],
        "X-MSEdge-Ref": [ "Ref A: AACC1784AE594E5185A6D705840C811C Ref B: SJC211051201029 Ref C: 2024-08-20T20:21:06Z" ],
        "Date": [ "Tue, 20 Aug 2024 20:21:06 GMT" ]
      },
      "ContentHeaders": {
        "Content-Length": [ "1293" ],
        "Content-Type": [ "application/json; charset=utf-8" ],
        "Expires": [ "-1" ]
      },
      "Content": "{\"name\":\"ScalingPlanPowershellContained1/PooledSchedule1\",\"id\":\"/subscriptions/dbedef25-184c-430f-b383-0eeb87c3205d/resourcegroups/alecbUserSessionTests/providers/Microsoft.DesktopVirtualization/scalingplans/ScalingPlanPowershellContained1/pooledSchedules/PooledSchedule1\",\"type\":\"Microsoft.DesktopVirtualization/scalingplans/pooledSchedules\",\"properties\":{\"rampUpStartTime\":{\"hour\":6,\"minute\":0},\"peakStartTime\":{\"hour\":8,\"minute\":15},\"rampDownStartTime\":{\"hour\":16,\"minute\":30},\"offPeakStartTime\":{\"hour\":18,\"minute\":45},\"name\":\"PooledSchedule1\",\"daysOfWeek\":[\"Monday\",\"Tuesday\",\"Wednesday\"],\"rampUpLoadBalancingAlgorithm\":\"BreadthFirst\",\"rampUpMinimumHostsPct\":1,\"rampUpCapacityThresholdPct\":10,\"peakLoadBalancingAlgorithm\":\"BreadthFirst\",\"rampDownLoadBalancingAlgorithm\":\"BreadthFirst\",\"rampDownMinimumHostsPct\":0,\"rampDownCapacityThresholdPct\":10,\"rampDownForceLogoffUsers\":false,\"rampDownWaitTimeMinutes\":0,\"rampDownNotificationMessage\":\"\",\"rampDownStopHostsWhen\":\"ZeroSessions\",\"offPeakLoadBalancingAlgorithm\":\"BreadthFirst\"},\"systemData\":{\"createdBy\":\"alecbaird@wvdtesttenant.onmicrosoft.com\",\"createdByType\":\"User\",\"createdAt\":\"2024-08-20T20:21:05.74Z\",\"lastModifiedBy\":\"alecbaird@wvdtesttenant.onmicrosoft.com\",\"lastModifiedByType\":\"User\",\"lastModifiedAt\":\"2024-08-20T20:21:05.74Z\"}}",
      "isContentBase64": false
    }
  },
  "Remove-AzWvdScalingPlanPooledSchedule+[NoContext]+Delete+$GET+https://management.azure.com/subscriptions/dbedef25-184c-430f-b383-0eeb87c3205d/resourceGroups/alecbUserSessionTests/providers/Microsoft.DesktopVirtualization/scalingPlans/ScalingPlanPowershellContained1/pooledSchedules?api-version=2024-03-06-preview+4": {
    "Request": {
      "Method": "GET",
      "RequestUri": "https://management.azure.com/subscriptions/dbedef25-184c-430f-b383-0eeb87c3205d/resourceGroups/alecbUserSessionTests/providers/Microsoft.DesktopVirtualization/scalingPlans/ScalingPlanPowershellContained1/pooledSchedules?api-version=2024-03-06-preview",
      "Content": null,
      "isContentBase64": false,
      "Headers": {
        "x-ms-unique-id": [ "353" ],
        "x-ms-client-request-id": [ "cf333031-2b88-4f28-81b5-a94ff445526d" ],
        "CommandName": [ "Get-AzWvdScalingPlanPooledSchedule" ],
        "FullCommandName": [ "Get-AzWvdScalingPlanPooledSchedule_List" ],
        "ParameterSetName": [ "__AllParameterSets" ],
        "User-Agent": [ "AzurePowershell/v12.2.0", "PSVersion/v7.2.19", "Az.DesktopVirtualization/2.1.0" ],
        "Authorization": [ "[Filtered]" ]
      },
      "ContentHeaders": {
      }
    },
    "Response": {
      "StatusCode": 200,
      "Headers": {
        "Cache-Control": [ "no-cache" ],
        "Pragma": [ "no-cache" ],
        "Vary": [ "Accept-Encoding" ],
        "Set-Cookie": [ "ARRAffinity=39d91f16fdd59b39d7a07780844d80b88a73a7f54a8a5e7eeddb8cc0cb631057;Path=/;HttpOnly;Secure;Domain=rdarmprovider-g-us-r0.wvdselfhost.microsoft.com", "ARRAffinitySameSite=39d91f16fdd59b39d7a07780844d80b88a73a7f54a8a5e7eeddb8cc0cb631057;Path=/;HttpOnly;SameSite=None;Secure;Domain=rdarmprovider-g-us-r0.wvdselfhost.microsoft.com" ],
        "x-ms-ratelimit-remaining-subscription-reads": [ "249" ],
        "X-Rate-Limit-Limit": [ "0" ],
        "X-Rate-Limit-Remaining": [ "9223372036854775807" ],
        "X-Rate-Limit-Reset": [ "0" ],
        "x-ms-opsarmpath64": [ "L3N1YnNjcmlwdGlvbnMvZGJlZGVmMjUtMTg0Yy00MzBmLWIzODMtMGVlYjg3YzMyMDVkL3Jlc291cmNlR3JvdXBzL2FsZWNiVXNlclNlc3Npb25UZXN0cy9wcm92aWRlcnMvTWljcm9zb2Z0LkRlc2t0b3BWaXJ0dWFsaXphdGlvbi9zY2FsaW5nUGxhbnMvU2NhbGluZ1BsYW5Qb3dlcnNoZWxsQ29udGFpbmVkMQ==" ],
        "x-ms-lamport-ts": [ "175518470" ],
        "x-ms-correlation-id": [ "9ba1b530-4d26-4018-9cb2-c8980479ee80" ],
        "x-ms-request-id": [ "cf333031-2b88-4f28-81b5-a94ff445526d" ],
        "X-Powered-By": [ "ASP.NET" ],
        "X-Content-Type-Options": [ "nosniff" ],
        "x-ms-ratelimit-remaining-subscription-global-reads": [ "3749" ],
        "x-ms-correlation-request-id": [ "6be951cf-988c-4f5c-949d-ff30714561f7" ],
        "x-ms-routing-request-id": [ "WESTUS:20240820T202107Z:6be951cf-988c-4f5c-949d-ff30714561f7" ],
        "Strict-Transport-Security": [ "max-age=31536000; includeSubDomains" ],
        "X-Cache": [ "CONFIG_NOCACHE" ],
        "X-MSEdge-Ref": [ "Ref A: 414C7ED5E3094B7EA0B2DC67257420A1 Ref B: SJC211051201029 Ref C: 2024-08-20T20:21:07Z" ],
        "Date": [ "Tue, 20 Aug 2024 20:21:07 GMT" ]
      },
      "ContentHeaders": {
        "Content-Length": [ "28" ],
        "Content-Type": [ "application/json; charset=utf-8" ],
        "Expires": [ "-1" ]
      },
      "Content": "{\"value\":[],\"nextLink\":null}",
      "isContentBase64": false
    }
  },
  "Remove-AzWvdScalingPlanPooledSchedule+[NoContext]+Delete+$DELETE+https://management.azure.com/subscriptions/dbedef25-184c-430f-b383-0eeb87c3205d/resourceGroups/alecbUserSessionTests/providers/Microsoft.DesktopVirtualization/scalingPlans/ScalingPlanPowershellContained1?api-version=2024-03-06-preview+5": {
    "Request": {
      "Method": "DELETE",
      "RequestUri": "https://management.azure.com/subscriptions/dbedef25-184c-430f-b383-0eeb87c3205d/resourceGroups/alecbUserSessionTests/providers/Microsoft.DesktopVirtualization/scalingPlans/ScalingPlanPowershellContained1?api-version=2024-03-06-preview",
      "Content": null,
      "isContentBase64": false,
      "Headers": {
        "x-ms-unique-id": [ "354" ],
        "x-ms-client-request-id": [ "40d8374a-bec9-4a4d-b157-2c3572aa59c5" ],
        "CommandName": [ "Remove-AzWvdScalingPlan" ],
        "FullCommandName": [ "Remove-AzWvdScalingPlan_Delete" ],
        "ParameterSetName": [ "__AllParameterSets" ],
        "User-Agent": [ "AzurePowershell/v12.2.0", "PSVersion/v7.2.19", "Az.DesktopVirtualization/2.1.0" ],
        "Authorization": [ "[Filtered]" ]
      },
      "ContentHeaders": {
      }
    },
    "Response": {
      "StatusCode": 200,
      "Headers": {
        "Cache-Control": [ "no-cache" ],
        "Pragma": [ "no-cache" ],
        "Vary": [ "Accept-Encoding" ],
        "Set-Cookie": [ "ARRAffinity=de05b342bfa7816b86cf467ecc947b8c2d1419d8d518ac9f49486dea08ed770a;Path=/;HttpOnly;Secure;Domain=rdarmprovider-g-us-r0.wvdselfhost.microsoft.com", "ARRAffinitySameSite=de05b342bfa7816b86cf467ecc947b8c2d1419d8d518ac9f49486dea08ed770a;Path=/;HttpOnly;SameSite=None;Secure;Domain=rdarmprovider-g-us-r0.wvdselfhost.microsoft.com" ],
        "x-ms-ratelimit-remaining-subscription-deletes": [ "199" ],
        "X-Rate-Limit-Limit": [ "0" ],
        "X-Rate-Limit-Remaining": [ "9223372036854775807" ],
        "X-Rate-Limit-Reset": [ "0" ],
        "x-ms-opsarmpath64": [ "L3N1YnNjcmlwdGlvbnMvZGJlZGVmMjUtMTg0Yy00MzBmLWIzODMtMGVlYjg3YzMyMDVkL3Jlc291cmNlR3JvdXBzL2FsZWNiVXNlclNlc3Npb25UZXN0cy9wcm92aWRlcnMvTWljcm9zb2Z0LkRlc2t0b3BWaXJ0dWFsaXphdGlvbi9zY2FsaW5nUGxhbnMvU2NhbGluZ1BsYW5Qb3dlcnNoZWxsQ29udGFpbmVkMQ==" ],
        "x-ms-lamport-ts": [ "175518466" ],
        "x-ms-correlation-id": [ "875787e1-24e6-4611-9417-615816078d44" ],
        "x-ms-request-id": [ "40d8374a-bec9-4a4d-b157-2c3572aa59c5" ],
        "X-Powered-By": [ "ASP.NET" ],
        "X-Content-Type-Options": [ "nosniff" ],
        "x-ms-ratelimit-remaining-subscription-global-deletes": [ "2999" ],
        "x-ms-correlation-request-id": [ "e9d63cb2-3736-4343-beec-dcbb26730279" ],
        "x-ms-routing-request-id": [ "WESTUS:20240820T202108Z:e9d63cb2-3736-4343-beec-dcbb26730279" ],
        "Strict-Transport-Security": [ "max-age=31536000; includeSubDomains" ],
        "X-Cache": [ "CONFIG_NOCACHE" ],
        "X-MSEdge-Ref": [ "Ref A: 4727967E93504AB9A802AE853AB1468F Ref B: SJC211051201029 Ref C: 2024-08-20T20:21:07Z" ],
        "Date": [ "Tue, 20 Aug 2024 20:21:07 GMT" ]
      },
      "ContentHeaders": {
        "Content-Length": [ "807" ],
        "Content-Type": [ "application/json; charset=utf-8" ],
        "Expires": [ "-1" ]
      },
      "Content": "{\"name\":\"ScalingPlanPowershellContained1\",\"id\":\"/subscriptions/dbedef25-184c-430f-b383-0eeb87c3205d/resourcegroups/alecbUserSessionTests/providers/Microsoft.DesktopVirtualization/scalingplans/ScalingPlanPowershellContained1\",\"type\":\"Microsoft.DesktopVirtualization/scalingplans\",\"location\":\"westus2\",\"tags\":null,\"kind\":null,\"systemData\":{\"createdBy\":\"alecbaird@wvdtesttenant.onmicrosoft.com\",\"createdByType\":\"User\",\"createdAt\":\"2024-08-20T20:21:04.89Z\",\"lastModifiedBy\":\"alecbaird@wvdtesttenant.onmicrosoft.com\",\"lastModifiedByType\":\"User\",\"lastModifiedAt\":\"2024-08-20T20:21:04.89Z\"},\"properties\":{\"description\":\"desc\",\"friendlyName\":\"fri\",\"timeZone\":\"Pacific Standard Time\",\"hostPoolType\":\"Pooled\",\"exclusionTag\":\"\",\"schedules\":[],\"hostPoolReferences\":[],\"objectId\":\"f52760f0-6a7a-4cd8-99aa-3e3fb53c282b\"}}",
      "isContentBase64": false
    }
  }
}