{
  "Remove-AzWvdAppAttachPackage+[NoContext]+Delete+$PUT+https://management.azure.com/subscriptions/dbedef25-184c-430f-b383-0eeb87c3205d/resourceGroups/alecbUserSessionTests/providers/Microsoft.DesktopVirtualization/appAttachPackages/TestPackage?api-version=2024-01-16-preview+1": {
    "Request": {
      "Method": "PUT",
      "RequestUri": "https://management.azure.com/subscriptions/dbedef25-184c-430f-b383-0eeb87c3205d/resourceGroups/alecbUserSessionTests/providers/Microsoft.DesktopVirtualization/appAttachPackages/TestPackage?api-version=2024-01-16-preview",
      "Content": "{\r\n  \"location\": \"westus2\",\r\n  \"properties\": {\r\n    \"image\": {\r\n      \"imagePath\": \"C:\\\\\\\\msix\\\\SingleMsix.vhd\",\r\n      \"packageName\": \"MsixUnitTest_Name\",\r\n      \"packageFamilyName\": \"MsixUnitTest_FamilyName\",\r\n      \"packageFullName\": \"AATest_FullName_UnitTest\",\r\n      \"displayName\": \"UnitTest-MSIXPackage\",\r\n      \"packageRelativePath\": \"MsixUnitTest_RelativePackageRoot\",\r\n      \"isRegularRegistration\": true,\r\n      \"isActive\": true,\r\n      \"packageDependencies\": [\r\n        {\r\n          \"dependencyName\": \"MsixTest_Dependency_Name\",\r\n          \"publisher\": \"MsixTest_Dependency_Publisher\",\r\n          \"minVersion\": \"0.0.0.42\"\r\n        }\r\n      ],\r\n      \"version\": \"0.0.18838.722\",\r\n      \"lastUpdated\": \"0001-01-01T00:00:00.0000000\",\r\n      \"packageApplications\": [\r\n        {\r\n          \"appId\": \"MsixTest_Application_Id\",\r\n          \"description\": \"testing from ps\",\r\n          \"appUserModelID\": \"MsixTest_Application_ModelID\",\r\n          \"friendlyName\": \"some name\",\r\n          \"iconImageName\": \"Apptile\",\r\n          \"rawIcon\": \"c29tZSBpbWFnZQ==\",\r\n          \"rawPng\": \"c29tZSBpbWFnZQ==\"\r\n        }\r\n      ]\r\n    },\r\n    \"failHealthCheckOnStagingFailure\": \"Unhealthy\"\r\n  }\r\n}",
      "isContentBase64": false,
      "Headers": {
      },
      "ContentHeaders": {
        "Content-Type": [ "application/json" ],
        "Content-Length": [ "1186" ]
      }
    },
    "Response": {
      "StatusCode": 201,
      "Headers": {
        "Cache-Control": [ "no-cache" ],
        "Pragma": [ "no-cache" ],
        "Location": [ "/subscriptions/dbedef25-184c-430f-b383-0eeb87c3205d/resourcegroups/alecbUserSessionTests/providers/Microsoft.DesktopVirtualization/appattachpackages/TestPackage" ],
        "Set-Cookie": [ "ARRAffinity=a31eb62e8fa5fccc488f1b764e015b7c6918a5a68c6d31b38f885e3c06338b76;Path=/;HttpOnly;Secure;Domain=rdarmprovider-g-us-r0.wvdselfhost.microsoft.com", "ARRAffinitySameSite=a31eb62e8fa5fccc488f1b764e015b7c6918a5a68c6d31b38f885e3c06338b76;Path=/;HttpOnly;SameSite=None;Secure;Domain=rdarmprovider-g-us-r0.wvdselfhost.microsoft.com" ],
        "X-Rate-Limit-Limit": [ "0" ],
        "X-Rate-Limit-Remaining": [ "9223372036854775807" ],
        "X-Rate-Limit-Reset": [ "0" ],
        "x-ms-opsarmpath64": [ "L3N1YnNjcmlwdGlvbnMvZGJlZGVmMjUtMTg0Yy00MzBmLWIzODMtMGVlYjg3YzMyMDVkL3Jlc291cmNlR3JvdXBzL2FsZWNiVXNlclNlc3Npb25UZXN0cy9wcm92aWRlcnMvTWljcm9zb2Z0LkRlc2t0b3BWaXJ0dWFsaXphdGlvbi9hcHBBdHRhY2hQYWNrYWdlcy9UZXN0UGFja2FnZQ==" ],
        "x-ms-lamport-ts": [ "144203240" ],
        "x-ms-correlation-id": [ "9e53e235-7f33-4446-ad94-7efe2c105ef4" ],
        "x-ms-request-id": [ "96e5fb7e-0d42-49f6-ba6a-cf1c461b3add" ],
        "X-Content-Type-Options": [ "nosniff" ],
        "X-Powered-By": [ "ASP.NET" ],
        "x-ms-ratelimit-remaining-subscription-writes": [ "1194" ],
        "x-ms-correlation-request-id": [ "47c954a8-31a4-404f-819d-dda566648f42" ],
        "x-ms-routing-request-id": [ "WESTCENTRALUS:20240205T211915Z:47c954a8-31a4-404f-819d-dda566648f42" ],
        "Strict-Transport-Security": [ "max-age=31536000; includeSubDomains" ],
        "X-Cache": [ "CONFIG_NOCACHE" ],
        "X-MSEdge-Ref": [ "Ref A: 87D0E3203E834C749F2B0F345077AFD3 Ref B: CYS013050703053 Ref C: 2024-02-05T21:19:15Z" ],
        "Date": [ "Mon, 05 Feb 2024 21:19:14 GMT" ]
      },
      "ContentHeaders": {
        "Content-Length": [ "1498" ],
        "Content-Type": [ "application/json; charset=utf-8" ],
        "Expires": [ "-1" ]
      },
      "Content": "{\"name\":\"TestPackage\",\"id\":\"/subscriptions/dbedef25-184c-430f-b383-0eeb87c3205d/resourcegroups/alecbUserSessionTests/providers/Microsoft.DesktopVirtualization/appattachpackages/TestPackage\",\"type\":\"Microsoft.DesktopVirtualization/appattachpackages\",\"location\":\"westus2\",\"tags\":{},\"kind\":null,\"systemData\":{\"createdBy\":\"admin@wvdtesttenant.onmicrosoft.com\",\"createdByType\":\"User\",\"createdAt\":\"2024-02-05T21:19:15.62Z\",\"lastModifiedBy\":\"admin@wvdtesttenant.onmicrosoft.com\",\"lastModifiedByType\":\"User\",\"lastModifiedAt\":\"2024-02-05T21:19:15.62Z\"},\"properties\":{\"image\":{\"packageAlias\":null,\"imagePath\":\"C:\\\\\\\\msix\\\\SingleMsix.vhd\",\"packageName\":\"MsixUnitTest_Name\",\"packageFamilyName\":\"MsixUnitTest_FamilyName\",\"packageFullName\":\"AATest_FullName_UnitTest\",\"displayName\":\"UnitTest-MSIXPackage\",\"packageRelativePath\":\"MsixUnitTest_RelativePackageRoot\",\"isRegularRegistration\":true,\"isActive\":true,\"packageDependencies\":[{\"dependencyName\":\"MsixTest_Dependency_Name\",\"publisher\":\"MsixTest_Dependency_Publisher\",\"minVersion\":\"0.0.0.42\"}],\"version\":\"0.0.18838.722\",\"lastUpdated\":\"0001-01-01T00:00:00\",\"packageApplications\":[{\"appUserModelID\":\"MsixTest_Application_ModelID\",\"appId\":\"MsixTest_Application_Id\",\"description\":\"testing from ps\",\"friendlyName\":\"some name\",\"iconImageName\":\"Apptile\",\"rawIcon\":\"c29tZSBpbWFnZQ==\",\"rawPng\":\"c29tZSBpbWFnZQ==\"}],\"certificateExpiry\":\"0001-01-01T00:00:00\",\"certificateName\":null},\"hostPoolReferences\":[],\"failHealthCheckOnStagingFailure\":\"Unhealthy\",\"keyVaultURL\":null}}",
      "isContentBase64": false
    }
  },
  "Remove-AzWvdAppAttachPackage+[NoContext]+Delete+$GET+https://management.azure.com/subscriptions/dbedef25-184c-430f-b383-0eeb87c3205d/resourceGroups/alecbUserSessionTests/providers/Microsoft.DesktopVirtualization/appAttachPackages?api-version=2024-01-16-preview+2": {
    "Request": {
      "Method": "GET",
      "RequestUri": "https://management.azure.com/subscriptions/dbedef25-184c-430f-b383-0eeb87c3205d/resourceGroups/alecbUserSessionTests/providers/Microsoft.DesktopVirtualization/appAttachPackages?api-version=2024-01-16-preview",
      "Content": null,
      "isContentBase64": false,
      "Headers": {
        "x-ms-unique-id": [ "281" ],
        "x-ms-client-request-id": [ "aef98645-4997-44bf-999c-9ccc286b7e2e" ],
        "CommandName": [ "Get-AzWvdAppAttachPackage" ],
        "FullCommandName": [ "Get-AzWvdAppAttachPackage_List" ],
        "ParameterSetName": [ "__AllParameterSets" ],
        "User-Agent": [ "AzurePowershell/v0.0.0", "PSVersion/v7.2.18", "Az.DesktopVirtualization/2.1.0" ],
        "Authorization": [ "[Filtered]" ]
      },
      "ContentHeaders": {
      }
    },
    "Response": {
      "StatusCode": 200,
      "Headers": {
        "Cache-Control": [ "no-cache" ],
        "Pragma": [ "no-cache" ],
        "Vary": [ "Accept-Encoding" ],
        "Set-Cookie": [ "ARRAffinity=5c6a0f36261401d674889c626857c0b7ce187b20a23f13e5852fff7d877b694b;Path=/;HttpOnly;Secure;Domain=rdarmprovider-g-us-r0.wvdselfhost.microsoft.com", "ARRAffinitySameSite=5c6a0f36261401d674889c626857c0b7ce187b20a23f13e5852fff7d877b694b;Path=/;HttpOnly;SameSite=None;Secure;Domain=rdarmprovider-g-us-r0.wvdselfhost.microsoft.com" ],
        "x-ms-ratelimit-remaining-subscription-reads": [ "11993" ],
        "X-Rate-Limit-Limit": [ "0" ],
        "X-Rate-Limit-Remaining": [ "9223372036854775807" ],
        "X-Rate-Limit-Reset": [ "0" ],
        "x-ms-opsarmpath64": [ "L3N1YnNjcmlwdGlvbnMvZGJlZGVmMjUtMTg0Yy00MzBmLWIzODMtMGVlYjg3YzMyMDVkL3Jlc291cmNlR3JvdXBzL2FsZWNiVXNlclNlc3Npb25UZXN0cw==" ],
        "x-ms-lamport-ts": [ "144203358" ],
        "x-ms-correlation-id": [ "07726897-7447-4ca5-af83-72d1a8e9e10e" ],
        "x-ms-request-id": [ "aef98645-4997-44bf-999c-9ccc286b7e2e" ],
        "X-Powered-By": [ "ASP.NET" ],
        "X-Content-Type-Options": [ "nosniff" ],
        "x-ms-correlation-request-id": [ "e01d9e03-4099-4370-9c19-987705aa369b" ],
        "x-ms-routing-request-id": [ "WESTCENTRALUS:20240205T211916Z:e01d9e03-4099-4370-9c19-987705aa369b" ],
        "Strict-Transport-Security": [ "max-age=31536000; includeSubDomains" ],
        "X-Cache": [ "CONFIG_NOCACHE" ],
        "X-MSEdge-Ref": [ "Ref A: 3531ACAD70EB4886BD7D27311473E056 Ref B: CYS013050703053 Ref C: 2024-02-05T21:19:16Z" ],
        "Date": [ "Mon, 05 Feb 2024 21:19:15 GMT" ]
      },
      "ContentHeaders": {
        "Content-Length": [ "1526" ],
        "Content-Type": [ "application/json; charset=utf-8" ],
        "Expires": [ "-1" ]
      },
      "Content": "{\"value\":[{\"name\":\"TestPackage\",\"id\":\"/subscriptions/dbedef25-184c-430f-b383-0eeb87c3205d/resourcegroups/alecbUserSessionTests/providers/Microsoft.DesktopVirtualization/appattachpackages/TestPackage\",\"type\":\"Microsoft.DesktopVirtualization/appattachpackages\",\"location\":\"westus2\",\"tags\":{},\"kind\":null,\"systemData\":{\"createdBy\":\"admin@wvdtesttenant.onmicrosoft.com\",\"createdByType\":\"User\",\"createdAt\":\"2024-02-05T21:19:15.62Z\",\"lastModifiedBy\":\"admin@wvdtesttenant.onmicrosoft.com\",\"lastModifiedByType\":\"User\",\"lastModifiedAt\":\"2024-02-05T21:19:15.62Z\"},\"properties\":{\"image\":{\"packageAlias\":null,\"imagePath\":\"C:\\\\\\\\msix\\\\SingleMsix.vhd\",\"packageName\":\"MsixUnitTest_Name\",\"packageFamilyName\":\"MsixUnitTest_FamilyName\",\"packageFullName\":\"AATest_FullName_UnitTest\",\"displayName\":\"UnitTest-MSIXPackage\",\"packageRelativePath\":\"MsixUnitTest_RelativePackageRoot\",\"isRegularRegistration\":true,\"isActive\":true,\"packageDependencies\":[{\"dependencyName\":\"MsixTest_Dependency_Name\",\"publisher\":\"MsixTest_Dependency_Publisher\",\"minVersion\":\"0.0.0.42\"}],\"version\":\"0.0.18838.722\",\"lastUpdated\":\"0001-01-01T00:00:00\",\"packageApplications\":[{\"appUserModelID\":\"MsixTest_Application_ModelID\",\"appId\":\"MsixTest_Application_Id\",\"description\":\"testing from ps\",\"friendlyName\":\"some name\",\"iconImageName\":\"Apptile\",\"rawIcon\":\"c29tZSBpbWFnZQ==\",\"rawPng\":\"c29tZSBpbWFnZQ==\"}],\"certificateExpiry\":\"0001-01-01T00:00:00\",\"certificateName\":null},\"hostPoolReferences\":[],\"failHealthCheckOnStagingFailure\":\"Unhealthy\",\"keyVaultURL\":null}}],\"nextLink\":null}",
      "isContentBase64": false
    }
  },
  "Remove-AzWvdAppAttachPackage+[NoContext]+Delete+$DELETE+https://management.azure.com/subscriptions/dbedef25-184c-430f-b383-0eeb87c3205d/resourceGroups/alecbUserSessionTests/providers/Microsoft.DesktopVirtualization/appAttachPackages/TestPackage?api-version=2024-01-16-preview+3": {
    "Request": {
      "Method": "DELETE",
      "RequestUri": "https://management.azure.com/subscriptions/dbedef25-184c-430f-b383-0eeb87c3205d/resourceGroups/alecbUserSessionTests/providers/Microsoft.DesktopVirtualization/appAttachPackages/TestPackage?api-version=2024-01-16-preview",
      "Content": null,
      "isContentBase64": false,
      "Headers": {
        "x-ms-unique-id": [ "282" ],
        "x-ms-client-request-id": [ "ed373e18-1a02-42e5-b318-4fb7820effae" ],
        "CommandName": [ "Remove-AzWvdAppAttachPackage" ],
        "FullCommandName": [ "Remove-AzWvdAppAttachPackage_Delete" ],
        "ParameterSetName": [ "__AllParameterSets" ],
        "User-Agent": [ "AzurePowershell/v0.0.0", "PSVersion/v7.2.18", "Az.DesktopVirtualization/2.1.0" ],
        "Authorization": [ "[Filtered]" ]
      },
      "ContentHeaders": {
      }
    },
    "Response": {
      "StatusCode": 200,
      "Headers": {
        "Cache-Control": [ "no-cache" ],
        "Pragma": [ "no-cache" ],
        "Vary": [ "Accept-Encoding" ],
        "Set-Cookie": [ "ARRAffinity=06c56b8471ef26f13c61783eeb00d8e15bf74407238d9c8d8936521d5d5d2dd0;Path=/;HttpOnly;Secure;Domain=rdarmprovider-g-us-r0.wvdselfhost.microsoft.com", "ARRAffinitySameSite=06c56b8471ef26f13c61783eeb00d8e15bf74407238d9c8d8936521d5d5d2dd0;Path=/;HttpOnly;SameSite=None;Secure;Domain=rdarmprovider-g-us-r0.wvdselfhost.microsoft.com" ],
        "x-ms-ratelimit-remaining-subscription-deletes": [ "14993" ],
        "X-Rate-Limit-Limit": [ "0" ],
        "X-Rate-Limit-Remaining": [ "9223372036854775807" ],
        "X-Rate-Limit-Reset": [ "0" ],
        "x-ms-opsarmpath64": [ "L3N1YnNjcmlwdGlvbnMvZGJlZGVmMjUtMTg0Yy00MzBmLWIzODMtMGVlYjg3YzMyMDVkL3Jlc291cmNlR3JvdXBzL2FsZWNiVXNlclNlc3Npb25UZXN0cy9wcm92aWRlcnMvTWljcm9zb2Z0LkRlc2t0b3BWaXJ0dWFsaXphdGlvbi9hcHBBdHRhY2hQYWNrYWdlcy9UZXN0UGFja2FnZQ==" ],
        "x-ms-lamport-ts": [ "144203381" ],
        "x-ms-correlation-id": [ "2d73a597-addf-4ab5-a07f-5d39d0b8dae8" ],
        "x-ms-request-id": [ "ed373e18-1a02-42e5-b318-4fb7820effae" ],
        "X-Powered-By": [ "ASP.NET" ],
        "X-Content-Type-Options": [ "nosniff" ],
        "x-ms-correlation-request-id": [ "58c45ef9-1d6c-48d5-a856-c20fb5f63b15" ],
        "x-ms-routing-request-id": [ "WESTCENTRALUS:20240205T211917Z:58c45ef9-1d6c-48d5-a856-c20fb5f63b15" ],
        "Strict-Transport-Security": [ "max-age=31536000; includeSubDomains" ],
        "X-Cache": [ "CONFIG_NOCACHE" ],
        "X-MSEdge-Ref": [ "Ref A: E88A7E3DD9CE4EC5A1895F466620D631 Ref B: CYS013050703053 Ref C: 2024-02-05T21:19:16Z" ],
        "Date": [ "Mon, 05 Feb 2024 21:19:16 GMT" ]
      },
      "ContentHeaders": {
        "Content-Length": [ "1498" ],
        "Content-Type": [ "application/json; charset=utf-8" ],
        "Expires": [ "-1" ]
      },
      "Content": "{\"name\":\"TestPackage\",\"id\":\"/subscriptions/dbedef25-184c-430f-b383-0eeb87c3205d/resourcegroups/alecbUserSessionTests/providers/Microsoft.DesktopVirtualization/appattachpackages/TestPackage\",\"type\":\"Microsoft.DesktopVirtualization/appattachpackages\",\"location\":\"westus2\",\"tags\":{},\"kind\":null,\"systemData\":{\"createdBy\":\"admin@wvdtesttenant.onmicrosoft.com\",\"createdByType\":\"User\",\"createdAt\":\"2024-02-05T21:19:15.62Z\",\"lastModifiedBy\":\"admin@wvdtesttenant.onmicrosoft.com\",\"lastModifiedByType\":\"User\",\"lastModifiedAt\":\"2024-02-05T21:19:15.62Z\"},\"properties\":{\"image\":{\"packageAlias\":null,\"imagePath\":\"C:\\\\\\\\msix\\\\SingleMsix.vhd\",\"packageName\":\"MsixUnitTest_Name\",\"packageFamilyName\":\"MsixUnitTest_FamilyName\",\"packageFullName\":\"AATest_FullName_UnitTest\",\"displayName\":\"UnitTest-MSIXPackage\",\"packageRelativePath\":\"MsixUnitTest_RelativePackageRoot\",\"isRegularRegistration\":true,\"isActive\":true,\"packageDependencies\":[{\"dependencyName\":\"MsixTest_Dependency_Name\",\"publisher\":\"MsixTest_Dependency_Publisher\",\"minVersion\":\"0.0.0.42\"}],\"version\":\"0.0.18838.722\",\"lastUpdated\":\"0001-01-01T00:00:00\",\"packageApplications\":[{\"appUserModelID\":\"MsixTest_Application_ModelID\",\"appId\":\"MsixTest_Application_Id\",\"description\":\"testing from ps\",\"friendlyName\":\"some name\",\"iconImageName\":\"Apptile\",\"rawIcon\":\"c29tZSBpbWFnZQ==\",\"rawPng\":\"c29tZSBpbWFnZQ==\"}],\"certificateExpiry\":\"0001-01-01T00:00:00\",\"certificateName\":null},\"hostPoolReferences\":[],\"failHealthCheckOnStagingFailure\":\"Unhealthy\",\"keyVaultURL\":null}}",
      "isContentBase64": false
    }
  },
  "Remove-AzWvdAppAttachPackage+[NoContext]+Delete+$GET+https://management.azure.com/subscriptions/dbedef25-184c-430f-b383-0eeb87c3205d/resourceGroups/alecbUserSessionTests/providers/Microsoft.DesktopVirtualization/appAttachPackages?api-version=2024-01-16-preview+4": {
    "Request": {
      "Method": "GET",
      "RequestUri": "https://management.azure.com/subscriptions/dbedef25-184c-430f-b383-0eeb87c3205d/resourceGroups/alecbUserSessionTests/providers/Microsoft.DesktopVirtualization/appAttachPackages?api-version=2024-01-16-preview",
      "Content": null,
      "isContentBase64": false,
      "Headers": {
        "x-ms-unique-id": [ "283" ],
        "x-ms-client-request-id": [ "b0cbacca-f05c-4a1d-9cb5-75228f795180" ],
        "CommandName": [ "Get-AzWvdAppAttachPackage" ],
        "FullCommandName": [ "Get-AzWvdAppAttachPackage_List" ],
        "ParameterSetName": [ "__AllParameterSets" ],
        "User-Agent": [ "AzurePowershell/v0.0.0", "PSVersion/v7.2.18", "Az.DesktopVirtualization/2.1.0" ],
        "Authorization": [ "[Filtered]" ]
      },
      "ContentHeaders": {
      }
    },
    "Response": {
      "StatusCode": 200,
      "Headers": {
        "Cache-Control": [ "no-cache" ],
        "Pragma": [ "no-cache" ],
        "x-ms-ratelimit-remaining-subscription-reads": [ "11994" ],
        "x-ms-request-id": [ "074eb66c-352a-4dba-bf55-09224daa6e21" ],
        "x-ms-correlation-request-id": [ "074eb66c-352a-4dba-bf55-09224daa6e21" ],
        "x-ms-routing-request-id": [ "WESTCENTRALUS:20240205T211917Z:074eb66c-352a-4dba-bf55-09224daa6e21" ],
        "Strict-Transport-Security": [ "max-age=31536000; includeSubDomains" ],
        "X-Content-Type-Options": [ "nosniff" ],
        "X-Cache": [ "CONFIG_NOCACHE" ],
        "X-MSEdge-Ref": [ "Ref A: 11AC7384952849FDAA7C5AEA36AC9547 Ref B: CYS013050703053 Ref C: 2024-02-05T21:19:17Z" ],
        "Date": [ "Mon, 05 Feb 2024 21:19:16 GMT" ]
      },
      "ContentHeaders": {
        "Content-Length": [ "12" ],
        "Content-Type": [ "application/json; charset=utf-8" ],
        "Expires": [ "-1" ]
      },
      "Content": "{\"value\":[]}",
      "isContentBase64": false
    }
  }
}