{
  "Remove-AzWvdAppAttachPackage+[NoContext]+Delete+$PUT+https://management.azure.com/subscriptions/dbedef25-184c-430f-b383-0eeb87c3205d/resourceGroups/alecbUserSessionTests/providers/Microsoft.DesktopVirtualization/appAttachPackages/TestPackage?api-version=2024-04-03+1": {
    "Request": {
      "Method": "PUT",
      "RequestUri": "https://management.azure.com/subscriptions/dbedef25-184c-430f-b383-0eeb87c3205d/resourceGroups/alecbUserSessionTests/providers/Microsoft.DesktopVirtualization/appAttachPackages/TestPackage?api-version=2024-04-03",
      "Content": "{\r\n  \"location\": \"westus2\",\r\n  \"properties\": {\r\n    \"image\": {\r\n      \"imagePath\": \"C:\\\\\\\\msix\\\\SingleMsix.vhd\",\r\n      \"packageName\": \"MsixUnitTest_Name\",\r\n      \"packageFamilyName\": \"MsixUnitTest_FamilyName\",\r\n      \"packageFullName\": \"AATest_FullName_UnitTest\",\r\n      \"displayName\": \"UnitTest-MSIXPackage\",\r\n      \"packageRelativePath\": \"MsixUnitTest_RelativePackageRoot\",\r\n      \"isRegularRegistration\": true,\r\n      \"isActive\": true,\r\n      \"packageDependencies\": [\r\n        {\r\n          \"dependencyName\": \"MsixTest_Dependency_Name\",\r\n          \"publisher\": \"MsixTest_Dependency_Publisher\",\r\n          \"minVersion\": \"0.0.0.42\"\r\n        }\r\n      ],\r\n      \"version\": \"0.0.18838.722\",\r\n      \"lastUpdated\": \"0001-01-01T00:00:00.0000000\",\r\n      \"packageApplications\": [\r\n        {\r\n          \"appId\": \"MsixTest_Application_Id\",\r\n          \"description\": \"testing from ps\",\r\n          \"appUserModelID\": \"MsixTest_Application_ModelID\",\r\n          \"friendlyName\": \"some name\",\r\n          \"iconImageName\": \"Apptile\",\r\n          \"rawIcon\": \"c29tZSBpbWFnZQ==\",\r\n          \"rawPng\": \"c29tZSBpbWFnZQ==\"\r\n        }\r\n      ]\r\n    },\r\n    \"failHealthCheckOnStagingFailure\": \"Unhealthy\"\r\n  }\r\n}",
      "isContentBase64": false,
      "Headers": {
      },
      "ContentHeaders": {
        "Content-Type": [ "application/json" ],
        "Content-Length": [ "1186" ]
      }
    },
    "Response": {
      "StatusCode": 201,
      "Headers": {
        "Cache-Control": [ "no-cache" ],
        "Pragma": [ "no-cache" ],
        "Location": [ "/subscriptions/dbedef25-184c-430f-b383-0eeb87c3205d/resourcegroups/alecbUserSessionTests/providers/Microsoft.DesktopVirtualization/appattachpackages/TestPackage" ],
        "Set-Cookie": [ "ARRAffinity=39d91f16fdd59b39d7a07780844d80b88a73a7f54a8a5e7eeddb8cc0cb631057;Path=/;HttpOnly;Secure;Domain=rdarmprovider-g-us-r0.wvdselfhost.microsoft.com", "ARRAffinitySameSite=39d91f16fdd59b39d7a07780844d80b88a73a7f54a8a5e7eeddb8cc0cb631057;Path=/;HttpOnly;SameSite=None;Secure;Domain=rdarmprovider-g-us-r0.wvdselfhost.microsoft.com" ],
        "X-Rate-Limit-Limit": [ "0" ],
        "X-Rate-Limit-Remaining": [ "9223372036854775807" ],
        "X-Rate-Limit-Reset": [ "0" ],
        "x-ms-opsarmpath64": [ "L3N1YnNjcmlwdGlvbnMvZGJlZGVmMjUtMTg0Yy00MzBmLWIzODMtMGVlYjg3YzMyMDVkL3Jlc291cmNlR3JvdXBzL2FsZWNiVXNlclNlc3Npb25UZXN0cy9wcm92aWRlcnMvTWljcm9zb2Z0LkRlc2t0b3BWaXJ0dWFsaXphdGlvbi9hcHBBdHRhY2hQYWNrYWdlcy9UZXN0UGFja2FnZQ==" ],
        "x-ms-lamport-ts": [ "173945028" ],
        "x-ms-correlation-id": [ "e3e6a5b9-7b53-4b38-8ddc-acfa11a99946" ],
        "x-ms-request-id": [ "b8a51507-bc73-4613-a185-4efccd77d6a0" ],
        "X-Powered-By": [ "ASP.NET" ],
        "X-Content-Type-Options": [ "nosniff" ],
        "x-ms-ratelimit-remaining-subscription-writes": [ "199" ],
        "x-ms-ratelimit-remaining-subscription-global-writes": [ "2999" ],
        "x-ms-correlation-request-id": [ "3a338d3e-b41f-470c-90bf-e275efbd9b2a" ],
        "x-ms-routing-request-id": [ "WESTUS:20240808T220659Z:3a338d3e-b41f-470c-90bf-e275efbd9b2a" ],
        "Strict-Transport-Security": [ "max-age=31536000; includeSubDomains" ],
        "X-Cache": [ "CONFIG_NOCACHE" ],
        "X-MSEdge-Ref": [ "Ref A: A62CF3E1CA8841C6A85106F093D8FBB2 Ref B: SJC211051205053 Ref C: 2024-08-08T22:06:56Z" ],
        "Date": [ "Thu, 08 Aug 2024 22:06:58 GMT" ]
      },
      "ContentHeaders": {
        "Content-Length": [ "1621" ],
        "Content-Type": [ "application/json; charset=utf-8" ],
        "Expires": [ "-1" ]
      },
      "Content": "{\"name\":\"TestPackage\",\"id\":\"/subscriptions/dbedef25-184c-430f-b383-0eeb87c3205d/resourcegroups/alecbUserSessionTests/providers/Microsoft.DesktopVirtualization/appattachpackages/TestPackage\",\"type\":\"Microsoft.DesktopVirtualization/appattachpackages\",\"location\":\"westus2\",\"tags\":{},\"kind\":null,\"systemData\":{\"createdBy\":\"alecbaird@wvdtesttenant.onmicrosoft.com\",\"createdByType\":\"User\",\"createdAt\":\"2024-08-08T22:06:58.89Z\",\"lastModifiedBy\":\"alecbaird@wvdtesttenant.onmicrosoft.com\",\"lastModifiedByType\":\"User\",\"lastModifiedAt\":\"2024-08-08T22:06:58.89Z\"},\"properties\":{\"customData\":null,\"packageOwnerName\":\"AppAttach\",\"packageLookbackUrl\":null,\"image\":{\"packageAlias\":null,\"imagePath\":\"C:\\\\\\\\msix\\\\SingleMsix.vhd\",\"packageName\":\"MsixUnitTest_Name\",\"packageFamilyName\":\"MsixUnitTest_FamilyName\",\"packageFullName\":\"AATest_FullName_UnitTest\",\"displayName\":\"UnitTest-MSIXPackage\",\"packageRelativePath\":\"MsixUnitTest_RelativePackageRoot\",\"isRegularRegistration\":true,\"isActive\":true,\"packageDependencies\":[{\"dependencyName\":\"MsixTest_Dependency_Name\",\"publisher\":\"MsixTest_Dependency_Publisher\",\"minVersion\":\"0.0.0.42\"}],\"version\":\"0.0.18838.722\",\"lastUpdated\":\"0001-01-01T00:00:00\",\"packageApplications\":[{\"appUserModelID\":\"MsixTest_Application_ModelID\",\"appId\":\"MsixTest_Application_Id\",\"description\":\"testing from ps\",\"friendlyName\":\"some name\",\"iconImageName\":\"Apptile\",\"rawIcon\":\"c29tZSBpbWFnZQ==\",\"rawPng\":\"c29tZSBpbWFnZQ==\"}],\"certificateExpiry\":\"0001-01-01T00:00:00\",\"certificateName\":null,\"isPackageTimestamped\":\"NotTimestamped\"},\"hostPoolReferences\":[],\"failHealthCheckOnStagingFailure\":\"Unhealthy\",\"keyVaultURL\":null}}",
      "isContentBase64": false
    }
  },
  "Remove-AzWvdAppAttachPackage+[NoContext]+Delete+$GET+https://management.azure.com/subscriptions/dbedef25-184c-430f-b383-0eeb87c3205d/resourceGroups/alecbUserSessionTests/providers/Microsoft.DesktopVirtualization/appAttachPackages?api-version=2024-04-03+2": {
    "Request": {
      "Method": "GET",
      "RequestUri": "https://management.azure.com/subscriptions/dbedef25-184c-430f-b383-0eeb87c3205d/resourceGroups/alecbUserSessionTests/providers/Microsoft.DesktopVirtualization/appAttachPackages?api-version=2024-04-03",
      "Content": null,
      "isContentBase64": false,
      "Headers": {
        "x-ms-unique-id": [ "235" ],
        "x-ms-client-request-id": [ "6c800d5d-82e1-4b0c-9a3f-01a3f8fb51cb" ],
        "CommandName": [ "Get-AzWvdAppAttachPackage" ],
        "FullCommandName": [ "Get-AzWvdAppAttachPackage_List" ],
        "ParameterSetName": [ "__AllParameterSets" ],
        "User-Agent": [ "AzurePowershell/v0.0.0", "PSVersion/v7.2.19", "Az.DesktopVirtualization/2.1.0" ],
        "Authorization": [ "[Filtered]" ]
      },
      "ContentHeaders": {
      }
    },
    "Response": {
      "StatusCode": 200,
      "Headers": {
        "Cache-Control": [ "no-cache" ],
        "Pragma": [ "no-cache" ],
        "Vary": [ "Accept-Encoding" ],
        "Set-Cookie": [ "ARRAffinity=39d91f16fdd59b39d7a07780844d80b88a73a7f54a8a5e7eeddb8cc0cb631057;Path=/;HttpOnly;Secure;Domain=rdarmprovider-g-us-r0.wvdselfhost.microsoft.com", "ARRAffinitySameSite=39d91f16fdd59b39d7a07780844d80b88a73a7f54a8a5e7eeddb8cc0cb631057;Path=/;HttpOnly;SameSite=None;Secure;Domain=rdarmprovider-g-us-r0.wvdselfhost.microsoft.com" ],
        "x-ms-ratelimit-remaining-subscription-reads": [ "249" ],
        "X-Rate-Limit-Limit": [ "0" ],
        "X-Rate-Limit-Remaining": [ "9223372036854775807" ],
        "X-Rate-Limit-Reset": [ "0" ],
        "x-ms-opsarmpath64": [ "L3N1YnNjcmlwdGlvbnMvZGJlZGVmMjUtMTg0Yy00MzBmLWIzODMtMGVlYjg3YzMyMDVkL3Jlc291cmNlR3JvdXBzL2FsZWNiVXNlclNlc3Npb25UZXN0cw==" ],
        "x-ms-lamport-ts": [ "173945033" ],
        "x-ms-correlation-id": [ "fbd509b2-1865-45ab-a64d-0f6f1d66ee69" ],
        "x-ms-request-id": [ "6c800d5d-82e1-4b0c-9a3f-01a3f8fb51cb" ],
        "X-Powered-By": [ "ASP.NET" ],
        "X-Content-Type-Options": [ "nosniff" ],
        "x-ms-ratelimit-remaining-subscription-global-reads": [ "3749" ],
        "x-ms-correlation-request-id": [ "457ace1f-9fa9-4fc9-b2bc-2ff94c680b0f" ],
        "x-ms-routing-request-id": [ "WESTUS:20240808T220701Z:457ace1f-9fa9-4fc9-b2bc-2ff94c680b0f" ],
        "Strict-Transport-Security": [ "max-age=31536000; includeSubDomains" ],
        "X-Cache": [ "CONFIG_NOCACHE" ],
        "X-MSEdge-Ref": [ "Ref A: 71DC18987ACC4262B2BCF803D77A4FE9 Ref B: SJC211051205053 Ref C: 2024-08-08T22:06:59Z" ],
        "Date": [ "Thu, 08 Aug 2024 22:07:00 GMT" ]
      },
      "ContentHeaders": {
        "Content-Length": [ "1649" ],
        "Content-Type": [ "application/json; charset=utf-8" ],
        "Expires": [ "-1" ]
      },
      "Content": "{\"value\":[{\"name\":\"TestPackage\",\"id\":\"/subscriptions/dbedef25-184c-430f-b383-0eeb87c3205d/resourcegroups/alecbUserSessionTests/providers/Microsoft.DesktopVirtualization/appattachpackages/TestPackage\",\"type\":\"Microsoft.DesktopVirtualization/appattachpackages\",\"location\":\"westus2\",\"tags\":{},\"kind\":null,\"systemData\":{\"createdBy\":\"alecbaird@wvdtesttenant.onmicrosoft.com\",\"createdByType\":\"User\",\"createdAt\":\"2024-08-08T22:06:58.89Z\",\"lastModifiedBy\":\"alecbaird@wvdtesttenant.onmicrosoft.com\",\"lastModifiedByType\":\"User\",\"lastModifiedAt\":\"2024-08-08T22:06:58.89Z\"},\"properties\":{\"customData\":null,\"packageOwnerName\":\"AppAttach\",\"packageLookbackUrl\":null,\"image\":{\"packageAlias\":null,\"imagePath\":\"C:\\\\\\\\msix\\\\SingleMsix.vhd\",\"packageName\":\"MsixUnitTest_Name\",\"packageFamilyName\":\"MsixUnitTest_FamilyName\",\"packageFullName\":\"AATest_FullName_UnitTest\",\"displayName\":\"UnitTest-MSIXPackage\",\"packageRelativePath\":\"MsixUnitTest_RelativePackageRoot\",\"isRegularRegistration\":true,\"isActive\":true,\"packageDependencies\":[{\"dependencyName\":\"MsixTest_Dependency_Name\",\"publisher\":\"MsixTest_Dependency_Publisher\",\"minVersion\":\"0.0.0.42\"}],\"version\":\"0.0.18838.722\",\"lastUpdated\":\"0001-01-01T00:00:00\",\"packageApplications\":[{\"appUserModelID\":\"MsixTest_Application_ModelID\",\"appId\":\"MsixTest_Application_Id\",\"description\":\"testing from ps\",\"friendlyName\":\"some name\",\"iconImageName\":\"Apptile\",\"rawIcon\":\"c29tZSBpbWFnZQ==\",\"rawPng\":\"c29tZSBpbWFnZQ==\"}],\"certificateExpiry\":\"0001-01-01T00:00:00\",\"certificateName\":null,\"isPackageTimestamped\":\"NotTimestamped\"},\"hostPoolReferences\":[],\"failHealthCheckOnStagingFailure\":\"Unhealthy\",\"keyVaultURL\":null}}],\"nextLink\":null}",
      "isContentBase64": false
    }
  },
  "Remove-AzWvdAppAttachPackage+[NoContext]+Delete+$DELETE+https://management.azure.com/subscriptions/dbedef25-184c-430f-b383-0eeb87c3205d/resourceGroups/alecbUserSessionTests/providers/Microsoft.DesktopVirtualization/appAttachPackages/TestPackage?api-version=2024-04-03+3": {
    "Request": {
      "Method": "DELETE",
      "RequestUri": "https://management.azure.com/subscriptions/dbedef25-184c-430f-b383-0eeb87c3205d/resourceGroups/alecbUserSessionTests/providers/Microsoft.DesktopVirtualization/appAttachPackages/TestPackage?api-version=2024-04-03",
      "Content": null,
      "isContentBase64": false,
      "Headers": {
        "x-ms-unique-id": [ "236" ],
        "x-ms-client-request-id": [ "0faf8015-073c-4957-b0dc-2366882df121" ],
        "CommandName": [ "Remove-AzWvdAppAttachPackage" ],
        "FullCommandName": [ "Remove-AzWvdAppAttachPackage_Delete" ],
        "ParameterSetName": [ "__AllParameterSets" ],
        "User-Agent": [ "AzurePowershell/v0.0.0", "PSVersion/v7.2.19", "Az.DesktopVirtualization/2.1.0" ],
        "Authorization": [ "[Filtered]" ]
      },
      "ContentHeaders": {
      }
    },
    "Response": {
      "StatusCode": 200,
      "Headers": {
        "Cache-Control": [ "no-cache" ],
        "Pragma": [ "no-cache" ],
        "Vary": [ "Accept-Encoding" ],
        "Set-Cookie": [ "ARRAffinity=de05b342bfa7816b86cf467ecc947b8c2d1419d8d518ac9f49486dea08ed770a;Path=/;HttpOnly;Secure;Domain=rdarmprovider-g-us-r0.wvdselfhost.microsoft.com", "ARRAffinitySameSite=de05b342bfa7816b86cf467ecc947b8c2d1419d8d518ac9f49486dea08ed770a;Path=/;HttpOnly;SameSite=None;Secure;Domain=rdarmprovider-g-us-r0.wvdselfhost.microsoft.com" ],
        "x-ms-ratelimit-remaining-subscription-deletes": [ "199" ],
        "X-Rate-Limit-Limit": [ "0" ],
        "X-Rate-Limit-Remaining": [ "9223372036854775807" ],
        "X-Rate-Limit-Reset": [ "0" ],
        "x-ms-opsarmpath64": [ "L3N1YnNjcmlwdGlvbnMvZGJlZGVmMjUtMTg0Yy00MzBmLWIzODMtMGVlYjg3YzMyMDVkL3Jlc291cmNlR3JvdXBzL2FsZWNiVXNlclNlc3Npb25UZXN0cy9wcm92aWRlcnMvTWljcm9zb2Z0LkRlc2t0b3BWaXJ0dWFsaXphdGlvbi9hcHBBdHRhY2hQYWNrYWdlcy9UZXN0UGFja2FnZQ==" ],
        "x-ms-lamport-ts": [ "173945011" ],
        "x-ms-correlation-id": [ "03b9befc-b4f4-4bbb-af9d-73257f306f1a" ],
        "x-ms-request-id": [ "0faf8015-073c-4957-b0dc-2366882df121" ],
        "X-Powered-By": [ "ASP.NET" ],
        "X-Content-Type-Options": [ "nosniff" ],
        "x-ms-ratelimit-remaining-subscription-global-deletes": [ "2999" ],
        "x-ms-correlation-request-id": [ "97b8cc37-9453-4f62-a7c7-2b51a6b18460" ],
        "x-ms-routing-request-id": [ "WESTUS:20240808T220702Z:97b8cc37-9453-4f62-a7c7-2b51a6b18460" ],
        "Strict-Transport-Security": [ "max-age=31536000; includeSubDomains" ],
        "X-Cache": [ "CONFIG_NOCACHE" ],
        "X-MSEdge-Ref": [ "Ref A: 4EFED92CE3054F83AC17377DEB59A46C Ref B: SJC211051205053 Ref C: 2024-08-08T22:07:01Z" ],
        "Date": [ "Thu, 08 Aug 2024 22:07:01 GMT" ]
      },
      "ContentHeaders": {
        "Content-Length": [ "1621" ],
        "Content-Type": [ "application/json; charset=utf-8" ],
        "Expires": [ "-1" ]
      },
      "Content": "{\"name\":\"TestPackage\",\"id\":\"/subscriptions/dbedef25-184c-430f-b383-0eeb87c3205d/resourcegroups/alecbUserSessionTests/providers/Microsoft.DesktopVirtualization/appattachpackages/TestPackage\",\"type\":\"Microsoft.DesktopVirtualization/appattachpackages\",\"location\":\"westus2\",\"tags\":{},\"kind\":null,\"systemData\":{\"createdBy\":\"alecbaird@wvdtesttenant.onmicrosoft.com\",\"createdByType\":\"User\",\"createdAt\":\"2024-08-08T22:06:58.89Z\",\"lastModifiedBy\":\"alecbaird@wvdtesttenant.onmicrosoft.com\",\"lastModifiedByType\":\"User\",\"lastModifiedAt\":\"2024-08-08T22:06:58.89Z\"},\"properties\":{\"customData\":null,\"packageOwnerName\":\"AppAttach\",\"packageLookbackUrl\":null,\"image\":{\"packageAlias\":null,\"imagePath\":\"C:\\\\\\\\msix\\\\SingleMsix.vhd\",\"packageName\":\"MsixUnitTest_Name\",\"packageFamilyName\":\"MsixUnitTest_FamilyName\",\"packageFullName\":\"AATest_FullName_UnitTest\",\"displayName\":\"UnitTest-MSIXPackage\",\"packageRelativePath\":\"MsixUnitTest_RelativePackageRoot\",\"isRegularRegistration\":true,\"isActive\":true,\"packageDependencies\":[{\"dependencyName\":\"MsixTest_Dependency_Name\",\"publisher\":\"MsixTest_Dependency_Publisher\",\"minVersion\":\"0.0.0.42\"}],\"version\":\"0.0.18838.722\",\"lastUpdated\":\"0001-01-01T00:00:00\",\"packageApplications\":[{\"appUserModelID\":\"MsixTest_Application_ModelID\",\"appId\":\"MsixTest_Application_Id\",\"description\":\"testing from ps\",\"friendlyName\":\"some name\",\"iconImageName\":\"Apptile\",\"rawIcon\":\"c29tZSBpbWFnZQ==\",\"rawPng\":\"c29tZSBpbWFnZQ==\"}],\"certificateExpiry\":\"0001-01-01T00:00:00\",\"certificateName\":null,\"isPackageTimestamped\":\"NotTimestamped\"},\"hostPoolReferences\":[],\"failHealthCheckOnStagingFailure\":\"Unhealthy\",\"keyVaultURL\":null}}",
      "isContentBase64": false
    }
  },
  "Remove-AzWvdAppAttachPackage+[NoContext]+Delete+$GET+https://management.azure.com/subscriptions/dbedef25-184c-430f-b383-0eeb87c3205d/resourceGroups/alecbUserSessionTests/providers/Microsoft.DesktopVirtualization/appAttachPackages?api-version=2024-04-03+4": {
    "Request": {
      "Method": "GET",
      "RequestUri": "https://management.azure.com/subscriptions/dbedef25-184c-430f-b383-0eeb87c3205d/resourceGroups/alecbUserSessionTests/providers/Microsoft.DesktopVirtualization/appAttachPackages?api-version=2024-04-03",
      "Content": null,
      "isContentBase64": false,
      "Headers": {
        "x-ms-unique-id": [ "237" ],
        "x-ms-client-request-id": [ "af8c5fd7-6fb6-423c-bcf2-07ee1b24348f" ],
        "CommandName": [ "Get-AzWvdAppAttachPackage" ],
        "FullCommandName": [ "Get-AzWvdAppAttachPackage_List" ],
        "ParameterSetName": [ "__AllParameterSets" ],
        "User-Agent": [ "AzurePowershell/v0.0.0", "PSVersion/v7.2.19", "Az.DesktopVirtualization/2.1.0" ],
        "Authorization": [ "[Filtered]" ]
      },
      "ContentHeaders": {
      }
    },
    "Response": {
      "StatusCode": 200,
      "Headers": {
        "Cache-Control": [ "no-cache" ],
        "Pragma": [ "no-cache" ],
        "x-ms-ratelimit-remaining-subscription-reads": [ "249" ],
        "x-ms-ratelimit-remaining-subscription-global-reads": [ "3749" ],
        "x-ms-request-id": [ "6feb9afc-7fe1-4c0d-88af-a9ab599bc30c" ],
        "x-ms-correlation-request-id": [ "6feb9afc-7fe1-4c0d-88af-a9ab599bc30c" ],
        "x-ms-routing-request-id": [ "WESTUS:20240808T220703Z:6feb9afc-7fe1-4c0d-88af-a9ab599bc30c" ],
        "Strict-Transport-Security": [ "max-age=31536000; includeSubDomains" ],
        "X-Content-Type-Options": [ "nosniff" ],
        "X-Cache": [ "CONFIG_NOCACHE" ],
        "X-MSEdge-Ref": [ "Ref A: C298CB8EC66343C88085A90BBF376707 Ref B: SJC211051205053 Ref C: 2024-08-08T22:07:02Z" ],
        "Date": [ "Thu, 08 Aug 2024 22:07:02 GMT" ]
      },
      "ContentHeaders": {
        "Content-Length": [ "12" ],
        "Content-Type": [ "application/json; charset=utf-8" ],
        "Expires": [ "-1" ]
      },
      "Content": "{\"value\":[]}",
      "isContentBase64": false
    }
  }
}