{
  "Unregister-AzWvdApplicationGroup+[NoContext]+Unregister ApplicationGroup+$PUT+https://management.azure.com/subscriptions/dbedef25-184c-430f-b383-0eeb87c3205d/resourceGroups/alecbUserSessionTests/providers/Microsoft.DesktopVirtualization/workspaces/WorkspacePowershell1?api-version=2023-11-01-preview+1": {
    "Request": {
      "Method": "PUT",
      "RequestUri": "https://management.azure.com/subscriptions/dbedef25-184c-430f-b383-0eeb87c3205d/resourceGroups/alecbUserSessionTests/providers/Microsoft.DesktopVirtualization/workspaces/WorkspacePowershell1?api-version=2023-11-01-preview",
      "Content": "{\r\n  \"location\": \"westus2\",\r\n  \"properties\": {\r\n    \"description\": \"des\",\r\n    \"friendlyName\": \"fri\"\r\n  }\r\n}",
      "isContentBase64": false,
      "Headers": {
      },
      "ContentHeaders": {
        "Content-Type": [ "application/json" ],
        "Content-Length": [ "108" ]
      }
    },
    "Response": {
      "StatusCode": 201,
      "Headers": {
        "Cache-Control": [ "no-cache" ],
        "Pragma": [ "no-cache" ],
        "Location": [ "/subscriptions/dbedef25-184c-430f-b383-0eeb87c3205d/resourcegroups/alecbUserSessionTests/providers/Microsoft.DesktopVirtualization/workspaces/WorkspacePowershell1" ],
        "Set-Cookie": [ "ARRAffinity=f08099ddc6d1b5b480ee26565f489b862c28fda9abd95391f75b0cea107d6318;Path=/;HttpOnly;Secure;Domain=rdarmprovider-g-us-r0.wvdselfhost.microsoft.com", "ARRAffinitySameSite=f08099ddc6d1b5b480ee26565f489b862c28fda9abd95391f75b0cea107d6318;Path=/;HttpOnly;SameSite=None;Secure;Domain=rdarmprovider-g-us-r0.wvdselfhost.microsoft.com" ],
        "X-Rate-Limit-Limit": [ "0" ],
        "X-Rate-Limit-Remaining": [ "9223372036854775807" ],
        "X-Rate-Limit-Reset": [ "0" ],
        "x-ms-opsarmpath64": [ "L3N1YnNjcmlwdGlvbnMvZGJlZGVmMjUtMTg0Yy00MzBmLWIzODMtMGVlYjg3YzMyMDVkL3Jlc291cmNlR3JvdXBzL2FsZWNiVXNlclNlc3Npb25UZXN0cy9wcm92aWRlcnMvTWljcm9zb2Z0LkRlc2t0b3BWaXJ0dWFsaXphdGlvbi93b3Jrc3BhY2VzL1dvcmtzcGFjZVBvd2Vyc2hlbGwx" ],
        "x-ms-lamport-ts": [ "142912619" ],
        "x-ms-correlation-id": [ "48e80810-0c5b-4fe1-9a9a-04c309ad3524" ],
        "x-ms-request-id": [ "76797055-b87b-4259-97f1-1dd5ca246e5f" ],
        "X-Powered-By": [ "ASP.NET" ],
        "X-Content-Type-Options": [ "nosniff" ],
        "x-ms-ratelimit-remaining-subscription-writes": [ "1178" ],
        "x-ms-correlation-request-id": [ "b2fbc991-1f2e-4f02-9036-6ed2bf072c6e" ],
        "x-ms-routing-request-id": [ "WESTUS:20240126T025914Z:b2fbc991-1f2e-4f02-9036-6ed2bf072c6e" ],
        "Strict-Transport-Security": [ "max-age=31536000; includeSubDomains" ],
        "X-Cache": [ "CONFIG_NOCACHE" ],
        "X-MSEdge-Ref": [ "Ref A: 57CB9BE7F4984CD2A31A97E06AB2AE28 Ref B: CO6AA3150218047 Ref C: 2024-01-26T02:59:14Z" ],
        "Date": [ "Fri, 26 Jan 2024 02:59:14 GMT" ]
      },
      "ContentHeaders": {
        "Content-Length": [ "778" ],
        "Content-Type": [ "application/json; charset=utf-8" ],
        "Expires": [ "-1" ]
      },
      "Content": "{\"name\":\"WorkspacePowershell1\",\"id\":\"/subscriptions/dbedef25-184c-430f-b383-0eeb87c3205d/resourcegroups/alecbUserSessionTests/providers/Microsoft.DesktopVirtualization/workspaces/WorkspacePowershell1\",\"type\":\"Microsoft.DesktopVirtualization/workspaces\",\"location\":\"westus2\",\"tags\":null,\"kind\":null,\"systemData\":{\"createdBy\":\"admin@wvdtesttenant.onmicrosoft.com\",\"createdByType\":\"User\",\"createdAt\":\"2024-01-26T02:59:14.41Z\",\"lastModifiedBy\":\"admin@wvdtesttenant.onmicrosoft.com\",\"lastModifiedByType\":\"User\",\"lastModifiedAt\":\"2024-01-26T02:59:14.41Z\"},\"properties\":{\"privateEndpointConnections\":null,\"publicNetworkAccess\":\"Enabled\",\"description\":\"des\",\"friendlyName\":\"fri\",\"applicationGroupReferences\":[],\"cloudPcResource\":false,\"objectId\":\"42d2aef0-27cb-4888-91e4-dc8fd2ebffa8\"}}",
      "isContentBase64": false
    }
  },
  "Unregister-AzWvdApplicationGroup+[NoContext]+Unregister ApplicationGroup+$PUT+https://management.azure.com/subscriptions/dbedef25-184c-430f-b383-0eeb87c3205d/resourceGroups/alecbUserSessionTests/providers/Microsoft.DesktopVirtualization/hostPools/HostPoolPowershellContained1?api-version=2023-11-01-preview+2": {
    "Request": {
      "Method": "PUT",
      "RequestUri": "https://management.azure.com/subscriptions/dbedef25-184c-430f-b383-0eeb87c3205d/resourceGroups/alecbUserSessionTests/providers/Microsoft.DesktopVirtualization/hostPools/HostPoolPowershellContained1?api-version=2023-11-01-preview",
      "Content": "{\r\n  \"location\": \"westus2\",\r\n  \"properties\": {\r\n    \"registrationInfo\": {\r\n      \"expirationTime\": \"2024-01-26T18:59:15.0279659-08:00\",\r\n      \"registrationTokenOperation\": \"Update\"\r\n    },\r\n    \"friendlyName\": \"fri\",\r\n    \"description\": \"des\",\r\n    \"hostPoolType\": \"Shared\",\r\n    \"customRdpProperty\": \"\",\r\n    \"maxSessionLimit\": 5,\r\n    \"loadBalancerType\": \"DepthFirst\",\r\n    \"ring\": 0,\r\n    \"validationEnvironment\": false,\r\n    \"vmTemplate\": \"\",\r\n    \"managementType\": \"Standard\",\r\n    \"preferredAppGroupType\": \"Desktop\"\r\n  }\r\n}",
      "isContentBase64": false,
      "Headers": {
      },
      "ContentHeaders": {
        "Content-Type": [ "application/json" ],
        "Content-Length": [ "530" ]
      }
    },
    "Response": {
      "StatusCode": 201,
      "Headers": {
        "Cache-Control": [ "no-cache" ],
        "Pragma": [ "no-cache" ],
        "Location": [ "/subscriptions/dbedef25-184c-430f-b383-0eeb87c3205d/resourcegroups/alecbUserSessionTests/providers/Microsoft.DesktopVirtualization/hostpools/HostPoolPowershellContained1" ],
        "Set-Cookie": [ "ARRAffinity=11a8016699cfc7f02a71b1dcc7167bc48c9f1d1eaecce21a8c4e027e0921cdd8;Path=/;HttpOnly;Secure;Domain=rdarmprovider-g-us-r0.wvdselfhost.microsoft.com", "ARRAffinitySameSite=11a8016699cfc7f02a71b1dcc7167bc48c9f1d1eaecce21a8c4e027e0921cdd8;Path=/;HttpOnly;SameSite=None;Secure;Domain=rdarmprovider-g-us-r0.wvdselfhost.microsoft.com" ],
        "X-Rate-Limit-Limit": [ "0" ],
        "X-Rate-Limit-Remaining": [ "9223372036854775807" ],
        "X-Rate-Limit-Reset": [ "0" ],
        "x-ms-opsarmpath64": [ "L3N1YnNjcmlwdGlvbnMvZGJlZGVmMjUtMTg0Yy00MzBmLWIzODMtMGVlYjg3YzMyMDVkL3Jlc291cmNlR3JvdXBzL2FsZWNiVXNlclNlc3Npb25UZXN0cy9wcm92aWRlcnMvTWljcm9zb2Z0LkRlc2t0b3BWaXJ0dWFsaXphdGlvbi9ob3N0UG9vbHMvSG9zdFBvb2xQb3dlcnNoZWxsQ29udGFpbmVkMQ==" ],
        "x-ms-lamport-ts": [ "142912465" ],
        "x-ms-correlation-id": [ "238a8baa-ea88-4e0a-a782-582ec9dc54cd" ],
        "x-ms-request-id": [ "f8ce2e89-559e-4c13-80f5-f63ce7076ccf" ],
        "X-Content-Type-Options": [ "nosniff" ],
        "X-Powered-By": [ "ASP.NET" ],
        "x-ms-ratelimit-remaining-subscription-writes": [ "1197" ],
        "x-ms-correlation-request-id": [ "0bc78e43-a960-4bf6-9085-ffc2dfbb75cc" ],
        "x-ms-routing-request-id": [ "WESTUS:20240126T025916Z:0bc78e43-a960-4bf6-9085-ffc2dfbb75cc" ],
        "Strict-Transport-Security": [ "max-age=31536000; includeSubDomains" ],
        "X-Cache": [ "CONFIG_NOCACHE" ],
        "X-MSEdge-Ref": [ "Ref A: ECCA917E70C243B8A3F0243E1D7CAD55 Ref B: CO6AA3150218047 Ref C: 2024-01-26T02:59:14Z" ],
        "Date": [ "Fri, 26 Jan 2024 02:59:16 GMT" ]
      },
      "ContentHeaders": {
        "Content-Length": [ "2850" ],
        "Content-Type": [ "application/json; charset=utf-8" ],
        "Expires": [ "-1" ]
      },
      "Content": "{\"identity\":null,\"name\":\"HostPoolPowershellContained1\",\"id\":\"/subscriptions/dbedef25-184c-430f-b383-0eeb87c3205d/resourcegroups/alecbUserSessionTests/providers/Microsoft.DesktopVirtualization/hostpools/HostPoolPowershellContained1\",\"type\":\"Microsoft.DesktopVirtualization/hostpools\",\"location\":\"westus2\",\"tags\":null,\"kind\":null,\"systemData\":{\"createdBy\":\"admin@wvdtesttenant.onmicrosoft.com\",\"createdByType\":\"User\",\"createdAt\":\"2024-01-26T02:59:15.14Z\",\"lastModifiedBy\":\"admin@wvdtesttenant.onmicrosoft.com\",\"lastModifiedByType\":\"User\",\"lastModifiedAt\":\"2024-01-26T02:59:15.14Z\"},\"properties\":{\"managementType\":\"Standard\",\"appAttachPackageReferences\":[],\"agentUpdate\":null,\"friendlyName\":\"fri\",\"description\":\"des\",\"hostPoolType\":\"Pooled\",\"personalDesktopAssignmentType\":null,\"applicationGroupReferences\":[],\"customRdpProperty\":\"\",\"maxSessionLimit\":5,\"loadBalancerType\":\"DepthFirst\",\"validationEnvironment\":false,\"ring\":null,\"registrationInfo\":{\"expirationTime\":\"2024-01-27T02:59:15.0279659+00:00\",\"token\":\"eyJhbGciOiJSUzI1NiIsImtpZCI6Ijc3MzMwQzhGRDQ0RDk1NTAzMkQ0RjY2M0YzRjU4MDM5RkRCQTMwREQiLCJ0eXAiOiJKV1QifQ.eyJSZWdpc3RyYXRpb25JZCI6ImY0NzAxMmQwLTc3YjgtNDZhNS1hZWQxLTdiZWNjNTg3NzY4MiIsIkJyb2tlclVyaSI6Imh0dHBzOi8vcmRicm9rZXItZy11cy1yMC53dmRzZWxmaG9zdC5taWNyb3NvZnQuY29tLyIsIkRpYWdub3N0aWNzVXJpIjoiaHR0cHM6Ly9yZGRpYWdub3N0aWNzLWctdXMtcjAud3Zkc2VsZmhvc3QubWljcm9zb2Z0LmNvbS8iLCJFbmRwb2ludFBvb2xJZCI6ImFmYTc2NjJiLWNhZmEtNDMxMy05ZjAzLTQ4OTUzNTQ0OWZjYyIsIkdsb2JhbEJyb2tlclVyaSI6Imh0dHBzOi8vcmRicm9rZXIud3Zkc2VsZmhvc3QubWljcm9zb2Z0LmNvbS8iLCJHZW9ncmFwaHkiOiJVUyIsIkdsb2JhbEJyb2tlclJlc291cmNlSWRVcmkiOiJodHRwczovL2FmYTc2NjJiLWNhZmEtNDMxMy05ZjAzLTQ4OTUzNTQ0OWZjYy5yZGJyb2tlci53dmRzZWxmaG9zdC5taWNyb3NvZnQuY29tLyIsIkJyb2tlclJlc291cmNlSWRVcmkiOiJodHRwczovL2FmYTc2NjJiLWNhZmEtNDMxMy05ZjAzLTQ4OTUzNTQ0OWZjYy5yZGJyb2tlci1nLXVzLXIwLnd2ZHNlbGZob3N0Lm1pY3Jvc29mdC5jb20vIiwiRGlhZ25vc3RpY3NSZXNvdXJjZUlkVXJpIjoiaHR0cHM6Ly9hZmE3NjYyYi1jYWZhLTQzMTMtOWYwMy00ODk1MzU0NDlmY2MucmRkaWFnbm9zdGljcy1nLXVzLXIwLnd2ZHNlbGZob3N0Lm1pY3Jvc29mdC5jb20vIiwiQUFEVGVuYW50SWQiOiI3NGJjMmRmMC1mYzU3LTQzNjEtYjE1MC0yZDZkZDUxY2I2NjMiLCJuYmYiOjE3MDYyMzc5NTYsImV4cCI6MTcwNjMyNDM1NSwiaXNzIjoiUkRJbmZyYVRva2VuTWFuYWdlciIsImF1ZCI6IlJEbWkifQ.idNKO6HjAV6XrAA9lj1tgEDDoElH453yeL12lLtGckHVxHNTJJjul_ChD7UC4ItEGTkEvIS-MPQhllQT7ScFH0U1YVpPnJsLUOoRfU7YNxibFpTCxilux0d8sH4zGAjUu7x7jELVcT8DWQm6jUofpbyZ58RIU9uPu_DPH6xF5oKTe5I3XU3lriK5VO4PmjZNImYN2GMCvMjT7gQULn-imLNDbdZsVT4ITqICvqRLjT-8QsL-x6M7r0EBfnNJrjzLOu3nnRsvW9sWjLnP5dsvKSaUtQ5qjUtK-X0UMY4KOsSQhTr2jj2azgT8KdF4883jVCWWjXl72KUqdowxbFPq4A\",\"registrationTokenOperation\":\"Update\"},\"vmTemplate\":null,\"preferredAppGroupType\":\"Desktop\",\"migrationRequest\":null,\"cloudPcResource\":false,\"startVMOnConnect\":false,\"ssoadfsAuthority\":null,\"ssoClientId\":null,\"ssoClientSecretKeyVaultPath\":null,\"ssoSecretType\":null,\"objectId\":\"afa7662b-cafa-4313-9f03-489535449fcc\"}}",
      "isContentBase64": false
    }
  },
  "Unregister-AzWvdApplicationGroup+[NoContext]+Unregister ApplicationGroup+$PUT+https://management.azure.com/subscriptions/dbedef25-184c-430f-b383-0eeb87c3205d/resourceGroups/alecbUserSessionTests/providers/Microsoft.DesktopVirtualization/applicationGroups/ApplicationGroupPowershell1?api-version=2023-11-01-preview+3": {
    "Request": {
      "Method": "PUT",
      "RequestUri": "https://management.azure.com/subscriptions/dbedef25-184c-430f-b383-0eeb87c3205d/resourceGroups/alecbUserSessionTests/providers/Microsoft.DesktopVirtualization/applicationGroups/ApplicationGroupPowershell1?api-version=2023-11-01-preview",
      "Content": "{\r\n  \"location\": \"westus2\",\r\n  \"properties\": {\r\n    \"description\": \"des\",\r\n    \"friendlyName\": \"fri\",\r\n    \"hostPoolArmPath\": \"/subscriptions/dbedef25-184c-430f-b383-0eeb87c3205d/resourcegroups/alecbUserSessionTests/providers/Microsoft.DesktopVirtualization/hostpools/HostPoolPowershellContained1\",\r\n    \"applicationGroupType\": \"Desktop\"\r\n  }\r\n}",
      "isContentBase64": false,
      "Headers": {
      },
      "ContentHeaders": {
        "Content-Type": [ "application/json" ],
        "Content-Length": [ "345" ]
      }
    },
    "Response": {
      "StatusCode": 201,
      "Headers": {
        "Cache-Control": [ "no-cache" ],
        "Pragma": [ "no-cache" ],
        "Location": [ "/subscriptions/dbedef25-184c-430f-b383-0eeb87c3205d/resourcegroups/alecbUserSessionTests/providers/Microsoft.DesktopVirtualization/applicationgroups/ApplicationGroupPowershell1" ],
        "Set-Cookie": [ "ARRAffinity=1a7aff82bc21373b03d8fda86d009014a254fb43661cd4068b45b28f7aa56160;Path=/;HttpOnly;Secure;Domain=rdarmprovider-g-us-r0.wvdselfhost.microsoft.com", "ARRAffinitySameSite=1a7aff82bc21373b03d8fda86d009014a254fb43661cd4068b45b28f7aa56160;Path=/;HttpOnly;SameSite=None;Secure;Domain=rdarmprovider-g-us-r0.wvdselfhost.microsoft.com" ],
        "X-Rate-Limit-Limit": [ "0" ],
        "X-Rate-Limit-Remaining": [ "9223372036854775807" ],
        "X-Rate-Limit-Reset": [ "0" ],
        "x-ms-opsarmpath64": [ "L3N1YnNjcmlwdGlvbnMvZGJlZGVmMjUtMTg0Yy00MzBmLWIzODMtMGVlYjg3YzMyMDVkL3Jlc291cmNlR3JvdXBzL2FsZWNiVXNlclNlc3Npb25UZXN0cy9wcm92aWRlcnMvTWljcm9zb2Z0LkRlc2t0b3BWaXJ0dWFsaXphdGlvbi9hcHBsaWNhdGlvbkdyb3Vwcy9BcHBsaWNhdGlvbkdyb3VwUG93ZXJzaGVsbDE=" ],
        "x-ms-lamport-ts": [ "142912474" ],
        "x-ms-correlation-id": [ "bc9a8104-fc23-4d1b-8ea6-f2d3b6152d86" ],
        "x-ms-request-id": [ "6f79b61c-7de4-4547-a6fe-94e581e6d38b" ],
        "X-Powered-By": [ "ASP.NET" ],
        "X-Content-Type-Options": [ "nosniff" ],
        "x-ms-ratelimit-remaining-subscription-writes": [ "1177" ],
        "x-ms-correlation-request-id": [ "37e255e6-c680-443a-ac60-fcd6065acc96" ],
        "x-ms-routing-request-id": [ "WESTUS:20240126T025917Z:37e255e6-c680-443a-ac60-fcd6065acc96" ],
        "Strict-Transport-Security": [ "max-age=31536000; includeSubDomains" ],
        "X-Cache": [ "CONFIG_NOCACHE" ],
        "X-MSEdge-Ref": [ "Ref A: 39529DD304A7483A9CE4AE8EA2B770E2 Ref B: CO6AA3150218047 Ref C: 2024-01-26T02:59:16Z" ],
        "Date": [ "Fri, 26 Jan 2024 02:59:17 GMT" ]
      },
      "ContentHeaders": {
        "Content-Length": [ "1002" ],
        "Content-Type": [ "application/json; charset=utf-8" ],
        "Expires": [ "-1" ]
      },
      "Content": "{\"name\":\"ApplicationGroupPowershell1\",\"id\":\"/subscriptions/dbedef25-184c-430f-b383-0eeb87c3205d/resourcegroups/alecbUserSessionTests/providers/Microsoft.DesktopVirtualization/applicationgroups/ApplicationGroupPowershell1\",\"type\":\"Microsoft.DesktopVirtualization/applicationgroups\",\"location\":\"westus2\",\"tags\":null,\"kind\":\"Desktop\",\"systemData\":{\"createdBy\":\"admin@wvdtesttenant.onmicrosoft.com\",\"createdByType\":\"User\",\"createdAt\":\"2024-01-26T02:59:16.69Z\",\"lastModifiedBy\":\"admin@wvdtesttenant.onmicrosoft.com\",\"lastModifiedByType\":\"User\",\"lastModifiedAt\":\"2024-01-26T02:59:16.69Z\"},\"properties\":{\"hostPoolArmPath\":\"/subscriptions/dbedef25-184c-430f-b383-0eeb87c3205d/resourcegroups/alecbUserSessionTests/providers/Microsoft.DesktopVirtualization/hostpools/HostPoolPowershellContained1\",\"workspaceArmPath\":null,\"description\":\"des\",\"friendlyName\":\"fri\",\"applicationGroupType\":\"Desktop\",\"migrationRequest\":null,\"cloudPcResource\":false,\"showInFeed\":null,\"objectId\":\"ea6c10b4-efda-457a-b6bb-e52210cf865a\"}}",
      "isContentBase64": false
    }
  },
  "Unregister-AzWvdApplicationGroup+[NoContext]+Unregister ApplicationGroup+$GET+https://management.azure.com/subscriptions/dbedef25-184c-430f-b383-0eeb87c3205d/resourceGroups/alecbUserSessionTests/providers/Microsoft.DesktopVirtualization/workspaces/WorkspacePowershell1?api-version=2023-11-01-preview+4": {
    "Request": {
      "Method": "GET",
      "RequestUri": "https://management.azure.com/subscriptions/dbedef25-184c-430f-b383-0eeb87c3205d/resourceGroups/alecbUserSessionTests/providers/Microsoft.DesktopVirtualization/workspaces/WorkspacePowershell1?api-version=2023-11-01-preview",
      "Content": null,
      "isContentBase64": false,
      "Headers": {
        "x-ms-unique-id": [ "367" ],
        "x-ms-client-request-id": [ "ab5ecc55-1cb1-424e-ab8a-e15cfbf339d1" ],
        "CommandName": [ "Az.DesktopVirtualization\\Get-AzWvdWorkspace" ],
        "FullCommandName": [ "Get-AzWvdWorkspace_Get" ],
        "ParameterSetName": [ "__AllParameterSets" ],
        "User-Agent": [ "AzurePowershell/v11.1.0", "PSVersion/v7.4.0", "Az.DesktopVirtualization/2.1.0" ],
        "Authorization": [ "[Filtered]" ]
      },
      "ContentHeaders": {
      }
    },
    "Response": {
      "StatusCode": 200,
      "Headers": {
        "Cache-Control": [ "no-cache" ],
        "Pragma": [ "no-cache" ],
        "Vary": [ "Accept-Encoding" ],
        "Set-Cookie": [ "ARRAffinity=79e06db539acb57119e709978d2cf1da299e8341753d6f6345007fcab3f69bc5;Path=/;HttpOnly;Secure;Domain=rdarmprovider-g-us-r0.wvdselfhost.microsoft.com", "ARRAffinitySameSite=79e06db539acb57119e709978d2cf1da299e8341753d6f6345007fcab3f69bc5;Path=/;HttpOnly;SameSite=None;Secure;Domain=rdarmprovider-g-us-r0.wvdselfhost.microsoft.com" ],
        "x-ms-ratelimit-remaining-subscription-reads": [ "11996" ],
        "X-Rate-Limit-Limit": [ "0" ],
        "X-Rate-Limit-Remaining": [ "9223372036854775807" ],
        "X-Rate-Limit-Reset": [ "0" ],
        "x-ms-opsarmpath64": [ "L3N1YnNjcmlwdGlvbnMvZGJlZGVmMjUtMTg0Yy00MzBmLWIzODMtMGVlYjg3YzMyMDVkL3Jlc291cmNlR3JvdXBzL2FsZWNiVXNlclNlc3Npb25UZXN0cy9wcm92aWRlcnMvTWljcm9zb2Z0LkRlc2t0b3BWaXJ0dWFsaXphdGlvbi93b3Jrc3BhY2VzL1dvcmtzcGFjZVBvd2Vyc2hlbGwx" ],
        "x-ms-lamport-ts": [ "142912503" ],
        "x-ms-correlation-id": [ "61835dae-7f60-4bb2-8b5d-d70af1d0a104" ],
        "x-ms-request-id": [ "ab5ecc55-1cb1-424e-ab8a-e15cfbf339d1" ],
        "X-Content-Type-Options": [ "nosniff" ],
        "X-Powered-By": [ "ASP.NET" ],
        "x-ms-correlation-request-id": [ "f58174eb-15dc-4add-b8d2-43bbe54866f1" ],
        "x-ms-routing-request-id": [ "WESTUS:20240126T025918Z:f58174eb-15dc-4add-b8d2-43bbe54866f1" ],
        "Strict-Transport-Security": [ "max-age=31536000; includeSubDomains" ],
        "X-Cache": [ "CONFIG_NOCACHE" ],
        "X-MSEdge-Ref": [ "Ref A: 840087E8A273459BA6613E6742CFC9CB Ref B: CO6AA3150218047 Ref C: 2024-01-26T02:59:17Z" ],
        "Date": [ "Fri, 26 Jan 2024 02:59:18 GMT" ]
      },
      "ContentHeaders": {
        "Content-Length": [ "776" ],
        "Content-Type": [ "application/json; charset=utf-8" ],
        "Expires": [ "-1" ]
      },
      "Content": "{\"name\":\"WorkspacePowershell1\",\"id\":\"/subscriptions/dbedef25-184c-430f-b383-0eeb87c3205d/resourcegroups/alecbUserSessionTests/providers/Microsoft.DesktopVirtualization/workspaces/WorkspacePowershell1\",\"type\":\"Microsoft.DesktopVirtualization/workspaces\",\"location\":\"westus2\",\"tags\":null,\"kind\":null,\"systemData\":{\"createdBy\":\"admin@wvdtesttenant.onmicrosoft.com\",\"createdByType\":\"User\",\"createdAt\":\"2024-01-26T02:59:14.41Z\",\"lastModifiedBy\":\"admin@wvdtesttenant.onmicrosoft.com\",\"lastModifiedByType\":\"User\",\"lastModifiedAt\":\"2024-01-26T02:59:14.41Z\"},\"properties\":{\"privateEndpointConnections\":[],\"publicNetworkAccess\":\"Enabled\",\"description\":\"des\",\"friendlyName\":\"fri\",\"applicationGroupReferences\":[],\"cloudPcResource\":false,\"objectId\":\"42d2aef0-27cb-4888-91e4-dc8fd2ebffa8\"}}",
      "isContentBase64": false
    }
  },
  "Unregister-AzWvdApplicationGroup+[NoContext]+Unregister ApplicationGroup+$PATCH+https://management.azure.com/subscriptions/dbedef25-184c-430f-b383-0eeb87c3205d/resourceGroups/alecbUserSessionTests/providers/Microsoft.DesktopVirtualization/workspaces/WorkspacePowershell1?api-version=2023-11-01-preview+5": {
    "Request": {
      "Method": "PATCH",
      "RequestUri": "https://management.azure.com/subscriptions/dbedef25-184c-430f-b383-0eeb87c3205d/resourceGroups/alecbUserSessionTests/providers/Microsoft.DesktopVirtualization/workspaces/WorkspacePowershell1?api-version=2023-11-01-preview",
      "Content": "{\r\n  \"properties\": {\r\n    \"applicationGroupReferences\": [ \"/subscriptions/dbedef25-184c-430f-b383-0eeb87c3205d/resourcegroups/alecbUserSessionTests/providers/Microsoft.DesktopVirtualization/applicationgroups/ApplicationGroupPowershell1\" ]\r\n  }\r\n}",
      "isContentBase64": false,
      "Headers": {
      },
      "ContentHeaders": {
        "Content-Type": [ "application/json" ],
        "Content-Length": [ "246" ]
      }
    },
    "Response": {
      "StatusCode": 200,
      "Headers": {
        "Cache-Control": [ "no-cache" ],
        "Pragma": [ "no-cache" ],
        "Vary": [ "Accept-Encoding" ],
        "Set-Cookie": [ "ARRAffinity=b67cf4989142f516cf1224c1da63f82fb954c6d5a9d7f17d287740c0647a1f76;Path=/;HttpOnly;Secure;Domain=rdarmprovider-g-us-r0.wvdselfhost.microsoft.com", "ARRAffinitySameSite=b67cf4989142f516cf1224c1da63f82fb954c6d5a9d7f17d287740c0647a1f76;Path=/;HttpOnly;SameSite=None;Secure;Domain=rdarmprovider-g-us-r0.wvdselfhost.microsoft.com" ],
        "x-ms-ratelimit-remaining-subscription-writes": [ "1194" ],
        "X-Rate-Limit-Limit": [ "0" ],
        "X-Rate-Limit-Remaining": [ "9223372036854775807" ],
        "X-Rate-Limit-Reset": [ "0" ],
        "x-ms-opsarmpath64": [ "L3N1YnNjcmlwdGlvbnMvZGJlZGVmMjUtMTg0Yy00MzBmLWIzODMtMGVlYjg3YzMyMDVkL3Jlc291cmNlR3JvdXBzL2FsZWNiVXNlclNlc3Npb25UZXN0cy9wcm92aWRlcnMvTWljcm9zb2Z0LkRlc2t0b3BWaXJ0dWFsaXphdGlvbi93b3Jrc3BhY2VzL1dvcmtzcGFjZVBvd2Vyc2hlbGwx" ],
        "x-ms-lamport-ts": [ "142912513" ],
        "x-ms-correlation-id": [ "992f719a-6df8-4c00-bf1d-31ddb7cb3f43" ],
        "x-ms-request-id": [ "31f52e85-5470-4cd4-b32c-d1de5ccc0ebc" ],
        "X-Content-Type-Options": [ "nosniff" ],
        "X-Powered-By": [ "ASP.NET" ],
        "x-ms-correlation-request-id": [ "97e06da2-4d55-4da3-a77d-9685cf87c501" ],
        "x-ms-routing-request-id": [ "WESTUS:20240126T025919Z:97e06da2-4d55-4da3-a77d-9685cf87c501" ],
        "Strict-Transport-Security": [ "max-age=31536000; includeSubDomains" ],
        "X-Cache": [ "CONFIG_NOCACHE" ],
        "X-MSEdge-Ref": [ "Ref A: 2CCE21CDEDF94138A4D1DFCE177C65CD Ref B: CO6AA3150218047 Ref C: 2024-01-26T02:59:18Z" ],
        "Date": [ "Fri, 26 Jan 2024 02:59:19 GMT" ]
      },
      "ContentHeaders": {
        "Content-Length": [ "956" ],
        "Content-Type": [ "application/json; charset=utf-8" ],
        "Expires": [ "-1" ]
      },
      "Content": "{\"name\":\"WorkspacePowershell1\",\"id\":\"/subscriptions/dbedef25-184c-430f-b383-0eeb87c3205d/resourcegroups/alecbUserSessionTests/providers/Microsoft.DesktopVirtualization/workspaces/WorkspacePowershell1\",\"type\":\"Microsoft.DesktopVirtualization/workspaces\",\"location\":\"westus2\",\"tags\":null,\"kind\":null,\"systemData\":{\"createdBy\":\"admin@wvdtesttenant.onmicrosoft.com\",\"createdByType\":\"User\",\"createdAt\":\"2024-01-26T02:59:14.41Z\",\"lastModifiedBy\":\"admin@wvdtesttenant.onmicrosoft.com\",\"lastModifiedByType\":\"User\",\"lastModifiedAt\":\"2024-01-26T02:59:18.25Z\"},\"properties\":{\"privateEndpointConnections\":null,\"publicNetworkAccess\":\"Enabled\",\"description\":\"des\",\"friendlyName\":\"fri\",\"applicationGroupReferences\":[\"/subscriptions/dbedef25-184c-430f-b383-0eeb87c3205d/resourcegroups/alecbUserSessionTests/providers/Microsoft.DesktopVirtualization/applicationgroups/ApplicationGroupPowershell1\"],\"cloudPcResource\":false,\"objectId\":\"42d2aef0-27cb-4888-91e4-dc8fd2ebffa8\"}}",
      "isContentBase64": false
    }
  },
  "Unregister-AzWvdApplicationGroup+[NoContext]+Unregister ApplicationGroup+$GET+https://management.azure.com/subscriptions/dbedef25-184c-430f-b383-0eeb87c3205d/resourceGroups/alecbUserSessionTests/providers/Microsoft.DesktopVirtualization/workspaces/WorkspacePowershell1?api-version=2023-11-01-preview+6": {
    "Request": {
      "Method": "GET",
      "RequestUri": "https://management.azure.com/subscriptions/dbedef25-184c-430f-b383-0eeb87c3205d/resourceGroups/alecbUserSessionTests/providers/Microsoft.DesktopVirtualization/workspaces/WorkspacePowershell1?api-version=2023-11-01-preview",
      "Content": null,
      "isContentBase64": false,
      "Headers": {
        "x-ms-unique-id": [ "369" ],
        "x-ms-client-request-id": [ "cc8970a9-c5c3-4cb1-b8de-1cc1a5d0c025" ],
        "CommandName": [ "Get-AzWvdWorkspace" ],
        "FullCommandName": [ "Get-AzWvdWorkspace_Get" ],
        "ParameterSetName": [ "__AllParameterSets" ],
        "User-Agent": [ "AzurePowershell/v11.1.0", "PSVersion/v7.4.0", "Az.DesktopVirtualization/2.1.0" ],
        "Authorization": [ "[Filtered]" ]
      },
      "ContentHeaders": {
      }
    },
    "Response": {
      "StatusCode": 200,
      "Headers": {
        "Cache-Control": [ "no-cache" ],
        "Pragma": [ "no-cache" ],
        "Vary": [ "Accept-Encoding" ],
        "Set-Cookie": [ "ARRAffinity=11a8016699cfc7f02a71b1dcc7167bc48c9f1d1eaecce21a8c4e027e0921cdd8;Path=/;HttpOnly;Secure;Domain=rdarmprovider-g-us-r0.wvdselfhost.microsoft.com", "ARRAffinitySameSite=11a8016699cfc7f02a71b1dcc7167bc48c9f1d1eaecce21a8c4e027e0921cdd8;Path=/;HttpOnly;SameSite=None;Secure;Domain=rdarmprovider-g-us-r0.wvdselfhost.microsoft.com" ],
        "x-ms-ratelimit-remaining-subscription-reads": [ "11995" ],
        "X-Rate-Limit-Limit": [ "0" ],
        "X-Rate-Limit-Remaining": [ "9223372036854775807" ],
        "X-Rate-Limit-Reset": [ "0" ],
        "x-ms-opsarmpath64": [ "L3N1YnNjcmlwdGlvbnMvZGJlZGVmMjUtMTg0Yy00MzBmLWIzODMtMGVlYjg3YzMyMDVkL3Jlc291cmNlR3JvdXBzL2FsZWNiVXNlclNlc3Npb25UZXN0cy9wcm92aWRlcnMvTWljcm9zb2Z0LkRlc2t0b3BWaXJ0dWFsaXphdGlvbi93b3Jrc3BhY2VzL1dvcmtzcGFjZVBvd2Vyc2hlbGwx" ],
        "x-ms-lamport-ts": [ "142912470" ],
        "x-ms-correlation-id": [ "4ae0061e-8c94-4e34-918d-4f1f039571fa" ],
        "x-ms-request-id": [ "cc8970a9-c5c3-4cb1-b8de-1cc1a5d0c025" ],
        "X-Content-Type-Options": [ "nosniff" ],
        "X-Powered-By": [ "ASP.NET" ],
        "x-ms-correlation-request-id": [ "8cbbf599-5414-4e05-b74f-bbbd7a4b3c92" ],
        "x-ms-routing-request-id": [ "WESTUS:20240126T025919Z:8cbbf599-5414-4e05-b74f-bbbd7a4b3c92" ],
        "Strict-Transport-Security": [ "max-age=31536000; includeSubDomains" ],
        "X-Cache": [ "CONFIG_NOCACHE" ],
        "X-MSEdge-Ref": [ "Ref A: 84AFCD8FE5444EC88D4763E438D91761 Ref B: CO6AA3150218047 Ref C: 2024-01-26T02:59:19Z" ],
        "Date": [ "Fri, 26 Jan 2024 02:59:19 GMT" ]
      },
      "ContentHeaders": {
        "Content-Length": [ "954" ],
        "Content-Type": [ "application/json; charset=utf-8" ],
        "Expires": [ "-1" ]
      },
      "Content": "{\"name\":\"WorkspacePowershell1\",\"id\":\"/subscriptions/dbedef25-184c-430f-b383-0eeb87c3205d/resourcegroups/alecbUserSessionTests/providers/Microsoft.DesktopVirtualization/workspaces/WorkspacePowershell1\",\"type\":\"Microsoft.DesktopVirtualization/workspaces\",\"location\":\"westus2\",\"tags\":null,\"kind\":null,\"systemData\":{\"createdBy\":\"admin@wvdtesttenant.onmicrosoft.com\",\"createdByType\":\"User\",\"createdAt\":\"2024-01-26T02:59:14.41Z\",\"lastModifiedBy\":\"admin@wvdtesttenant.onmicrosoft.com\",\"lastModifiedByType\":\"User\",\"lastModifiedAt\":\"2024-01-26T02:59:18.25Z\"},\"properties\":{\"privateEndpointConnections\":[],\"publicNetworkAccess\":\"Enabled\",\"description\":\"des\",\"friendlyName\":\"fri\",\"applicationGroupReferences\":[\"/subscriptions/dbedef25-184c-430f-b383-0eeb87c3205d/resourcegroups/alecbUserSessionTests/providers/Microsoft.DesktopVirtualization/applicationgroups/ApplicationGroupPowershell1\"],\"cloudPcResource\":false,\"objectId\":\"42d2aef0-27cb-4888-91e4-dc8fd2ebffa8\"}}",
      "isContentBase64": false
    }
  },
  "Unregister-AzWvdApplicationGroup+[NoContext]+Unregister ApplicationGroup+$GET+https://management.azure.com/subscriptions/dbedef25-184c-430f-b383-0eeb87c3205d/resourceGroups/alecbUserSessionTests/providers/Microsoft.DesktopVirtualization/workspaces/WorkspacePowershell1?api-version=2023-11-01-preview+7": {
    "Request": {
      "Method": "GET",
      "RequestUri": "https://management.azure.com/subscriptions/dbedef25-184c-430f-b383-0eeb87c3205d/resourceGroups/alecbUserSessionTests/providers/Microsoft.DesktopVirtualization/workspaces/WorkspacePowershell1?api-version=2023-11-01-preview",
      "Content": null,
      "isContentBase64": false,
      "Headers": {
        "x-ms-unique-id": [ "370" ],
        "x-ms-client-request-id": [ "d9cd8f68-588b-4fe8-9867-bea0ba9c32a3" ],
        "CommandName": [ "Az.DesktopVirtualization\\Get-AzWvdWorkspace" ],
        "FullCommandName": [ "Get-AzWvdWorkspace_Get" ],
        "ParameterSetName": [ "__AllParameterSets" ],
        "User-Agent": [ "AzurePowershell/v11.1.0", "PSVersion/v7.4.0", "Az.DesktopVirtualization/2.1.0" ],
        "Authorization": [ "[Filtered]" ]
      },
      "ContentHeaders": {
      }
    },
    "Response": {
      "StatusCode": 200,
      "Headers": {
        "Cache-Control": [ "no-cache" ],
        "Pragma": [ "no-cache" ],
        "Vary": [ "Accept-Encoding" ],
        "Set-Cookie": [ "ARRAffinity=f0cf6515b964ed71a3330b30673731d75ad3321adfb3448f8fe843b9868e0497;Path=/;HttpOnly;Secure;Domain=rdarmprovider-g-us-r0.wvdselfhost.microsoft.com", "ARRAffinitySameSite=f0cf6515b964ed71a3330b30673731d75ad3321adfb3448f8fe843b9868e0497;Path=/;HttpOnly;SameSite=None;Secure;Domain=rdarmprovider-g-us-r0.wvdselfhost.microsoft.com" ],
        "x-ms-ratelimit-remaining-subscription-reads": [ "11979" ],
        "X-Rate-Limit-Limit": [ "0" ],
        "X-Rate-Limit-Remaining": [ "9223372036854775807" ],
        "X-Rate-Limit-Reset": [ "0" ],
        "x-ms-opsarmpath64": [ "L3N1YnNjcmlwdGlvbnMvZGJlZGVmMjUtMTg0Yy00MzBmLWIzODMtMGVlYjg3YzMyMDVkL3Jlc291cmNlR3JvdXBzL2FsZWNiVXNlclNlc3Npb25UZXN0cy9wcm92aWRlcnMvTWljcm9zb2Z0LkRlc2t0b3BWaXJ0dWFsaXphdGlvbi93b3Jrc3BhY2VzL1dvcmtzcGFjZVBvd2Vyc2hlbGwx" ],
        "x-ms-lamport-ts": [ "142912562" ],
        "x-ms-correlation-id": [ "2f6d2bf6-16fe-4abb-aad6-ec447babc683" ],
        "x-ms-request-id": [ "d9cd8f68-588b-4fe8-9867-bea0ba9c32a3" ],
        "X-Powered-By": [ "ASP.NET" ],
        "X-Content-Type-Options": [ "nosniff" ],
        "x-ms-correlation-request-id": [ "34609013-76de-4a66-bdc9-47f8ec827a51" ],
        "x-ms-routing-request-id": [ "WESTUS:20240126T025919Z:34609013-76de-4a66-bdc9-47f8ec827a51" ],
        "Strict-Transport-Security": [ "max-age=31536000; includeSubDomains" ],
        "X-Cache": [ "CONFIG_NOCACHE" ],
        "X-MSEdge-Ref": [ "Ref A: 3BA1CCD859DD4B50BC4FCA727EC08E9B Ref B: CO6AA3150218047 Ref C: 2024-01-26T02:59:19Z" ],
        "Date": [ "Fri, 26 Jan 2024 02:59:19 GMT" ]
      },
      "ContentHeaders": {
        "Content-Length": [ "954" ],
        "Content-Type": [ "application/json; charset=utf-8" ],
        "Expires": [ "-1" ]
      },
      "Content": "{\"name\":\"WorkspacePowershell1\",\"id\":\"/subscriptions/dbedef25-184c-430f-b383-0eeb87c3205d/resourcegroups/alecbUserSessionTests/providers/Microsoft.DesktopVirtualization/workspaces/WorkspacePowershell1\",\"type\":\"Microsoft.DesktopVirtualization/workspaces\",\"location\":\"westus2\",\"tags\":null,\"kind\":null,\"systemData\":{\"createdBy\":\"admin@wvdtesttenant.onmicrosoft.com\",\"createdByType\":\"User\",\"createdAt\":\"2024-01-26T02:59:14.41Z\",\"lastModifiedBy\":\"admin@wvdtesttenant.onmicrosoft.com\",\"lastModifiedByType\":\"User\",\"lastModifiedAt\":\"2024-01-26T02:59:18.25Z\"},\"properties\":{\"privateEndpointConnections\":[],\"publicNetworkAccess\":\"Enabled\",\"description\":\"des\",\"friendlyName\":\"fri\",\"applicationGroupReferences\":[\"/subscriptions/dbedef25-184c-430f-b383-0eeb87c3205d/resourcegroups/alecbUserSessionTests/providers/Microsoft.DesktopVirtualization/applicationgroups/ApplicationGroupPowershell1\"],\"cloudPcResource\":false,\"objectId\":\"42d2aef0-27cb-4888-91e4-dc8fd2ebffa8\"}}",
      "isContentBase64": false
    }
  },
  "Unregister-AzWvdApplicationGroup+[NoContext]+Unregister ApplicationGroup+$PATCH+https://management.azure.com/subscriptions/dbedef25-184c-430f-b383-0eeb87c3205d/resourceGroups/alecbUserSessionTests/providers/Microsoft.DesktopVirtualization/workspaces/WorkspacePowershell1?api-version=2023-11-01-preview+8": {
    "Request": {
      "Method": "PATCH",
      "RequestUri": "https://management.azure.com/subscriptions/dbedef25-184c-430f-b383-0eeb87c3205d/resourceGroups/alecbUserSessionTests/providers/Microsoft.DesktopVirtualization/workspaces/WorkspacePowershell1?api-version=2023-11-01-preview",
      "Content": "{\r\n  \"properties\": {\r\n    \"applicationGroupReferences\": [ ]\r\n  }\r\n}",
      "isContentBase64": false,
      "Headers": {
      },
      "ContentHeaders": {
        "Content-Type": [ "application/json" ],
        "Content-Length": [ "67" ]
      }
    },
    "Response": {
      "StatusCode": 200,
      "Headers": {
        "Cache-Control": [ "no-cache" ],
        "Pragma": [ "no-cache" ],
        "Vary": [ "Accept-Encoding" ],
        "Set-Cookie": [ "ARRAffinity=f08099ddc6d1b5b480ee26565f489b862c28fda9abd95391f75b0cea107d6318;Path=/;HttpOnly;Secure;Domain=rdarmprovider-g-us-r0.wvdselfhost.microsoft.com", "ARRAffinitySameSite=f08099ddc6d1b5b480ee26565f489b862c28fda9abd95391f75b0cea107d6318;Path=/;HttpOnly;SameSite=None;Secure;Domain=rdarmprovider-g-us-r0.wvdselfhost.microsoft.com" ],
        "x-ms-ratelimit-remaining-subscription-writes": [ "1194" ],
        "X-Rate-Limit-Limit": [ "0" ],
        "X-Rate-Limit-Remaining": [ "9223372036854775807" ],
        "X-Rate-Limit-Reset": [ "0" ],
        "x-ms-opsarmpath64": [ "L3N1YnNjcmlwdGlvbnMvZGJlZGVmMjUtMTg0Yy00MzBmLWIzODMtMGVlYjg3YzMyMDVkL3Jlc291cmNlR3JvdXBzL2FsZWNiVXNlclNlc3Npb25UZXN0cy9wcm92aWRlcnMvTWljcm9zb2Z0LkRlc2t0b3BWaXJ0dWFsaXphdGlvbi93b3Jrc3BhY2VzL1dvcmtzcGFjZVBvd2Vyc2hlbGwx" ],
        "x-ms-lamport-ts": [ "142912622" ],
        "x-ms-correlation-id": [ "f680172e-a839-4cde-beda-6ea53c43eac9" ],
        "x-ms-request-id": [ "26040dc1-7984-4c90-96cc-5096c0881090" ],
        "X-Powered-By": [ "ASP.NET" ],
        "X-Content-Type-Options": [ "nosniff" ],
        "x-ms-correlation-request-id": [ "9980934b-744d-4761-9cab-d4a4cae48a30" ],
        "x-ms-routing-request-id": [ "WESTUS:20240126T025920Z:9980934b-744d-4761-9cab-d4a4cae48a30" ],
        "Strict-Transport-Security": [ "max-age=31536000; includeSubDomains" ],
        "X-Cache": [ "CONFIG_NOCACHE" ],
        "X-MSEdge-Ref": [ "Ref A: B31DE6157E104DDF9230596F72840C30 Ref B: CO6AA3150218047 Ref C: 2024-01-26T02:59:19Z" ],
        "Date": [ "Fri, 26 Jan 2024 02:59:20 GMT" ]
      },
      "ContentHeaders": {
        "Content-Length": [ "778" ],
        "Content-Type": [ "application/json; charset=utf-8" ],
        "Expires": [ "-1" ]
      },
      "Content": "{\"name\":\"WorkspacePowershell1\",\"id\":\"/subscriptions/dbedef25-184c-430f-b383-0eeb87c3205d/resourcegroups/alecbUserSessionTests/providers/Microsoft.DesktopVirtualization/workspaces/WorkspacePowershell1\",\"type\":\"Microsoft.DesktopVirtualization/workspaces\",\"location\":\"westus2\",\"tags\":null,\"kind\":null,\"systemData\":{\"createdBy\":\"admin@wvdtesttenant.onmicrosoft.com\",\"createdByType\":\"User\",\"createdAt\":\"2024-01-26T02:59:14.41Z\",\"lastModifiedBy\":\"admin@wvdtesttenant.onmicrosoft.com\",\"lastModifiedByType\":\"User\",\"lastModifiedAt\":\"2024-01-26T02:59:19.84Z\"},\"properties\":{\"privateEndpointConnections\":null,\"publicNetworkAccess\":\"Enabled\",\"description\":\"des\",\"friendlyName\":\"fri\",\"applicationGroupReferences\":[],\"cloudPcResource\":false,\"objectId\":\"42d2aef0-27cb-4888-91e4-dc8fd2ebffa8\"}}",
      "isContentBase64": false
    }
  },
  "Unregister-AzWvdApplicationGroup+[NoContext]+Unregister ApplicationGroup+$GET+https://management.azure.com/subscriptions/dbedef25-184c-430f-b383-0eeb87c3205d/resourceGroups/alecbUserSessionTests/providers/Microsoft.DesktopVirtualization/workspaces/WorkspacePowershell1?api-version=2023-11-01-preview+9": {
    "Request": {
      "Method": "GET",
      "RequestUri": "https://management.azure.com/subscriptions/dbedef25-184c-430f-b383-0eeb87c3205d/resourceGroups/alecbUserSessionTests/providers/Microsoft.DesktopVirtualization/workspaces/WorkspacePowershell1?api-version=2023-11-01-preview",
      "Content": null,
      "isContentBase64": false,
      "Headers": {
        "x-ms-unique-id": [ "372" ],
        "x-ms-client-request-id": [ "9014b809-5e62-434c-84c7-1556373eefbf" ],
        "CommandName": [ "Get-AzWvdWorkspace" ],
        "FullCommandName": [ "Get-AzWvdWorkspace_Get" ],
        "ParameterSetName": [ "__AllParameterSets" ],
        "User-Agent": [ "AzurePowershell/v11.1.0", "PSVersion/v7.4.0", "Az.DesktopVirtualization/2.1.0" ],
        "Authorization": [ "[Filtered]" ]
      },
      "ContentHeaders": {
      }
    },
    "Response": {
      "StatusCode": 200,
      "Headers": {
        "Cache-Control": [ "no-cache" ],
        "Pragma": [ "no-cache" ],
        "Vary": [ "Accept-Encoding" ],
        "Set-Cookie": [ "ARRAffinity=1a7aff82bc21373b03d8fda86d009014a254fb43661cd4068b45b28f7aa56160;Path=/;HttpOnly;Secure;Domain=rdarmprovider-g-us-r0.wvdselfhost.microsoft.com", "ARRAffinitySameSite=1a7aff82bc21373b03d8fda86d009014a254fb43661cd4068b45b28f7aa56160;Path=/;HttpOnly;SameSite=None;Secure;Domain=rdarmprovider-g-us-r0.wvdselfhost.microsoft.com" ],
        "x-ms-ratelimit-remaining-subscription-reads": [ "11997" ],
        "X-Rate-Limit-Limit": [ "0" ],
        "X-Rate-Limit-Remaining": [ "9223372036854775807" ],
        "X-Rate-Limit-Reset": [ "0" ],
        "x-ms-opsarmpath64": [ "L3N1YnNjcmlwdGlvbnMvZGJlZGVmMjUtMTg0Yy00MzBmLWIzODMtMGVlYjg3YzMyMDVkL3Jlc291cmNlR3JvdXBzL2FsZWNiVXNlclNlc3Npb25UZXN0cy9wcm92aWRlcnMvTWljcm9zb2Z0LkRlc2t0b3BWaXJ0dWFsaXphdGlvbi93b3Jrc3BhY2VzL1dvcmtzcGFjZVBvd2Vyc2hlbGwx" ],
        "x-ms-lamport-ts": [ "142912479" ],
        "x-ms-correlation-id": [ "64f6983e-e98b-4de7-aefa-a3308cc5ccf9" ],
        "x-ms-request-id": [ "9014b809-5e62-434c-84c7-1556373eefbf" ],
        "X-Powered-By": [ "ASP.NET" ],
        "X-Content-Type-Options": [ "nosniff" ],
        "x-ms-correlation-request-id": [ "bfd89e94-52c5-45d0-8757-c9c0615ad1af" ],
        "x-ms-routing-request-id": [ "WESTUS:20240126T025921Z:bfd89e94-52c5-45d0-8757-c9c0615ad1af" ],
        "Strict-Transport-Security": [ "max-age=31536000; includeSubDomains" ],
        "X-Cache": [ "CONFIG_NOCACHE" ],
        "X-MSEdge-Ref": [ "Ref A: 6018EA294FAD432CA6BBAE65ACF7DA62 Ref B: CO6AA3150218047 Ref C: 2024-01-26T02:59:20Z" ],
        "Date": [ "Fri, 26 Jan 2024 02:59:20 GMT" ]
      },
      "ContentHeaders": {
        "Content-Length": [ "776" ],
        "Content-Type": [ "application/json; charset=utf-8" ],
        "Expires": [ "-1" ]
      },
      "Content": "{\"name\":\"WorkspacePowershell1\",\"id\":\"/subscriptions/dbedef25-184c-430f-b383-0eeb87c3205d/resourcegroups/alecbUserSessionTests/providers/Microsoft.DesktopVirtualization/workspaces/WorkspacePowershell1\",\"type\":\"Microsoft.DesktopVirtualization/workspaces\",\"location\":\"westus2\",\"tags\":null,\"kind\":null,\"systemData\":{\"createdBy\":\"admin@wvdtesttenant.onmicrosoft.com\",\"createdByType\":\"User\",\"createdAt\":\"2024-01-26T02:59:14.41Z\",\"lastModifiedBy\":\"admin@wvdtesttenant.onmicrosoft.com\",\"lastModifiedByType\":\"User\",\"lastModifiedAt\":\"2024-01-26T02:59:19.84Z\"},\"properties\":{\"privateEndpointConnections\":[],\"publicNetworkAccess\":\"Enabled\",\"description\":\"des\",\"friendlyName\":\"fri\",\"applicationGroupReferences\":[],\"cloudPcResource\":false,\"objectId\":\"42d2aef0-27cb-4888-91e4-dc8fd2ebffa8\"}}",
      "isContentBase64": false
    }
  },
  "Unregister-AzWvdApplicationGroup+[NoContext]+Unregister ApplicationGroup+$DELETE+https://management.azure.com/subscriptions/dbedef25-184c-430f-b383-0eeb87c3205d/resourceGroups/alecbUserSessionTests/providers/Microsoft.DesktopVirtualization/applicationGroups/ApplicationGroupPowershell1?api-version=2023-11-01-preview+10": {
    "Request": {
      "Method": "DELETE",
      "RequestUri": "https://management.azure.com/subscriptions/dbedef25-184c-430f-b383-0eeb87c3205d/resourceGroups/alecbUserSessionTests/providers/Microsoft.DesktopVirtualization/applicationGroups/ApplicationGroupPowershell1?api-version=2023-11-01-preview",
      "Content": null,
      "isContentBase64": false,
      "Headers": {
        "x-ms-unique-id": [ "373" ],
        "x-ms-client-request-id": [ "a5f437d2-fbc4-4717-b1c1-cebfa51643bb" ],
        "CommandName": [ "Remove-AzWvdApplicationGroup" ],
        "FullCommandName": [ "Remove-AzWvdApplicationGroup_Delete" ],
        "ParameterSetName": [ "__AllParameterSets" ],
        "User-Agent": [ "AzurePowershell/v11.1.0", "PSVersion/v7.4.0", "Az.DesktopVirtualization/2.1.0" ],
        "Authorization": [ "[Filtered]" ]
      },
      "ContentHeaders": {
      }
    },
    "Response": {
      "StatusCode": 200,
      "Headers": {
        "Cache-Control": [ "no-cache" ],
        "Pragma": [ "no-cache" ],
        "Vary": [ "Accept-Encoding" ],
        "Set-Cookie": [ "ARRAffinity=f0cf6515b964ed71a3330b30673731d75ad3321adfb3448f8fe843b9868e0497;Path=/;HttpOnly;Secure;Domain=rdarmprovider-g-us-r0.wvdselfhost.microsoft.com", "ARRAffinitySameSite=f0cf6515b964ed71a3330b30673731d75ad3321adfb3448f8fe843b9868e0497;Path=/;HttpOnly;SameSite=None;Secure;Domain=rdarmprovider-g-us-r0.wvdselfhost.microsoft.com" ],
        "x-ms-ratelimit-remaining-subscription-deletes": [ "14992" ],
        "X-Rate-Limit-Limit": [ "0" ],
        "X-Rate-Limit-Remaining": [ "9223372036854775807" ],
        "X-Rate-Limit-Reset": [ "0" ],
        "x-ms-opsarmpath64": [ "L3N1YnNjcmlwdGlvbnMvZGJlZGVmMjUtMTg0Yy00MzBmLWIzODMtMGVlYjg3YzMyMDVkL3Jlc291cmNlR3JvdXBzL2FsZWNiVXNlclNlc3Npb25UZXN0cy9wcm92aWRlcnMvTWljcm9zb2Z0LkRlc2t0b3BWaXJ0dWFsaXphdGlvbi9hcHBsaWNhdGlvbkdyb3Vwcy9BcHBsaWNhdGlvbkdyb3VwUG93ZXJzaGVsbDE=" ],
        "x-ms-lamport-ts": [ "142912568" ],
        "x-ms-correlation-id": [ "6100a01e-ad4f-42d3-9065-885adeb3372c" ],
        "x-ms-request-id": [ "a5f437d2-fbc4-4717-b1c1-cebfa51643bb" ],
        "X-Powered-By": [ "ASP.NET" ],
        "X-Content-Type-Options": [ "nosniff" ],
        "x-ms-correlation-request-id": [ "c3470877-d5f3-4be4-a5af-e085a050db71" ],
        "x-ms-routing-request-id": [ "WESTUS:20240126T025922Z:c3470877-d5f3-4be4-a5af-e085a050db71" ],
        "Strict-Transport-Security": [ "max-age=31536000; includeSubDomains" ],
        "X-Cache": [ "CONFIG_NOCACHE" ],
        "X-MSEdge-Ref": [ "Ref A: 6345582ED9714521A25BBE6DCCF4AA38 Ref B: CO6AA3150218047 Ref C: 2024-01-26T02:59:21Z" ],
        "Date": [ "Fri, 26 Jan 2024 02:59:22 GMT" ]
      },
      "ContentHeaders": {
        "Content-Length": [ "1002" ],
        "Content-Type": [ "application/json; charset=utf-8" ],
        "Expires": [ "-1" ]
      },
      "Content": "{\"name\":\"ApplicationGroupPowershell1\",\"id\":\"/subscriptions/dbedef25-184c-430f-b383-0eeb87c3205d/resourcegroups/alecbUserSessionTests/providers/Microsoft.DesktopVirtualization/applicationgroups/ApplicationGroupPowershell1\",\"type\":\"Microsoft.DesktopVirtualization/applicationgroups\",\"location\":\"westus2\",\"tags\":null,\"kind\":\"Desktop\",\"systemData\":{\"createdBy\":\"admin@wvdtesttenant.onmicrosoft.com\",\"createdByType\":\"User\",\"createdAt\":\"2024-01-26T02:59:16.69Z\",\"lastModifiedBy\":\"admin@wvdtesttenant.onmicrosoft.com\",\"lastModifiedByType\":\"User\",\"lastModifiedAt\":\"2024-01-26T02:59:16.69Z\"},\"properties\":{\"hostPoolArmPath\":\"/subscriptions/dbedef25-184c-430f-b383-0eeb87c3205d/resourcegroups/alecbUserSessionTests/providers/Microsoft.DesktopVirtualization/hostpools/HostPoolPowershellContained1\",\"workspaceArmPath\":null,\"description\":\"des\",\"friendlyName\":\"fri\",\"applicationGroupType\":\"Desktop\",\"migrationRequest\":null,\"cloudPcResource\":false,\"showInFeed\":null,\"objectId\":\"ea6c10b4-efda-457a-b6bb-e52210cf865a\"}}",
      "isContentBase64": false
    }
  },
  "Unregister-AzWvdApplicationGroup+[NoContext]+Unregister ApplicationGroup+$DELETE+https://management.azure.com/subscriptions/dbedef25-184c-430f-b383-0eeb87c3205d/resourceGroups/alecbUserSessionTests/providers/Microsoft.DesktopVirtualization/hostPools/HostPoolPowershellContained1?api-version=2023-11-01-preview+11": {
    "Request": {
      "Method": "DELETE",
      "RequestUri": "https://management.azure.com/subscriptions/dbedef25-184c-430f-b383-0eeb87c3205d/resourceGroups/alecbUserSessionTests/providers/Microsoft.DesktopVirtualization/hostPools/HostPoolPowershellContained1?api-version=2023-11-01-preview",
      "Content": null,
      "isContentBase64": false,
      "Headers": {
        "x-ms-unique-id": [ "374" ],
        "x-ms-client-request-id": [ "246b6603-95c2-48b0-abe1-91c7dc679c95" ],
        "CommandName": [ "Remove-AzWvdHostPool" ],
        "FullCommandName": [ "Remove-AzWvdHostPool_Delete" ],
        "ParameterSetName": [ "__AllParameterSets" ],
        "User-Agent": [ "AzurePowershell/v11.1.0", "PSVersion/v7.4.0", "Az.DesktopVirtualization/2.1.0" ],
        "Authorization": [ "[Filtered]" ]
      },
      "ContentHeaders": {
      }
    },
    "Response": {
      "StatusCode": 200,
      "Headers": {
        "Cache-Control": [ "no-cache" ],
        "Pragma": [ "no-cache" ],
        "Vary": [ "Accept-Encoding" ],
        "Set-Cookie": [ "ARRAffinity=f08099ddc6d1b5b480ee26565f489b862c28fda9abd95391f75b0cea107d6318;Path=/;HttpOnly;Secure;Domain=rdarmprovider-g-us-r0.wvdselfhost.microsoft.com", "ARRAffinitySameSite=f08099ddc6d1b5b480ee26565f489b862c28fda9abd95391f75b0cea107d6318;Path=/;HttpOnly;SameSite=None;Secure;Domain=rdarmprovider-g-us-r0.wvdselfhost.microsoft.com" ],
        "x-ms-ratelimit-remaining-subscription-deletes": [ "14976" ],
        "X-Rate-Limit-Limit": [ "0" ],
        "X-Rate-Limit-Remaining": [ "9223372036854775807" ],
        "X-Rate-Limit-Reset": [ "0" ],
        "x-ms-opsarmpath64": [ "L3N1YnNjcmlwdGlvbnMvZGJlZGVmMjUtMTg0Yy00MzBmLWIzODMtMGVlYjg3YzMyMDVkL3Jlc291cmNlR3JvdXBzL2FsZWNiVXNlclNlc3Npb25UZXN0cy9wcm92aWRlcnMvTWljcm9zb2Z0LkRlc2t0b3BWaXJ0dWFsaXphdGlvbi9ob3N0UG9vbHMvSG9zdFBvb2xQb3dlcnNoZWxsQ29udGFpbmVkMQ==" ],
        "x-ms-lamport-ts": [ "142912628" ],
        "x-ms-correlation-id": [ "201e7f7f-91bf-4f5b-97d2-380059feccbf" ],
        "x-ms-request-id": [ "246b6603-95c2-48b0-abe1-91c7dc679c95" ],
        "X-Powered-By": [ "ASP.NET" ],
        "X-Content-Type-Options": [ "nosniff" ],
        "x-ms-correlation-request-id": [ "070224b5-8ee2-4b0f-a0ee-5ddaabb58a01" ],
        "x-ms-routing-request-id": [ "WESTUS:20240126T025923Z:070224b5-8ee2-4b0f-a0ee-5ddaabb58a01" ],
        "Strict-Transport-Security": [ "max-age=31536000; includeSubDomains" ],
        "X-Cache": [ "CONFIG_NOCACHE" ],
        "X-MSEdge-Ref": [ "Ref A: 8F18DA1EB07A41BF9BBB34628943D268 Ref B: CO6AA3150218047 Ref C: 2024-01-26T02:59:22Z" ],
        "Date": [ "Fri, 26 Jan 2024 02:59:23 GMT" ]
      },
      "ContentHeaders": {
        "Content-Length": [ "2843" ],
        "Content-Type": [ "application/json; charset=utf-8" ],
        "Expires": [ "-1" ]
      },
      "Content": "{\"identity\":null,\"name\":\"HostPoolPowershellContained1\",\"id\":\"/subscriptions/dbedef25-184c-430f-b383-0eeb87c3205d/resourcegroups/alecbUserSessionTests/providers/Microsoft.DesktopVirtualization/hostpools/HostPoolPowershellContained1\",\"type\":\"Microsoft.DesktopVirtualization/hostpools\",\"location\":\"westus2\",\"tags\":null,\"kind\":null,\"systemData\":{\"createdBy\":\"admin@wvdtesttenant.onmicrosoft.com\",\"createdByType\":\"User\",\"createdAt\":\"2024-01-26T02:59:15.14Z\",\"lastModifiedBy\":\"admin@wvdtesttenant.onmicrosoft.com\",\"lastModifiedByType\":\"User\",\"lastModifiedAt\":\"2024-01-26T02:59:15.14Z\"},\"properties\":{\"managementType\":\"Standard\",\"appAttachPackageReferences\":[],\"agentUpdate\":null,\"friendlyName\":\"fri\",\"description\":\"des\",\"hostPoolType\":\"Pooled\",\"personalDesktopAssignmentType\":null,\"applicationGroupReferences\":[],\"customRdpProperty\":\"\",\"maxSessionLimit\":5,\"loadBalancerType\":\"DepthFirst\",\"validationEnvironment\":false,\"ring\":null,\"registrationInfo\":{\"expirationTime\":\"2024-01-27T02:59:15.0279659Z\",\"token\":\"eyJhbGciOiJSUzI1NiIsImtpZCI6Ijc3MzMwQzhGRDQ0RDk1NTAzMkQ0RjY2M0YzRjU4MDM5RkRCQTMwREQiLCJ0eXAiOiJKV1QifQ.eyJSZWdpc3RyYXRpb25JZCI6ImY0NzAxMmQwLTc3YjgtNDZhNS1hZWQxLTdiZWNjNTg3NzY4MiIsIkJyb2tlclVyaSI6Imh0dHBzOi8vcmRicm9rZXItZy11cy1yMC53dmRzZWxmaG9zdC5taWNyb3NvZnQuY29tLyIsIkRpYWdub3N0aWNzVXJpIjoiaHR0cHM6Ly9yZGRpYWdub3N0aWNzLWctdXMtcjAud3Zkc2VsZmhvc3QubWljcm9zb2Z0LmNvbS8iLCJFbmRwb2ludFBvb2xJZCI6ImFmYTc2NjJiLWNhZmEtNDMxMy05ZjAzLTQ4OTUzNTQ0OWZjYyIsIkdsb2JhbEJyb2tlclVyaSI6Imh0dHBzOi8vcmRicm9rZXIud3Zkc2VsZmhvc3QubWljcm9zb2Z0LmNvbS8iLCJHZW9ncmFwaHkiOiJVUyIsIkdsb2JhbEJyb2tlclJlc291cmNlSWRVcmkiOiJodHRwczovL2FmYTc2NjJiLWNhZmEtNDMxMy05ZjAzLTQ4OTUzNTQ0OWZjYy5yZGJyb2tlci53dmRzZWxmaG9zdC5taWNyb3NvZnQuY29tLyIsIkJyb2tlclJlc291cmNlSWRVcmkiOiJodHRwczovL2FmYTc2NjJiLWNhZmEtNDMxMy05ZjAzLTQ4OTUzNTQ0OWZjYy5yZGJyb2tlci1nLXVzLXIwLnd2ZHNlbGZob3N0Lm1pY3Jvc29mdC5jb20vIiwiRGlhZ25vc3RpY3NSZXNvdXJjZUlkVXJpIjoiaHR0cHM6Ly9hZmE3NjYyYi1jYWZhLTQzMTMtOWYwMy00ODk1MzU0NDlmY2MucmRkaWFnbm9zdGljcy1nLXVzLXIwLnd2ZHNlbGZob3N0Lm1pY3Jvc29mdC5jb20vIiwiQUFEVGVuYW50SWQiOiI3NGJjMmRmMC1mYzU3LTQzNjEtYjE1MC0yZDZkZDUxY2I2NjMiLCJuYmYiOjE3MDYyMzc5NTYsImV4cCI6MTcwNjMyNDM1NSwiaXNzIjoiUkRJbmZyYVRva2VuTWFuYWdlciIsImF1ZCI6IlJEbWkifQ.idNKO6HjAV6XrAA9lj1tgEDDoElH453yeL12lLtGckHVxHNTJJjul_ChD7UC4ItEGTkEvIS-MPQhllQT7ScFH0U1YVpPnJsLUOoRfU7YNxibFpTCxilux0d8sH4zGAjUu7x7jELVcT8DWQm6jUofpbyZ58RIU9uPu_DPH6xF5oKTe5I3XU3lriK5VO4PmjZNImYN2GMCvMjT7gQULn-imLNDbdZsVT4ITqICvqRLjT-8QsL-x6M7r0EBfnNJrjzLOu3nnRsvW9sWjLnP5dsvKSaUtQ5qjUtK-X0UMY4KOsSQhTr2jj2azgT8KdF4883jVCWWjXl72KUqdowxbFPq4A\",\"registrationTokenOperation\":\"None\"},\"vmTemplate\":null,\"preferredAppGroupType\":\"Desktop\",\"migrationRequest\":null,\"cloudPcResource\":false,\"startVMOnConnect\":false,\"ssoadfsAuthority\":null,\"ssoClientId\":null,\"ssoClientSecretKeyVaultPath\":null,\"ssoSecretType\":null,\"objectId\":\"afa7662b-cafa-4313-9f03-489535449fcc\"}}",
      "isContentBase64": false
    }
  },
  "Unregister-AzWvdApplicationGroup+[NoContext]+Unregister ApplicationGroup+$DELETE+https://management.azure.com/subscriptions/dbedef25-184c-430f-b383-0eeb87c3205d/resourceGroups/alecbUserSessionTests/providers/Microsoft.DesktopVirtualization/workspaces/WorkspacePowershell1?api-version=2023-11-01-preview+12": {
    "Request": {
      "Method": "DELETE",
      "RequestUri": "https://management.azure.com/subscriptions/dbedef25-184c-430f-b383-0eeb87c3205d/resourceGroups/alecbUserSessionTests/providers/Microsoft.DesktopVirtualization/workspaces/WorkspacePowershell1?api-version=2023-11-01-preview",
      "Content": null,
      "isContentBase64": false,
      "Headers": {
        "x-ms-unique-id": [ "375" ],
        "x-ms-client-request-id": [ "42e1e9ba-1a1b-4e12-af11-1a7237faa37b" ],
        "CommandName": [ "Remove-AzWvdWorkspace" ],
        "FullCommandName": [ "Remove-AzWvdWorkspace_Delete" ],
        "ParameterSetName": [ "__AllParameterSets" ],
        "User-Agent": [ "AzurePowershell/v11.1.0", "PSVersion/v7.4.0", "Az.DesktopVirtualization/2.1.0" ],
        "Authorization": [ "[Filtered]" ]
      },
      "ContentHeaders": {
      }
    },
    "Response": {
      "StatusCode": 200,
      "Headers": {
        "Cache-Control": [ "no-cache" ],
        "Pragma": [ "no-cache" ],
        "Vary": [ "Accept-Encoding" ],
        "Set-Cookie": [ "ARRAffinity=1a7aff82bc21373b03d8fda86d009014a254fb43661cd4068b45b28f7aa56160;Path=/;HttpOnly;Secure;Domain=rdarmprovider-g-us-r0.wvdselfhost.microsoft.com", "ARRAffinitySameSite=1a7aff82bc21373b03d8fda86d009014a254fb43661cd4068b45b28f7aa56160;Path=/;HttpOnly;SameSite=None;Secure;Domain=rdarmprovider-g-us-r0.wvdselfhost.microsoft.com" ],
        "x-ms-ratelimit-remaining-subscription-deletes": [ "14999" ],
        "X-Rate-Limit-Limit": [ "0" ],
        "X-Rate-Limit-Remaining": [ "9223372036854775807" ],
        "X-Rate-Limit-Reset": [ "0" ],
        "x-ms-opsarmpath64": [ "L3N1YnNjcmlwdGlvbnMvZGJlZGVmMjUtMTg0Yy00MzBmLWIzODMtMGVlYjg3YzMyMDVkL3Jlc291cmNlR3JvdXBzL2FsZWNiVXNlclNlc3Npb25UZXN0cy9wcm92aWRlcnMvTWljcm9zb2Z0LkRlc2t0b3BWaXJ0dWFsaXphdGlvbi93b3Jrc3BhY2VzL1dvcmtzcGFjZVBvd2Vyc2hlbGwx" ],
        "x-ms-lamport-ts": [ "142912485" ],
        "x-ms-correlation-id": [ "68967b68-57e1-4693-a534-d1def6219e9b" ],
        "x-ms-request-id": [ "42e1e9ba-1a1b-4e12-af11-1a7237faa37b" ],
        "X-Powered-By": [ "ASP.NET" ],
        "X-Content-Type-Options": [ "nosniff" ],
        "x-ms-correlation-request-id": [ "cb93a240-b081-4227-a082-1fa301a3e296" ],
        "x-ms-routing-request-id": [ "WESTUS:20240126T025924Z:cb93a240-b081-4227-a082-1fa301a3e296" ],
        "Strict-Transport-Security": [ "max-age=31536000; includeSubDomains" ],
        "X-Cache": [ "CONFIG_NOCACHE" ],
        "X-MSEdge-Ref": [ "Ref A: 2907871CDC26444CBB80070055F75CE1 Ref B: CO6AA3150218047 Ref C: 2024-01-26T02:59:23Z" ],
        "Date": [ "Fri, 26 Jan 2024 02:59:24 GMT" ]
      },
      "ContentHeaders": {
        "Content-Length": [ "542" ],
        "Content-Type": [ "application/json; charset=utf-8" ],
        "Expires": [ "-1" ]
      },
      "Content": "{\"name\":\"WorkspacePowershell1\",\"id\":\"/subscriptions/dbedef25-184c-430f-b383-0eeb87c3205d/resourcegroups/alecbUserSessionTests/providers/Microsoft.DesktopVirtualization/workspaces/WorkspacePowershell1\",\"type\":\"Microsoft.DesktopVirtualization/workspaces\",\"location\":\"westus2\",\"tags\":null,\"kind\":null,\"systemData\":null,\"properties\":{\"privateEndpointConnections\":[],\"publicNetworkAccess\":\"Enabled\",\"description\":\"des\",\"friendlyName\":\"fri\",\"applicationGroupReferences\":[],\"cloudPcResource\":false,\"objectId\":\"42d2aef0-27cb-4888-91e4-dc8fd2ebffa8\"}}",
      "isContentBase64": false
    }
  }
}