{
<<<<<<< HEAD
<<<<<<< HEAD:src/DesktopVirtualization/test/Update-AzWvdWorkspace.Recording.json
  "Update-AzWvdWorkspace+[NoContext]+Update+$PUT+https://management.azure.com/subscriptions/dbedef25-184c-430f-b383-0eeb87c3205d/resourceGroups/alecbUserSessionTests/providers/Microsoft.DesktopVirtualization/workspaces/WorkspacePowershell1?api-version=2023-07-07-preview+1": {
    "Request": {
      "Method": "PUT",
      "RequestUri": "https://management.azure.com/subscriptions/dbedef25-184c-430f-b383-0eeb87c3205d/resourceGroups/alecbUserSessionTests/providers/Microsoft.DesktopVirtualization/workspaces/WorkspacePowershell1?api-version=2023-07-07-preview",
=======
=======
>>>>>>> 7d31aeaa706c1b5ed7c3c3037cfdab6040ceb654
  "Update-AzWvdWorkspace+[NoContext]+Update+$PUT+https://management.azure.com/subscriptions/dbedef25-184c-430f-b383-0eeb87c3205d/resourceGroups/alecbUserSessionTests/providers/Microsoft.DesktopVirtualization/workspaces/WorkspacePowershell1?api-version=2023-09-05+1": {
    "Request": {
      "Method": "PUT",
      "RequestUri": "https://management.azure.com/subscriptions/dbedef25-184c-430f-b383-0eeb87c3205d/resourceGroups/alecbUserSessionTests/providers/Microsoft.DesktopVirtualization/workspaces/WorkspacePowershell1?api-version=2023-09-05",
<<<<<<< HEAD
>>>>>>> 7d31aeaa706c1b5ed7c3c3037cfdab6040ceb654:src/DesktopVirtualization/DesktopVirtualization.Autorest/test/Update-AzWvdWorkspace.Recording.json
=======
>>>>>>> 7d31aeaa706c1b5ed7c3c3037cfdab6040ceb654
      "Content": "{\r\n  \"location\": \"westus2\",\r\n  \"properties\": {\r\n    \"description\": \"des\",\r\n    \"friendlyName\": \"fri\"\r\n  }\r\n}",
      "isContentBase64": false,
      "Headers": {
      },
      "ContentHeaders": {
        "Content-Type": [ "application/json" ],
        "Content-Length": [ "108" ]
      }
    },
    "Response": {
      "StatusCode": 201,
      "Headers": {
        "Cache-Control": [ "no-cache" ],
        "Pragma": [ "no-cache" ],
        "Location": [ "/subscriptions/dbedef25-184c-430f-b383-0eeb87c3205d/resourcegroups/alecbUserSessionTests/providers/Microsoft.DesktopVirtualization/workspaces/WorkspacePowershell1" ],
        "X-Rate-Limit-Limit": [ "0" ],
        "X-Rate-Limit-Remaining": [ "9223372036854775807" ],
        "X-Rate-Limit-Reset": [ "0" ],
        "x-ms-opsarmpath64": [ "L3N1YnNjcmlwdGlvbnMvZGJlZGVmMjUtMTg0Yy00MzBmLWIzODMtMGVlYjg3YzMyMDVkL3Jlc291cmNlR3JvdXBzL2FsZWNiVXNlclNlc3Npb25UZXN0cy9wcm92aWRlcnMvTWljcm9zb2Z0LkRlc2t0b3BWaXJ0dWFsaXphdGlvbi93b3Jrc3BhY2VzL1dvcmtzcGFjZVBvd2Vyc2hlbGwx" ],
<<<<<<< HEAD
<<<<<<< HEAD:src/DesktopVirtualization/test/Update-AzWvdWorkspace.Recording.json
        "x-ms-lamport-ts": [ "115578421" ],
        "x-ms-correlation-id": [ "8e8d0c57-1e5c-4220-bf48-0113edea5521" ],
        "x-ms-request-id": [ "a397af38-a8de-4ef7-8c05-1a04f89fb4d5" ],
        "X-Content-Type-Options": [ "nosniff" ],
        "Set-Cookie": [ "ARRAffinity=136ead941a19baf9a74bd41f746b55cb14e4cf321e040e50f7bd8162d430922d;Path=/;HttpOnly;Secure;Domain=rdarmprovider-g-us-r0.wvdselfhost.microsoft.com", "ARRAffinitySameSite=136ead941a19baf9a74bd41f746b55cb14e4cf321e040e50f7bd8162d430922d;Path=/;HttpOnly;SameSite=None;Secure;Domain=rdarmprovider-g-us-r0.wvdselfhost.microsoft.com" ],
        "Server": [ "Microsoft-IIS/10.0" ],
        "X-Powered-By": [ "ASP.NET" ],
        "x-ms-ratelimit-remaining-subscription-writes": [ "1051" ],
        "x-ms-correlation-request-id": [ "9378bb48-22dd-41c3-959f-907a320cd44f" ],
        "x-ms-routing-request-id": [ "WESTCENTRALUS:20230817T072145Z:9378bb48-22dd-41c3-959f-907a320cd44f" ],
        "Strict-Transport-Security": [ "max-age=31536000; includeSubDomains" ],
        "Date": [ "Thu, 17 Aug 2023 07:21:45 GMT" ]
=======
=======
>>>>>>> 7d31aeaa706c1b5ed7c3c3037cfdab6040ceb654
        "x-ms-lamport-ts": [ "139427348" ],
        "x-ms-correlation-id": [ "2f100768-3a7b-4dbf-9352-6943eda837f1" ],
        "x-ms-request-id": [ "1cd00f0a-b8a6-47b1-a543-2fd228237a76" ],
        "X-Content-Type-Options": [ "nosniff" ],
        "Set-Cookie": [ "ARRAffinity=5dd88b1b095b0bace916bbff8b6816e0a442269c15efc1ddf244384e7f96a14f;Path=/;HttpOnly;Secure;Domain=rdarmprovider-g-us-r0.wvdselfhost.microsoft.com", "ARRAffinitySameSite=5dd88b1b095b0bace916bbff8b6816e0a442269c15efc1ddf244384e7f96a14f;Path=/;HttpOnly;SameSite=None;Secure;Domain=rdarmprovider-g-us-r0.wvdselfhost.microsoft.com" ],
        "Server": [ "Microsoft-IIS/10.0" ],
        "X-Powered-By": [ "ASP.NET" ],
        "x-ms-ratelimit-remaining-subscription-writes": [ "1052" ],
        "x-ms-correlation-request-id": [ "a510a4a5-ddf9-4c1a-b5e6-f838817eb1cc" ],
        "x-ms-routing-request-id": [ "WESTUS:20231222T043849Z:a510a4a5-ddf9-4c1a-b5e6-f838817eb1cc" ],
        "Strict-Transport-Security": [ "max-age=31536000; includeSubDomains" ],
        "Date": [ "Fri, 22 Dec 2023 04:38:48 GMT" ]
<<<<<<< HEAD
>>>>>>> 7d31aeaa706c1b5ed7c3c3037cfdab6040ceb654:src/DesktopVirtualization/DesktopVirtualization.Autorest/test/Update-AzWvdWorkspace.Recording.json
=======
>>>>>>> 7d31aeaa706c1b5ed7c3c3037cfdab6040ceb654
      },
      "ContentHeaders": {
        "Content-Length": [ "778" ],
        "Content-Type": [ "application/json; charset=utf-8" ],
        "Expires": [ "-1" ]
      },
<<<<<<< HEAD
<<<<<<< HEAD:src/DesktopVirtualization/test/Update-AzWvdWorkspace.Recording.json
      "Content": "{\"name\":\"WorkspacePowershell1\",\"id\":\"/subscriptions/dbedef25-184c-430f-b383-0eeb87c3205d/resourcegroups/alecbUserSessionTests/providers/Microsoft.DesktopVirtualization/workspaces/WorkspacePowershell1\",\"type\":\"Microsoft.DesktopVirtualization/workspaces\",\"location\":\"westus2\",\"tags\":null,\"kind\":null,\"systemData\":{\"createdBy\":\"admin@wvdtesttenant.onmicrosoft.com\",\"createdByType\":\"User\",\"createdAt\":\"2023-08-17T07:21:45.37Z\",\"lastModifiedBy\":\"admin@wvdtesttenant.onmicrosoft.com\",\"lastModifiedByType\":\"User\",\"lastModifiedAt\":\"2023-08-17T07:21:45.37Z\"},\"properties\":{\"privateEndpointConnections\":null,\"publicNetworkAccess\":\"Enabled\",\"description\":\"des\",\"friendlyName\":\"fri\",\"applicationGroupReferences\":[],\"cloudPcResource\":false,\"objectId\":\"b92bce39-1efd-49d6-a227-f312aa3006d7\"}}",
      "isContentBase64": false
    }
  },
  "Update-AzWvdWorkspace+[NoContext]+Update+$PATCH+https://management.azure.com/subscriptions/dbedef25-184c-430f-b383-0eeb87c3205d/resourceGroups/alecbUserSessionTests/providers/Microsoft.DesktopVirtualization/workspaces/WorkspacePowershell1?api-version=2023-07-07-preview+2": {
    "Request": {
      "Method": "PATCH",
      "RequestUri": "https://management.azure.com/subscriptions/dbedef25-184c-430f-b383-0eeb87c3205d/resourceGroups/alecbUserSessionTests/providers/Microsoft.DesktopVirtualization/workspaces/WorkspacePowershell1?api-version=2023-07-07-preview",
=======
=======
>>>>>>> 7d31aeaa706c1b5ed7c3c3037cfdab6040ceb654
      "Content": "{\"name\":\"WorkspacePowershell1\",\"id\":\"/subscriptions/dbedef25-184c-430f-b383-0eeb87c3205d/resourcegroups/alecbUserSessionTests/providers/Microsoft.DesktopVirtualization/workspaces/WorkspacePowershell1\",\"type\":\"Microsoft.DesktopVirtualization/workspaces\",\"location\":\"westus2\",\"tags\":null,\"kind\":null,\"systemData\":{\"createdBy\":\"admin@wvdtesttenant.onmicrosoft.com\",\"createdByType\":\"User\",\"createdAt\":\"2023-12-22T04:38:48.96Z\",\"lastModifiedBy\":\"admin@wvdtesttenant.onmicrosoft.com\",\"lastModifiedByType\":\"User\",\"lastModifiedAt\":\"2023-12-22T04:38:48.96Z\"},\"properties\":{\"privateEndpointConnections\":null,\"publicNetworkAccess\":\"Enabled\",\"description\":\"des\",\"friendlyName\":\"fri\",\"applicationGroupReferences\":[],\"cloudPcResource\":false,\"objectId\":\"d59cdb2b-ac63-4eff-b2c5-e88c7b4ea6b8\"}}",
      "isContentBase64": false
    }
  },
  "Update-AzWvdWorkspace+[NoContext]+Update+$PATCH+https://management.azure.com/subscriptions/dbedef25-184c-430f-b383-0eeb87c3205d/resourceGroups/alecbUserSessionTests/providers/Microsoft.DesktopVirtualization/workspaces/WorkspacePowershell1?api-version=2023-09-05+2": {
    "Request": {
      "Method": "PATCH",
      "RequestUri": "https://management.azure.com/subscriptions/dbedef25-184c-430f-b383-0eeb87c3205d/resourceGroups/alecbUserSessionTests/providers/Microsoft.DesktopVirtualization/workspaces/WorkspacePowershell1?api-version=2023-09-05",
<<<<<<< HEAD
>>>>>>> 7d31aeaa706c1b5ed7c3c3037cfdab6040ceb654:src/DesktopVirtualization/DesktopVirtualization.Autorest/test/Update-AzWvdWorkspace.Recording.json
=======
>>>>>>> 7d31aeaa706c1b5ed7c3c3037cfdab6040ceb654
      "Content": "{\r\n  \"properties\": {\r\n    \"description\": \"des2\",\r\n    \"friendlyName\": \"fri2\"\r\n  }\r\n}",
      "isContentBase64": false,
      "Headers": {
      },
      "ContentHeaders": {
        "Content-Type": [ "application/json" ],
        "Content-Length": [ "84" ]
      }
    },
    "Response": {
      "StatusCode": 200,
      "Headers": {
        "Cache-Control": [ "no-cache" ],
        "Pragma": [ "no-cache" ],
        "Vary": [ "Accept-Encoding" ],
<<<<<<< HEAD
<<<<<<< HEAD:src/DesktopVirtualization/test/Update-AzWvdWorkspace.Recording.json
        "x-ms-ratelimit-remaining-subscription-writes": [ "1050" ],
=======
        "x-ms-ratelimit-remaining-subscription-writes": [ "1051" ],
>>>>>>> 7d31aeaa706c1b5ed7c3c3037cfdab6040ceb654:src/DesktopVirtualization/DesktopVirtualization.Autorest/test/Update-AzWvdWorkspace.Recording.json
=======
        "x-ms-ratelimit-remaining-subscription-writes": [ "1051" ],
>>>>>>> 7d31aeaa706c1b5ed7c3c3037cfdab6040ceb654
        "X-Rate-Limit-Limit": [ "0" ],
        "X-Rate-Limit-Remaining": [ "9223372036854775807" ],
        "X-Rate-Limit-Reset": [ "0" ],
        "x-ms-opsarmpath64": [ "L3N1YnNjcmlwdGlvbnMvZGJlZGVmMjUtMTg0Yy00MzBmLWIzODMtMGVlYjg3YzMyMDVkL3Jlc291cmNlR3JvdXBzL2FsZWNiVXNlclNlc3Npb25UZXN0cy9wcm92aWRlcnMvTWljcm9zb2Z0LkRlc2t0b3BWaXJ0dWFsaXphdGlvbi93b3Jrc3BhY2VzL1dvcmtzcGFjZVBvd2Vyc2hlbGwx" ],
<<<<<<< HEAD
<<<<<<< HEAD:src/DesktopVirtualization/test/Update-AzWvdWorkspace.Recording.json
        "x-ms-lamport-ts": [ "115578444" ],
        "x-ms-correlation-id": [ "12a7a564-c5f1-4c66-9c5b-ac1833dcbb11" ],
        "x-ms-request-id": [ "dad06e6c-0d1d-4dff-9746-ccb849abd875" ],
        "X-Content-Type-Options": [ "nosniff" ],
        "Set-Cookie": [ "ARRAffinity=47e899d5dc0547d5646e3c2c0081ae2cb7fddd55609bf4af48732c4283928a51;Path=/;HttpOnly;Secure;Domain=rdarmprovider-g-us-r0.wvdselfhost.microsoft.com", "ARRAffinitySameSite=47e899d5dc0547d5646e3c2c0081ae2cb7fddd55609bf4af48732c4283928a51;Path=/;HttpOnly;SameSite=None;Secure;Domain=rdarmprovider-g-us-r0.wvdselfhost.microsoft.com" ],
        "Server": [ "Microsoft-IIS/10.0" ],
        "X-Powered-By": [ "ASP.NET" ],
        "x-ms-correlation-request-id": [ "b45e5d3a-6060-41fb-b4e1-7d87360ee15e" ],
        "x-ms-routing-request-id": [ "WESTCENTRALUS:20230817T072146Z:b45e5d3a-6060-41fb-b4e1-7d87360ee15e" ],
        "Strict-Transport-Security": [ "max-age=31536000; includeSubDomains" ],
        "Date": [ "Thu, 17 Aug 2023 07:21:45 GMT" ]
      },
      "ContentHeaders": {
        "Content-Length": [ "780" ],
        "Content-Type": [ "application/json; charset=utf-8" ],
        "Expires": [ "-1" ]
      },
      "Content": "{\"name\":\"WorkspacePowershell1\",\"id\":\"/subscriptions/dbedef25-184c-430f-b383-0eeb87c3205d/resourcegroups/alecbUserSessionTests/providers/Microsoft.DesktopVirtualization/workspaces/WorkspacePowershell1\",\"type\":\"Microsoft.DesktopVirtualization/workspaces\",\"location\":\"westus2\",\"tags\":null,\"kind\":null,\"systemData\":{\"createdBy\":\"admin@wvdtesttenant.onmicrosoft.com\",\"createdByType\":\"User\",\"createdAt\":\"2023-08-17T07:21:45.37Z\",\"lastModifiedBy\":\"admin@wvdtesttenant.onmicrosoft.com\",\"lastModifiedByType\":\"User\",\"lastModifiedAt\":\"2023-08-17T07:21:45.91Z\"},\"properties\":{\"privateEndpointConnections\":null,\"publicNetworkAccess\":\"Enabled\",\"description\":\"des2\",\"friendlyName\":\"fri2\",\"applicationGroupReferences\":[],\"cloudPcResource\":false,\"objectId\":\"b92bce39-1efd-49d6-a227-f312aa3006d7\"}}",
      "isContentBase64": false
    }
  },
  "Update-AzWvdWorkspace+[NoContext]+Update+$GET+https://management.azure.com/subscriptions/dbedef25-184c-430f-b383-0eeb87c3205d/resourceGroups/alecbUserSessionTests/providers/Microsoft.DesktopVirtualization/workspaces/WorkspacePowershell1?api-version=2023-07-07-preview+3": {
    "Request": {
      "Method": "GET",
      "RequestUri": "https://management.azure.com/subscriptions/dbedef25-184c-430f-b383-0eeb87c3205d/resourceGroups/alecbUserSessionTests/providers/Microsoft.DesktopVirtualization/workspaces/WorkspacePowershell1?api-version=2023-07-07-preview",
      "Content": null,
      "isContentBase64": false,
      "Headers": {
        "x-ms-unique-id": [ "392" ],
        "x-ms-client-request-id": [ "e9c0a670-721f-49a4-9c35-46c7698e6918" ],
        "CommandName": [ "Get-AzWvdWorkspace" ],
        "FullCommandName": [ "Get-AzWvdWorkspace_Get" ],
        "ParameterSetName": [ "__AllParameterSets" ],
        "User-Agent": [ "AzurePowershell/v9.0.1", "PSVersion/v7.2.13", "Az.DesktopVirtualization/2.1.0" ],
        "Authorization": [ "[Filtered]" ]
      },
      "ContentHeaders": {
      }
    },
    "Response": {
      "StatusCode": 200,
      "Headers": {
        "Cache-Control": [ "no-cache" ],
        "Pragma": [ "no-cache" ],
        "Vary": [ "Accept-Encoding" ],
        "x-ms-ratelimit-remaining-subscription-reads": [ "11831" ],
        "X-Rate-Limit-Limit": [ "0" ],
        "X-Rate-Limit-Remaining": [ "9223372036854775807" ],
        "X-Rate-Limit-Reset": [ "0" ],
        "x-ms-opsarmpath64": [ "L3N1YnNjcmlwdGlvbnMvZGJlZGVmMjUtMTg0Yy00MzBmLWIzODMtMGVlYjg3YzMyMDVkL3Jlc291cmNlR3JvdXBzL2FsZWNiVXNlclNlc3Npb25UZXN0cy9wcm92aWRlcnMvTWljcm9zb2Z0LkRlc2t0b3BWaXJ0dWFsaXphdGlvbi93b3Jrc3BhY2VzL1dvcmtzcGFjZVBvd2Vyc2hlbGwx" ],
        "x-ms-lamport-ts": [ "115578395" ],
        "x-ms-correlation-id": [ "7f141d1a-c3c7-4fc8-9bb4-8a12a7923f33" ],
        "x-ms-request-id": [ "e9c0a670-721f-49a4-9c35-46c7698e6918" ],
=======
        "x-ms-lamport-ts": [ "139427409" ],
        "x-ms-correlation-id": [ "bf5e4372-fe13-4b57-bfde-cde58cca4201" ],
        "x-ms-request-id": [ "58e7b390-3935-4ece-b73d-81e742a13ad8" ],
>>>>>>> 7d31aeaa706c1b5ed7c3c3037cfdab6040ceb654:src/DesktopVirtualization/DesktopVirtualization.Autorest/test/Update-AzWvdWorkspace.Recording.json
        "X-Content-Type-Options": [ "nosniff" ],
        "Set-Cookie": [ "ARRAffinity=8709cede3dff6cc96c3687614f6f6d07d26f1b7354152bf58fb5a84fbfd96a8a;Path=/;HttpOnly;Secure;Domain=rdarmprovider-g-us-r0.wvdselfhost.microsoft.com", "ARRAffinitySameSite=8709cede3dff6cc96c3687614f6f6d07d26f1b7354152bf58fb5a84fbfd96a8a;Path=/;HttpOnly;SameSite=None;Secure;Domain=rdarmprovider-g-us-r0.wvdselfhost.microsoft.com" ],
        "Server": [ "Microsoft-IIS/10.0" ],
        "X-Powered-By": [ "ASP.NET" ],
<<<<<<< HEAD:src/DesktopVirtualization/test/Update-AzWvdWorkspace.Recording.json
        "x-ms-correlation-request-id": [ "49bd94a3-1f7c-40ba-8d4d-0ebf7328d966" ],
        "x-ms-routing-request-id": [ "WESTCENTRALUS:20230817T072146Z:49bd94a3-1f7c-40ba-8d4d-0ebf7328d966" ],
        "Strict-Transport-Security": [ "max-age=31536000; includeSubDomains" ],
        "Date": [ "Thu, 17 Aug 2023 07:21:45 GMT" ]
      },
      "ContentHeaders": {
        "Content-Length": [ "778" ],
        "Content-Type": [ "application/json; charset=utf-8" ],
        "Expires": [ "-1" ]
      },
      "Content": "{\"name\":\"WorkspacePowershell1\",\"id\":\"/subscriptions/dbedef25-184c-430f-b383-0eeb87c3205d/resourcegroups/alecbUserSessionTests/providers/Microsoft.DesktopVirtualization/workspaces/WorkspacePowershell1\",\"type\":\"Microsoft.DesktopVirtualization/workspaces\",\"location\":\"westus2\",\"tags\":null,\"kind\":null,\"systemData\":{\"createdBy\":\"admin@wvdtesttenant.onmicrosoft.com\",\"createdByType\":\"User\",\"createdAt\":\"2023-08-17T07:21:45.37Z\",\"lastModifiedBy\":\"admin@wvdtesttenant.onmicrosoft.com\",\"lastModifiedByType\":\"User\",\"lastModifiedAt\":\"2023-08-17T07:21:45.91Z\"},\"properties\":{\"privateEndpointConnections\":[],\"publicNetworkAccess\":\"Enabled\",\"description\":\"des2\",\"friendlyName\":\"fri2\",\"applicationGroupReferences\":[],\"cloudPcResource\":false,\"objectId\":\"b92bce39-1efd-49d6-a227-f312aa3006d7\"}}",
      "isContentBase64": false
    }
  },
  "Update-AzWvdWorkspace+[NoContext]+Update+$DELETE+https://management.azure.com/subscriptions/dbedef25-184c-430f-b383-0eeb87c3205d/resourceGroups/alecbUserSessionTests/providers/Microsoft.DesktopVirtualization/workspaces/WorkspacePowershell1?api-version=2023-07-07-preview+4": {
    "Request": {
      "Method": "DELETE",
      "RequestUri": "https://management.azure.com/subscriptions/dbedef25-184c-430f-b383-0eeb87c3205d/resourceGroups/alecbUserSessionTests/providers/Microsoft.DesktopVirtualization/workspaces/WorkspacePowershell1?api-version=2023-07-07-preview",
      "Content": null,
      "isContentBase64": false,
      "Headers": {
        "x-ms-unique-id": [ "393" ],
        "x-ms-client-request-id": [ "2d853b55-e250-44bf-817c-1defa7dac91e" ],
        "CommandName": [ "Remove-AzWvdWorkspace" ],
        "FullCommandName": [ "Remove-AzWvdWorkspace_Delete" ],
        "ParameterSetName": [ "__AllParameterSets" ],
        "User-Agent": [ "AzurePowershell/v9.0.1", "PSVersion/v7.2.13", "Az.DesktopVirtualization/2.1.0" ],
=======
=======
        "x-ms-lamport-ts": [ "139427409" ],
        "x-ms-correlation-id": [ "bf5e4372-fe13-4b57-bfde-cde58cca4201" ],
        "x-ms-request-id": [ "58e7b390-3935-4ece-b73d-81e742a13ad8" ],
        "X-Content-Type-Options": [ "nosniff" ],
        "Set-Cookie": [ "ARRAffinity=bd0dfb948b4e67ff60a11cd6e169712e6848609ad034c4789ebdf993fcec41fb;Path=/;HttpOnly;Secure;Domain=rdarmprovider-g-us-r0.wvdselfhost.microsoft.com", "ARRAffinitySameSite=bd0dfb948b4e67ff60a11cd6e169712e6848609ad034c4789ebdf993fcec41fb;Path=/;HttpOnly;SameSite=None;Secure;Domain=rdarmprovider-g-us-r0.wvdselfhost.microsoft.com" ],
        "Server": [ "Microsoft-IIS/10.0" ],
        "X-Powered-By": [ "ASP.NET" ],
>>>>>>> 7d31aeaa706c1b5ed7c3c3037cfdab6040ceb654
        "x-ms-correlation-request-id": [ "c0a06106-a1bd-4213-b229-31840e77fe76" ],
        "x-ms-routing-request-id": [ "WESTUS:20231222T043850Z:c0a06106-a1bd-4213-b229-31840e77fe76" ],
        "Strict-Transport-Security": [ "max-age=31536000; includeSubDomains" ],
        "Date": [ "Fri, 22 Dec 2023 04:38:49 GMT" ]
      },
      "ContentHeaders": {
        "Content-Length": [ "780" ],
        "Content-Type": [ "application/json; charset=utf-8" ],
        "Expires": [ "-1" ]
      },
      "Content": "{\"name\":\"WorkspacePowershell1\",\"id\":\"/subscriptions/dbedef25-184c-430f-b383-0eeb87c3205d/resourcegroups/alecbUserSessionTests/providers/Microsoft.DesktopVirtualization/workspaces/WorkspacePowershell1\",\"type\":\"Microsoft.DesktopVirtualization/workspaces\",\"location\":\"westus2\",\"tags\":null,\"kind\":null,\"systemData\":{\"createdBy\":\"admin@wvdtesttenant.onmicrosoft.com\",\"createdByType\":\"User\",\"createdAt\":\"2023-12-22T04:38:48.96Z\",\"lastModifiedBy\":\"admin@wvdtesttenant.onmicrosoft.com\",\"lastModifiedByType\":\"User\",\"lastModifiedAt\":\"2023-12-22T04:38:49.58Z\"},\"properties\":{\"privateEndpointConnections\":null,\"publicNetworkAccess\":\"Enabled\",\"description\":\"des2\",\"friendlyName\":\"fri2\",\"applicationGroupReferences\":[],\"cloudPcResource\":false,\"objectId\":\"d59cdb2b-ac63-4eff-b2c5-e88c7b4ea6b8\"}}",
      "isContentBase64": false
    }
  },
  "Update-AzWvdWorkspace+[NoContext]+Update+$GET+https://management.azure.com/subscriptions/dbedef25-184c-430f-b383-0eeb87c3205d/resourceGroups/alecbUserSessionTests/providers/Microsoft.DesktopVirtualization/workspaces/WorkspacePowershell1?api-version=2023-09-05+3": {
    "Request": {
      "Method": "GET",
      "RequestUri": "https://management.azure.com/subscriptions/dbedef25-184c-430f-b383-0eeb87c3205d/resourceGroups/alecbUserSessionTests/providers/Microsoft.DesktopVirtualization/workspaces/WorkspacePowershell1?api-version=2023-09-05",
      "Content": null,
      "isContentBase64": false,
      "Headers": {
        "x-ms-unique-id": [ "396" ],
        "x-ms-client-request-id": [ "97487745-7c8b-4d80-b44e-6f864a2f6754" ],
        "CommandName": [ "Get-AzWvdWorkspace" ],
        "FullCommandName": [ "Get-AzWvdWorkspace_Get" ],
        "ParameterSetName": [ "__AllParameterSets" ],
        "User-Agent": [ "AzurePowershell/v0.0.0", "PSVersion/v7.2.17", "Az.DesktopVirtualization/2.1.0" ],
<<<<<<< HEAD
>>>>>>> 7d31aeaa706c1b5ed7c3c3037cfdab6040ceb654:src/DesktopVirtualization/DesktopVirtualization.Autorest/test/Update-AzWvdWorkspace.Recording.json
=======
>>>>>>> 7d31aeaa706c1b5ed7c3c3037cfdab6040ceb654
        "Authorization": [ "[Filtered]" ]
      },
      "ContentHeaders": {
      }
    },
    "Response": {
      "StatusCode": 200,
      "Headers": {
        "Cache-Control": [ "no-cache" ],
        "Pragma": [ "no-cache" ],
        "Vary": [ "Accept-Encoding" ],
<<<<<<< HEAD
<<<<<<< HEAD:src/DesktopVirtualization/test/Update-AzWvdWorkspace.Recording.json
        "x-ms-ratelimit-remaining-subscription-deletes": [ "14855" ],
=======
        "x-ms-ratelimit-remaining-subscription-reads": [ "11905" ],
>>>>>>> 7d31aeaa706c1b5ed7c3c3037cfdab6040ceb654:src/DesktopVirtualization/DesktopVirtualization.Autorest/test/Update-AzWvdWorkspace.Recording.json
=======
        "x-ms-ratelimit-remaining-subscription-reads": [ "11905" ],
>>>>>>> 7d31aeaa706c1b5ed7c3c3037cfdab6040ceb654
        "X-Rate-Limit-Limit": [ "0" ],
        "X-Rate-Limit-Remaining": [ "9223372036854775807" ],
        "X-Rate-Limit-Reset": [ "0" ],
        "x-ms-opsarmpath64": [ "L3N1YnNjcmlwdGlvbnMvZGJlZGVmMjUtMTg0Yy00MzBmLWIzODMtMGVlYjg3YzMyMDVkL3Jlc291cmNlR3JvdXBzL2FsZWNiVXNlclNlc3Npb25UZXN0cy9wcm92aWRlcnMvTWljcm9zb2Z0LkRlc2t0b3BWaXJ0dWFsaXphdGlvbi93b3Jrc3BhY2VzL1dvcmtzcGFjZVBvd2Vyc2hlbGwx" ],
<<<<<<< HEAD
<<<<<<< HEAD:src/DesktopVirtualization/test/Update-AzWvdWorkspace.Recording.json
        "x-ms-lamport-ts": [ "115578430" ],
        "x-ms-correlation-id": [ "093b4901-604f-4d4f-9e84-af0e9354e486" ],
        "x-ms-request-id": [ "2d853b55-e250-44bf-817c-1defa7dac91e" ],
        "X-Content-Type-Options": [ "nosniff" ],
        "Set-Cookie": [ "ARRAffinity=136ead941a19baf9a74bd41f746b55cb14e4cf321e040e50f7bd8162d430922d;Path=/;HttpOnly;Secure;Domain=rdarmprovider-g-us-r0.wvdselfhost.microsoft.com", "ARRAffinitySameSite=136ead941a19baf9a74bd41f746b55cb14e4cf321e040e50f7bd8162d430922d;Path=/;HttpOnly;SameSite=None;Secure;Domain=rdarmprovider-g-us-r0.wvdselfhost.microsoft.com" ],
        "Server": [ "Microsoft-IIS/10.0" ],
        "X-Powered-By": [ "ASP.NET" ],
        "x-ms-correlation-request-id": [ "948d03dd-fc4d-40f0-8b75-02d7c8d1962c" ],
        "x-ms-routing-request-id": [ "WESTCENTRALUS:20230817T072147Z:948d03dd-fc4d-40f0-8b75-02d7c8d1962c" ],
        "Strict-Transport-Security": [ "max-age=31536000; includeSubDomains" ],
        "Date": [ "Thu, 17 Aug 2023 07:21:46 GMT" ]
      },
      "ContentHeaders": {
        "Content-Length": [ "544" ],
        "Content-Type": [ "application/json; charset=utf-8" ],
        "Expires": [ "-1" ]
      },
      "Content": "{\"name\":\"WorkspacePowershell1\",\"id\":\"/subscriptions/dbedef25-184c-430f-b383-0eeb87c3205d/resourcegroups/alecbUserSessionTests/providers/Microsoft.DesktopVirtualization/workspaces/WorkspacePowershell1\",\"type\":\"Microsoft.DesktopVirtualization/workspaces\",\"location\":\"westus2\",\"tags\":null,\"kind\":null,\"systemData\":null,\"properties\":{\"privateEndpointConnections\":[],\"publicNetworkAccess\":\"Enabled\",\"description\":\"des2\",\"friendlyName\":\"fri2\",\"applicationGroupReferences\":[],\"cloudPcResource\":false,\"objectId\":\"b92bce39-1efd-49d6-a227-f312aa3006d7\"}}",
=======
=======
>>>>>>> 7d31aeaa706c1b5ed7c3c3037cfdab6040ceb654
        "x-ms-lamport-ts": [ "139427345" ],
        "x-ms-correlation-id": [ "2fd91b50-5331-4843-a7ed-ce91a571a032" ],
        "x-ms-request-id": [ "97487745-7c8b-4d80-b44e-6f864a2f6754" ],
        "X-Content-Type-Options": [ "nosniff" ],
        "Set-Cookie": [ "ARRAffinity=47e899d5dc0547d5646e3c2c0081ae2cb7fddd55609bf4af48732c4283928a51;Path=/;HttpOnly;Secure;Domain=rdarmprovider-g-us-r0.wvdselfhost.microsoft.com", "ARRAffinitySameSite=47e899d5dc0547d5646e3c2c0081ae2cb7fddd55609bf4af48732c4283928a51;Path=/;HttpOnly;SameSite=None;Secure;Domain=rdarmprovider-g-us-r0.wvdselfhost.microsoft.com" ],
        "Server": [ "Microsoft-IIS/10.0" ],
        "X-Powered-By": [ "ASP.NET" ],
        "x-ms-correlation-request-id": [ "c878d429-ee7c-45c3-8a3d-3c1195a1045b" ],
        "x-ms-routing-request-id": [ "WESTUS:20231222T043850Z:c878d429-ee7c-45c3-8a3d-3c1195a1045b" ],
        "Strict-Transport-Security": [ "max-age=31536000; includeSubDomains" ],
        "Date": [ "Fri, 22 Dec 2023 04:38:49 GMT" ]
      },
      "ContentHeaders": {
        "Content-Length": [ "778" ],
        "Content-Type": [ "application/json; charset=utf-8" ],
        "Expires": [ "-1" ]
      },
      "Content": "{\"name\":\"WorkspacePowershell1\",\"id\":\"/subscriptions/dbedef25-184c-430f-b383-0eeb87c3205d/resourcegroups/alecbUserSessionTests/providers/Microsoft.DesktopVirtualization/workspaces/WorkspacePowershell1\",\"type\":\"Microsoft.DesktopVirtualization/workspaces\",\"location\":\"westus2\",\"tags\":null,\"kind\":null,\"systemData\":{\"createdBy\":\"admin@wvdtesttenant.onmicrosoft.com\",\"createdByType\":\"User\",\"createdAt\":\"2023-12-22T04:38:48.96Z\",\"lastModifiedBy\":\"admin@wvdtesttenant.onmicrosoft.com\",\"lastModifiedByType\":\"User\",\"lastModifiedAt\":\"2023-12-22T04:38:49.58Z\"},\"properties\":{\"privateEndpointConnections\":[],\"publicNetworkAccess\":\"Enabled\",\"description\":\"des2\",\"friendlyName\":\"fri2\",\"applicationGroupReferences\":[],\"cloudPcResource\":false,\"objectId\":\"d59cdb2b-ac63-4eff-b2c5-e88c7b4ea6b8\"}}",
      "isContentBase64": false
    }
  },
  "Update-AzWvdWorkspace+[NoContext]+Update+$DELETE+https://management.azure.com/subscriptions/dbedef25-184c-430f-b383-0eeb87c3205d/resourceGroups/alecbUserSessionTests/providers/Microsoft.DesktopVirtualization/workspaces/WorkspacePowershell1?api-version=2023-09-05+4": {
    "Request": {
      "Method": "DELETE",
      "RequestUri": "https://management.azure.com/subscriptions/dbedef25-184c-430f-b383-0eeb87c3205d/resourceGroups/alecbUserSessionTests/providers/Microsoft.DesktopVirtualization/workspaces/WorkspacePowershell1?api-version=2023-09-05",
      "Content": null,
      "isContentBase64": false,
      "Headers": {
        "x-ms-unique-id": [ "397" ],
        "x-ms-client-request-id": [ "a60df073-e877-4b52-bc7f-695c00466bd7" ],
        "CommandName": [ "Remove-AzWvdWorkspace" ],
        "FullCommandName": [ "Remove-AzWvdWorkspace_Delete" ],
        "ParameterSetName": [ "__AllParameterSets" ],
        "User-Agent": [ "AzurePowershell/v0.0.0", "PSVersion/v7.2.17", "Az.DesktopVirtualization/2.1.0" ],
        "Authorization": [ "[Filtered]" ]
      },
      "ContentHeaders": {
      }
    },
    "Response": {
      "StatusCode": 200,
      "Headers": {
        "Cache-Control": [ "no-cache" ],
        "Pragma": [ "no-cache" ],
        "Vary": [ "Accept-Encoding" ],
        "x-ms-ratelimit-remaining-subscription-deletes": [ "14856" ],
        "X-Rate-Limit-Limit": [ "0" ],
        "X-Rate-Limit-Remaining": [ "9223372036854775807" ],
        "X-Rate-Limit-Reset": [ "0" ],
        "x-ms-opsarmpath64": [ "L3N1YnNjcmlwdGlvbnMvZGJlZGVmMjUtMTg0Yy00MzBmLWIzODMtMGVlYjg3YzMyMDVkL3Jlc291cmNlR3JvdXBzL2FsZWNiVXNlclNlc3Npb25UZXN0cy9wcm92aWRlcnMvTWljcm9zb2Z0LkRlc2t0b3BWaXJ0dWFsaXphdGlvbi93b3Jrc3BhY2VzL1dvcmtzcGFjZVBvd2Vyc2hlbGwx" ],
        "x-ms-lamport-ts": [ "139427351" ],
        "x-ms-correlation-id": [ "33a047d6-37e0-482e-8ac9-1cac496107a4" ],
        "x-ms-request-id": [ "a60df073-e877-4b52-bc7f-695c00466bd7" ],
        "X-Content-Type-Options": [ "nosniff" ],
        "Set-Cookie": [ "ARRAffinity=5dd88b1b095b0bace916bbff8b6816e0a442269c15efc1ddf244384e7f96a14f;Path=/;HttpOnly;Secure;Domain=rdarmprovider-g-us-r0.wvdselfhost.microsoft.com", "ARRAffinitySameSite=5dd88b1b095b0bace916bbff8b6816e0a442269c15efc1ddf244384e7f96a14f;Path=/;HttpOnly;SameSite=None;Secure;Domain=rdarmprovider-g-us-r0.wvdselfhost.microsoft.com" ],
        "Server": [ "Microsoft-IIS/10.0" ],
        "X-Powered-By": [ "ASP.NET" ],
        "x-ms-correlation-request-id": [ "77669ddc-547d-40b4-bff8-50d12a9507be" ],
        "x-ms-routing-request-id": [ "WESTUS:20231222T043851Z:77669ddc-547d-40b4-bff8-50d12a9507be" ],
        "Strict-Transport-Security": [ "max-age=31536000; includeSubDomains" ],
        "Date": [ "Fri, 22 Dec 2023 04:38:50 GMT" ]
      },
      "ContentHeaders": {
        "Content-Length": [ "544" ],
        "Content-Type": [ "application/json; charset=utf-8" ],
        "Expires": [ "-1" ]
      },
      "Content": "{\"name\":\"WorkspacePowershell1\",\"id\":\"/subscriptions/dbedef25-184c-430f-b383-0eeb87c3205d/resourcegroups/alecbUserSessionTests/providers/Microsoft.DesktopVirtualization/workspaces/WorkspacePowershell1\",\"type\":\"Microsoft.DesktopVirtualization/workspaces\",\"location\":\"westus2\",\"tags\":null,\"kind\":null,\"systemData\":null,\"properties\":{\"privateEndpointConnections\":[],\"publicNetworkAccess\":\"Enabled\",\"description\":\"des2\",\"friendlyName\":\"fri2\",\"applicationGroupReferences\":[],\"cloudPcResource\":false,\"objectId\":\"d59cdb2b-ac63-4eff-b2c5-e88c7b4ea6b8\"}}",
<<<<<<< HEAD
>>>>>>> 7d31aeaa706c1b5ed7c3c3037cfdab6040ceb654:src/DesktopVirtualization/DesktopVirtualization.Autorest/test/Update-AzWvdWorkspace.Recording.json
=======
>>>>>>> 7d31aeaa706c1b5ed7c3c3037cfdab6040ceb654
      "isContentBase64": false
    }
  }
}