{
  "Update-AzWvdAppAttachPackage+[NoContext]+UpdateExpanded+$GET+https://management.azure.com/subscriptions/dbedef25-184c-430f-b383-0eeb87c3205d/resourceGroups/alecbUserSessionTests/providers/Microsoft.DesktopVirtualization/hostPools/alecbRemoteAppHP?api-version=2024-04-03+1": {
    "Request": {
      "Method": "GET",
      "RequestUri": "https://management.azure.com/subscriptions/dbedef25-184c-430f-b383-0eeb87c3205d/resourceGroups/alecbUserSessionTests/providers/Microsoft.DesktopVirtualization/hostPools/alecbRemoteAppHP?api-version=2024-04-03",
      "Content": null,
      "isContentBase64": false,
      "Headers": {
        "x-ms-unique-id": [ "327" ],
        "x-ms-client-request-id": [ "30eae6a7-a1a6-4cf3-abdf-9a00b844a8d4" ],
        "CommandName": [ "Get-AzWvdHostPool" ],
        "FullCommandName": [ "Get-AzWvdHostPool_Get" ],
        "ParameterSetName": [ "__AllParameterSets" ],
        "User-Agent": [ "AzurePowershell/v0.0.0", "PSVersion/v7.2.19", "Az.DesktopVirtualization/2.1.0" ],
        "Authorization": [ "[Filtered]" ]
      },
      "ContentHeaders": {
      }
    },
    "Response": {
      "StatusCode": 200,
      "Headers": {
        "Cache-Control": [ "no-cache" ],
        "Pragma": [ "no-cache" ],
        "Vary": [ "Accept-Encoding" ],
        "Set-Cookie": [ "ARRAffinity=39d91f16fdd59b39d7a07780844d80b88a73a7f54a8a5e7eeddb8cc0cb631057;Path=/;HttpOnly;Secure;Domain=rdarmprovider-g-us-r0.wvdselfhost.microsoft.com", "ARRAffinitySameSite=39d91f16fdd59b39d7a07780844d80b88a73a7f54a8a5e7eeddb8cc0cb631057;Path=/;HttpOnly;SameSite=None;Secure;Domain=rdarmprovider-g-us-r0.wvdselfhost.microsoft.com" ],
        "x-ms-ratelimit-remaining-subscription-reads": [ "249" ],
        "X-Rate-Limit-Limit": [ "0" ],
        "X-Rate-Limit-Remaining": [ "9223372036854775807" ],
        "X-Rate-Limit-Reset": [ "0" ],
        "x-ms-opsarmpath64": [ "L3N1YnNjcmlwdGlvbnMvZGJlZGVmMjUtMTg0Yy00MzBmLWIzODMtMGVlYjg3YzMyMDVkL3Jlc291cmNlR3JvdXBzL2FsZWNiVXNlclNlc3Npb25UZXN0cy9wcm92aWRlcnMvTWljcm9zb2Z0LkRlc2t0b3BWaXJ0dWFsaXphdGlvbi9ob3N0UG9vbHMvYWxlY2JSZW1vdGVBcHBIUA==" ],
        "x-ms-lamport-ts": [ "173945189" ],
        "x-ms-correlation-id": [ "5af0c303-07eb-4603-a451-19bec9a0cd0c" ],
        "x-ms-request-id": [ "30eae6a7-a1a6-4cf3-abdf-9a00b844a8d4" ],
        "X-Powered-By": [ "ASP.NET" ],
        "X-Content-Type-Options": [ "nosniff" ],
        "x-ms-ratelimit-remaining-subscription-global-reads": [ "3749" ],
        "x-ms-correlation-request-id": [ "1fddc7f5-aef8-45bf-911a-47c1d9ca313d" ],
        "x-ms-routing-request-id": [ "WESTUS:20240808T220937Z:1fddc7f5-aef8-45bf-911a-47c1d9ca313d" ],
        "Strict-Transport-Security": [ "max-age=31536000; includeSubDomains" ],
        "X-Cache": [ "CONFIG_NOCACHE" ],
        "X-MSEdge-Ref": [ "Ref A: B62DBE00A9DC4D33A8F3F0E750A28963 Ref B: SJC211051205053 Ref C: 2024-08-08T22:09:36Z" ],
        "Date": [ "Thu, 08 Aug 2024 22:09:36 GMT" ]
      },
      "ContentHeaders": {
        "Content-Length": [ "2252" ],
        "Content-Type": [ "application/json; charset=utf-8" ],
        "Expires": [ "-1" ]
      },
      "Content": "{\"identity\":null,\"name\":\"alecbRemoteAppHP\",\"id\":\"/subscriptions/dbedef25-184c-430f-b383-0eeb87c3205d/resourcegroups/alecbUserSessionTests/providers/Microsoft.DesktopVirtualization/hostpools/alecbRemoteAppHP\",\"type\":\"Microsoft.DesktopVirtualization/hostpools\",\"location\":\"westus2\",\"tags\":{},\"kind\":null,\"systemData\":{\"createdBy\":\"admin@wvdtesttenant.onmicrosoft.com\",\"createdByType\":\"User\",\"createdAt\":\"2023-03-16T06:33:29.01Z\",\"lastModifiedBy\":\"testadmin@wvdtesttenant.onmicrosoft.com\",\"lastModifiedByType\":\"User\",\"lastModifiedAt\":\"2024-07-23T03:14:36.02Z\"},\"properties\":{\"managedPrivateUDP\":\"Default\",\"directUDP\":\"Default\",\"publicUDP\":\"Default\",\"relayUDP\":\"Default\",\"managementType\":\"Standard\",\"appAttachPackageReferences\":[],\"agentUpdate\":null,\"friendlyName\":null,\"description\":\"Created through the Azure Virtual Desktop extension\",\"hostPoolType\":\"Pooled\",\"personalDesktopAssignmentType\":null,\"applicationGroupReferences\":[\"/subscriptions/dbedef25-184c-430f-b383-0eeb87c3205d/resourcegroups/alecbUserSessionTests/providers/Microsoft.DesktopVirtualization/applicationgroups/alecbRemoteAppHP-RAG\"],\"customRdpProperty\":\"drivestoredirect:s:*;audiomode:i:0;videoplaybackmode:i:1;redirectclipboard:i:1;redirectprinters:i:1;devicestoredirect:s:*;redirectcomports:i:1;redirectsmartcards:i:1;usbdevicestoredirect:s:*;enablecredsspsupport:i:1;redirectwebauthn:i:1;use multimon:i:1;\",\"maxSessionLimit\":9999,\"loadBalancerType\":\"DepthFirst\",\"validationEnvironment\":false,\"ring\":null,\"registrationInfo\":null,\"vmTemplate\":\"{\\\"domain\\\":\\\"\\\",\\\"galleryImageOffer\\\":\\\"Windows-10\\\",\\\"galleryImagePublisher\\\":\\\"MicrosoftWindowsDesktop\\\",\\\"galleryImageSKU\\\":\\\"20h2-evd-g2\\\",\\\"imageType\\\":\\\"Gallery\\\",\\\"customImageId\\\":null,\\\"namePrefix\\\":\\\"ragsh\\\",\\\"osDiskType\\\":\\\"StandardSSD_LRS\\\",\\\"vmSize\\\":{\\\"id\\\":\\\"Standard_D2s_v3\\\",\\\"cores\\\":2,\\\"ram\\\":8},\\\"galleryItemId\\\":\\\"microsoftwindowsdesktop.windows-1020h2-evd-g2\\\",\\\"hibernate\\\":false,\\\"diskSizeGB\\\":0,\\\"securityType\\\":\\\"Standard\\\",\\\"secureBoot\\\":false,\\\"vTPM\\\":false}\",\"preferredAppGroupType\":\"None\",\"migrationRequest\":null,\"cloudPcResource\":false,\"startVMOnConnect\":false,\"ssoadfsAuthority\":null,\"ssoClientId\":null,\"ssoClientSecretKeyVaultPath\":null,\"ssoSecretType\":null,\"objectId\":\"75bcc234-927f-4c21-a46b-7c06e62aa3cd\"}}",
      "isContentBase64": false
    }
  },
  "Update-AzWvdAppAttachPackage+[NoContext]+UpdateExpanded+$PUT+https://management.azure.com/subscriptions/dbedef25-184c-430f-b383-0eeb87c3205d/resourceGroups/alecbUserSessionTests/providers/Microsoft.DesktopVirtualization/appAttachPackages/TestPackage?api-version=2024-04-03+2": {
    "Request": {
      "Method": "PUT",
      "RequestUri": "https://management.azure.com/subscriptions/dbedef25-184c-430f-b383-0eeb87c3205d/resourceGroups/alecbUserSessionTests/providers/Microsoft.DesktopVirtualization/appAttachPackages/TestPackage?api-version=2024-04-03",
      "Content": "{\r\n  \"location\": \"westus2\",\r\n  \"properties\": {\r\n    \"image\": {\r\n      \"imagePath\": \"C:\\\\\\\\msix\\\\SingleMsix.vhd\",\r\n      \"packageName\": \"MsixUnitTest_Name\",\r\n      \"packageFamilyName\": \"MsixUnitTest_FamilyName\",\r\n      \"packageFullName\": \"AATest_FullName_UnitTest\",\r\n      \"displayName\": \"UnitTest-MSIXPackage\",\r\n      \"packageRelativePath\": \"MsixUnitTest_RelativePackageRoot\",\r\n      \"isRegularRegistration\": true,\r\n      \"isActive\": true,\r\n      \"packageDependencies\": [\r\n        {\r\n          \"dependencyName\": \"MsixTest_Dependency_Name\",\r\n          \"publisher\": \"MsixTest_Dependency_Publisher\",\r\n          \"minVersion\": \"0.0.0.42\"\r\n        }\r\n      ],\r\n      \"version\": \"0.0.18838.722\",\r\n      \"lastUpdated\": \"0001-01-01T00:00:00.0000000\",\r\n      \"packageApplications\": [\r\n        {\r\n          \"appId\": \"MsixTest_Application_Id\",\r\n          \"description\": \"testing from ps\",\r\n          \"appUserModelID\": \"MsixTest_Application_ModelID\",\r\n          \"friendlyName\": \"some name\",\r\n          \"iconImageName\": \"Apptile\",\r\n          \"rawIcon\": \"c29tZSBpbWFnZQ==\",\r\n          \"rawPng\": \"c29tZSBpbWFnZQ==\"\r\n        }\r\n      ],\r\n      \"certificateName\": \"UnitTestCertificate\",\r\n      \"certificateExpiry\": \"0001-01-21T00:00:00.0000000\"\r\n    },\r\n    \"hostPoolReferences\": [ \"/subscriptions/dbedef25-184c-430f-b383-0eeb87c3205d/resourcegroups/alecbUserSessionTests/providers/Microsoft.DesktopVirtualization/hostpools/alecbRemoteAppHP\" ],\r\n    \"keyVaultURL\": \"keyvault\",\r\n    \"failHealthCheckOnStagingFailure\": \"Unhealthy\"\r\n  }\r\n}",
      "isContentBase64": false,
      "Headers": {
      },
      "ContentHeaders": {
        "Content-Type": [ "application/json" ],
        "Content-Length": [ "1518" ]
      }
    },
    "Response": {
      "StatusCode": 201,
      "Headers": {
        "Cache-Control": [ "no-cache" ],
        "Pragma": [ "no-cache" ],
        "Location": [ "/subscriptions/dbedef25-184c-430f-b383-0eeb87c3205d/resourcegroups/alecbUserSessionTests/providers/Microsoft.DesktopVirtualization/appattachpackages/TestPackage" ],
        "Set-Cookie": [ "ARRAffinity=bcbcd66544f5ddaf4cbead41410626b9ca9d605ee7d3a04c141d9e19b964fb41;Path=/;HttpOnly;Secure;Domain=rdarmprovider-g-us-r0.wvdselfhost.microsoft.com", "ARRAffinitySameSite=bcbcd66544f5ddaf4cbead41410626b9ca9d605ee7d3a04c141d9e19b964fb41;Path=/;HttpOnly;SameSite=None;Secure;Domain=rdarmprovider-g-us-r0.wvdselfhost.microsoft.com" ],
        "X-Rate-Limit-Limit": [ "0" ],
        "X-Rate-Limit-Remaining": [ "9223372036854775807" ],
        "X-Rate-Limit-Reset": [ "0" ],
        "x-ms-opsarmpath64": [ "L3N1YnNjcmlwdGlvbnMvZGJlZGVmMjUtMTg0Yy00MzBmLWIzODMtMGVlYjg3YzMyMDVkL3Jlc291cmNlR3JvdXBzL2FsZWNiVXNlclNlc3Npb25UZXN0cy9wcm92aWRlcnMvTWljcm9zb2Z0LkRlc2t0b3BWaXJ0dWFsaXphdGlvbi9hcHBBdHRhY2hQYWNrYWdlcy9UZXN0UGFja2FnZQ==" ],
        "x-ms-lamport-ts": [ "173945173" ],
        "x-ms-correlation-id": [ "dfb10d7f-b849-49f1-b144-cbb117550bbb" ],
        "x-ms-request-id": [ "6d076938-2ee2-463e-a3c0-474cd0c72528" ],
        "X-Powered-By": [ "ASP.NET" ],
        "X-Content-Type-Options": [ "nosniff" ],
        "x-ms-ratelimit-remaining-subscription-writes": [ "199" ],
        "x-ms-ratelimit-remaining-subscription-global-writes": [ "2999" ],
        "x-ms-correlation-request-id": [ "6db97076-a2ee-4d3d-8c33-52fd03f3d4be" ],
        "x-ms-routing-request-id": [ "WESTUS:20240808T220939Z:6db97076-a2ee-4d3d-8c33-52fd03f3d4be" ],
        "Strict-Transport-Security": [ "max-age=31536000; includeSubDomains" ],
        "X-Cache": [ "CONFIG_NOCACHE" ],
        "X-MSEdge-Ref": [ "Ref A: 63ADC20B1804435290D4AD6EB1268954 Ref B: SJC211051205053 Ref C: 2024-08-08T22:09:37Z" ],
        "Date": [ "Thu, 08 Aug 2024 22:09:38 GMT" ]
      },
      "ContentHeaders": {
        "Content-Length": [ "1803" ],
        "Content-Type": [ "application/json; charset=utf-8" ],
        "Expires": [ "-1" ]
      },
      "Content": "{\"name\":\"TestPackage\",\"id\":\"/subscriptions/dbedef25-184c-430f-b383-0eeb87c3205d/resourcegroups/alecbUserSessionTests/providers/Microsoft.DesktopVirtualization/appattachpackages/TestPackage\",\"type\":\"Microsoft.DesktopVirtualization/appattachpackages\",\"location\":\"westus2\",\"tags\":{},\"kind\":null,\"systemData\":{\"createdBy\":\"alecbaird@wvdtesttenant.onmicrosoft.com\",\"createdByType\":\"User\",\"createdAt\":\"2024-08-08T22:09:38.46Z\",\"lastModifiedBy\":\"alecbaird@wvdtesttenant.onmicrosoft.com\",\"lastModifiedByType\":\"User\",\"lastModifiedAt\":\"2024-08-08T22:09:38.46Z\"},\"properties\":{\"customData\":null,\"packageOwnerName\":\"AppAttach\",\"packageLookbackUrl\":null,\"image\":{\"packageAlias\":null,\"imagePath\":\"C:\\\\\\\\msix\\\\SingleMsix.vhd\",\"packageName\":\"MsixUnitTest_Name\",\"packageFamilyName\":\"MsixUnitTest_FamilyName\",\"packageFullName\":\"AATest_FullName_UnitTest\",\"displayName\":\"UnitTest-MSIXPackage\",\"packageRelativePath\":\"MsixUnitTest_RelativePackageRoot\",\"isRegularRegistration\":true,\"isActive\":true,\"packageDependencies\":[{\"dependencyName\":\"MsixTest_Dependency_Name\",\"publisher\":\"MsixTest_Dependency_Publisher\",\"minVersion\":\"0.0.0.42\"}],\"version\":\"0.0.18838.722\",\"lastUpdated\":\"0001-01-01T00:00:00\",\"packageApplications\":[{\"appUserModelID\":\"MsixTest_Application_ModelID\",\"appId\":\"MsixTest_Application_Id\",\"description\":\"testing from ps\",\"friendlyName\":\"some name\",\"iconImageName\":\"Apptile\",\"rawIcon\":\"c29tZSBpbWFnZQ==\",\"rawPng\":\"c29tZSBpbWFnZQ==\"}],\"certificateExpiry\":\"0001-01-21T00:00:00\",\"certificateName\":\"UnitTestCertificate\",\"isPackageTimestamped\":\"NotTimestamped\"},\"hostPoolReferences\":[\"/subscriptions/dbedef25-184c-430f-b383-0eeb87c3205d/resourcegroups/alecbUserSessionTests/providers/Microsoft.DesktopVirtualization/hostpools/alecbRemoteAppHP\"],\"failHealthCheckOnStagingFailure\":\"Unhealthy\",\"keyVaultURL\":\"keyvault\"}}",
      "isContentBase64": false
    }
  },
  "Update-AzWvdAppAttachPackage+[NoContext]+UpdateExpanded+$GET+https://management.azure.com/subscriptions/dbedef25-184c-430f-b383-0eeb87c3205d/resourceGroups/alecbUserSessionTests/providers/Microsoft.DesktopVirtualization/appAttachPackages/TestPackage?api-version=2024-04-03+3": {
    "Request": {
      "Method": "GET",
      "RequestUri": "https://management.azure.com/subscriptions/dbedef25-184c-430f-b383-0eeb87c3205d/resourceGroups/alecbUserSessionTests/providers/Microsoft.DesktopVirtualization/appAttachPackages/TestPackage?api-version=2024-04-03",
      "Content": null,
      "isContentBase64": false,
      "Headers": {
        "x-ms-unique-id": [ "329" ],
        "x-ms-client-request-id": [ "7d1fb46b-43d7-4075-84cd-2f38ddfe5374" ],
        "CommandName": [ "Get-AzWvdAppAttachPackage" ],
        "FullCommandName": [ "Get-AzWvdAppAttachPackage_Get" ],
        "ParameterSetName": [ "__AllParameterSets" ],
        "User-Agent": [ "AzurePowershell/v0.0.0", "PSVersion/v7.2.19", "Az.DesktopVirtualization/2.1.0" ],
        "Authorization": [ "[Filtered]" ]
      },
      "ContentHeaders": {
      }
    },
    "Response": {
      "StatusCode": 200,
      "Headers": {
        "Cache-Control": [ "no-cache" ],
        "Pragma": [ "no-cache" ],
        "Vary": [ "Accept-Encoding" ],
        "Set-Cookie": [ "ARRAffinity=de05b342bfa7816b86cf467ecc947b8c2d1419d8d518ac9f49486dea08ed770a;Path=/;HttpOnly;Secure;Domain=rdarmprovider-g-us-r0.wvdselfhost.microsoft.com", "ARRAffinitySameSite=de05b342bfa7816b86cf467ecc947b8c2d1419d8d518ac9f49486dea08ed770a;Path=/;HttpOnly;SameSite=None;Secure;Domain=rdarmprovider-g-us-r0.wvdselfhost.microsoft.com" ],
        "x-ms-ratelimit-remaining-subscription-reads": [ "249" ],
        "X-Rate-Limit-Limit": [ "0" ],
        "X-Rate-Limit-Remaining": [ "9223372036854775807" ],
        "X-Rate-Limit-Reset": [ "0" ],
        "x-ms-opsarmpath64": [ "L3N1YnNjcmlwdGlvbnMvZGJlZGVmMjUtMTg0Yy00MzBmLWIzODMtMGVlYjg3YzMyMDVkL3Jlc291cmNlR3JvdXBzL2FsZWNiVXNlclNlc3Npb25UZXN0cy9wcm92aWRlcnMvTWljcm9zb2Z0LkRlc2t0b3BWaXJ0dWFsaXphdGlvbi9hcHBBdHRhY2hQYWNrYWdlcy9UZXN0UGFja2FnZQ==" ],
        "x-ms-lamport-ts": [ "173945221" ],
        "x-ms-correlation-id": [ "68af1255-b33a-4bdd-b9ae-9be315623678" ],
        "x-ms-request-id": [ "7d1fb46b-43d7-4075-84cd-2f38ddfe5374" ],
        "X-Powered-By": [ "ASP.NET" ],
        "X-Content-Type-Options": [ "nosniff" ],
        "x-ms-ratelimit-remaining-subscription-global-reads": [ "3749" ],
        "x-ms-correlation-request-id": [ "1006ec79-ae49-465d-837e-6816cfe7572f" ],
        "x-ms-routing-request-id": [ "WESTUS:20240808T220939Z:1006ec79-ae49-465d-837e-6816cfe7572f" ],
        "Strict-Transport-Security": [ "max-age=31536000; includeSubDomains" ],
        "X-Cache": [ "CONFIG_NOCACHE" ],
        "X-MSEdge-Ref": [ "Ref A: 640E93B84C9C48F2845B847705CB2FE8 Ref B: SJC211051205053 Ref C: 2024-08-08T22:09:39Z" ],
        "Date": [ "Thu, 08 Aug 2024 22:09:38 GMT" ]
      },
      "ContentHeaders": {
        "Content-Length": [ "1803" ],
        "Content-Type": [ "application/json; charset=utf-8" ],
        "Expires": [ "-1" ]
      },
      "Content": "{\"name\":\"TestPackage\",\"id\":\"/subscriptions/dbedef25-184c-430f-b383-0eeb87c3205d/resourcegroups/alecbUserSessionTests/providers/Microsoft.DesktopVirtualization/appattachpackages/TestPackage\",\"type\":\"Microsoft.DesktopVirtualization/appattachpackages\",\"location\":\"westus2\",\"tags\":{},\"kind\":null,\"systemData\":{\"createdBy\":\"alecbaird@wvdtesttenant.onmicrosoft.com\",\"createdByType\":\"User\",\"createdAt\":\"2024-08-08T22:09:38.46Z\",\"lastModifiedBy\":\"alecbaird@wvdtesttenant.onmicrosoft.com\",\"lastModifiedByType\":\"User\",\"lastModifiedAt\":\"2024-08-08T22:09:38.46Z\"},\"properties\":{\"customData\":null,\"packageOwnerName\":\"AppAttach\",\"packageLookbackUrl\":null,\"image\":{\"packageAlias\":null,\"imagePath\":\"C:\\\\\\\\msix\\\\SingleMsix.vhd\",\"packageName\":\"MsixUnitTest_Name\",\"packageFamilyName\":\"MsixUnitTest_FamilyName\",\"packageFullName\":\"AATest_FullName_UnitTest\",\"displayName\":\"UnitTest-MSIXPackage\",\"packageRelativePath\":\"MsixUnitTest_RelativePackageRoot\",\"isRegularRegistration\":true,\"isActive\":true,\"packageDependencies\":[{\"dependencyName\":\"MsixTest_Dependency_Name\",\"publisher\":\"MsixTest_Dependency_Publisher\",\"minVersion\":\"0.0.0.42\"}],\"version\":\"0.0.18838.722\",\"lastUpdated\":\"0001-01-01T00:00:00\",\"packageApplications\":[{\"appUserModelID\":\"MsixTest_Application_ModelID\",\"appId\":\"MsixTest_Application_Id\",\"description\":\"testing from ps\",\"friendlyName\":\"some name\",\"iconImageName\":\"Apptile\",\"rawIcon\":\"c29tZSBpbWFnZQ==\",\"rawPng\":\"c29tZSBpbWFnZQ==\"}],\"certificateExpiry\":\"0001-01-21T00:00:00\",\"certificateName\":\"UnitTestCertificate\",\"isPackageTimestamped\":\"NotTimestamped\"},\"hostPoolReferences\":[\"/subscriptions/dbedef25-184c-430f-b383-0eeb87c3205d/resourcegroups/alecbUserSessionTests/providers/Microsoft.DesktopVirtualization/hostpools/alecbRemoteAppHP\"],\"failHealthCheckOnStagingFailure\":\"Unhealthy\",\"keyVaultURL\":\"keyvault\"}}",
      "isContentBase64": false
    }
  },
  "Update-AzWvdAppAttachPackage+[NoContext]+UpdateExpanded+$PATCH+https://management.azure.com/subscriptions/dbedef25-184c-430f-b383-0eeb87c3205d/resourceGroups/alecbUserSessionTests/providers/Microsoft.DesktopVirtualization/appAttachPackages/TestPackage?api-version=2024-04-03+4": {
    "Request": {
      "Method": "PATCH",
      "RequestUri": "https://management.azure.com/subscriptions/dbedef25-184c-430f-b383-0eeb87c3205d/resourceGroups/alecbUserSessionTests/providers/Microsoft.DesktopVirtualization/appAttachPackages/TestPackage?api-version=2024-04-03",
      "Content": "{\r\n  \"properties\": {\r\n    \"image\": {\r\n      \"imagePath\": \"C:\\\\\\\\msix\\\\SingleMsix2.vhd\",\r\n      \"packageName\": \"MsixUnitTest_Name2\",\r\n      \"packageFamilyName\": \"MsixUnitTest_FamilyName2\",\r\n      \"packageFullName\": \"AATest_FullName_UnitTest2\",\r\n      \"displayName\": \"UnitTest-MSIXPackage2\",\r\n      \"packageRelativePath\": \"MsixUnitTest_RelativePackageRoot2\",\r\n      \"isRegularRegistration\": false,\r\n      \"isActive\": false,\r\n      \"packageDependencies\": [\r\n        {\r\n          \"dependencyName\": \"MsixTest_Dependency_Name2\",\r\n          \"publisher\": \"MsixTest_Dependency_Publisher\",\r\n          \"minVersion\": \"0.0.0.42\"\r\n        }\r\n      ],\r\n      \"version\": \"0.0.18838.723\",\r\n      \"lastUpdated\": \"0001-01-01T00:00:01.0000000\",\r\n      \"packageApplications\": [\r\n        {\r\n          \"appId\": \"MsixTest_Application_Id2\",\r\n          \"description\": \"testing from ps\",\r\n          \"appUserModelID\": \"MsixTest_Application_ModelID\",\r\n          \"friendlyName\": \"some name\",\r\n          \"iconImageName\": \"Apptile\",\r\n          \"rawIcon\": \"c29tZSBpbWFnZQ==\",\r\n          \"rawPng\": \"c29tZSBpbWFnZQ==\"\r\n        }\r\n      ],\r\n      \"certificateName\": \"UnitTestCertificate2\",\r\n      \"certificateExpiry\": \"0001-01-21T00:00:01.0000000\"\r\n    },\r\n    \"hostPoolReferences\": [ ],\r\n    \"keyVaultURL\": \"keyvault2\",\r\n    \"failHealthCheckOnStagingFailure\": \"NeedsAssistance\"\r\n  }\r\n}",
      "isContentBase64": false,
      "Headers": {
      },
      "ContentHeaders": {
        "Content-Type": [ "application/json" ],
        "Content-Length": [ "1350" ]
      }
    },
    "Response": {
      "StatusCode": 200,
      "Headers": {
        "Cache-Control": [ "no-cache" ],
        "Pragma": [ "no-cache" ],
        "Vary": [ "Accept-Encoding" ],
        "Set-Cookie": [ "ARRAffinity=de05b342bfa7816b86cf467ecc947b8c2d1419d8d518ac9f49486dea08ed770a;Path=/;HttpOnly;Secure;Domain=rdarmprovider-g-us-r0.wvdselfhost.microsoft.com", "ARRAffinitySameSite=de05b342bfa7816b86cf467ecc947b8c2d1419d8d518ac9f49486dea08ed770a;Path=/;HttpOnly;SameSite=None;Secure;Domain=rdarmprovider-g-us-r0.wvdselfhost.microsoft.com" ],
        "x-ms-ratelimit-remaining-subscription-writes": [ "199" ],
        "X-Rate-Limit-Limit": [ "0" ],
        "X-Rate-Limit-Remaining": [ "9223372036854775807" ],
        "X-Rate-Limit-Reset": [ "0" ],
        "x-ms-opsarmpath64": [ "L3N1YnNjcmlwdGlvbnMvZGJlZGVmMjUtMTg0Yy00MzBmLWIzODMtMGVlYjg3YzMyMDVkL3Jlc291cmNlR3JvdXBzL2FsZWNiVXNlclNlc3Npb25UZXN0cy9wcm92aWRlcnMvTWljcm9zb2Z0LkRlc2t0b3BWaXJ0dWFsaXphdGlvbi9hcHBBdHRhY2hQYWNrYWdlcy9UZXN0UGFja2FnZQ==" ],
        "x-ms-lamport-ts": [ "173945226" ],
        "x-ms-correlation-id": [ "6a353319-b93a-4055-a18d-2cd7bbcd3ae4" ],
        "x-ms-request-id": [ "fe56246c-0341-495b-9c5a-5876e169b0fd" ],
        "X-Powered-By": [ "ASP.NET" ],
        "X-Content-Type-Options": [ "nosniff" ],
        "x-ms-ratelimit-remaining-subscription-global-writes": [ "2999" ],
        "x-ms-correlation-request-id": [ "d25d0add-1a37-42cc-a95b-6c4e945e00c5" ],
        "x-ms-routing-request-id": [ "WESTUS:20240808T220941Z:d25d0add-1a37-42cc-a95b-6c4e945e00c5" ],
        "Strict-Transport-Security": [ "max-age=31536000; includeSubDomains" ],
        "X-Cache": [ "CONFIG_NOCACHE" ],
        "X-MSEdge-Ref": [ "Ref A: 8F22DAABD85D42BE8A23BE9695D656CC Ref B: SJC211051205053 Ref C: 2024-08-08T22:09:39Z" ],
        "Date": [ "Thu, 08 Aug 2024 22:09:40 GMT" ]
      },
      "ContentHeaders": {
        "Content-Length": [ "1662" ],
        "Content-Type": [ "application/json; charset=utf-8" ],
        "Expires": [ "-1" ]
      },
      "Content": "{\"name\":\"TestPackage\",\"id\":\"/subscriptions/dbedef25-184c-430f-b383-0eeb87c3205d/resourcegroups/alecbUserSessionTests/providers/Microsoft.DesktopVirtualization/appattachpackages/TestPackage\",\"type\":\"Microsoft.DesktopVirtualization/appattachpackages\",\"location\":\"westus2\",\"tags\":{},\"kind\":null,\"systemData\":{\"createdBy\":\"alecbaird@wvdtesttenant.onmicrosoft.com\",\"createdByType\":\"User\",\"createdAt\":\"2024-08-08T22:09:38.46Z\",\"lastModifiedBy\":\"alecbaird@wvdtesttenant.onmicrosoft.com\",\"lastModifiedByType\":\"User\",\"lastModifiedAt\":\"2024-08-08T22:09:40.05Z\"},\"properties\":{\"customData\":null,\"packageOwnerName\":\"AppAttach\",\"packageLookbackUrl\":null,\"image\":{\"packageAlias\":null,\"imagePath\":\"C:\\\\\\\\msix\\\\SingleMsix2.vhd\",\"packageName\":\"MsixUnitTest_Name2\",\"packageFamilyName\":\"MsixUnitTest_FamilyName2\",\"packageFullName\":\"AATest_FullName_UnitTest2\",\"displayName\":\"UnitTest-MSIXPackage2\",\"packageRelativePath\":\"MsixUnitTest_RelativePackageRoot2\",\"isRegularRegistration\":false,\"isActive\":false,\"packageDependencies\":[{\"dependencyName\":\"MsixTest_Dependency_Name2\",\"publisher\":\"MsixTest_Dependency_Publisher\",\"minVersion\":\"0.0.0.42\"}],\"version\":\"0.0.18838.723\",\"lastUpdated\":\"0001-01-01T00:00:01\",\"packageApplications\":[{\"appUserModelID\":\"MsixTest_Application_ModelID\",\"appId\":\"MsixTest_Application_Id2\",\"description\":\"testing from ps\",\"friendlyName\":\"some name\",\"iconImageName\":\"Apptile\",\"rawIcon\":\"c29tZSBpbWFnZQ==\",\"rawPng\":\"c29tZSBpbWFnZQ==\"}],\"certificateExpiry\":\"0001-01-21T00:00:01\",\"certificateName\":\"UnitTestCertificate2\",\"isPackageTimestamped\":\"NotTimestamped\"},\"hostPoolReferences\":[],\"failHealthCheckOnStagingFailure\":\"NeedsAssistance\",\"keyVaultURL\":\"keyvault2\"}}",
      "isContentBase64": false
    }
  },
  "Update-AzWvdAppAttachPackage+[NoContext]+UpdateExpanded+$GET+https://management.azure.com/subscriptions/dbedef25-184c-430f-b383-0eeb87c3205d/resourceGroups/alecbUserSessionTests/providers/Microsoft.DesktopVirtualization/appAttachPackages/TestPackage?api-version=2024-04-03+5": {
    "Request": {
      "Method": "GET",
      "RequestUri": "https://management.azure.com/subscriptions/dbedef25-184c-430f-b383-0eeb87c3205d/resourceGroups/alecbUserSessionTests/providers/Microsoft.DesktopVirtualization/appAttachPackages/TestPackage?api-version=2024-04-03",
      "Content": null,
      "isContentBase64": false,
      "Headers": {
        "x-ms-unique-id": [ "331" ],
        "x-ms-client-request-id": [ "5252f3ef-9eee-45f3-86da-81c6a8d52e5d" ],
        "CommandName": [ "Get-AzWvdAppAttachPackage" ],
        "FullCommandName": [ "Get-AzWvdAppAttachPackage_Get" ],
        "ParameterSetName": [ "__AllParameterSets" ],
        "User-Agent": [ "AzurePowershell/v0.0.0", "PSVersion/v7.2.19", "Az.DesktopVirtualization/2.1.0" ],
        "Authorization": [ "[Filtered]" ]
      },
      "ContentHeaders": {
      }
    },
    "Response": {
      "StatusCode": 200,
      "Headers": {
        "Cache-Control": [ "no-cache" ],
        "Pragma": [ "no-cache" ],
        "Vary": [ "Accept-Encoding" ],
        "Set-Cookie": [ "ARRAffinity=de05b342bfa7816b86cf467ecc947b8c2d1419d8d518ac9f49486dea08ed770a;Path=/;HttpOnly;Secure;Domain=rdarmprovider-g-us-r0.wvdselfhost.microsoft.com", "ARRAffinitySameSite=de05b342bfa7816b86cf467ecc947b8c2d1419d8d518ac9f49486dea08ed770a;Path=/;HttpOnly;SameSite=None;Secure;Domain=rdarmprovider-g-us-r0.wvdselfhost.microsoft.com" ],
        "x-ms-ratelimit-remaining-subscription-reads": [ "249" ],
        "X-Rate-Limit-Limit": [ "0" ],
        "X-Rate-Limit-Remaining": [ "9223372036854775807" ],
        "X-Rate-Limit-Reset": [ "0" ],
        "x-ms-opsarmpath64": [ "L3N1YnNjcmlwdGlvbnMvZGJlZGVmMjUtMTg0Yy00MzBmLWIzODMtMGVlYjg3YzMyMDVkL3Jlc291cmNlR3JvdXBzL2FsZWNiVXNlclNlc3Npb25UZXN0cy9wcm92aWRlcnMvTWljcm9zb2Z0LkRlc2t0b3BWaXJ0dWFsaXphdGlvbi9hcHBBdHRhY2hQYWNrYWdlcy9UZXN0UGFja2FnZQ==" ],
        "x-ms-lamport-ts": [ "173945229" ],
        "x-ms-correlation-id": [ "dec9380d-5bdf-474d-a601-ea2b427007de" ],
        "x-ms-request-id": [ "5252f3ef-9eee-45f3-86da-81c6a8d52e5d" ],
        "X-Powered-By": [ "ASP.NET" ],
        "X-Content-Type-Options": [ "nosniff" ],
        "x-ms-ratelimit-remaining-subscription-global-reads": [ "3749" ],
        "x-ms-correlation-request-id": [ "f1f45577-5276-45a3-8351-d6628553f42f" ],
        "x-ms-routing-request-id": [ "WESTUS:20240808T220943Z:f1f45577-5276-45a3-8351-d6628553f42f" ],
        "Strict-Transport-Security": [ "max-age=31536000; includeSubDomains" ],
        "X-Cache": [ "CONFIG_NOCACHE" ],
        "X-MSEdge-Ref": [ "Ref A: 3BFA7FE3B16E404CB78007C3C78E3914 Ref B: SJC211051205053 Ref C: 2024-08-08T22:09:41Z" ],
        "Date": [ "Thu, 08 Aug 2024 22:09:42 GMT" ]
      },
      "ContentHeaders": {
        "Content-Length": [ "1662" ],
        "Content-Type": [ "application/json; charset=utf-8" ],
        "Expires": [ "-1" ]
      },
      "Content": "{\"name\":\"TestPackage\",\"id\":\"/subscriptions/dbedef25-184c-430f-b383-0eeb87c3205d/resourcegroups/alecbUserSessionTests/providers/Microsoft.DesktopVirtualization/appattachpackages/TestPackage\",\"type\":\"Microsoft.DesktopVirtualization/appattachpackages\",\"location\":\"westus2\",\"tags\":{},\"kind\":null,\"systemData\":{\"createdBy\":\"alecbaird@wvdtesttenant.onmicrosoft.com\",\"createdByType\":\"User\",\"createdAt\":\"2024-08-08T22:09:38.46Z\",\"lastModifiedBy\":\"alecbaird@wvdtesttenant.onmicrosoft.com\",\"lastModifiedByType\":\"User\",\"lastModifiedAt\":\"2024-08-08T22:09:40.05Z\"},\"properties\":{\"customData\":null,\"packageOwnerName\":\"AppAttach\",\"packageLookbackUrl\":null,\"image\":{\"packageAlias\":null,\"imagePath\":\"C:\\\\\\\\msix\\\\SingleMsix2.vhd\",\"packageName\":\"MsixUnitTest_Name2\",\"packageFamilyName\":\"MsixUnitTest_FamilyName2\",\"packageFullName\":\"AATest_FullName_UnitTest2\",\"displayName\":\"UnitTest-MSIXPackage2\",\"packageRelativePath\":\"MsixUnitTest_RelativePackageRoot2\",\"isRegularRegistration\":false,\"isActive\":false,\"packageDependencies\":[{\"dependencyName\":\"MsixTest_Dependency_Name2\",\"publisher\":\"MsixTest_Dependency_Publisher\",\"minVersion\":\"0.0.0.42\"}],\"version\":\"0.0.18838.723\",\"lastUpdated\":\"0001-01-01T00:00:01\",\"packageApplications\":[{\"appUserModelID\":\"MsixTest_Application_ModelID\",\"appId\":\"MsixTest_Application_Id2\",\"description\":\"testing from ps\",\"friendlyName\":\"some name\",\"iconImageName\":\"Apptile\",\"rawIcon\":\"c29tZSBpbWFnZQ==\",\"rawPng\":\"c29tZSBpbWFnZQ==\"}],\"certificateExpiry\":\"0001-01-21T00:00:01\",\"certificateName\":\"UnitTestCertificate2\",\"isPackageTimestamped\":\"NotTimestamped\"},\"hostPoolReferences\":[],\"failHealthCheckOnStagingFailure\":\"NeedsAssistance\",\"keyVaultURL\":\"keyvault2\"}}",
      "isContentBase64": false
    }
  },
  "Update-AzWvdAppAttachPackage+[NoContext]+UpdateExpanded+$DELETE+https://management.azure.com/subscriptions/dbedef25-184c-430f-b383-0eeb87c3205d/resourceGroups/alecbUserSessionTests/providers/Microsoft.DesktopVirtualization/appAttachPackages/TestPackage?api-version=2024-04-03+6": {
    "Request": {
      "Method": "DELETE",
      "RequestUri": "https://management.azure.com/subscriptions/dbedef25-184c-430f-b383-0eeb87c3205d/resourceGroups/alecbUserSessionTests/providers/Microsoft.DesktopVirtualization/appAttachPackages/TestPackage?api-version=2024-04-03",
      "Content": null,
      "isContentBase64": false,
      "Headers": {
        "x-ms-unique-id": [ "332" ],
        "x-ms-client-request-id": [ "5be3ead5-abc7-4ed9-9f45-16ad166270e0" ],
        "CommandName": [ "Remove-AzWvdAppAttachPackage" ],
        "FullCommandName": [ "Remove-AzWvdAppAttachPackage_Delete" ],
        "ParameterSetName": [ "__AllParameterSets" ],
        "User-Agent": [ "AzurePowershell/v0.0.0", "PSVersion/v7.2.19", "Az.DesktopVirtualization/2.1.0" ],
        "Authorization": [ "[Filtered]" ]
      },
      "ContentHeaders": {
      }
    },
    "Response": {
      "StatusCode": 200,
      "Headers": {
        "Cache-Control": [ "no-cache" ],
        "Pragma": [ "no-cache" ],
        "Vary": [ "Accept-Encoding" ],
        "Set-Cookie": [ "ARRAffinity=bcbcd66544f5ddaf4cbead41410626b9ca9d605ee7d3a04c141d9e19b964fb41;Path=/;HttpOnly;Secure;Domain=rdarmprovider-g-us-r0.wvdselfhost.microsoft.com", "ARRAffinitySameSite=bcbcd66544f5ddaf4cbead41410626b9ca9d605ee7d3a04c141d9e19b964fb41;Path=/;HttpOnly;SameSite=None;Secure;Domain=rdarmprovider-g-us-r0.wvdselfhost.microsoft.com" ],
        "x-ms-ratelimit-remaining-subscription-deletes": [ "199" ],
        "X-Rate-Limit-Limit": [ "0" ],
        "X-Rate-Limit-Remaining": [ "9223372036854775807" ],
        "X-Rate-Limit-Reset": [ "0" ],
        "x-ms-opsarmpath64": [ "L3N1YnNjcmlwdGlvbnMvZGJlZGVmMjUtMTg0Yy00MzBmLWIzODMtMGVlYjg3YzMyMDVkL3Jlc291cmNlR3JvdXBzL2FsZWNiVXNlclNlc3Npb25UZXN0cy9wcm92aWRlcnMvTWljcm9zb2Z0LkRlc2t0b3BWaXJ0dWFsaXphdGlvbi9hcHBBdHRhY2hQYWNrYWdlcy9UZXN0UGFja2FnZQ==" ],
        "x-ms-lamport-ts": [ "173945182" ],
        "x-ms-correlation-id": [ "4855b663-6011-4e68-9f6e-88cf4f1ca03e" ],
        "x-ms-request-id": [ "5be3ead5-abc7-4ed9-9f45-16ad166270e0" ],
        "X-Powered-By": [ "ASP.NET" ],
        "X-Content-Type-Options": [ "nosniff" ],
        "x-ms-ratelimit-remaining-subscription-global-deletes": [ "2999" ],
        "x-ms-correlation-request-id": [ "be7c6532-5049-462a-97f9-37453b106b32" ],
        "x-ms-routing-request-id": [ "WESTUS:20240808T220943Z:be7c6532-5049-462a-97f9-37453b106b32" ],
        "Strict-Transport-Security": [ "max-age=31536000; includeSubDomains" ],
        "X-Cache": [ "CONFIG_NOCACHE" ],
        "X-MSEdge-Ref": [ "Ref A: 1FE20911A9434B7D9696315C5C647618 Ref B: SJC211051205053 Ref C: 2024-08-08T22:09:43Z" ],
        "Date": [ "Thu, 08 Aug 2024 22:09:43 GMT" ]
      },
      "ContentHeaders": {
        "Content-Length": [ "1662" ],
        "Content-Type": [ "application/json; charset=utf-8" ],
        "Expires": [ "-1" ]
      },
      "Content": "{\"name\":\"TestPackage\",\"id\":\"/subscriptions/dbedef25-184c-430f-b383-0eeb87c3205d/resourcegroups/alecbUserSessionTests/providers/Microsoft.DesktopVirtualization/appattachpackages/TestPackage\",\"type\":\"Microsoft.DesktopVirtualization/appattachpackages\",\"location\":\"westus2\",\"tags\":{},\"kind\":null,\"systemData\":{\"createdBy\":\"alecbaird@wvdtesttenant.onmicrosoft.com\",\"createdByType\":\"User\",\"createdAt\":\"2024-08-08T22:09:38.46Z\",\"lastModifiedBy\":\"alecbaird@wvdtesttenant.onmicrosoft.com\",\"lastModifiedByType\":\"User\",\"lastModifiedAt\":\"2024-08-08T22:09:40.05Z\"},\"properties\":{\"customData\":null,\"packageOwnerName\":\"AppAttach\",\"packageLookbackUrl\":null,\"image\":{\"packageAlias\":null,\"imagePath\":\"C:\\\\\\\\msix\\\\SingleMsix2.vhd\",\"packageName\":\"MsixUnitTest_Name2\",\"packageFamilyName\":\"MsixUnitTest_FamilyName2\",\"packageFullName\":\"AATest_FullName_UnitTest2\",\"displayName\":\"UnitTest-MSIXPackage2\",\"packageRelativePath\":\"MsixUnitTest_RelativePackageRoot2\",\"isRegularRegistration\":false,\"isActive\":false,\"packageDependencies\":[{\"dependencyName\":\"MsixTest_Dependency_Name2\",\"publisher\":\"MsixTest_Dependency_Publisher\",\"minVersion\":\"0.0.0.42\"}],\"version\":\"0.0.18838.723\",\"lastUpdated\":\"0001-01-01T00:00:01\",\"packageApplications\":[{\"appUserModelID\":\"MsixTest_Application_ModelID\",\"appId\":\"MsixTest_Application_Id2\",\"description\":\"testing from ps\",\"friendlyName\":\"some name\",\"iconImageName\":\"Apptile\",\"rawIcon\":\"c29tZSBpbWFnZQ==\",\"rawPng\":\"c29tZSBpbWFnZQ==\"}],\"certificateExpiry\":\"0001-01-21T00:00:01\",\"certificateName\":\"UnitTestCertificate2\",\"isPackageTimestamped\":\"NotTimestamped\"},\"hostPoolReferences\":[],\"failHealthCheckOnStagingFailure\":\"NeedsAssistance\",\"keyVaultURL\":\"keyvault2\"}}",
      "isContentBase64": false
    }
  },
  "Update-AzWvdAppAttachPackage+[NoContext]+ImageObject+$PUT+https://management.azure.com/subscriptions/dbedef25-184c-430f-b383-0eeb87c3205d/resourceGroups/alecbUserSessionTests/providers/Microsoft.DesktopVirtualization/appAttachPackages/TestPackage?api-version=2024-04-03+1": {
    "Request": {
      "Method": "PUT",
      "RequestUri": "https://management.azure.com/subscriptions/dbedef25-184c-430f-b383-0eeb87c3205d/resourceGroups/alecbUserSessionTests/providers/Microsoft.DesktopVirtualization/appAttachPackages/TestPackage?api-version=2024-04-03",
      "Content": "{\r\n  \"location\": \"westus2\",\r\n  \"properties\": {\r\n    \"image\": {\r\n      \"imagePath\": \"C:\\\\\\\\msix\\\\SingleMsix.vhd\",\r\n      \"packageName\": \"MsixUnitTest_Name\",\r\n      \"packageFamilyName\": \"MsixUnitTest_FamilyName\",\r\n      \"packageFullName\": \"AATest_FullName_UnitTest\",\r\n      \"displayName\": \"UnitTest-MSIXPackage\",\r\n      \"packageRelativePath\": \"MsixUnitTest_RelativePackageRoot\",\r\n      \"isRegularRegistration\": true,\r\n      \"isActive\": true,\r\n      \"packageDependencies\": [\r\n        {\r\n          \"dependencyName\": \"MsixTest_Dependency_Name\",\r\n          \"publisher\": \"MsixTest_Dependency_Publisher\",\r\n          \"minVersion\": \"0.0.0.42\"\r\n        }\r\n      ],\r\n      \"version\": \"0.0.18838.722\",\r\n      \"lastUpdated\": \"0001-01-01T00:00:00.0000000\",\r\n      \"packageApplications\": [\r\n        {\r\n          \"appId\": \"MsixTest_Application_Id\",\r\n          \"description\": \"testing from ps\",\r\n          \"appUserModelID\": \"MsixTest_Application_ModelID\",\r\n          \"friendlyName\": \"some name\",\r\n          \"iconImageName\": \"Apptile\",\r\n          \"rawIcon\": \"c29tZSBpbWFnZQ==\",\r\n          \"rawPng\": \"c29tZSBpbWFnZQ==\"\r\n        }\r\n      ]\r\n    }\r\n  }\r\n}",
      "isContentBase64": false,
      "Headers": {
      },
      "ContentHeaders": {
        "Content-Type": [ "application/json" ],
        "Content-Length": [ "1133" ]
      }
    },
    "Response": {
      "StatusCode": 201,
      "Headers": {
        "Cache-Control": [ "no-cache" ],
        "Pragma": [ "no-cache" ],
        "Location": [ "/subscriptions/dbedef25-184c-430f-b383-0eeb87c3205d/resourcegroups/alecbUserSessionTests/providers/Microsoft.DesktopVirtualization/appattachpackages/TestPackage" ],
        "Set-Cookie": [ "ARRAffinity=bcbcd66544f5ddaf4cbead41410626b9ca9d605ee7d3a04c141d9e19b964fb41;Path=/;HttpOnly;Secure;Domain=rdarmprovider-g-us-r0.wvdselfhost.microsoft.com", "ARRAffinitySameSite=bcbcd66544f5ddaf4cbead41410626b9ca9d605ee7d3a04c141d9e19b964fb41;Path=/;HttpOnly;SameSite=None;Secure;Domain=rdarmprovider-g-us-r0.wvdselfhost.microsoft.com" ],
        "X-Rate-Limit-Limit": [ "0" ],
        "X-Rate-Limit-Remaining": [ "9223372036854775807" ],
        "X-Rate-Limit-Reset": [ "0" ],
        "x-ms-opsarmpath64": [ "L3N1YnNjcmlwdGlvbnMvZGJlZGVmMjUtMTg0Yy00MzBmLWIzODMtMGVlYjg3YzMyMDVkL3Jlc291cmNlR3JvdXBzL2FsZWNiVXNlclNlc3Npb25UZXN0cy9wcm92aWRlcnMvTWljcm9zb2Z0LkRlc2t0b3BWaXJ0dWFsaXphdGlvbi9hcHBBdHRhY2hQYWNrYWdlcy9UZXN0UGFja2FnZQ==" ],
        "x-ms-lamport-ts": [ "173945185" ],
        "x-ms-correlation-id": [ "319390a6-f6a5-4483-afcc-2bc0974683e9" ],
        "x-ms-request-id": [ "e08ce5cd-be93-4a6a-afd8-babf7143eb85" ],
        "X-Powered-By": [ "ASP.NET" ],
        "X-Content-Type-Options": [ "nosniff" ],
        "x-ms-ratelimit-remaining-subscription-writes": [ "199" ],
        "x-ms-ratelimit-remaining-subscription-global-writes": [ "2999" ],
        "x-ms-correlation-request-id": [ "90807659-a672-4205-bd56-397f06c884d4" ],
        "x-ms-routing-request-id": [ "WESTUS:20240808T220944Z:90807659-a672-4205-bd56-397f06c884d4" ],
        "Strict-Transport-Security": [ "max-age=31536000; includeSubDomains" ],
        "X-Cache": [ "CONFIG_NOCACHE" ],
        "X-MSEdge-Ref": [ "Ref A: DB7A96095A9941BC9E131283C9545CFB Ref B: SJC211051205053 Ref C: 2024-08-08T22:09:44Z" ],
        "Date": [ "Thu, 08 Aug 2024 22:09:43 GMT" ]
      },
      "ContentHeaders": {
        "Content-Length": [ "1627" ],
        "Content-Type": [ "application/json; charset=utf-8" ],
        "Expires": [ "-1" ]
      },
      "Content": "{\"name\":\"TestPackage\",\"id\":\"/subscriptions/dbedef25-184c-430f-b383-0eeb87c3205d/resourcegroups/alecbUserSessionTests/providers/Microsoft.DesktopVirtualization/appattachpackages/TestPackage\",\"type\":\"Microsoft.DesktopVirtualization/appattachpackages\",\"location\":\"westus2\",\"tags\":{},\"kind\":null,\"systemData\":{\"createdBy\":\"alecbaird@wvdtesttenant.onmicrosoft.com\",\"createdByType\":\"User\",\"createdAt\":\"2024-08-08T22:09:44.31Z\",\"lastModifiedBy\":\"alecbaird@wvdtesttenant.onmicrosoft.com\",\"lastModifiedByType\":\"User\",\"lastModifiedAt\":\"2024-08-08T22:09:44.31Z\"},\"properties\":{\"customData\":null,\"packageOwnerName\":\"AppAttach\",\"packageLookbackUrl\":null,\"image\":{\"packageAlias\":null,\"imagePath\":\"C:\\\\\\\\msix\\\\SingleMsix.vhd\",\"packageName\":\"MsixUnitTest_Name\",\"packageFamilyName\":\"MsixUnitTest_FamilyName\",\"packageFullName\":\"AATest_FullName_UnitTest\",\"displayName\":\"UnitTest-MSIXPackage\",\"packageRelativePath\":\"MsixUnitTest_RelativePackageRoot\",\"isRegularRegistration\":true,\"isActive\":true,\"packageDependencies\":[{\"dependencyName\":\"MsixTest_Dependency_Name\",\"publisher\":\"MsixTest_Dependency_Publisher\",\"minVersion\":\"0.0.0.42\"}],\"version\":\"0.0.18838.722\",\"lastUpdated\":\"0001-01-01T00:00:00\",\"packageApplications\":[{\"appUserModelID\":\"MsixTest_Application_ModelID\",\"appId\":\"MsixTest_Application_Id\",\"description\":\"testing from ps\",\"friendlyName\":\"some name\",\"iconImageName\":\"Apptile\",\"rawIcon\":\"c29tZSBpbWFnZQ==\",\"rawPng\":\"c29tZSBpbWFnZQ==\"}],\"certificateExpiry\":\"0001-01-01T00:00:00\",\"certificateName\":null,\"isPackageTimestamped\":\"NotTimestamped\"},\"hostPoolReferences\":[],\"failHealthCheckOnStagingFailure\":\"NeedsAssistance\",\"keyVaultURL\":null}}",
      "isContentBase64": false
    }
  },
  "Update-AzWvdAppAttachPackage+[NoContext]+ImageObject+$GET+https://management.azure.com/subscriptions/dbedef25-184c-430f-b383-0eeb87c3205d/resourceGroups/alecbUserSessionTests/providers/Microsoft.DesktopVirtualization/appAttachPackages/TestPackage?api-version=2024-04-03+2": {
    "Request": {
      "Method": "GET",
      "RequestUri": "https://management.azure.com/subscriptions/dbedef25-184c-430f-b383-0eeb87c3205d/resourceGroups/alecbUserSessionTests/providers/Microsoft.DesktopVirtualization/appAttachPackages/TestPackage?api-version=2024-04-03",
      "Content": null,
      "isContentBase64": false,
      "Headers": {
        "x-ms-unique-id": [ "334" ],
        "x-ms-client-request-id": [ "58c692e3-fb3b-4203-85e7-c2d0ede90977" ],
        "CommandName": [ "Get-AzWvdAppAttachPackage" ],
        "FullCommandName": [ "Get-AzWvdAppAttachPackage_Get" ],
        "ParameterSetName": [ "__AllParameterSets" ],
        "User-Agent": [ "AzurePowershell/v0.0.0", "PSVersion/v7.2.19", "Az.DesktopVirtualization/2.1.0" ],
        "Authorization": [ "[Filtered]" ]
      },
      "ContentHeaders": {
      }
    },
    "Response": {
      "StatusCode": 200,
      "Headers": {
        "Cache-Control": [ "no-cache" ],
        "Pragma": [ "no-cache" ],
        "Vary": [ "Accept-Encoding" ],
        "Set-Cookie": [ "ARRAffinity=de05b342bfa7816b86cf467ecc947b8c2d1419d8d518ac9f49486dea08ed770a;Path=/;HttpOnly;Secure;Domain=rdarmprovider-g-us-r0.wvdselfhost.microsoft.com", "ARRAffinitySameSite=de05b342bfa7816b86cf467ecc947b8c2d1419d8d518ac9f49486dea08ed770a;Path=/;HttpOnly;SameSite=None;Secure;Domain=rdarmprovider-g-us-r0.wvdselfhost.microsoft.com" ],
        "x-ms-ratelimit-remaining-subscription-reads": [ "249" ],
        "X-Rate-Limit-Limit": [ "0" ],
        "X-Rate-Limit-Remaining": [ "9223372036854775807" ],
        "X-Rate-Limit-Reset": [ "0" ],
        "x-ms-opsarmpath64": [ "L3N1YnNjcmlwdGlvbnMvZGJlZGVmMjUtMTg0Yy00MzBmLWIzODMtMGVlYjg3YzMyMDVkL3Jlc291cmNlR3JvdXBzL2FsZWNiVXNlclNlc3Npb25UZXN0cy9wcm92aWRlcnMvTWljcm9zb2Z0LkRlc2t0b3BWaXJ0dWFsaXphdGlvbi9hcHBBdHRhY2hQYWNrYWdlcy9UZXN0UGFja2FnZQ==" ],
        "x-ms-lamport-ts": [ "173945232" ],
        "x-ms-correlation-id": [ "0917f056-a5a6-4ba1-979a-611dbdd6c03c" ],
        "x-ms-request-id": [ "58c692e3-fb3b-4203-85e7-c2d0ede90977" ],
        "X-Powered-By": [ "ASP.NET" ],
        "X-Content-Type-Options": [ "nosniff" ],
        "x-ms-ratelimit-remaining-subscription-global-reads": [ "3749" ],
        "x-ms-correlation-request-id": [ "54e28a0b-b942-4001-b657-dfd0836dfccc" ],
        "x-ms-routing-request-id": [ "WESTUS:20240808T220945Z:54e28a0b-b942-4001-b657-dfd0836dfccc" ],
        "Strict-Transport-Security": [ "max-age=31536000; includeSubDomains" ],
        "X-Cache": [ "CONFIG_NOCACHE" ],
        "X-MSEdge-Ref": [ "Ref A: A912692A1BF04274BD8139CD0A18BAEF Ref B: SJC211051205053 Ref C: 2024-08-08T22:09:44Z" ],
        "Date": [ "Thu, 08 Aug 2024 22:09:44 GMT" ]
      },
      "ContentHeaders": {
        "Content-Length": [ "1627" ],
        "Content-Type": [ "application/json; charset=utf-8" ],
        "Expires": [ "-1" ]
      },
      "Content": "{\"name\":\"TestPackage\",\"id\":\"/subscriptions/dbedef25-184c-430f-b383-0eeb87c3205d/resourcegroups/alecbUserSessionTests/providers/Microsoft.DesktopVirtualization/appattachpackages/TestPackage\",\"type\":\"Microsoft.DesktopVirtualization/appattachpackages\",\"location\":\"westus2\",\"tags\":{},\"kind\":null,\"systemData\":{\"createdBy\":\"alecbaird@wvdtesttenant.onmicrosoft.com\",\"createdByType\":\"User\",\"createdAt\":\"2024-08-08T22:09:44.31Z\",\"lastModifiedBy\":\"alecbaird@wvdtesttenant.onmicrosoft.com\",\"lastModifiedByType\":\"User\",\"lastModifiedAt\":\"2024-08-08T22:09:44.31Z\"},\"properties\":{\"customData\":null,\"packageOwnerName\":\"AppAttach\",\"packageLookbackUrl\":null,\"image\":{\"packageAlias\":null,\"imagePath\":\"C:\\\\\\\\msix\\\\SingleMsix.vhd\",\"packageName\":\"MsixUnitTest_Name\",\"packageFamilyName\":\"MsixUnitTest_FamilyName\",\"packageFullName\":\"AATest_FullName_UnitTest\",\"displayName\":\"UnitTest-MSIXPackage\",\"packageRelativePath\":\"MsixUnitTest_RelativePackageRoot\",\"isRegularRegistration\":true,\"isActive\":true,\"packageDependencies\":[{\"dependencyName\":\"MsixTest_Dependency_Name\",\"publisher\":\"MsixTest_Dependency_Publisher\",\"minVersion\":\"0.0.0.42\"}],\"version\":\"0.0.18838.722\",\"lastUpdated\":\"0001-01-01T00:00:00\",\"packageApplications\":[{\"appUserModelID\":\"MsixTest_Application_ModelID\",\"appId\":\"MsixTest_Application_Id\",\"description\":\"testing from ps\",\"friendlyName\":\"some name\",\"iconImageName\":\"Apptile\",\"rawIcon\":\"c29tZSBpbWFnZQ==\",\"rawPng\":\"c29tZSBpbWFnZQ==\"}],\"certificateExpiry\":\"0001-01-01T00:00:00\",\"certificateName\":null,\"isPackageTimestamped\":\"NotTimestamped\"},\"hostPoolReferences\":[],\"failHealthCheckOnStagingFailure\":\"NeedsAssistance\",\"keyVaultURL\":null}}",
      "isContentBase64": false
    }
  },
  "Update-AzWvdAppAttachPackage+[NoContext]+ImageObject+$POST+https://management.azure.com/subscriptions/dbedef25-184c-430f-b383-0eeb87c3205d/resourceGroups/alecbUserSessionTests/providers/Microsoft.DesktopVirtualization/hostPools/alecbRemoteAppHP/importAppAttachPackageInfo?api-version=2024-04-03+3": {
    "Request": {
      "Method": "POST",
      "RequestUri": "https://management.azure.com/subscriptions/dbedef25-184c-430f-b383-0eeb87c3205d/resourceGroups/alecbUserSessionTests/providers/Microsoft.DesktopVirtualization/hostPools/alecbRemoteAppHP/importAppAttachPackageInfo?api-version=2024-04-03",
      "Content": "{\r\n  \"path\": \"C:\\\\AppAttach\\\\Firefox20110.0.1.vhdx\"\r\n}",
      "isContentBase64": false,
      "Headers": {
      },
      "ContentHeaders": {
        "Content-Type": [ "application/json" ],
        "Content-Length": [ "54" ]
      }
    },
    "Response": {
      "StatusCode": 200,
      "Headers": {
        "Cache-Control": [ "no-cache" ],
        "Pragma": [ "no-cache" ],
        "Vary": [ "Accept-Encoding" ],
        "Set-Cookie": [ "ARRAffinity=bcbcd66544f5ddaf4cbead41410626b9ca9d605ee7d3a04c141d9e19b964fb41;Path=/;HttpOnly;Secure;Domain=rdarmprovider-g-us-r0.wvdselfhost.microsoft.com", "ARRAffinitySameSite=bcbcd66544f5ddaf4cbead41410626b9ca9d605ee7d3a04c141d9e19b964fb41;Path=/;HttpOnly;SameSite=None;Secure;Domain=rdarmprovider-g-us-r0.wvdselfhost.microsoft.com" ],
        "x-ms-ratelimit-remaining-subscription-writes": [ "199" ],
        "X-Rate-Limit-Limit": [ "0" ],
        "X-Rate-Limit-Remaining": [ "9223372036854775807" ],
        "X-Rate-Limit-Reset": [ "0" ],
        "x-ms-opsarmpath64": [ "L3N1YnNjcmlwdGlvbnMvZGJlZGVmMjUtMTg0Yy00MzBmLWIzODMtMGVlYjg3YzMyMDVkL3Jlc291cmNlR3JvdXBzL2FsZWNiVXNlclNlc3Npb25UZXN0cy9wcm92aWRlcnMvTWljcm9zb2Z0LkRlc2t0b3BWaXJ0dWFsaXphdGlvbi9ob3N0UG9vbHMvYWxlY2JSZW1vdGVBcHBIUA==" ],
        "x-ms-lamport-ts": [ "173945200" ],
        "x-ms-correlation-id": [ "bd6478ae-1771-46c2-b544-68253df2da02" ],
        "x-ms-request-id": [ "02913f6e-9751-4e8b-9a54-d2765b9a65ea" ],
        "X-Powered-By": [ "ASP.NET" ],
        "X-Content-Type-Options": [ "nosniff" ],
        "x-ms-ratelimit-remaining-subscription-global-writes": [ "2999" ],
        "x-ms-correlation-request-id": [ "1d3fcbbf-c08a-48c2-ae83-422f90f53054" ],
        "x-ms-routing-request-id": [ "WESTUS:20240808T220947Z:1d3fcbbf-c08a-48c2-ae83-422f90f53054" ],
        "Strict-Transport-Security": [ "max-age=31536000; includeSubDomains" ],
        "X-Cache": [ "CONFIG_NOCACHE" ],
        "X-MSEdge-Ref": [ "Ref A: 1384538467C04A4CBD936F846301AA0A Ref B: SJC211051205053 Ref C: 2024-08-08T22:09:45Z" ],
        "Date": [ "Thu, 08 Aug 2024 22:09:46 GMT" ]
      },
      "ContentHeaders": {
        "Content-Length": [ "62550" ],
        "Content-Type": [ "application/json; charset=utf-8" ],
        "Expires": [ "-1" ]
      },
      "Content": "{\"value\":[{\"name\":\"importappattachpackageinfo\",\"id\":\"/subscriptions/dbedef25-184c-430f-b383-0eeb87c3205d/resourcegroups/alecbUserSessionTests/providers/Microsoft.DesktopVirtualization/appattachpackages/importappattachpackageinfo\",\"type\":\"Microsoft.DesktopVirtualization/appattachpackages\",\"properties\":{\"image\":{\"packageAlias\":\"mozillamozillafirefox\",\"imagePath\":\"C:\\\\AppAttach\\\\Firefox20110.0.1.vhdx\",\"packageName\":\"Mozilla.MozillaFirefox\",\"packageFamilyName\":\"Mozilla.MozillaFirefox_gmpnhwe7bv608\",\"packageFullName\":\"Mozilla.MozillaFirefox_110.0.1.0_x64__gmpnhwe7bv608\",\"displayName\":null,\"packageRelativePath\":\"\\\\apps\\\\Mozilla.MozillaFirefox_110.0.1.0_x64__gmpnhwe7bv608\",\"isRegularRegistration\":false,\"isActive\":false,\"packageDependencies\":[],\"version\":\"110.0.1.0\",\"lastUpdated\":\"2023-03-14T10:38:50.3941546+00:00\",\"packageApplications\":[{\"appUserModelID\":\"Mozilla.MozillaFirefox_gmpnhwe7bv608!App\",\"appId\":\"App\",\"description\":\"MozillaFirefox\",\"friendlyName\":\"MozillaFirefox\",\"iconImageName\":\"DefaultPublishedApplicationIcon\",\"rawIcon\":\"AAABAAgAAAAAAAEAIAAdCQAAhgAAAEBAAAABACAAKEIAAKMJAAAwMAAAAQAgAKglAADLSwAAKCgAAAEAIABoGgAAc3EAACAgAAABACAAqBAAANuLAAAYGAAAAQAgAIgJAACDnAAAFBQAAAEAIAC4BgAAC6YAABAQAAABACAAaAQAAMOsAACJUE5HDQoaCgAAAA1JSERSAAABAAAAAQAIBgAAAFxyqGYAAAjkSURBVHic7dxBiyVXGQbg08FxXJnNbAZDgvgTBlzMMIsIggQFV4FIZLoX4sKl4MKFiAsXgksX4qJnCGQtCP6BkCyE/AQXCYH5C+Ig10XOnTrdfbv73r51qr6q73kgGabndt3iVL3vrarTfU42m00Bcnpj7h0A5qMAIDEFAIkpAEhMAUBiCgASUwCQmAKAxBQAJKYAIDEFAIkpAEhMAUBiCgASUwCQmAKAxBQAJKYAIDEFAIkpAEhMAUBiCgASUwCQmAKAxBQAJKYAIDEFAIkpAEhMAUBiCgASUwCQmAKAxBQAJKYAIDEFAIkpAEhMAUBiCgASUwCQmAKAxBQAJKYAILFvHLuBP/7pz5sxdgQ43G9/8+uTY77fFQAkpgAgiA8/eL88ffK4fPjB+xe+/uP3flTefPPb5Yc/eHf091QAEMQXX35VPvn0s/LFl19d+Ponn35WfvXLX5R/ff756O+pAGBCT588fv3fZe+8/VZ5+uRxeeftt658z1/++rfy/UePRt+fk83muGd4HgLCfDwEBO5MAUBiR/8cQCmlnP38Z2NsBjjA+UcfH70NVwCQ2ChXAJf9/R//vPK1n/7kvR5vBWHtm4M589KlAIQdvtZmYVfQD33d2FwBQGKuACAxVwDQ0b6X81Ne9rdcAUAn++ZgzryYBoTERrkCePjwYXn16tUYmwL2cO/evVG2M0oBvHz5cozNdPPgwYO5dwFCcgsAiSkASEwBQGIKABJTAJCYAoDEuvwk4NJ883f/nnsX0vrvH7439y6kpgCqR9/5VimllO0aqZv6/83m5Os/6+su/vuuv29KKSevv+P1v19+3ZXvv/r6299zc8u/7/H6zQ37tGm/68j32fH3V/+znuzc3AI0hH+68B+5GDUj6XYFcN1vN0X9RSHhF/6Mut4CXA77XL/yuC/hny78wzswJ7cAlfALf0YhHgIee2Uwzm2F8E8Z/n1vA87Pz/d74UqdnZ113X6IAojwXED444W/lP4ByK5rAUS/579I+I9+n0Nef0AJ0E+3AojwqX4I4Z84/CfNC5mNh4AN4Z8u/K4AYlAAlfALf0YKoCH8wp9NiFmACIQ/ZvhNAyaYBoxC+GOFvxTTgL25BaiEP1746U8BNIRf+LNRAJXwC39GCqAh/MKfjfUAKuEX/oysB/Ca8B/1+k7hNw1oGnASwh8v/KWYBuwtRAHEWA9A+O/0+o7hp78QBRDhuYDwC39G1gNoCL/wZ2M9gEr4hT8jPwfQEH7hzybEM4AIhD9m+E0DmgacjPDHCn8ppgF7cwtQCX+88NOfAmgIv/BnowAq4Rf+jDwDaAi/8Ee26XAwFEAl/MIfUY/QtxRAQ/jjhT/7NODp6WnX7VsPoBL+eOEvJdc0YO9P+12sB9AQ/ljhz2CO0LfcAlTCL/xTmTv0rRAFEGE9AOEvdBYp+FshCiDKcwHhZ2wRQ9+yHkAl/Iwleuhb1gNoCH88pgFPu24/xC1ABMIfU/RpwCV92u+iABrCzz6WHvqWAqiEn5usKfQtBdAQflprDX1LAVTCz1aG4G8pgIbw55Up9C0FUAl/TKYBT7tuXwE0hD+esacBs37SX0cBVMK/boK/m/UAGsK/LkJ/O+sBVMK/DkJ/GLcADeFfJqG/uxAFEHM9AOGPTvCPF6IAojwXEP54TAOedt2+9QAq4Y/p7OzMJ31j7LGwHkBD+OMQ+kHPsQhxCxCB8Mcg+IMpxkIBNIR/HkI/mHosFEAl/PMQ/nnHQAE0hJ+pRCk+BVAJf0zPnz+fexdm9ezZs67bVwBbwh9S73nwKUT5tN9FAVTCz5gih76lABrCzzGWEvqWAqiEn7taYvC3rAfQEH72teTQt6wHUAk/t1lL6FtuARrCH49pwGddtx+iAEKsByD8Ic01DbjGT/tdQhRAjOcCwp9dltC3rAdQCX9OGUPfsh5AQ/jzyB78rRC3ABEI//oJ/VUKoCH86yP0N1MAlfDHZBowwTRgFMIfzyHTgD7tD6cAKuFfJqE/jgJoCP8yCP14FEAl/LEJ/WDMsVAADeGPR/AHPcZCAVTCH4fQD3qPhQJoCP98rjvRX7x4MfGeXK/3lNzWlAWoACrhn8dtJ/tUoZvbXFc9CqAh/Ext7tsdBVAJP1OZO/QtBdAQfnqJFPqWAqiEn7FFDX1LATSEnzEsIfhbCqASfo6xpNC3FEBD+DnEUkPfUgCV8LOPNYS+pQAaws911hb8LQVQCT+XrTX0rbQFsOvgCj8ZQt9KVQA3HVzhzytb6FspCmDfAyz8uWQO/laKAtiH8Ocg9BcpgIbwr5PQX08BVMK/LkK/HwWwJfyrIPiHUQCV82a5hP7uFACLJPTjUAAshtCPTwEQnuAPxh4LBUBIQj/oORYKgDCEfjDVWCgAZiX0F009HgoAZjZnCSoAmEGUKx8FABOJEvqWAoDOIgZ/SwFAB5FD31IAMJKlhL6lAOAISwx9SwHAHSw9+FsKAPa0ltC3FADcYI2hb6UugLUfXO4m03mRrgAyHVwOk/HcSFMAGQ8ut8t+XqQogOwHmYucD4MUBQBCv5sCYNUE/2YKgNUR+v0pgFLKf37/3bl34U6c6ANjcTcKYGGc6ANjcTwFsABO9IuMx3gUQGBO9IGxGIw5FgogGCf6wFgMeo2FAgjAiT4wFoMpxkIBzMSJfpHxGEw5FgpgYk70gbEYzDUWCmACTvSBsRhEGAsF0EmEgxuFsRhEGwsFMKJoB3duxmMQdSwUwAiiHtw5GIvBEsZCAdzREg7uVIzFYGljoQAOsLSD25OxGCx5LFIUwP379+feBQhplAI4/+jjMTYDTGyMAnh3hG0AMzhZ8v0LcJw35t4BYD4KABJTAJCYAoDEFAAkpgAgMQUAiSkASEwBQGIKABJTAJCYAoDEFAAkpgAgMQUAiSkASEwBQGIKABJTAJCYAoDEFAAkpgAgMQUAiSkASEwBQGIKABJTAJCYAoDEFAAkpgAgMQUAiSkASEwBQGIKABJTAJCYAoDEFAAkpgAgMQUAiSkASEwBQGIKABJTAJCYAoDE/g8/qFTidANV+QAAAABJRU5ErkJggigAAABAAAAAgAAAAAEAIAAAAAAAAAAAAAAAAAAAAAAAAAAAAAAAAAAAAAAAAAAAAAAAAAAAAAAAAAAAAAAAAAAAAAAAAAAAAAAAAAAAAAAAAAAAAAAAAAAAAAAAAAAAAAAAAAAAAAAAAAAAAAAAAAAAAAAAAAAAAAAAAAAAAAAAAAAAAAAAAAAAAAAAAAAAAAAAAAAAAAAAAAAAAAAAAAAAAAAAAAAAAAAAAAAAAAAAAAAAAAAAAAAAAAAAAAAAAAAAAAAAAAAAAAAAAAAAAAAAAAAAAAAAAAAAAAAAAAAAAAAAAAAAAAAAAAAAAAAAAAAAAAAAAAAAAAAAAAAAAAAAAAAAAAAAAAAAAAAAAAAAAAAAAAAAAAAAAAAAAAAAAAAAAAAAAAAAAAAAAAAAAAAAAAAAAAAAAAAAAAAAAAAAAAAAAAAAAAAAAAAAAAAAAAAAAAAAAAAAAAAAAAAAAAAAAAAAAAAAAAAAAAAAAAAAAAAAAAAAAAAAAAAAAAAAAAAAAAAAAAAAAAAAAAAAAAAAAAAAAAAAAAAAAAAAAAAAAAAAAAAAAAAAAAAAAAAAAAAAAAAAAAAAAAAAAAAAAAAAAAAAAAAAAAAAAAAAAAAAAAAAAAAAAAAAAAAAAAAAAAAAAAAAAAAAAAAAAAAAAAAAAAAAAAAAAAAAAAAAAAAAAAAAAAAAAAAAAAAAAAAAAAAAAAAAAAAAAAAAAAAAAAAAAAAAAAAAAAAAAAAAAAAAAAAAAAAAAAAAAAAAAAAAAAAAAAAAAAAAAAAAAAAAAAAAAAAAAAAAAAAAAAAAAAAAAAAAAAAAAAAAAAAAAAAAAAAAAAAAAAAAAAAAAAAAAAAAAAAAAAAAAAAAAAAAAAAAAAAAAAAAAAAAAAAAAAAAAAAAAAAAAAAAAAAAAAAAAAAAAAAAAAAAAAAAAAAAAAAAAAAAAAAAAAAAAAAAAAAAAAAAAAAAAAAAAAAAAAAAAAAAAAAAAAAAAAAAAAAAAAAAAAAAAAAAAAAAAAAAAAAAAAAAAAAAAAAAAAAAAAAAAAAAAAAAAAAAAAAAAAAAAAAAAAAAAAAAAAAAAAAAAAAAAAAAAAAAAAAAAAAAAAAAAAAAAAAAAAAAAAAAAAAAAAAAAAAAAAAAAAAAAAAAAAAAAAAAAAAAAAAAAAAAAAAAAAAAAAAAAAAAAAAAAAAAAAAAAAAAAAAAAAAAAAAAAAAAAAAAAAAAAAAAAAAAAAAAAAAAAAAAAAAAAAAAAAAAAAAAAAAAAAAAAAAAAAAAAAAAAAAAAAAAAAAAAAAAAAAAAAAAAAAAAAAAAAAAAAAAAAAAAAAAAAAAAAAAAAAAAAAAAAAAAAAAAAAAAAAAAAAAAAAAAAAAAAAAAAAAAAAAAAAAAAAAAAAAAAAAAAAAAAAAAAAAAAAAAAAAAAAAAAAAAAAAAAAAAAAAAAAAAAAAAAAAAAAAAAAAAAAAAAAAAAAAAAAAAAAAAAAAAAAAAAAAAAAAAAAAAAAAAAAAAAAAAAAAAAAAAAAAAAAAAAAAAAAAAAAAAAAAAAAAAAAAAAAAAAAAAAAAAAAAAAAAAAAAAAAAAAAAAAAAAAAAAAAAAAAAAAAAAAAAAAAAAAAAAAAAAAAAAAAAAAAAAAAAAAAAAAAAAAAAAAAAAAAAAAAAAAAAAAAAAAAAAAAAAAAAAAAAAAAAAAAAAAAAAAAAAAAAAAAAAAAAAAAAAAAAAAAAAAAAAAAAAAAAAAAAAAAAAAAAAAAAAAAAAAAAAAAAAAAAAAAAAAAAAAAAAAAAAAAAAAAAAAAAAAAAAAAAAAAAAAAAAAAAAAAAAAAAAAAAAAAAAAAAAAAAAAAAAAAAAAAAAAAAAAAAAAAAAAAAAAAAAAAAAAAAAAAAAAAAAAAAAAAAAAAAAAAAAAAAAAAAAAAAAAAAAAAAAAAAAAAAAAAAAAAAAAAAAAAAAAAAAAAAAAAAAAAAAAAAAAAAAAAAAAAAAAAAAAAAAAAAAAAAAAAAAAAAAAAAAAAAAAAAAAAAAAAAAAAAAAAAAAAAAAAAAAAAAAAAAAAAAAAAAAAAAAAAAAAAAAAAAAAAAAAAAAAAAAAAAAAAAAAAAAAAAAAAAAAAAAAAAAAAAAAAAAAAAAAAAAAAAAAAAAAAAAAAAAAAAAAAAAAAAAAAAAAAAAAAAAAAAAAAAAAAAAAAAAAAAAAAAAAAAAAAAAAAAAAAAAAAAAAAAAAAAAAAAAAAAAAAAAAAAAAAAAAAAAAAAAAAAAAAAAAAAAAAAAAAAAAAAAAAAAAAAAAAAAAAAAAAAAAAAAAAAAAAAAAAAAAAAAAAAAAAAAAAAAAAAAAAAAAAAAAAAAAAAAAAAAAAAAAAAAAAAAAAAAAAAAAAAAAAAAAAAAAAAAAAAAAAAAAAAAAAAAAAAAAAAAAAAAAAAAAAAAAAAAAAAAAAAAAAAAAAAAAAAAAAAAAAAAAAAAAAAAAAAAAAAAAAAAAAAAAAAAAAAAAAAAAAAAAAAAAAAAAAAAAAAAAAAAAAAAAAAAAAAAAAAAAAAAAAAAAAAAAAAAAAAAAAAAAAAAAAAAAAAAAAAAAAAAAAAAAAAAAAAAAAAAAAAAAAAAAAAAAAAAAAAAAAAAAAAAAAAAAAAAAAAAAAAAAAAAAAAAAAAAAAAAAAAAAAAAAAAAAAAAAAAAAAAAAAAAAAAAAAAAAAAAAAAAAAAAAAAAAAAAAAAAAAAAAAAAAAAAAAAAAAAAAAAAAAAAAAAAAAAAAAAAAAAAAAAAAAAAAAAAAAAAAAAAAAAAAAAAAAAAAAAAAAAAAAAAAAAAAAAAAAAAAAAAAAAAAAAAAAAAAAAAAAAAAAAAAAAAAAAAAAAAAAAAAAAAAAAAAAAAAAAAAAAAAAAAAAAAAAAAAAAAAAAAAAAAAAAAAAAAAAAAAAAAAAAAAAAAAAAAAAAAAAAAAAAAAAAAAAAAAAAAAAAAAAAAAAAAAAAAAAAAAAAAAAAAAAAAAAAAAAAAAAAAAAAAAAAAAAAAAAAAAAAAAAAAAAAAAAAAAAAAAAAAAAAAAAAAAAAAAAAAAAAAAAAAAAAAAAAAAAAAAAAAAAAAAAAAAAAAAAAAAAAAAAAAAAAAAAAAAAAAAAAAAAAAAAAAAAAAAAAAAAAAAAAAAAAAAAAAAAAAAAAAAAAAAAAAAAAAAAAAAAAAAAAAAAAAAAAAAAAAAAAAAAAAAAAAAAAAAAAAAAAAAAAAAAAAAAAAAAAAAAAAAAAAAAAAAAAAAAAAAAAAAAAAAAAAAAAAAAAAAAAAAAAAAAAAAAAAAAAAAAAAAAAAAAAAAAAAAAAAAAAAAAAAAAAAAAAAAAAAAAAAAAAAAAAAAAAAAAAAAAAAAAAAAAAAAAAAAAAAAAAAAAAAAAAAAAAAAAAAAAAAAAAAAAAAAAAAAAAAAAAAAAAAAAAAAAAAAAAAAAAAAAAAAAAAAAAAAAAAAAAAAAAAAAAAAAAAAAAAAAAAAAAAAAAAAAAAAAAAAAAAAAAAAAAAAAAAAAAAAAAAAAAAAAAAAAAAAAAAAAAAAAAAAAAAAAAAAAAAAAAAAAAAAAAAAAAAAAAAAAAAAAAAAAAAAAAAAAAAAAAAAAAAAAAAAAAAAAAAAAAAAAAAAAAAAAAAAAAAAAAAAAAAAAAAAAAAAAAAAAAAAAAAAAAAAAAAAAAAAAAAAAAAAAAAAAAAAAAAAAAAAAAAAAAAAAAAAAAAAAAAAAAAAAAAAAAAAAAAAAAAAAAAAAAAAAAAAAAAAAAAAAAAAAAAAAAAAAAAAAAAAAAAAAAAAAAAAAAAAAAAAAAAAAAAAAAAAAAAAAAAAAAAAAAAAAAAAAAACMiYX/jImF/4yJhf+MiYX/jImF/4yJhf+MiYX/jImF/4yJhf+MiYX/jImF/4yJhf+MiYX/jImF/4yJhf+MiYX/jImF/4yJhf+MiYX/jImF/4yJhf+MiYX/jImF/4yJhf+MiYX/jImF/4yJhf+MiYX/jImF/4yJhf+MiYX/jImF/4yJhf+MiYX/jImF/4yJhf+MiYX/jImF/4yJhf+MiYX/jImF/4yJhf+MiYX/jImF/4yJhf+MiYX/jImF/4yJhf+MiYX/jImF/4yJhf+MiYX/jImF/4yJhf+MiYX/jImF/wAAAAAAAAAAAAAAAAAAAAAAAAAAAAAAAAAAAAAAAAAAjImF/+bm5v/m5ub/5ubm/+bm5v/m5ub/5ubm/+bm5v/m5ub/5ubm/+bm5v/6+vr/+fn5//n5+f/5+fn/+fn5//n5+f/5+fn/+Pj4//j4+P/4+Pj/+Pj4//j4+P/4+Pj/9/f3//f39//39/f/9/f3//f39//39/f/9vb2//b29v/29vb/9vb2//b29v/19fX/9fX1//X19f/19fX/9fX1//X19f/09PT/9PT0//T09P/09PT/9PT0//T09P/z8/P/8/Pz//Pz8//z8/P/8/Pz//Pz8//y8vL/8vLy/4yJhf8AAAAAAAAAAAAAAAAAAAAAAAAAAAAAAAAAAAAAAAAAAIyJhf/m5ub/5ubm/+bm5v/m5ub/5ubm/+bm5v/m5ub/5ubm/+bm5v/m5ub/+vr6//r6+v/5+fn/+fn5//n5+f/5+fn/+fn5//n5+f/4+Pj/+Pj4//j4+P/4+Pj/+Pj4//j4+P/39/f/9/f3//f39//39/f/9/f3//f39//29vb/9vb2//b29v/29vb/9vb2//X19f/19fX/9fX1//X19f/19fX/9fX1//T09P/09PT/9PT0//T09P/09PT/9PT0//Pz8//z8/P/8/Pz//Pz8//z8/P/8/Pz//Ly8v+MiYX/AAAAAAAAAAAAAAAAAAAAAAAAAAAAAAAAAAAAAAAAAACMiYX/5ubm/+bm5v/m5ub/5ubm/+bm5v/m5ub/5ubm/+bm5v/m5ub/5ubm//r6+v/6+vr/+vr6//n5+f/5+fn/+fn5//n5+f/5+fn/+fn5//j4+P/4+Pj/+Pj4//j4+P/4+Pj/+Pj4//f39//39/f/9/f3//f39//39/f/9/f3//b29v/29vb/9vb2//b29v/29vb/9fX1//X19f/19fX/9fX1//X19f/19fX/9PT0//T09P/09PT/9PT0//T09P/09PT/8/Pz//Pz8//z8/P/8/Pz//Pz8//z8/P/jImF/wAAAAAAAAAAAAAAAAAAAAAAAAAAAAAAAAAAAAAAAAAAjImF/+bm5v/m5ub/5ubm/+bm5v/m5ub/5ubm/+bm5v/m5ub/5ubm/+bm5v/6+vr/+vr6//r6+v/6+vr/+fn5//n5+f/5+fn/+fn5//n5+f/5+fn/+Pj4//j4+P/4+Pj/+Pj4//j4+P/4+Pj/9/f3//f39//39/f/9/f3//f39//39/f/9vb2//b29v/29vb/9vb2//b29v/19fX/9fX1//X19f/19fX/9fX1//X19f/09PT/9PT0//T09P/09PT/9PT0//T09P/z8/P/8/Pz//Pz8//z8/P/8/Pz/4yJhf8AAAAAAAAAAAAAAAAAAAAAAAAAAAAAAAAAAAAAAAAAAIyJhf/m5ub/5ubm/+bm5v/m5ub/5ubm/+bm5v/m5ub/5ubm/+bm5v/m5ub/+vr6//r6+v/XeAD/13gA/9d4AP/XeAD/13gA/9d4AP/XeAD/13gA/9d4AP/XeAD/13gA/9d4AP/XeAD/13gA/9d4AP/XeAD/13gA/9d4AP/XeAD/13gA/9d4AP/XeAD/13gA/9d4AP/29vb/9vb2//X19f/19fX/9fX1//X19f/19fX/9fX1//T09P/09PT/9PT0//T09P/09PT/9PT0//Pz8//z8/P/8/Pz//Pz8/+MiYX/AAAAAAAAAAAAAAAAAAAAAAAAAAAAAAAAAAAAAAAAAACMiYX/5ubm/+bm5v/m5ub/5ubm/+bm5v/m5ub/5ubm/+bm5v/m5ub/5ubm//r6+v/6+vr/13gA/9d4AP/XeAD/13gA/9d4AP/XeAD/13gA/9d4AP/XeAD/13gA/9d4AP/XeAD/13gA/9d4AP/XeAD/13gA/9d4AP/XeAD/13gA/9d4AP/XeAD/13gA/9d4AP/XeAD/9vb2//b29v/29vb/9fX1//X19f/19fX/9fX1//X19f/19fX/9PT0//T09P/09PT/9PT0//T09P/09PT/8/Pz//Pz8//z8/P/jImF/wAAAAAAAAAAAAAAAAAAAAAAAAAAAAAAAAAAAAAAAAAAjImF/+bm5v/m5ub/5ubm/+bm5v/m5ub/5ubm/+bm5v/m5ub/5ubm/+bm5v/6+vr/+vr6/9d4AP/XeAD/13gA/9d4AP/XeAD/13gA/9d4AP/XeAD/13gA/9d4AP/XeAD/13gA/9d4AP/XeAD/13gA/9d4AP/XeAD/13gA/9d4AP/XeAD/13gA/9d4AP/XeAD/13gA//b29v/29vb/9vb2//b29v/19fX/9fX1//X19f/19fX/9fX1//X19f/09PT/9PT0//T09P/09PT/9PT0//T09P/z8/P/8/Pz/4yJhf8AAAAAAAAAAAAAAAAAAAAAAAAAAAAAAAAAAAAAAAAAAIyJhf/m5ub/5ubm/+bm5v/m5ub/5ubm/+bm5v/m5ub/5ubm/+bm5v/m5ub/+vr6//r6+v/XeAD/13gA/9d4AP/XeAD/13gA/9d4AP/XeAD/13gA/9d4AP/XeAD/13gA/9d4AP/XeAD/13gA/9d4AP/XeAD/13gA/9d4AP/XeAD/13gA/9d4AP/XeAD/13gA/9d4AP/29vb/9vb2//b29v/29vb/9vb2//X19f/19fX/9fX1//X19f/19fX/9fX1//T09P/09PT/9PT0//T09P/09PT/9PT0//Pz8/+MiYX/AAAAAAAAAAAAAAAAAAAAAAAAAAAAAAAAAAAAAAAAAACMiYX/5ubm/+bm5v/m5ub/5ubm/+bm5v/m5ub/5ubm/+bm5v/m5ub/5ubm//r6+v/6+vr/13gA/9d4AP/XeAD/13gA/9d4AP/XeAD/13gA/9d4AP/XeAD/13gA/9d4AP/XeAD/13gA/9d4AP/XeAD/13gA/9d4AP/XeAD/13gA/9d4AP/XeAD/13gA/9d4AP/XeAD/9/f3//b29v/29vb/9vb2//b29v/29vb/9fX1//X19f/19fX/9fX1//X19f/19fX/9PT0//T09P/09PT/9PT0//T09P/09PT/jImF/wAAAAAAAAAAAAAAAAAAAAAAAAAAAAAAAAAAAAAAAAAAjImF/+bm5v/m5ub/5ubm/+bm5v/m5ub/5ubm/+bm5v/m5ub/5ubm/+bm5v/6+vr/+vr6/9d4AP/XeAD/13gA/9d4AP/XeAD/13gA/9d4AP/XeAD/13gA/9d4AP/XeAD/13gA/9d4AP/XeAD/13gA/9d4AP/XeAD/13gA/9d4AP/XeAD/13gA/9d4AP/XeAD/13gA//f39//39/f/9vb2//b29v/29vb/9vb2//b29v/19fX/9fX1//X19f/19fX/9fX1//X19f/09PT/9PT0//T09P/09PT/9PT0/4yJhf8AAAAAAAAAAAAAAAAAAAAAAAAAAAAAAAAAAAAAAAAAAIyJhf/m5ub/5ubm/+bm5v/m5ub/5ubm/+bm5v/m5ub/5ubm/+bm5v/m5ub/+vr6//r6+v/XeAD/13gB/9d4AP/XeAD/13gA/9d4AP/XeAD/13gA/9d4AP/XeAD/13gA/9d4AP/XeAD/13gA/9d4AP/XeAD/13gA/9d4AP/XeAD/13gA/9d4AP/XeAD/13gA/9d4AP/39/f/9/f3//f39//29vb/9vb2//b29v/29vb/9vb2//X19f/19fX/9fX1//X19f/19fX/9fX1//T09P/09PT/9PT0//T09P+MiYX/AAAAAAAAAAAAAAAAAAAAAAAAAAAAAAAAAAAAAAAAAACMiYX/5ubm/+bm5v/m5ub/5ubm/+bm5v/m5ub/5ubm/+bm5v/m5ub/5ubm//r6+v/6+vr/13gA/9d5Av/XeAH/13gA/9d4AP/XeAD/13gA/9d4AP/XeAD/13gA/9d4AP/XeAD/13gA/9d4AP/XeAD/13gA/9d4AP/XeAD/13gA/9d4AP/XeAD/13gA/9d4AP/XeAD/9/f3//f39//39/f/9/f3//b29v/29vb/9vb2//b29v/29vb/9fX1//X19f/19fX/9fX1//X19f/19fX/9PT0//T09P/09PT/jImF/wAAAAAAAAAAAAAAAAAAAAAAAAAAAAAAAAAAAAAAAAAAjImF/+bm5v/m5ub/5ubm/+bm5v/m5ub/5ubm/+bm5v/m5ub/5ubm/+bm5v/6+vr/+vr6/9d4AP/XegP/13kC/9d4Af/XeAD/13gA/9d4AP/XeAD/13gA/9d4AP/XeAD/13gA/9d4AP/XeAD/13gA/9d4AP/XeAD/13gA/9d4AP/XeAD/13gA/9d4AP/XeAD/13gA//f39//39/f/9/f3//f39//39/f/9vb2//b29v/29vb/9vb2//b29v/19fX/9fX1//X19f/19fX/9fX1//X19f/09PT/9PT0/4yJhf8AAAAAAAAAAAAAAAAAAAAAAAAAAAAAAAAAAAAAAAAAAIyJhf/m5ub/5ubm/+bm5v/m5ub/5ubm/+bm5v/m5ub/5ubm/+bm5v/m5ub/+vr6//r6+v/XeAD/2HoE/9d6A//XeQL/13gB/9d4AP/XeAD/13gA/9d4AP/XeAD/13gA/9d4AP/XeAD/13gA/9d4AP/XeAD/13gA/9d4AP/XeAD/13gA/9d4AP/XeAD/13gA/9d4AP/39/f/9/f3//f39//39/f/9/f3//f39//29vb/9vb2//b29v/29vb/9vb2//X19f/19fX/9fX1//X19f/19fX/9fX1//T09P+MiYX/AAAAAAAAAAAAAAAAAAAAAAAAAAAAAAAAAAAAAAAAAACMiYX/5ubm/+bm5v/m5ub/5ubm/+bm5v/m5ub/5ubm/+bm5v/m5ub/5ubm//r6+v/6+vr/13gA/9h7Bf/YegT/13oD/9d5Av/XeAH/13gA/9d4AP/XeAD/13gA/9d4AP/XeAD/13gA/9d4AP/XeAD/13gA/9d4AP/XeAD/13gA/9d4AP/XeAD/13gA/9d4AP/XeAD/+Pj4//f39/+ZmZn/mZmZ/5mZmf+ZmZn/mZmZ/5mZmf+ZmZn/mZmZ/5mZmf+ZmZn/9fX1//X19f/19fX/9fX1//X19f/19fX/jImF/wAAAAAAAAAAAAAAAAAAAAAAAAAAAAAAAAAAAAAAAAAAjImF/+bm5v/m5ub/5ubm/+bm5v/m5ub/5ubm/+bm5v/m5ub/5ubm/+bm5v/6+vr/+vr6/9d4AP/Yewb/2HsF/9h6BP/XegP/13kC/9d4Af/XeAD/13gA/9d4AP/XeAD/13gA/9d4AP/XeAD/13gA/9d4AP/XeAD/13gA/9d4AP/XeAD/13gA/9d4AP/XeAD/13gA//j4+P/4+Pj/9/f3//f39//39/f/9/f3//f39//39/f/9vb2//b29v/29vb/9vb2//b29v/19fX/9fX1//X19f/19fX/9fX1/4yJhf8AAAAAAAAAAAAAAAAAAAAAAAAAAAAAAAAAAAAAAAAAAIyJhf/m5ub/5ubm/5yZlv/m5ub/nJmW/5yZlv+cmZb/nJmW/+bm5v/m5ub/+vr6//r6+v/XeAD/2HwH/9h7Bv/YewX/2HoE/9d6A//XeQL/13gB/9d4AP/XeAD/13gA/9d4AP/XeAD/13gA/9d4AP/XeAD/13gA/9d4AP/XeAD/13gA/9d4AP/XeAD/13gA/9d4AP/4+Pj/+Pj4//j4+P/39/f/9/f3//f39//39/f/9/f3//f39//29vb/9vb2//b29v/29vb/9vb2//X19f/19fX/9fX1//X19f+MiYX/AAAAAAAAAAAAAAAAAAAAAAAAAAAAAAAAAAAAAAAAAACMiYX/5ubm/+bm5v/m5ub/5ubm/+bm5v/m5ub/5ubm/+bm5v/m5ub/5ubm//r6+v/6+vr/13gA/9h8CP/YfAf/2HsG/9h7Bf/YegT/13oD/9d5Av/XeAH/13gA/9d4AP/XeAD/13gA/9d4AP/XeAD/13gA/9d4AP/XeAD/13gA/9d4AP/XeAD/13gA/9d4AP/XeAD/+Pj4//j4+P+ZmZn/mZmZ/5mZmf+ZmZn/mZmZ/5mZmf+ZmZn/mZmZ/5mZmf+ZmZn/mZmZ/5mZmf+ZmZn/mZmZ//X19f/19fX/jImF/wAAAAAAAAAAAAAAAAAAAAAAAAAAAAAAAAAAAAAAAAAAjImF/+bm5v/m5ub/5ubm/+bm5v/m5ub/5ubm/+bm5v/m5ub/5ubm/+bm5v/6+vr/+vr6/9d4AP/YfQn/2HwI/9h8B//Yewb/2HsF/9h6BP/XegP/13kC/9d4Af/XeAD/13gA/9d4AP/XeAD/13gA/9d4AP/XeAD/13gA/9d4AP/XeAD/13gA/9d4AP/XeAD/13gA//j4+P/4+Pj/+Pj4//j4+P/4+Pj/9/f3//f39//39/f/9/f3//f39//39/f/9vb2//b29v/29vb/9vb2//b29v/19fX/9fX1/4yJhf8AAAAAAAAAAAAAAAAAAAAAAAAAAAAAAAAAAAAAAAAAAIyJhf/m5ub/5ubm/+bm5v/m5ub/5ubm/+bm5v/m5ub/5ubm/+bm5v/m5ub/+vr6//r6+v/XeAD/2X4L/9h9Cf/YfAj/2HwH/9h7Bv/YewX/2HoE/9d6A//XeQL/13gB/9d4AP/XeAD/13gA/9d4AP/XeAD/13gA/9d4AP/XeAD/13gA/9d4AP/XeAD/13gA/9d4AP/4+Pj/+Pj4//j4+P/4+Pj/+Pj4//j4+P/39/f/9/f3//f39//39/f/9/f3//f39//29vb/9vb2//b29v/29vb/9vb2//X19f+MiYX/AAAAAAAAAAAAAAAAAAAAAAAAAAAAAAAAAAAAAAAAAACMiYX/5ubm/+bm5v+cmZb/5ubm/5yZlv+cmZb/nJmW/5yZlv/m5ub/5ubm//r6+v/6+vr/13gA/9l+DP/Zfgv/2H0J/9h8CP/YfAf/2HsG/9h7Bf/YegT/13oD/9d5Av/XeAH/13gA/9d4AP/XeAD/13gA/9d4AP/XeAD/13gA/9d4AP/XeAD/13gA/9d4AP/XeAD/+fn5//j4+P+ZmZn/mZmZ/5mZmf+ZmZn/mZmZ/5mZmf+ZmZn/mZmZ/5mZmf+ZmZn/mZmZ/5mZmf+ZmZn/mZmZ//b29v/29vb/jImF/wAAAAAAAAAAAAAAAAAAAAAAAAAAAAAAAAAAAAAAAAAAjImF/+bm5v/m5ub/5ubm/+bm5v/m5ub/5ubm/+bm5v/m5ub/5ubm/+bm5v/6+vr/+vr6/9d4AP/Zfw3/2X4M/9l+C//YfQn/2HwI/9h8B//Yewb/2HsF/9h6BP/XegP/13kC/9d4Af/XeAD/13gA/9d4AP/XeAD/13gA/9d4AP/XeAD/13gA/9d4AP/XeAD/13gA//n5+f/5+fn/+Pj4//j4+P/4+Pj/+Pj4//j4+P/4+Pj/9/f3//f39//39/f/9/f3//f39//39/f/9vb2//b29v/29vb/9vb2/4yJhf8AAAAAAAAAAAAAAAAAAAAAAAAAAAAAAAAAAAAAAAAAAIyJhf/m5ub/5ubm/+bm5v/m5ub/5ubm/+bm5v/m5ub/5ubm/+bm5v/m5ub/+vr6//r6+v/XeAD/2X8O/9l/Df/Zfgz/2X4L/9h9Cf/YfAj/2HwH/9h7Bv/YewX/2HoE/9d6A//XeQL/13gB/9d4AP/XeAD/13gA/9d4AP/XeAD/13gA/9d4AP/XeAD/13gA/9d4AP/5+fn/+fn5//n5+f/4+Pj/+Pj4//j4+P/4+Pj/+Pj4//j4+P/39/f/9/f3//f39//39/f/9/f3//f39//29vb/9vb2//b29v+MiYX/AAAAAAAAAAAAAAAAAAAAAAAAAAAAAAAAAAAAAAAAAACMiYX/5ubm/+bm5v/m5ub/5ubm/+bm5v/m5ub/5ubm/+bm5v/m5ub/5ubm//r6+v/6+vr/13gA/9mAD//Zfw7/2X8N/9l+DP/Zfgv/2H0J/9h8CP/YfAf/2HsG/9h7Bf/YegT/13oD/9d5Av/XeAH/13gA/9d4AP/XeAD/13gA/9d4AP/XeAD/13gA/9d4AP/XeAD/+fn5//n5+f+ZmZn/mZmZ/5mZmf+ZmZn/mZmZ/5mZmf+ZmZn/mZmZ/5mZmf+ZmZn/mZmZ/5mZmf+ZmZn/mZmZ//b29v/29vb/jImF/wAAAAAAAAAAAAAAAAAAAAAAAAAAAAAAAAAAAAAAAAAAjImF/+bm5v/m5ub/nJmW/+bm5v+cmZb/nJmW/5yZlv+cmZb/5ubm/+bm5v/6+vr/+vr6/9d4AP/agBD/2YAP/9l/Dv/Zfw3/2X4M/9l+C//YfQn/2HwI/9h8B//Yewb/2HsF/9h6BP/XegP/13kC/9d4Af/XeAD/13gA/9d4AP/XeAD/13gA/9d4AP/XeAD/13gA//n5+f/5+fn/+fn5//n5+f/5+fn/+Pj4//j4+P/4+Pj/+Pj4//j4+P/4+Pj/9/f3//f39//39/f/9/f3//f39//39/f/9vb2/4yJhf8AAAAAAAAAAAAAAAAAAAAAAAAAAAAAAAAAAAAAAAAAAIyJhf/m5ub/5ubm/+bm5v/m5ub/5ubm/+bm5v/m5ub/5ubm/+bm5v/m5ub/+vr6//r6+v/XeAD/2oER/9qAEP/ZgA//2X8O/9l/Df/Zfgz/2X4L/9h9Cf/YfAj/2HwH/9h7Bv/YewX/2HoE/9d6A//XeQL/13gB/9d4AP/XeAD/13gA/9d4AP/XeAD/13gA/9d4AP/5+fn/+fn5//n5+f/5+fn/+fn5//n5+f/4+Pj/+Pj4//j4+P/4+Pj/+Pj4//j4+P/39/f/9/f3//f39//39/f/9/f3//f39/+MiYX/AAAAAAAAAAAAAAAAAAAAAAAAAAAAAAAAAAAAAAAAAACMiYX/5ubm/+bm5v/m5ub/5ubm/+bm5v/m5ub/5ubm/+bm5v/m5ub/5ubm//r6+v/6+vr/13gA/9qCEv/agRH/2oAQ/9mAD//Zfw7/2X8N/9l+DP/Zfgv/2H0J/9h8CP/YfAf/2HsG/9h7Bf/YegT/13oD/9d5Av/XeAH/13gA/9d4AP/XeAD/13gA/9d4AP/XeAD/+vr6//n5+f+ZmZn/mZmZ/5mZmf+ZmZn/mZmZ/5mZmf+ZmZn/mZmZ/5mZmf+ZmZn/mZmZ/5mZmf+ZmZn/mZmZ//f39//39/f/jImF/wAAAAAAAAAAAAAAAAAAAAAAAAAAAAAAAAAAAAAAAAAAjImF/+bm5v/m5ub/5ubm/+bm5v/m5ub/5ubm/+bm5v/m5ub/5ubm/+bm5v/6+vr/+vr6/9d4AP/aghP/2oIS/9qBEf/agBD/2YAP/9l/Dv/Zfw3/2X4M/9l+C//YfQn/2HwI/9h8B//Yewb/2HsF/9h6BP/XegP/13kC/9d4Af/XeAD/13gA/9d4AP/XeAD/13gA//r6+v/6+vr/+fn5//n5+f/5+fn/+fn5//n5+f/5+fn/+Pj4//j4+P/4+Pj/+Pj4//j4+P/4+Pj/9/f3//f39//39/f/9/f3/4yJhf8AAAAAAAAAAAAAAAAAAAAAAAAAAAAAAAAAAAAAAAAAAIyJhf/m5ub/5ubm/5yZlv/m5ub/nJmW/5yZlv+cmZb/nJmW/+bm5v/m5ub/+vr6//r6+v/XeAD/2oMU/9qCE//aghL/2oER/9qAEP/ZgA//2X8O/9l/Df/Zfgz/2X4L/9h9Cf/YfAj/2HwH/9h7Bv/YewX/2HoE/9d6A//XeQL/13gB/9d4AP/XeAD/13gA/9d4AP/6+vr/+vr6//r6+v/5+fn/+fn5//n5+f/5+fn/+fn5//n5+f/4+Pj/+Pj4//j4+P/4+Pj/+Pj4//j4+P/39/f/9/f3//f39/+MiYX/AAAAAAAAAAAAAAAAAAAAAAAAAAAAAAAAAAAAAAAAAACMiYX/5ubm/+bm5v/m5ub/5ubm/+bm5v/m5ub/5ubm/+bm5v/m5ub/5ubm//r6+v/6+vr/13gA/9qDFf/agxT/2oIT/9qCEv/agRH/2oAQ/9mAD//Zfw7/2X8N/9l+DP/Zfgv/2H0J/9h8CP/YfAf/2HsG/9h7Bf/YegT/13oD/9d5Av/XeAH/13gA/9d4AP/XeAD/+vr6//r6+v+ZmZn/mZmZ/5mZmf+ZmZn/mZmZ/5mZmf+ZmZn/mZmZ/5mZmf+ZmZn/mZmZ/5mZmf+ZmZn/mZmZ//f39//39/f/jImF/wAAAAAAAAAAAAAAAAAAAAAAAAAAAAAAAAAAAAAAAAAAjImF/+bm5v/m5ub/5ubm/+bm5v/m5ub/5ubm/+bm5v/m5ub/5ubm/+bm5v/6+vr/+vr6/9d4AP/bhBf/2oMV/9qDFP/aghP/2oIS/9qBEf/agBD/2YAP/9l/Dv/Zfw3/2X4M/9l+C//YfQn/2HwI/9h8B//Yewb/2HsF/9h6BP/XegP/13kC/9d4Af/XeAD/13gA//r6+v/6+vr/+vr6//r6+v/6+vr/+fn5//n5+f/5+fn/+fn5//n5+f/5+fn/+Pj4//j4+P/4+Pj/+Pj4//j4+P/4+Pj/9/f3/4yJhf8AAAAAAAAAAAAAAAAAAAAAAAAAAAAAAAAAAAAAAAAAAIyJhf/m5ub/5ubm/+bm5v/m5ub/5ubm/+bm5v/m5ub/5ubm/+bm5v/m5ub/+vr6//r6+v/XeAD/24UY/9uEF//agxX/2oMU/9qCE//aghL/2oER/9qAEP/ZgA//2X8O/9l/Df/Zfgz/2X4L/9h9Cf/YfAj/2HwH/9h7Bv/YewX/2HoE/9d6A//XeQL/13gB/9d4AP/6+vr/+vr6//r6+v/6+vr/+vr6//r6+v/5+fn/+fn5//n5+f/5+fn/+fn5//n5+f/4+Pj/+Pj4//j4+P/4+Pj/+Pj4//j4+P+MiYX/AAAAAAAAAAAAAAAAAAAAAAAAAAAAAAAAAAAAAAAAAACMiYX/5ubm/+bm5v+cmZb/5ubm/5yZlv+cmZb/nJmW/5yZlv/m5ub/5ubm//r6+v/6+vr/13gA/9uFGf/bhRj/24QX/9qDFf/agxT/2oIT/9qCEv/agRH/2oAQ/9mAD//Zfw7/2X8N/9l+DP/Zfgv/2H0J/9h8CP/YfAf/2HsG/9h7Bf/YegT/13oD/9d5Av/XeAD/+vr6//r6+v+ZmZn/mZmZ/5mZmf+ZmZn/mZmZ/5mZmf+ZmZn/mZmZ/5mZmf+ZmZn/mZmZ/5mZmf+ZmZn/mZmZ//j4+P/4+Pj/jImF/wAAAAAAAAAAAAAAAAAAAAAAAAAAAAAAAAAAAAAAAAAAjImF/+bm5v/m5ub/5ubm/+bm5v/m5ub/5ubm/+bm5v/m5ub/5ubm/+bm5v/6+vr/+vr6/9d4AP/XeAD/13gA/9d4AP/XeAD/13gA/9d4AP/XeAD/13gA/9d4AP/XeAD/13gA/9d4AP/XeAD/13gA/9d4AP/XeAD/13gA/9d4AP/XeAD/13gA/9d4AP/XeAD/13gA//r6+v/6+vr/+vr6//r6+v/6+vr/+vr6//r6+v/6+vr/+fn5//n5+f/5+fn/+fn5//n5+f/5+fn/+Pj4//j4+P/4+Pj/+Pj4/4yJhf8AAAAAAAAAAAAAAAAAAAAAAAAAAAAAAAAAAAAAAAAAAIyJhf/m5ub/5ubm/+bm5v/m5ub/5ubm/+bm5v/m5ub/5ubm/+bm5v/m5ub/+vr6//r6+v/6+vr/+vr6//r6+v/6+vr/+vr6//r6+v/6+vr/+vr6//r6+v/6+vr/+vr6//r6+v/6+vr/+vr6//r6+v/6+vr/+vr6//r6+v/6+vr/+vr6//r6+v/6+vr/+vr6//r6+v/6+vr/+vr6//r6+v/6+vr/+vr6//r6+v/6+vr/+vr6//r6+v/5+fn/+fn5//n5+f/5+fn/+fn5//n5+f/4+Pj/+Pj4//j4+P+MiYX/AAAAAAAAAAAAAAAAAAAAAAAAAAAAAAAAAAAAAAAAAACMiYX/+vr6//r6+v/6+vr/+vr6//r6+v/6+vr/+vr6//r6+v/6+vr/+vr6//r6+v/6+vr/+vr6//r6+v/6+vr/+vr6//r6+v/6+vr/+vr6//r6+v/6+vr/+vr6//r6+v/6+vr/+vr6//r6+v/6+vr/+vr6//r6+v/6+vr/+vr6//r6+v/6+vr/+vr6//r6+v/6+vr/+vr6//r6+v/6+vr/+vr6//r6+v/6+vr/+vr6//r6+v/6+vr/+vr6//n5+f/5+fn/+fn5//n5+f/5+fn/+fn5//j4+P/4+Pj/jImF/wAAAAAAAAAAAAAAAAAAAAAAAAAAAAAAAAAAAAAAAAAAjImF/+bm5v/m5ub/5ubm/+bm5v/m5ub/5ubm/+bm5v/m5ub/5ubm/+bm5v/m5ub/5ubm/+bm5v/m5ub/5ubm/+bm5v/m5ub/5ubm/+bm5v/m5ub/5ubm/+bm5v/m5ub/5ubm/+bm5v/m5ub/5ubm/+bm5v/m5ub/5ubm/+bm5v/m5ub/5ubm/+bm5v/m5ub/5ubm/+bm5v/m5ub/5ubm/+bm5v/m5ub/5ubm/+bm5v/m5ub/5ubm/+bm5v/m5ub/5ubm/+bm5v/m5ub/5ubm/+bm5v/m5ub/5ubm/4yJhf8AAAAAAAAAAAAAAAAAAAAAAAAAAAAAAAAAAAAAAAAAAIyJhf/m5ub/5ubm/+bm5v/m5ub/5ubm/+bm5v/m5ub/5ubm/+bm5v/m5ub/5ubm/+bm5v/m5ub/5ubm/+bm5v/m5ub/5ubm/+bm5v/m5ub/5ubm/+bm5v/m5ub/5ubm/+bm5v/m5ub/5ubm/+bm5v/m5ub/5ubm/+bm5v/m5ub/5ubm/+bm5v/m5ub/5ubm/+bm5v/m5ub/5ubm/+bm5v/m5ub/5ubm/+bm5v/m5ub/5ubm/+bm5v/m5ub/5ubm/+bm5v/m5ub/5ubm/+bm5v/m5ub/5ubm/+bm5v+MiYX/AAAAAAAAAAAAAAAAAAAAAAAAAAAAAAAAAAAAAAAAAACMiYX/jImF/4yJhf+MiYX/jImF/4yJhf+MiYX/jImF/4yJhf+MiYX/jImF/4yJhf+MiYX/jImF/4yJhf+MiYX/jImF/4yJhf+MiYX/jImF/4yJhf+MiYX/jImF/4yJhf+MiYX/jImF/4yJhf+MiYX/jImF/4yJhf+MiYX/jImF/4yJhf+MiYX/jImF/4yJhf+MiYX/jImF/4yJhf+MiYX/jImF/4yJhf+MiYX/jImF/4yJhf+MiYX/jImF/6mnpP+pp6T/jImF/6mnpP+pp6T/jImF/6mnpP+pp6T/jImF/wAAAAAAAAAAAAAAAAAAAAAAAAAAAAAAAAAAAAAAAAAAjImF/4yJhf+MiYX/jImF/4yJhf+MiYX/jImF/4yJhf+MiYX/jImF/4yJhf+MiYX/jImF/4yJhf+MiYX/jImF/4yJhf+MiYX/jImF/4yJhf+MiYX/jImF/4yJhf+MiYX/jImF/4yJhf+MiYX/jImF/4yJhf+MiYX/jImF/4yJhf+MiYX/jImF/4yJhf+MiYX/jImF/4yJhf+MiYX/jImF/4yJhf+MiYX/jImF/4yJhf+MiYX/jImF/4yJhf/GxML/xsTC/4yJhf/GxML/xsTC/4yJhf/GxML/xsTC/4yJhf8AAAAAAAAAAAAAAAAAAAAAAAAAAAAAAAAAAAAAAAAAAIyJhf+MiYX/jImF/4yJhf+MiYX/jImF/4yJhf+MiYX/jImF/4yJhf+MiYX/jImF/4yJhf+MiYX/jImF/4yJhf+MiYX/jImF/4yJhf+MiYX/jImF/4yJhf+MiYX/jImF/4yJhf+MiYX/jImF/4yJhf+MiYX/jImF/4yJhf+MiYX/jImF/4yJhf+MiYX/jImF/4yJhf+MiYX/jImF/4yJhf+MiYX/jImF/4yJhf+MiYX/jImF/4yJhf+MiYX/jImF/4yJhf+MiYX/jImF/4yJhf+MiYX/jImF/4yJhf+MiYX/AAAAAAAAAAAAAAAAAAAAAAAAAAAAAAAAAAAAAAAAAAAAAAAAAAAAAAAAAAAAAAAAAAAAAAAAAAAAAAAAAAAAAAAAAAAAAAAAAAAAAAAAAAAAAAAAAAAAAAAAAAAAAAAAAAAAAAAAAAAAAAAAAAAAAAAAAAAAAAAAAAAAAAAAAAAAAAAAAAAAAAAAAAAAAAAAAAAAAAAAAAAAAAAAAAAAAAAAAAAAAAAAAAAAAAAAAAAAAAAAAAAAAAAAAAAAAAAAAAAAAAAAAAAAAAAAAAAAAAAAAAAAAAAAAAAAAAAAAAAAAAAAAAAAAAAAAAAAAAAAAAAAAAAAAAAAAAAAAAAAAAAAAAAAAAAAAAAAAAAAAAAAAAAAAAAAAAAAAAAAAAAAAAAAAAAAAAAAAAAAAAAAAAAAAAAAAAAAAAAAAAAAAAAAAAAAAAAAAAAAAAAAAAAAAAAAAAAAAAAAAAAAAAAAAAAAAAAAAAAAAAAAAAAAAAAAAAAAAAAAAAAAAAAAAAAAAAAAAAAAAAAAAAAAAAAAAAAAAAAAAAAAAAAAAAAAAAAAAAAAAAAAAAAAAAAAAAAAAAAAAAAAAAAAAAAAAAAAAAAAAAAAAAAAAAAAAAAAAAAAAAAAAAAAAAAAAAAAAAAAAAAAAAAAAAAAAAAAAAAAAAAAAAAAAAAAAAAAAAAAAAAAAAAAAAAAAAAAAAAAAAAAAAAAAAAAAAAAAAAAAAAAAAAAAAAAAAAAAAAAAAAAAAAAAAAAAAAAAAAAAAAAAAAAAAAAAAAAAAAAAAAAAAAAAAAAAAAAAAAAAAAAAAAAAAAAAAAAAAAAAAAAAAAAAAAAAAAAAAAAAAAAAAAAAAAAAAAAAAAAAAAAAAAAAAAAAAAAAAAAAAAAAAAAAAAAAAAAAAAAAAAAAAAAAAAAAAAAAAAAAAAAAAAAAAAAAAAAAAAAAAAAAAAAAAAAAAAAAAAAAAAAAAAAAAAAAAAAAAAAAAAAAAAAAAAAAAAAAAAAAAAAAAAAAAAAAAAAAAAAAAAAAAAAAAAAAAAAAAAAAAAAAAAAAAAAAAAAAAAAAAAAAAAAAAAAAAAAAAAAAAAAAAAAAAAAAAAAAAAAAAAAAAAAAAAAAAAAAAAAAAAAAAAAAAAAAAAAAAAAAAAAAAAAAAAAAAAAAAAAAAAAAAAAAAAAAAAAAAAAAAAAAAAAAAAAAAAAAAAAAAAAAAAAAAAAAAAAAAAAAAAAAAAAAAAAAAAAAAAAAAAAAAAAAAAAAAAAAAAAAAAAAAAAAAAAAAAAAAAAAAAAAAAAAAAAAAAAAAAAAAAAAAAAAAAAAAAAAAAAAAAAAAAAAAAAAAAAAAAAAAAAAAAAAAAAAAAAAAAAAAAAAAAAAAAAAAAAAAAAAAAAAAAAAAAAAAAAAAAAAAAAAAAAAAAAAAAAAAAAAAAAAAAAAAAAAAAAAAAAAAAAAAAAAAAAAAAAAAAAAAAAAAAAAAAAAAAAAAAAAAAAAAAAAAAAAAAAAAAAAAAAAAAAAAAAAAAAAAAAAAAAAAAAAAAAAAAAAAAAAAAAAAAAAAAAAAAAAAAAAAAAAAAAAAAAAAAAAAAAAAAAAAAAAAAAAAAAAAAAAAAAAAAAAAAAAAAAAAAAAAAAAAAAAAAAAAAAAAAAAAAAAAAAAAAAAAAAAAAAAAAAAAAAAAAAAAAAAAAAAAAAAAAAAAAAAAAAAAAAAAAAAAAAAAAAAAAAAAAAAAAAAAAAAAAAAAAAAAAAAAAAAAAAAAAAAAAAAAAAAAAAAAAAAAAAAAAAAAAAAAAAAAAAAAAAAAAAAAAAAAAAAAAAAAAAAAAAAAAAAAAAAAAAAAAAAAAAAAAAAAAAAAAAAAAAAAAAAAAAAAAAAAAAAAAAAAAAAAAAAAAAAAAAAAAAAAAAAAAAAAAAAAAAAAAAAAAAAAAAAAAAAAAAAAAAAAAAAAAAAAAAAAAAAAAAAAAAAAAAAAAAAAAAAAAAAAAAAAAAAAAAAAAAAAAAAAAAAAAAAAAAAAAAAAAAAAAAAAAAAAAAAAAAAAAAAAAAAAAAAAAAAAAAAAAAAAAAAAAAAAAAAAAAAAAAAAAAAAAAAAAAAAAAAAAAAAAAAAAAAAAAAAAAAAAAAAAAAAAAAAAAAAAAAAAAAAAAAAAAAAAAAAAAAAAAAAAAAAAAAAAAAAAAAAAAAAAAAAAAAAAAAAAAAAAAAAAAAAAAAAAAAAAAAAAAAAAAAAAAAAAAAAAAAAAAAAAAAAAAAAAAAAAAAAAAAAAAAAAAAAAAAAAAAAAAAAAAAAAAAAAAAAAAAAAAAAAAAAAAAAAAAAAAAAAAAAAAAAAAAAAAAAAAAAAAAAAAAAAAAAAAAAAAAAAAAAAAAAAAAAAAAAAAAAAAAAAAAAAAAAAAAAAAAAAAAAAAAAAAAAAAAAAAAAAAAAAAAAAAAAAAAAAAAAAAAAAAAAAAAAAAAAAAAAAAAAAAAAAAAAAAAAAAAAAAAAAAAAAAAAAAAAAAAAAAAAAAAAAAAAAAAAAAAAAAAAAAAAAAAAAAAAAAAAAAAAAAAAAAAAAAAAAAAAAAAAAAAAAAAAAAAAAAAAAAAAAAAAAAAAAAAAAAAAAAAAAAAAAAAAAAAAAAAAAAAAAAAAAAAAAAAAAAAAAAAAAAAAAAAAAAAAAAAAAAAAAAAAAAAAAAAAAAAAAAAAAAAAAAAAAAAAAAAAAAAAAAAAAAAAAAAAAAAAAAAAAAAAAAAAAAAAAAAAAAAAAAAAAAAAAAAAAAAAAAAAAAAAAAAAAAAAAAAAAAAAAAAAAAAAAAAAAAAAAAAAAAAAAAAAAAAAAAAAAAAAAAAAAAAAAAAAAAAAAAAAAAAAAAAAAAAAAAAAAAAAAAAAAAAAAAAAAAAAAAAAAAAAAAAAAAAAAAAAAAAAAAAAAAAAAAAAAAAAAAAAAAAAAAAAAAAAAAAAAAAAAAAAAAAAAAAAAAAAAAAAAAAAAAAAAAAAAAAAAAAAAAAAAAAAAAAAAAAAAAAAAAAAAAAAAAAAAAAAAAAAAAAAAAAAAAAAAAAAAAAAAAAAAAAAAAAAAAAAAAAAAAAAAAAAAAAAAAAAAAAAAAAAAAAAAAAAAAAAAAAAAAAAAAAAAAAAAAAAAAAAAAAAAAAAAAAAAAAAAAAAAAAAAAAAAAAAAAAAAAAAAAAAAAAAAAAAAAAAAAAAAAAAAAAAAAAAAAAAAAAAAAAAAAAAAAAAAAAAAAAAAAAAAAAAAAAAAAAAAAAAAAAAAAAAAAAAAAAAAAAAAAAAAAAAAAAAAAAAAAAAAAAAAAAAAAAAAAAAAAAAAAAAAAAAAAAAAAAAAAAAAAAAAAAAAAAAAAAAAAAAAAAAAAAAAAAAAAAAAAAAAAAAAAAAAAAAAAAAAAAAAAAAAAAAAAAAAAAAAAAAAAAAAAAAAAAAAAAAAAAAAAAAAAAAAAAAAAAAAAAAAAAAAAAAAAAAAAAAAAAAAAAAAAAAAAAAAAAAAAAAAAAAAAAAAAAAAAAAAAAAAAAAAAAAAAAAAAAAAAAAAAAAAAAAAAAAAAAAAAAAAAAAAAAAAAAAAAAAAAAAAAAAAAAAAAAAAAAAAAAAAAAAAAAAAAAAAAAAAAAAAAAAAAAAAAAAAAAAAAAAAAAAAAAAAAAAAAAAAAAAAAAAAAAAAAAAAAAAAAAAAAAAAAAAAAAAAAAAAAAAAAAAAAAAAAAAAAAAAAAAAAAAAAAAAAAAAAAAAAAAAAAAAAAAAAAAAAAAAAAAAAAAAAAAAAAAAAAAAAAAAAAAAAAAAAAAAAAAAAAAAA//////////////////////////////////////////////////////////////////////////////////////////////////////////////////////AAAAAAAAAP8AAAAAAAAA/wAAAAAAAAD/AAAAAAAAAP8AAAAAAAAA/wAAAAAAAAD/AAAAAAAAAP8AAAAAAAAA/wAAAAAAAAD/AAAAAAAAAP8AAAAAAAAA/wAAAAAAAAD/AAAAAAAAAP8AAAAAAAAA/wAAAAAAAAD/AAAAAAAAAP8AAAAAAAAA/wAAAAAAAAD/AAAAAAAAAP8AAAAAAAAA/wAAAAAAAAD/AAAAAAAAAP8AAAAAAAAA/wAAAAAAAAD/AAAAAAAAAP8AAAAAAAAA/wAAAAAAAAD/AAAAAAAAAP8AAAAAAAAA/wAAAAAAAAD/AAAAAAAAAP8AAAAAAAAA/wAAAAAAAAD/AAAAAAAAAP8AAAAAAAAA/wAAAAAAAAD/AAAAAAAAAP8AAAAAAAAA/wAAAAAAAAD/AAAAAAAAAP8AAAAAAAAA/wAAAAAAAAD/////////////////////////////////////////////////////////////////////////////////////////////////////////////////////8oAAAAMAAAAGAAAAABACAAAAAAAAAAAAAAAAAAAAAAAAAAAAAAAAAAAAAAAAAAAAAAAAAAAAAAAAAAAAAAAAAAAAAAAAAAAAAAAAAAAAAAAAAAAAAAAAAAAAAAAAAAAAAAAAAAAAAAAAAAAAAAAAAAAAAAAAAAAAAAAAAAAAAAAAAAAAAAAAAAAAAAAAAAAAAAAAAAAAAAAAAAAAAAAAAAAAAAAAAAAAAAAAAAAAAAAAAAAAAAAAAAAAAAAAAAAAAAAAAAAAAAAAAAAAAAAAAAAAAAAAAAAAAAAAAAAAAAAAAAAAAAAAAAAAAAAAAAAAAAAAAAAAAAAAAAAAAAAAAAAAAAAAAAAAAAAAAAAAAAAAAAAAAAAAAAAAAAAAAAAAAAAAAAAAAAAAAAAAAAAAAAAAAAAAAAAAAAAAAAAAAAAAAAAAAAAAAAAAAAAAAAAAAAAAAAAAAAAAAAAAAAAAAAAAAAAAAAAAAAAAAAAAAAAAAAAAAAAAAAAAAAAAAAAAAAAAAAAAAAAAAAAAAAAAAAAAAAAAAAAAAAAAAAAAAAAAAAAAAAAAAAAAAAAAAAAAAAAAAAAAAAAAAAAAAAAAAAAAAAAAAAAAAAAAAAAAAAAAAAAAAAAAAAAAAAAAAAAAAAAAAAAAAAAAAAAAAAAAAAAAAAAAAAAAAAAAAAAAAAAAAAAAAAAAAAAAAAAAAAAAAAAAAAAAAAAAAAAAAAAAAAAAAAAAAAAAAAAAAAAAAAAAAAAAAAAAAAAAAAAAAAAAAAAAAAAAAAAAAAAAAAAAAAAAAAAAAAAAAAAAAAAAAAAAAAAAAAAAAAAAAAAAAAAAAAAAAAAAAAAAAAAAAAAAAAAAAAAAAAAAAAAAAAAAAAAAAAAAAAAAAAAAAAAAAAAAAAAAAAAAAAAAAAAAAAAAAAAAAAAAAAAAAAAAAAAAAAAAAAAAAAAAAAAAAAAAAAAAAAAAAAAAAAAAAAAAAAAAAAAAAAAAAAAAAAAAAAAAAAAAAAAAAAAAAAAAAAAAAAAAAAAAAAAAAAAAAAAAAAAAAAAAAAAAAAAAAAAAAAAAAAAAAAAAAAAAAAAAAAAAAAAAAAAAAAAAAAAAAAAAAAAAAAAAAAAAAAAAAAAAAAAAAAAAAAAAAAAAAAAAAAAAAAAAAAAAAAAAAAAAAAAAAAAAAAAAAAAAAAAAAAAAAAAAAAAAAAAAAAAAAAAAAAAAAAAAAAAAAAAAAAAAAAAAAAAAAAAAAAAAAAAAAAAAAAAAAAAAAAAAAAAAAAAAAAAAAAAAAAAAAAAAAAAAAAAAAAAAAAAAAAAAAAAAAAAAAAAAAAAAAAAAAAAAAAAAAAAAAAAAAAAAAAAAAAAAAAAAAAAAAAAAAAAAAAAAAAAAAAAAAAAAAAAAAAAAAAAAAAAAAAAAAAAAAAAAAAAAAAAAAAAAAAAAAAAAAAAAAAAAAAAAAAAAAAAAAAAAAAAAAAAAAAAAAAAAAAAAAAAAAAAAAAAAAAAAAAAAAAAAAAAAAAAAAAAAAAAAAAAAAAAAAAAAAAAAAAAAAAAAAAAAAAAAAAAAAAAAAAAAAAAAAAAAAAAAAAAAAAAAAAAAAAAAAAAAAAAAAAAAAAAAAAAAAAAAAAAAAAAAAAAAAAAAAAAAAAAAAAAAAAAAAAAAAAAAAAAAAAAAAAAAAAAAAAAAAAAAAAAAAAAAAAAAAAAAAAAAAAAAAAAAAAAAAAAAAAAAAAAAAAAAAAAAAAAAAAAAAAAAAAAAAAAAAAAAAAAAAAAAAAAAAAAAAAAAAAAAAAAAAAAAAAAAAAAAAAAAAAAAAAAAAAAAAAAAAAAAAAAAAAAAAAAAAAAAAAAAAAAAAAAAAAAAAAAAAAAAAAAAAAAAAAAAAAAAAAAAAAAAAAAAAAAAAAAAAAAAAAAAAAAAAAAAAAAAAAAAAAAAAAAAAAAAAAAAAAAAAAAAAAAAAAAAAAAAAAAAAAAAAAAAAAAAAAAAAAAAAAAAAAAAAAAAAAAAAAAAAAAAAAAAAAAAAAAAAAAAAAAAAAAAAAAAAAAAAAAAAAAAAAAAAAAAAAAAAAAAAAAAAAAAAAAAAAAAAAAAAAAAAAAAAAAAAAAAAAAAAAAAAAAAAAAAAAAAAAAAAAAAAAAAAAAAAAAAAAAAAAAAAAAAAAAAAAAAAAAAAAAAAAAAAAAAAAAAAAAAAAAAAAAAAAAAAAAAAAAAAAAAAAAAAAAAAAAAAAAAAAAAAAAAAAAAAAAAAAAAAAAAAAAAAAAAAAAAAAAAAAAAAAAAAAAAAAAAAAAAAAAAAAAAAAAAAAAAAAAAAAAAAAAAAAAAAAAAAAAAAAAAAAAAAAAAAAAAAAAAAAAAAAAAAAAAAAAAAAAAAAAAAAAAAAAAAAjImF/4yJhf+MiYX/jImF/4yJhf+MiYX/jImF/4yJhf+MiYX/jImF/4yJhf+MiYX/jImF/4yJhf+MiYX/jImF/4yJhf+MiYX/jImF/4yJhf+MiYX/jImF/4yJhf+MiYX/jImF/4yJhf+MiYX/jImF/4yJhf+MiYX/jImF/4yJhf+MiYX/jImF/4yJhf+MiYX/jImF/4yJhf+MiYX/jImF/4yJhf+MiYX/AAAAAAAAAAAAAAAAAAAAAAAAAAAAAAAAjImF/+bm5v/m5ub/5ubm/+bm5v/m5ub/5ubm/+bm5v/m5ub/+vr6//n5+f/5+fn/+fn5//n5+f/4+Pj/+Pj4//j4+P/4+Pj/9/f3//f39//39/f/9/f3//f39//29vb/9vb2//b29v/29vb/9fX1//X19f/19fX/9fX1//T09P/09PT/9PT0//T09P/z8/P/8/Pz//Pz8//z8/P/8/Pz//Ly8v+MiYX/AAAAAAAAAAAAAAAAAAAAAAAAAAAAAAAAjImF/+bm5v/m5ub/5ubm/+bm5v/m5ub/5ubm/+bm5v/m5ub/+vr6//r6+v/5+fn/+fn5//n5+f/5+fn/+Pj4//j4+P/4+Pj/+Pj4//f39//39/f/9/f3//f39//39/f/9vb2//b29v/29vb/9vb2//X19f/19fX/9fX1//X19f/09PT/9PT0//T09P/09PT/8/Pz//Pz8//z8/P/8/Pz//Pz8/+MiYX/AAAAAAAAAAAAAAAAAAAAAAAAAAAAAAAAjImF/+bm5v/m5ub/5ubm/+bm5v/m5ub/5ubm/+bm5v/m5ub/+vr6//r6+v/6+vr/+fn5//n5+f/5+fn/+fn5//j4+P/4+Pj/+Pj4//j4+P/39/f/9/f3//f39//39/f/9/f3//b29v/29vb/9vb2//b29v/19fX/9fX1//X19f/19fX/9PT0//T09P/09PT/9PT0//Pz8//z8/P/8/Pz//Pz8/+MiYX/AAAAAAAAAAAAAAAAAAAAAAAAAAAAAAAAjImF/+bm5v/m5ub/5ubm/+bm5v/m5ub/5ubm/+bm5v/m5ub/+vr6/9d4AP/XeAD/13gA/9d4AP/XeAD/13gA/9d4AP/XeAD/13gA/9d4AP/XeAD/13gA/9d4AP/XeAD/13gA/9d4AP/XeAD/9vb2//b29v/29vb/9fX1//X19f/19fX/9fX1//T09P/09PT/9PT0//T09P/z8/P/8/Pz//Pz8/+MiYX/AAAAAAAAAAAAAAAAAAAAAAAAAAAAAAAAjImF/+bm5v/m5ub/5ubm/+bm5v/m5ub/5ubm/+bm5v/m5ub/+vr6/9d4AP/XeAD/13gA/9d4AP/XeAD/13gA/9d4AP/XeAD/13gA/9d4AP/XeAD/13gA/9d4AP/XeAD/13gA/9d4AP/XeAD/9vb2//b29v/29vb/9vb2//X19f/19fX/9fX1//X19f/09PT/9PT0//T09P/09PT/8/Pz//Pz8/+MiYX/AAAAAAAAAAAAAAAAAAAAAAAAAAAAAAAAjImF/+bm5v/m5ub/5ubm/+bm5v/m5ub/5ubm/+bm5v/m5ub/+vr6/9d4AP/XeAD/13gA/9d4AP/XeAD/13gA/9d4AP/XeAD/13gA/9d4AP/XeAD/13gA/9d4AP/XeAD/13gA/9d4AP/XeAD/9/f3//b29v/29vb/9vb2//b29v/19fX/9fX1//X19f/19fX/9PT0//T09P/09PT/9PT0//Pz8/+MiYX/AAAAAAAAAAAAAAAAAAAAAAAAAAAAAAAAjImF/+bm5v/m5ub/5ubm/+bm5v/m5ub/5ubm/+bm5v/m5ub/+vr6/9d4AP/XeAD/13gA/9d4AP/XeAD/13gA/9d4AP/XeAD/13gA/9d4AP/XeAD/13gA/9d4AP/XeAD/13gA/9d4AP/XeAD/9/f3//f39//29vb/9vb2//b29v/29vb/9fX1//X19f/19fX/9fX1//T09P/09PT/9PT0//T09P+MiYX/AAAAAAAAAAAAAAAAAAAAAAAAAAAAAAAAjImF/+bm5v/m5ub/5ubm/+bm5v/m5ub/5ubm/+bm5v/m5ub/+vr6/9d4AP/XeAD/13gA/9d4AP/XeAD/13gA/9d4AP/XeAD/13gA/9d4AP/XeAD/13gA/9d4AP/XeAD/13gA/9d4AP/XeAD/9/f3//f39//39/f/9vb2//b29v/29vb/9vb2//X19f/19fX/9fX1//X19f/09PT/9PT0//T09P+MiYX/AAAAAAAAAAAAAAAAAAAAAAAAAAAAAAAAjImF/+bm5v/m5ub/5ubm/+bm5v/m5ub/5ubm/+bm5v/m5ub/+vr6/9d4AP/XeQL/13gA/9d4AP/XeAD/13gA/9d4AP/XeAD/13gA/9d4AP/XeAD/13gA/9d4AP/XeAD/13gA/9d4AP/XeAD/9/f3//f39/+ZmZn/mZmZ/5mZmf+ZmZn/mZmZ/5mZmf/19fX/9fX1//X19f/19fX/9PT0//T09P+MiYX/AAAAAAAAAAAAAAAAAAAAAAAAAAAAAAAAjImF/+bm5v/m5ub/5ubm/+bm5v/m5ub/5ubm/+bm5v/m5ub/+vr6/9d4AP/XegP/13kC/9d4AP/XeAD/13gA/9d4AP/XeAD/13gA/9d4AP/XeAD/13gA/9d4AP/XeAD/13gA/9d4AP/XeAD/9/f3//f39//39/f/9/f3//f39//29vb/9vb2//b29v/29vb/9fX1//X19f/19fX/9fX1//T09P+MiYX/AAAAAAAAAAAAAAAAAAAAAAAAAAAAAAAAjImF/+bm5v+cmZb/5ubm/5yZlv+cmZb/nJmW/5yZlv/m5ub/+vr6/9d4AP/YewX/13oD/9d5Av/XeAD/13gA/9d4AP/XeAD/13gA/9d4AP/XeAD/13gA/9d4AP/XeAD/13gA/9d4AP/XeAD/+Pj4//f39/+ZmZn/mZmZ/5mZmf+ZmZn/mZmZ/5mZmf+ZmZn/mZmZ/5mZmf+ZmZn/9fX1//X19f+MiYX/AAAAAAAAAAAAAAAAAAAAAAAAAAAAAAAAjImF/+bm5v/m5ub/5ubm/+bm5v/m5ub/5ubm/+bm5v/m5ub/+vr6/9d4AP/YfAf/2HsF/9d6A//XeQL/13gA/9d4AP/XeAD/13gA/9d4AP/XeAD/13gA/9d4AP/XeAD/13gA/9d4AP/XeAD/+Pj4//j4+P/39/f/9/f3//f39//39/f/9/f3//b29v/29vb/9vb2//b29v/19fX/9fX1//X19f+MiYX/AAAAAAAAAAAAAAAAAAAAAAAAAAAAAAAAjImF/+bm5v/m5ub/5ubm/+bm5v/m5ub/5ubm/+bm5v/m5ub/+vr6/9d4AP/YfAj/2HwH/9h7Bf/XegP/13kC/9d4AP/XeAD/13gA/9d4AP/XeAD/13gA/9d4AP/XeAD/13gA/9d4AP/XeAD/+Pj4//j4+P+ZmZn/mZmZ/5mZmf+ZmZn/mZmZ/5mZmf+ZmZn/mZmZ/5mZmf+ZmZn/9fX1//X19f+MiYX/AAAAAAAAAAAAAAAAAAAAAAAAAAAAAAAAjImF/+bm5v+cmZb/5ubm/5yZlv+cmZb/nJmW/5yZlv/m5ub/+vr6/9d4AP/ZfQr/2HwI/9h8B//YewX/13oD/9d5Av/XeAD/13gA/9d4AP/XeAD/13gA/9d4AP/XeAD/13gA/9d4AP/XeAD/+Pj4//j4+P/4+Pj/+Pj4//f39//39/f/9/f3//f39//39/f/9vb2//b29v/29vb/9vb2//X19f+MiYX/AAAAAAAAAAAAAAAAAAAAAAAAAAAAAAAAjImF/+bm5v/m5ub/5ubm/+bm5v/m5ub/5ubm/+bm5v/m5ub/+vr6/9d4AP/Zfgv/2X0K/9h8CP/YfAf/2HsF/9d6A//XeQL/13gA/9d4AP/XeAD/13gA/9d4AP/XeAD/13gA/9d4AP/XeAD/+fn5//j4+P+ZmZn/mZmZ/5mZmf+ZmZn/mZmZ/5mZmf+ZmZn/mZmZ/5mZmf+ZmZn/9vb2//b29v+MiYX/AAAAAAAAAAAAAAAAAAAAAAAAAAAAAAAAjImF/+bm5v/m5ub/5ubm/+bm5v/m5ub/5ubm/+bm5v/m5ub/+vr6/9d4AP/Zfw3/2X4L/9l9Cv/YfAj/2HwH/9h7Bf/XegP/13kC/9d4AP/XeAD/13gA/9d4AP/XeAD/13gA/9d4AP/XeAD/+fn5//n5+f/4+Pj/+Pj4//j4+P/4+Pj/9/f3//f39//39/f/9/f3//f39//29vb/9vb2//b29v+MiYX/AAAAAAAAAAAAAAAAAAAAAAAAAAAAAAAAjImF/+bm5v+cmZb/5ubm/5yZlv+cmZb/nJmW/5yZlv/m5ub/+vr6/9d4AP/Zfw7/2X8N/9l+C//ZfQr/2HwI/9h8B//YewX/13oD/9d5Av/XeAD/13gA/9d4AP/XeAD/13gA/9d4AP/XeAD/+fn5//n5+f+ZmZn/mZmZ/5mZmf+ZmZn/mZmZ/5mZmf+ZmZn/mZmZ/5mZmf+ZmZn/9vb2//b29v+MiYX/AAAAAAAAAAAAAAAAAAAAAAAAAAAAAAAAjImF/+bm5v/m5ub/5ubm/+bm5v/m5ub/5ubm/+bm5v/m5ub/+vr6/9d4AP/ZgBD/2X8O/9l/Df/Zfgv/2X0K/9h8CP/YfAf/2HsF/9d6A//XeQL/13gA/9d4AP/XeAD/13gA/9d4AP/XeAD/+fn5//n5+f/5+fn/+fn5//j4+P/4+Pj/+Pj4//j4+P/39/f/9/f3//f39//39/f/9/f3//b29v+MiYX/AAAAAAAAAAAAAAAAAAAAAAAAAAAAAAAAjImF/+bm5v/m5ub/5ubm/+bm5v/m5ub/5ubm/+bm5v/m5ub/+vr6/9d4AP/agRL/2YAQ/9l/Dv/Zfw3/2X4L/9l9Cv/YfAj/2HwH/9h7Bf/XegP/13kC/9d4AP/XeAD/13gA/9d4AP/XeAD/+vr6//n5+f+ZmZn/mZmZ/5mZmf+ZmZn/mZmZ/5mZmf+ZmZn/mZmZ/5mZmf+ZmZn/9/f3//f39/+MiYX/AAAAAAAAAAAAAAAAAAAAAAAAAAAAAAAAjImF/+bm5v+cmZb/5ubm/5yZlv+cmZb/nJmW/5yZlv/m5ub/+vr6/9d4AP/aghP/2oES/9mAEP/Zfw7/2X8N/9l+C//ZfQr/2HwI/9h8B//YewX/13oD/9d5Av/XeAD/13gA/9d4AP/XeAD/+vr6//r6+v/5+fn/+fn5//n5+f/5+fn/+Pj4//j4+P/4+Pj/+Pj4//f39//39/f/9/f3//f39/+MiYX/AAAAAAAAAAAAAAAAAAAAAAAAAAAAAAAAjImF/+bm5v/m5ub/5ubm/+bm5v/m5ub/5ubm/+bm5v/m5ub/+vr6/9d4AP/agxX/2oIT/9qBEv/ZgBD/2X8O/9l/Df/Zfgv/2X0K/9h8CP/YfAf/2HsF/9d6A//XeQL/13gA/9d4AP/XeAD/+vr6//r6+v+ZmZn/mZmZ/5mZmf+ZmZn/mZmZ/5mZmf+ZmZn/mZmZ/5mZmf+ZmZn/9/f3//f39/+MiYX/AAAAAAAAAAAAAAAAAAAAAAAAAAAAAAAAjImF/+bm5v/m5ub/5ubm/+bm5v/m5ub/5ubm/+bm5v/m5ub/+vr6/9d4AP/ahBb/2oMV/9qCE//agRL/2YAQ/9l/Dv/Zfw3/2X4L/9l9Cv/YfAj/2HwH/9h7Bf/XegP/13kC/9d4AP/XeAD/+vr6//r6+v/6+vr/+vr6//n5+f/5+fn/+fn5//n5+f/4+Pj/+Pj4//j4+P/4+Pj/9/f3//f39/+MiYX/AAAAAAAAAAAAAAAAAAAAAAAAAAAAAAAAjImF/+bm5v+cmZb/5ubm/5yZlv+cmZb/nJmW/5yZlv/m5ub/+vr6/9d4AP/bhRj/2oQW/9qDFf/aghP/2oES/9mAEP/Zfw7/2X8N/9l+C//ZfQr/2HwI/9h8B//YewX/13oD/9d5Av/XeAD/+vr6//r6+v+ZmZn/mZmZ/5mZmf+ZmZn/mZmZ/5mZmf+ZmZn/mZmZ/5mZmf+ZmZn/+Pj4//f39/+MiYX/AAAAAAAAAAAAAAAAAAAAAAAAAAAAAAAAjImF/+bm5v/m5ub/5ubm/+bm5v/m5ub/5ubm/+bm5v/m5ub/+vr6/9d4AP/XeAD/13gA/9d4AP/XeAD/13gA/9d4AP/XeAD/13gA/9d4AP/XeAD/13gA/9d4AP/XeAD/13gA/9d4AP/XeAD/+vr6//r6+v/6+vr/+vr6//r6+v/6+vr/+fn5//n5+f/5+fn/+fn5//j4+P/4+Pj/+Pj4//j4+P+MiYX/AAAAAAAAAAAAAAAAAAAAAAAAAAAAAAAAjImF/+bm5v/m5ub/5ubm/+bm5v/m5ub/5ubm/+bm5v/m5ub/+vr6//r6+v/6+vr/+vr6//r6+v/6+vr/+vr6//r6+v/6+vr/+vr6//r6+v/6+vr/+vr6//r6+v/6+vr/+vr6//r6+v/6+vr/+vr6//r6+v/6+vr/+vr6//r6+v/6+vr/+vr6//n5+f/5+fn/+fn5//n5+f/4+Pj/+Pj4//j4+P+MiYX/AAAAAAAAAAAAAAAAAAAAAAAAAAAAAAAAjImF//r6+v/6+vr/+vr6//r6+v/6+vr/+vr6//r6+v/6+vr/+vr6//r6+v/6+vr/+vr6//r6+v/6+vr/+vr6//r6+v/6+vr/+vr6//r6+v/6+vr/+vr6//r6+v/6+vr/+vr6//r6+v/6+vr/+vr6//r6+v/6+vr/+vr6//r6+v/6+vr/+vr6//r6+v/5+fn/+fn5//n5+f/5+fn/+Pj4//j4+P+MiYX/AAAAAAAAAAAAAAAAAAAAAAAAAAAAAAAAjImF/+bm5v/m5ub/5ubm/+bm5v/m5ub/5ubm/+bm5v/m5ub/5ubm/+bm5v/m5ub/5ubm/+bm5v/m5ub/5ubm/+bm5v/m5ub/5ubm/+bm5v/m5ub/5ubm/+bm5v/m5ub/5ubm/+bm5v/m5ub/5ubm/+bm5v/m5ub/5ubm/+bm5v/m5ub/5ubm/+bm5v/m5ub/5ubm/+bm5v/m5ub/5ubm/+bm5v+MiYX/AAAAAAAAAAAAAAAAAAAAAAAAAAAAAAAAjImF/4yJhf+MiYX/jImF/4yJhf+MiYX/jImF/4yJhf+MiYX/jImF/4yJhf+MiYX/jImF/4yJhf+MiYX/jImF/4yJhf+MiYX/jImF/4yJhf+MiYX/jImF/4yJhf+MiYX/jImF/4yJhf+MiYX/jImF/4yJhf+MiYX/jImF/4yJhf+MiYX/qaek/6mnpP+MiYX/qaek/6mnpP+MiYX/qaek/6mnpP+MiYX/AAAAAAAAAAAAAAAAAAAAAAAAAAAAAAAAjImF/4yJhf+MiYX/jImF/4yJhf+MiYX/jImF/4yJhf+MiYX/jImF/4yJhf+MiYX/jImF/4yJhf+MiYX/jImF/4yJhf+MiYX/jImF/4yJhf+MiYX/jImF/4yJhf+MiYX/jImF/4yJhf+MiYX/jImF/4yJhf+MiYX/jImF/4yJhf+MiYX/xsTC/8bEwv+MiYX/xsTC/8bEwv+MiYX/xsTC/8bEwv+MiYX/AAAAAAAAAAAAAAAAAAAAAAAAAAAAAAAAjImF/4yJhf+MiYX/jImF/4yJhf+MiYX/jImF/4yJhf+MiYX/jImF/4yJhf+MiYX/jImF/4yJhf+MiYX/jImF/4yJhf+MiYX/jImF/4yJhf+MiYX/jImF/4yJhf+MiYX/jImF/4yJhf+MiYX/jImF/4yJhf+MiYX/jImF/4yJhf+MiYX/jImF/4yJhf+MiYX/jImF/4yJhf+MiYX/jImF/4yJhf+MiYX/AAAAAAAAAAAAAAAAAAAAAAAAAAAAAAAAAAAAAAAAAAAAAAAAAAAAAAAAAAAAAAAAAAAAAAAAAAAAAAAAAAAAAAAAAAAAAAAAAAAAAAAAAAAAAAAAAAAAAAAAAAAAAAAAAAAAAAAAAAAAAAAAAAAAAAAAAAAAAAAAAAAAAAAAAAAAAAAAAAAAAAAAAAAAAAAAAAAAAAAAAAAAAAAAAAAAAAAAAAAAAAAAAAAAAAAAAAAAAAAAAAAAAAAAAAAAAAAAAAAAAAAAAAAAAAAAAAAAAAAAAAAAAAAAAAAAAAAAAAAAAAAAAAAAAAAAAAAAAAAAAAAAAAAAAAAAAAAAAAAAAAAAAAAAAAAAAAAAAAAAAAAAAAAAAAAAAAAAAAAAAAAAAAAAAAAAAAAAAAAAAAAAAAAAAAAAAAAAAAAAAAAAAAAAAAAAAAAAAAAAAAAAAAAAAAAAAAAAAAAAAAAAAAAAAAAAAAAAAAAAAAAAAAAAAAAAAAAAAAAAAAAAAAAAAAAAAAAAAAAAAAAAAAAAAAAAAAAAAAAAAAAAAAAAAAAAAAAAAAAAAAAAAAAAAAAAAAAAAAAAAAAAAAAAAAAAAAAAAAAAAAAAAAAAAAAAAAAAAAAAAAAAAAAAAAAAAAAAAAAAAAAAAAAAAAAAAAAAAAAAAAAAAAAAAAAAAAAAAAAAAAAAAAAAAAAAAAAAAAAAAAAAAAAAAAAAAAAAAAAAAAAAAAAAAAAAAAAAAAAAAAAAAAAAAAAAAAAAAAAAAAAAAAAAAAAAAAAAAAAAAAAAAAAAAAAAAAAAAAAAAAAAAAAAAAAAAAAAAAAAAAAAAAAAAAAAAAAAAAAAAAAAAAAAAAAAAAAAAAAAAAAAAAAAAAAAAAAAAAAAAAAAAAAAAAAAAAAAAAAAAAAAAAAAAAAAAAAAAAAAAAAAAAAAAAAAAAAAAAAAAAAAAAAAAAAAAAAAAAAAAAAAAAAAAAAAAAAAAAAAAAAAAAAAAAAAAAAAAAAAAAAAAAAAAAAAAAAAAAAAAAAAAAAAAAAAAAAAAAAAAAAAAAAAAAAAAAAAAAAAAAAAAAAAAAAAAAAAAAAAAAAAAAAAAAAAAAAAAAAAAAAAAAAAAAAAAAAAAAAAAAAAAAAAAAAAAAAAAAAAAAAAAAAAAAAAAAAAAAAAAAAAAAAAAAAAAAAAAAAAAAAAAAAAAAAAAAAAAAAAAAAAAAAAAAAAAAAAAAAAAAAAAAAAAAAAAAAAAAAAAAAAAAAAAAAAAAAAAAAAAAAAAAAAAAAAAAAAAAAAAAAAAAAAAAAAAAAAAAAAAAAAAAAAAAAAAAAAAAAAAAAAAAAAAAAAAAAAAAAAAAAAAAAAAAAAAAAAAAAAAAAAAAAAAAAAAAAAAAAAAAAAAAAAAAAAAAAAAAAAAAAAAAAAAAAAAAAAAAAAAAAAAAAAAAAAAAAAAAAAAAAAAAAAAAAAAAAAAAAAAAAAAAAAAAAAAAAAAAAAAAAAAAAAAAAAAAAAAAAAAAAAAAAAAAAAAAAAAAAAAAAAAAAAAAAAAAAAAAAAAAAAAAAAAAAAAAAAAAAAAAAAAAAAAAAAAAAAAAAAAAAAAAAAAAAAAAAAAAAAAAAAAAAAAAAAAAAAAAAAAAAAAAAAAAAAAAAAAAAAAAAAAAAAAAAAAAAAAAAAAAAAAAAAAAAAAAAAAAAAAAAAAAAAAAAAAAAAAAAAAAAAAAAAAAAAAAAAAAAAAAAAAAAAAAAAAAAAAAAAAAAAAAAAAAAAAAAAAAAAAAAAAAAAAAAAAAAAAAAAAAAAAAAAAAAAAAAAAAAAAAAAAAAAAAAAAAAAAAAAAAAAAAAAAAAAAAAAAAAAAAAAAAAAAAAAAAAAAAAAAAAAAAAAAAAAAAAAAAAAAAAAAAAAAAAAAAAAAAAAAAAAAAAAAAAAAAAAAAAAAAAAAAAAAAAAAAAAAAAAAAAAAAAAAAAAAAAAAAAAAAAAAAAAAAAAAAAAAAAAAAAAAAAAAAAAAAAAAAAAAAAAAAAAAAAAAAAAAAAAAAAAAAAAAAAAAAAAAAAAAAAAAAAAAAAAAAAAAAAAAAAA////////AAD///////8AAP///////+b/////////lv////////+W/////////5b/////////5v/////////6/////////wD/4AAAAAAHD//gAAAAAAcN/+AAAAAABwv/4AAAAAAHCP/gAAAAAAcG/+AAAAAABwT/4AAAAAAHAv/gAAAAAAcA/+AAAAAABwD/4AAAAAAHAP/gAAAAAAcA/+AAAAAAB/n/4AAAAAAH+f/gAAAAAAf5/+AAAAAAB/j/4AAAAAAH+P/gAAAAAAf4/+AAAAAAB/f/4AAAAAAH9//gAAAAAAf3/+AAAAAAB4X/4AAAAAAHAADgAAAAAAcAAOAAAAAABwAA4AAAAAAHAADgAAAAAAfm/+AAAAAAB+b/4AAAAAAH5v/gAAAAAAfm/+AAAAAAB+b/4AAAAAAH+v////////8A/////////xD/////////Dv////////8M/////////wn/////////B/////////8F/////////wP/KAAAACgAAABQAAAAAQAgAAAAAAAAAAAAAAAAAAAAAAAAAAAAAAAAAAAAAAAAAAAAAAAAAAAAAAAAAAAAAAAAAAAAAAAAAAAAAAAAAAAAAAAAAAAAAAAAAAAAAAAAAAAAAAAAAAAAAAAAAAAAAAAAAAAAAAAAAAAAAAAAAAAAAAAAAAAAAAAAAAAAAAAAAAAAAAAAAAAAAAAAAAAAAAAAAAAAAAAAAAAAAAAAAAAAAAAAAAAAAAAAAAAAAAAAAAAAAAAAAAAAAAAAAAAAAAAAAAAAAAAAAAAAAAAAAAAAAAAAAAAAAAAAAAAAAAAAAAAAAAAAAAAAAAAAAAAAAAAAAAAAAAAAAAAAAAAAAAAAAAAAAAAAAAAAAAAAAAAAAAAAAAAAAAAAAAAAAAAAAAAAAAAAAAAAAAAAAAAAAAAAAAAAAAAAAAAAAAAAAAAAAAAAAAAAAAAAAAAAAAAAAAAAAAAAAAAAAAAAAAAAAAAAAAAAAAAAAAAAAAAAAAAAAAAAAAAAAAAAAAAAAAAAAAAAAAAAAAAAAAAAAAAAAAAAAAAAAAAAAAAAAAAAAAAAAAAAAAAAAAAAAAAAAAAAAAAAAAAAAAAAAAAAAAAAAAAAAAAAAAAAAAAAAAAAAAAAAAAAAAAAAAAAAAAAAAAAAAAAAAAAAAAAAAAAAAAAAAAAAAAAAAAAAAAAAAAAAAAAAAAAAAAAAAAAAAAAAAAAAAAAAAAAAAAAAAAAAAAAAAAAAAAAAAAAAAAAAAAAAAAAAAAAAAAAAAAAAAAAAAAAAAAAAAAAAAAAAAAAAAAAAAAAAAAAAAAAAAAAAAAAAAAAAAAAAAAAAAAAAAAAAAAAAAAAAAAAAAAAAAAAAAAAAAAAAAAAAAAAAAAAAAAAAAAAAAAAAAAAAAAAAAAAAAAAAAAAAAAAAAAAAAAAAAAAAAAAAAAAAAAAAAAAAAAAAAAAAAAAAAAAAAAAAAAAAAAAAAAAAAAAAAAAAAAAAAAAAAAAAAAAAAAAAAAAAAAAAAAAAAAAAAAAAAAAAAAAAAAAAAAAAAAAAAAAAAAAAAAAAAAAAAAAAAAAAAAAAAAAAAAAAAAAAAAAAAAAAAAAAAAAAAAAAAAAAAAAAAAAAAAAAAAAAAAAAAAAAAAAAAAAAAAAAAAAAAAAAAAAAAAAAAAAAAAAAAAAAAAAAAAAAAAAAAAAAAAAAAAAAAAAAAAAAAAAAAAAAAAAAAAAAAAAAAAAAAAAAAAAAAAAAAAAAAAAAAAAAAAAAAAAAAAAAAAAAAAAAAAAAAAAAAAAAAAAAAAAAAAAAAAAAAAAAAAAAAAAAAAAAAAAAAAAAAAAAAAAAAAAAAAAjImF/4yJhf+MiYX/jImF/4yJhf+MiYX/jImF/4yJhf+MiYX/jImF/4yJhf+MiYX/jImF/4yJhf+MiYX/jImF/4yJhf+MiYX/jImF/4yJhf+MiYX/jImF/4yJhf+MiYX/jImF/4yJhf+MiYX/jImF/4yJhf+MiYX/jImF/4yJhf+MiYX/jImF/4yJhf+MiYX/AAAAAAAAAAAAAAAAAAAAAIyJhf/m5ub/5ubm/+bm5v/m5ub/5ubm/+bm5v/m5ub/+fn5//n5+f/5+fn/+fn5//j4+P/4+Pj/+Pj4//j4+P/39/f/9/f3//f39//29vb/9vb2//b29v/29vb/9fX1//X19f/19fX/9fX1//T09P/09PT/9PT0//Pz8//z8/P/8/Pz//Pz8//y8vL/jImF/wAAAAAAAAAAAAAAAAAAAACMiYX/5ubm/+bm5v/m5ub/5ubm/+bm5v/m5ub/5ubm//r6+v/5+fn/+fn5//n5+f/5+fn/+Pj4//j4+P/4+Pj/+Pj4//f39//39/f/9/f3//b29v/29vb/9vb2//b29v/19fX/9fX1//X19f/19fX/9PT0//T09P/09PT/8/Pz//Pz8//z8/P/8/Pz/4yJhf8AAAAAAAAAAAAAAAAAAAAAjImF/+bm5v/m5ub/5ubm/+bm5v/m5ub/5ubm/+bm5v/6+vr/+vr6//n5+f/5+fn/+fn5//n5+f/4+Pj/+Pj4//j4+P/4+Pj/9/f3//f39//39/f/9vb2//b29v/29vb/9vb2//X19f/19fX/9fX1//X19f/09PT/9PT0//T09P/z8/P/8/Pz//Pz8/+MiYX/AAAAAAAAAAAAAAAAAAAAAIyJhf/m5ub/5ubm/+bm5v/m5ub/5ubm/+bm5v/m5ub/+vr6/9d4AP/XeAD/13gA/9d4AP/XeAD/13gA/9d4AP/XeAD/13gA/9d4AP/XeAD/13gA/9d4AP/XeAD/13gA//b29v/29vb/9fX1//X19f/19fX/9fX1//T09P/09PT/9PT0//Pz8//z8/P/jImF/wAAAAAAAAAAAAAAAAAAAACMiYX/5ubm/+bm5v/m5ub/5ubm/+bm5v/m5ub/5ubm//r6+v/XeAD/13gA/9d4AP/XeAD/13gA/9d4AP/XeAD/13gA/9d4AP/XeAD/13gA/9d4AP/XeAD/13gA/9d4AP/29vb/9vb2//b29v/19fX/9fX1//X19f/19fX/9PT0//T09P/09PT/8/Pz/4yJhf8AAAAAAAAAAAAAAAAAAAAAjImF/+bm5v/m5ub/5ubm/+bm5v/m5ub/5ubm/+bm5v/6+vr/13gA/9d4AP/XeAD/13gA/9d4AP/XeAD/13gA/9d4AP/XeAD/13gA/9d4AP/XeAD/13gA/9d4AP/XeAD/9vb2//b29v/29vb/9vb2//X19f/19fX/9fX1//X19f/09PT/9PT0//T09P+MiYX/AAAAAAAAAAAAAAAAAAAAAIyJhf/m5ub/5ubm/+bm5v/m5ub/5ubm/+bm5v/m5ub/+vr6/9d4AP/XeAD/13gA/9d4AP/XeAD/13gA/9d4AP/XeAD/13gA/9d4AP/XeAD/13gA/9d4AP/XeAD/13gA//f39/+ZmZn/mZmZ/5mZmf+ZmZn/mZmZ//X19f/19fX/9fX1//T09P/09PT/jImF/wAAAAAAAAAAAAAAAAAAAACMiYX/5ubm/+bm5v/m5ub/5ubm/+bm5v/m5ub/5ubm//r6+v/XeAD/13kB/9d4AP/XeAD/13gA/9d4AP/XeAD/13gA/9d4AP/XeAD/13gA/9d4AP/XeAD/13gA/9d4AP/39/f/9/f3//b29v/29vb/9vb2//b29v/19fX/9fX1//X19f/19fX/9PT0/4yJhf8AAAAAAAAAAAAAAAAAAAAAjImF/+bm5v/m5ub/5ubm/+bm5v/m5ub/5ubm/+bm5v/6+vr/13gA/9d5Av/XeQH/13gA/9d4AP/XeAD/13gA/9d4AP/XeAD/13gA/9d4AP/XeAD/13gA/9d4AP/XeAD/9/f3/5mZmf+ZmZn/mZmZ/5mZmf+ZmZn/mZmZ/5mZmf+ZmZn/mZmZ//X19f+MiYX/AAAAAAAAAAAAAAAAAAAAAIyJhf/m5ub/5ubm/+bm5v/m5ub/5ubm/+bm5v/m5ub/+vr6/9d4AP/YegT/13kC/9d5Af/XeAD/13gA/9d4AP/XeAD/13gA/9d4AP/XeAD/13gA/9d4AP/XeAD/13gA//j4+P/39/f/9/f3//f39//29vb/9vb2//b29v/29vb/9fX1//X19f/19fX/jImF/wAAAAAAAAAAAAAAAAAAAACMiYX/5ubm/+bm5v/m5ub/5ubm/+bm5v/m5ub/5ubm//r6+v/XeAD/2HsG/9h6BP/XeQL/13kB/9d4AP/XeAD/13gA/9d4AP/XeAD/13gA/9d4AP/XeAD/13gA/9d4AP/4+Pj/mZmZ/5mZmf+ZmZn/mZmZ/5mZmf+ZmZn/mZmZ/5mZmf+ZmZn/9fX1/4yJhf8AAAAAAAAAAAAAAAAAAAAAjImF/+bm5v+cmZb/5ubm/5yZlv+cmZb/nJmW/+bm5v/6+vr/13gA/9h8CP/Yewb/2HoE/9d5Av/XeQH/13gA/9d4AP/XeAD/13gA/9d4AP/XeAD/13gA/9d4AP/XeAD/+Pj4//j4+P/4+Pj/9/f3//f39//39/f/9vb2//b29v/29vb/9vb2//X19f+MiYX/AAAAAAAAAAAAAAAAAAAAAIyJhf/m5ub/5ubm/+bm5v/m5ub/5ubm/+bm5v/m5ub/+vr6/9d4AP/YfQn/2HwI/9h7Bv/YegT/13kC/9d5Af/XeAD/13gA/9d4AP/XeAD/13gA/9d4AP/XeAD/13gA//j4+P+ZmZn/mZmZ/5mZmf+ZmZn/mZmZ/5mZmf+ZmZn/mZmZ/5mZmf/29vb/jImF/wAAAAAAAAAAAAAAAAAAAACMiYX/5ubm/+bm5v/m5ub/5ubm/+bm5v/m5ub/5ubm//r6+v/XeAD/2X4L/9h9Cf/YfAj/2HsG/9h6BP/XeQL/13kB/9d4AP/XeAD/13gA/9d4AP/XeAD/13gA/9d4AP/5+fn/+Pj4//j4+P/4+Pj/+Pj4//f39//39/f/9/f3//b29v/29vb/9vb2/4yJhf8AAAAAAAAAAAAAAAAAAAAAjImF/+bm5v+cmZb/5ubm/5yZlv+cmZb/nJmW/+bm5v/6+vr/13gA/9l/Df/Zfgv/2H0J/9h8CP/Yewb/2HoE/9d5Av/XeQH/13gA/9d4AP/XeAD/13gA/9d4AP/XeAD/+fn5/5mZmf+ZmZn/mZmZ/5mZmf+ZmZn/mZmZ/5mZmf+ZmZn/mZmZ//b29v+MiYX/AAAAAAAAAAAAAAAAAAAAAIyJhf/m5ub/5ubm/+bm5v/m5ub/5ubm/+bm5v/m5ub/+vr6/9d4AP/ZgA//2X8N/9l+C//YfQn/2HwI/9h7Bv/YegT/13kC/9d5Af/XeAD/13gA/9d4AP/XeAD/13gA//n5+f/5+fn/+fn5//j4+P/4+Pj/+Pj4//j4+P/39/f/9/f3//f39//29vb/jImF/wAAAAAAAAAAAAAAAAAAAACMiYX/5ubm/+bm5v/m5ub/5ubm/+bm5v/m5ub/5ubm//r6+v/XeAD/2oAQ/9mAD//Zfw3/2X4L/9h9Cf/YfAj/2HsG/9h6BP/XeQL/13kB/9d4AP/XeAD/13gA/9d4AP/5+fn/mZmZ/5mZmf+ZmZn/mZmZ/5mZmf+ZmZn/mZmZ/5mZmf+ZmZn/9/f3/4yJhf8AAAAAAAAAAAAAAAAAAAAAjImF/+bm5v+cmZb/5ubm/5yZlv+cmZb/nJmW/+bm5v/6+vr/13gA/9qBEv/agBD/2YAP/9l/Df/Zfgv/2H0J/9h8CP/Yewb/2HoE/9d5Av/XeQH/13gA/9d4AP/XeAD/+vr6//n5+f/5+fn/+fn5//n5+f/4+Pj/+Pj4//j4+P/4+Pj/9/f3//f39/+MiYX/AAAAAAAAAAAAAAAAAAAAAIyJhf/m5ub/5ubm/+bm5v/m5ub/5ubm/+bm5v/m5ub/+vr6/9d4AP/agxT/2oES/9qAEP/ZgA//2X8N/9l+C//YfQn/2HwI/9h7Bv/YegT/13kC/9d5Af/XeAD/13gA//r6+v+ZmZn/mZmZ/5mZmf+ZmZn/mZmZ/5mZmf+ZmZn/mZmZ/5mZmf/39/f/jImF/wAAAAAAAAAAAAAAAAAAAACMiYX/5ubm/+bm5v/m5ub/5ubm/+bm5v/m5ub/5ubm//r6+v/XeAD/2oQW/9qDFP/agRL/2oAQ/9mAD//Zfw3/2X4L/9h9Cf/YfAj/2HsG/9h6BP/XeQL/13kB/9d4AP/6+vr/+vr6//r6+v/5+fn/+fn5//n5+f/5+fn/+Pj4//j4+P/4+Pj/+Pj4/4yJhf8AAAAAAAAAAAAAAAAAAAAAjImF/+bm5v+cmZb/5ubm/5yZlv+cmZb/nJmW/+bm5v/6+vr/13gA/9uEF//ahBb/2oMU/9qBEv/agBD/2YAP/9l/Df/Zfgv/2H0J/9h8CP/Yewb/2HoE/9d5Av/XeAD/+vr6/5mZmf+ZmZn/mZmZ/5mZmf+ZmZn/mZmZ/5mZmf+ZmZn/mZmZ//j4+P+MiYX/AAAAAAAAAAAAAAAAAAAAAIyJhf/m5ub/5ubm/+bm5v/m5ub/5ubm/+bm5v/m5ub/+vr6/9d4AP/XeAD/13gA/9d4AP/XeAD/13gA/9d4AP/XeAD/13gA/9d4AP/XeAD/13gA/9d4AP/XeAD/13gA//r6+v/6+vr/+vr6//r6+v/6+vr/+fn5//n5+f/5+fn/+fn5//j4+P/4+Pj/jImF/wAAAAAAAAAAAAAAAAAAAACMiYX/+vr6//r6+v/6+vr/+vr6//r6+v/6+vr/+vr6//r6+v/6+vr/+vr6//r6+v/6+vr/+vr6//r6+v/6+vr/+vr6//r6+v/6+vr/+vr6//r6+v/6+vr/+vr6//r6+v/6+vr/+vr6//r6+v/6+vr/+vr6//r6+v/5+fn/+fn5//n5+f/5+fn/+Pj4/4yJhf8AAAAAAAAAAAAAAAAAAAAAjImF/+bm5v/m5ub/5ubm/+bm5v/m5ub/5ubm/+bm5v/m5ub/5ubm/+bm5v/m5ub/5ubm/+bm5v/m5ub/5ubm/+bm5v/m5ub/5ubm/+bm5v/m5ub/5ubm/+bm5v/m5ub/5ubm/+bm5v/m5ub/5ubm/+bm5v/m5ub/5ubm/+bm5v/m5ub/5ubm/+bm5v+MiYX/AAAAAAAAAAAAAAAAAAAAAIyJhf+MiYX/jImF/4yJhf+MiYX/jImF/4yJhf+MiYX/jImF/4yJhf+MiYX/jImF/4yJhf+MiYX/jImF/4yJhf+MiYX/jImF/4yJhf+MiYX/jImF/4yJhf+MiYX/jImF/4yJhf+MiYX/jImF/6mnpP+pp6T/jImF/6mnpP+pp6T/jImF/6mnpP+pp6T/jImF/wAAAAAAAAAAAAAAAAAAAACMiYX/jImF/4yJhf+MiYX/jImF/4yJhf+MiYX/jImF/4yJhf+MiYX/jImF/4yJhf+MiYX/jImF/4yJhf+MiYX/jImF/4yJhf+MiYX/jImF/4yJhf+MiYX/jImF/4yJhf+MiYX/jImF/4yJhf/GxML/xsTC/4yJhf/GxML/xsTC/4yJhf/GxML/xsTC/4yJhf8AAAAAAAAAAAAAAAAAAAAAjImF/4yJhf+MiYX/jImF/4yJhf+MiYX/jImF/4yJhf+MiYX/jImF/4yJhf+MiYX/jImF/4yJhf+MiYX/jImF/4yJhf+MiYX/jImF/4yJhf+MiYX/jImF/4yJhf+MiYX/jImF/4yJhf+MiYX/jImF/4yJhf+MiYX/jImF/4yJhf+MiYX/jImF/4yJhf+MiYX/AAAAAAAAAAAAAAAAAAAAAAAAAAAAAAAAAAAAAAAAAAAAAAAAAAAAAAAAAAAAAAAAAAAAAAAAAAAAAAAAAAAAAAAAAAAAAAAAAAAAAAAAAAAAAAAAAAAAAAAAAAAAAAAAAAAAAAAAAAAAAAAAAAAAAAAAAAAAAAAAAAAAAAAAAAAAAAAAAAAAAAAAAAAAAAAAAAAAAAAAAAAAAAAAAAAAAAAAAAAAAAAAAAAAAAAAAAAAAAAAAAAAAAAAAAAAAAAAAAAAAAAAAAAAAAAAAAAAAAAAAAAAAAAAAAAAAAAAAAAAAAAAAAAAAAAAAAAAAAAAAAAAAAAAAAAAAAAAAAAAAAAAAAAAAAAAAAAAAAAAAAAAAAAAAAAAAAAAAAAAAAAAAAAAAAAAAAAAAAAAAAAAAAAAAAAAAAAAAAAAAAAAAAAAAAAAAAAAAAAAAAAAAAAAAAAAAAAAAAAAAAAAAAAAAAAAAAAAAAAAAAAAAAAAAAAAAAAAAAAAAAAAAAAAAAAAAAAAAAAAAAAAAAAAAAAAAAAAAAAAAAAAAAAAAAAAAAAAAAAAAAAAAAAAAAAAAAAAAAAAAAAAAAAAAAAAAAAAAAAAAAAAAAAAAAAAAAAAAAAAAAAAAAAAAAAAAAAAAAAAAAAAAAAAAAAAAAAAAAAAAAAAAAAAAAAAAAAAAAAAAAAAAAAAAAAAAAAAAAAAAAAAAAAAAAAAAAAAAAAAAAAAAAAAAAAAAAAAAAAAAAAAAAAAAAAAAAAAAAAAAAAAAAAAAAAAAAAAAAAAAAAAAAAAAAAAAAAAAAAAAAAAAAAAAAAAAAAAAAAAAAAAAAAAAAAAAAAAAAAAAAAAAAAAAAAAAAAAAAAAAAAAAAAAAAAAAAAAAAAAAAAAAAAAAAAAAAAAAAAAAAAAAAAAAAAAAAAAAAAAAAAAAAAAAAAAAAAAAAAAAAAAAAAAAAAAAAAAAAAAAAAAAAAAAAAAAAAAAAAAAAAAAAAAAAAAAAAAAAAAAAAAAAAAAAAAAAAAAAAAAAAAAAAAAAAAAAAAAAAAAAAAAAAAAAAAAAAAAAAAAAAAAAAAAAAAAAAAAAAAAAAAAAAAAAAAAAAAAAAAAAAAAAAAAAAAAAAAAAAAAAAAAAAAAAAAAAAAAAAAAAAAAAAAAAAAAAAAAAAAAAAAAAAAAAAAAAAAAAAAAAAAAAAAAAAAAAAAAAAAAAAAAAAAAAAAAAAAAAAAAAAAAAAAAAAAAAAAAAAAAAAAAAAAAAAAAAAAAAAAAAAAAAAAAAAAAAAAAAAAAAAAAAAAAAD//////3gA////////eAD///////94AP///////3gA////////eAD///////94AP/AAAAAA3gA/8AAAAAD+vr/wAAAAAP6+v/AAAAAA/r6/8AAAAAD+fn/wAAAAAP5+f/AAAAAA/j4/8AAAAAD+Pj/wAAAAAMAAADAAAAAAwAAAMAAAAADAAAAwAAAAAOJhf/AAAAAA+bm/8AAAAAD5ub/wAAAAAPm5v/AAAAAA+bm/8AAAAAD+vr/wAAAAAP6+v/AAAAAA/r6/8AAAAAD+vr/wAAAAAP6+v/AAAAAA/r6/8AAAAAD+vr/wAAAAAP6+v/AAAAAA/r6/8AAAAAD+vr/wAAAAAP6+v/AAAAAA/r6////////+fn////////5+f////////j4////////+Pj///////8AAAD//////wAAACgAAAAgAAAAQAAAAAEAIAAAAAAAAAAAAAAAAAAAAAAAAAAAAAAAAAAAAAAAAAAAAAAAAAAAAAAAAAAAAAAAAAAAAAAAAAAAAAAAAAAAAAAAAAAAAAAAAAAAAAAAAAAAAAAAAAAAAAAAAAAAAAAAAAAAAAAAAAAAAAAAAAAAAAAAAAAAAAAAAAAAAAAAAAAAAAAAAAAAAAAAAAAAAAAAAAAAAAAAAAAAAAAAAAAAAAAAAAAAAAAAAAAAAAAAAAAAAAAAAAAAAAAAAAAAAAAAAAAAAAAAAAAAAAAAAAAAAAAAAAAAAAAAAAAAAAAAAAAAAAAAAAAAAAAAAAAAAAAAAAAAAAAAAAAAAAAAAAAAAAAAAAAAAAAAAAAAAAAAAAAAAAAAAAAAAAAAAAAAAAAAAAAAAAAAAAAAAAAAAAAAAAAAAAAAAAAAAAAAAAAAAAAAAAAAAAAAAAAAAAAAAAAAAAAAAAAAAAAAAAAAAAAAAAAAAAAAAAAAAAAAAAAAAAAAAAAAAAAAAAAAAAAAAAAAAAAAAAAAAAAAAAAAAAAAAAAAAAAAAAAAAAAAAAAAAAAAAAAAAAAAAAAAAAAAAAAAAAAAAAAAAAAAAAAAAAAAAAAAAAAAAAAAAAAAAAAAAAAAAAAAAAAAAAAAAAAAAAAAAAAAAAAAAAAAAAAAAAAAAAAAAAAAAAAAAAAAAAAAAAAAAAAAAAAAAAAAAAAAAAAAAAAAAAAAAAAAAAAAAAAAAAAAAAAAAAAAAAAAAAAAAAAAAAAAAAAAAAAAAAAAAAAAAAAAAAAAAAAAAAAAAAAAAAAAAAAAAAAAAAAAAAAAAAAAAAAAAAAAAAAAAAAAAAAAAAAAAAAAAAAAAAAAAAAAAAAAAAAAAAAAAAAAAAAAAAAAAAAAAAAAAAAAAAAAAAAAAAAAAAAAAAAAAAAAAAAAAAAAAAAAAAAAAAAAAAAAAAAAAAAAAAAAAAAAAAAAAAAAAAAAAAAAAAAAAAAAAAAAAAAAAAAAAAAAAAAAAAAAAAAAAAAAAAAAAAAAAAAAAAAAAAAAAAAAAAAAAAAAAAAAAAAAAAAAAAAAAAAAAAAAAAAAAIyJhf+MiYX/jImF/4yJhf+MiYX/jImF/4yJhf+MiYX/jImF/4yJhf+MiYX/jImF/4yJhf+MiYX/jImF/4yJhf+MiYX/jImF/4yJhf+MiYX/jImF/4yJhf+MiYX/jImF/4yJhf+MiYX/jImF/4yJhf8AAAAAAAAAAAAAAAAAAAAAjImF/+bm5v/m5ub/5ubm/+bm5v/m5ub/+vr6//n5+f/5+fn/+fn5//j4+P/4+Pj/9/f3//f39//39/f/9vb2//b29v/29vb/9fX1//X19f/19fX/9PT0//T09P/09PT/8/Pz//Pz8//y8vL/jImF/wAAAAAAAAAAAAAAAAAAAACMiYX/5ubm/+bm5v/m5ub/5ubm/+bm5v/6+vr/+vr6//n5+f/5+fn/+fn5//j4+P/4+Pj/9/f3//f39//39/f/9vb2//b29v/29vb/9fX1//X19f/19fX/9PT0//T09P/09PT/8/Pz//Pz8/+MiYX/AAAAAAAAAAAAAAAAAAAAAIyJhf/m5ub/5ubm/+bm5v/m5ub/5ubm//r6+v/XeAD/13gA/9d4AP/XeAD/13gA/9d4AP/XeAD/13gA/9d4AP/XeAD/13gA//b29v/29vb/9fX1//X19f/19fX/9PT0//T09P/09PT/8/Pz/4yJhf8AAAAAAAAAAAAAAAAAAAAAjImF/+bm5v/m5ub/5ubm/+bm5v/m5ub/+vr6/9d4AP/XeAD/13gA/9d4AP/XeAD/13gA/9d4AP/XeAD/13gA/9d4AP/XeAD/9vb2//b29v/29vb/9fX1//X19f/19fX/9PT0//T09P/09PT/jImF/wAAAAAAAAAAAAAAAAAAAACMiYX/5ubm/+bm5v/m5ub/5ubm/+bm5v/6+vr/13gA/9d4AP/XeAD/13gA/9d4AP/XeAD/13gA/9d4AP/XeAD/13gA/9d4AP/39/f/mZmZ/5mZmf+ZmZn/mZmZ//X19f/19fX/9PT0//T09P+MiYX/AAAAAAAAAAAAAAAAAAAAAIyJhf/m5ub/nJmW/5yZlv+cmZb/5ubm//r6+v/XeAD/13gA/9d4AP/XeAD/13gA/9d4AP/XeAD/13gA/9d4AP/XeAD/13gA//f39//39/f/9vb2//b29v/29vb/9fX1//X19f/19fX/9PT0/4yJhf8AAAAAAAAAAAAAAAAAAAAAjImF/+bm5v/m5ub/5ubm/+bm5v/m5ub/+vr6/9d4AP/XeQP/13gA/9d4AP/XeAD/13gA/9d4AP/XeAD/13gA/9d4AP/XeAD/9/f3/5mZmf+ZmZn/mZmZ/5mZmf+ZmZn/mZmZ/5mZmf/19fX/jImF/wAAAAAAAAAAAAAAAAAAAACMiYX/5ubm/+bm5v/m5ub/5ubm/+bm5v/6+vr/13gA/9h7Bf/XeQP/13gA/9d4AP/XeAD/13gA/9d4AP/XeAD/13gA/9d4AP/4+Pj/9/f3//f39//39/f/9vb2//b29v/29vb/9fX1//X19f+MiYX/AAAAAAAAAAAAAAAAAAAAAIyJhf/m5ub/nJmW/5yZlv+cmZb/5ubm//r6+v/XeAD/2HwI/9h7Bf/XeQP/13gA/9d4AP/XeAD/13gA/9d4AP/XeAD/13gA//j4+P+ZmZn/mZmZ/5mZmf+ZmZn/mZmZ/5mZmf+ZmZn/9fX1/4yJhf8AAAAAAAAAAAAAAAAAAAAAjImF/+bm5v/m5ub/5ubm/+bm5v/m5ub/+vr6/9d4AP/ZfQr/2HwI/9h7Bf/XeQP/13gA/9d4AP/XeAD/13gA/9d4AP/XeAD/+fn5//j4+P/4+Pj/9/f3//f39//39/f/9vb2//b29v/29vb/jImF/wAAAAAAAAAAAAAAAAAAAACMiYX/5ubm/+bm5v/m5ub/5ubm/+bm5v/6+vr/13gA/9l+DP/ZfQr/2HwI/9h7Bf/XeQP/13gA/9d4AP/XeAD/13gA/9d4AP/5+fn/mZmZ/5mZmf+ZmZn/mZmZ/5mZmf+ZmZn/mZmZ//b29v+MiYX/AAAAAAAAAAAAAAAAAAAAAIyJhf/m5ub/nJmW/5yZlv+cmZb/5ubm//r6+v/XeAD/2YAP/9l+DP/ZfQr/2HwI/9h7Bf/XeQP/13gA/9d4AP/XeAD/13gA//n5+f/5+fn/+fn5//j4+P/4+Pj/9/f3//f39//39/f/9vb2/4yJhf8AAAAAAAAAAAAAAAAAAAAAjImF/+bm5v/m5ub/5ubm/+bm5v/m5ub/+vr6/9d4AP/agRH/2YAP/9l+DP/ZfQr/2HwI/9h7Bf/XeQP/13gA/9d4AP/XeAD/+vr6/5mZmf+ZmZn/mZmZ/5mZmf+ZmZn/mZmZ/5mZmf/39/f/jImF/wAAAAAAAAAAAAAAAAAAAACMiYX/5ubm/+bm5v/m5ub/5ubm/+bm5v/6+vr/13gA/9qDFP/agRH/2YAP/9l+DP/ZfQr/2HwI/9h7Bf/XeQP/13gA/9d4AP/6+vr/+vr6//n5+f/5+fn/+fn5//j4+P/4+Pj/9/f3//f39/+MiYX/AAAAAAAAAAAAAAAAAAAAAIyJhf/m5ub/nJmW/5yZlv+cmZb/5ubm//r6+v/XeAD/2oQW/9qDFP/agRH/2YAP/9l+DP/ZfQr/2HwI/9h7Bf/XeQP/13gA//r6+v+ZmZn/mZmZ/5mZmf+ZmZn/mZmZ/5mZmf+ZmZn/9/f3/4yJhf8AAAAAAAAAAAAAAAAAAAAAjImF/+bm5v/m5ub/5ubm/+bm5v/m5ub/+vr6/9d4AP/XeAD/13gA/9d4AP/XeAD/13gA/9d4AP/XeAD/13gA/9d4AP/XeAD/+vr6//r6+v/6+vr/+vr6//n5+f/5+fn/+fn5//j4+P/4+Pj/jImF/wAAAAAAAAAAAAAAAAAAAACMiYX/+vr6//r6+v/6+vr/+vr6//r6+v/6+vr/+vr6//r6+v/6+vr/+vr6//r6+v/6+vr/+vr6//r6+v/6+vr/+vr6//r6+v/6+vr/+vr6//r6+v/6+vr/+vr6//n5+f/5+fn/+fn5//j4+P+MiYX/AAAAAAAAAAAAAAAAAAAAAIyJhf/m5ub/5ubm/+bm5v/m5ub/5ubm/+bm5v/m5ub/5ubm/+bm5v/m5ub/5ubm/+bm5v/m5ub/5ubm/+bm5v/m5ub/5ubm/+bm5v/m5ub/5ubm/+bm5v/m5ub/5ubm/+bm5v/m5ub/5ubm/4yJhf8AAAAAAAAAAAAAAAAAAAAAjImF/4yJhf+MiYX/jImF/4yJhf+MiYX/jImF/4yJhf+MiYX/jImF/4yJhf+MiYX/jImF/4yJhf+MiYX/jImF/4yJhf+MiYX/jImF/4yJhf+MiYX/jImF/8bEwv+MiYX/xsTC/4yJhf/GxML/jImF/wAAAAAAAAAAAAAAAAAAAACMiYX/jImF/4yJhf+MiYX/jImF/4yJhf+MiYX/jImF/4yJhf+MiYX/jImF/4yJhf+MiYX/jImF/4yJhf+MiYX/jImF/4yJhf+MiYX/jImF/4yJhf+MiYX/jImF/4yJhf+MiYX/jImF/4yJhf+MiYX/AAAAAAAAAAAAAAAAAAAAAAAAAAAAAAAAAAAAAAAAAAAAAAAAAAAAAAAAAAAAAAAAAAAAAAAAAAAAAAAAAAAAAAAAAAAAAAAAAAAAAAAAAAAAAAAAAAAAAAAAAAAAAAAAAAAAAAAAAAAAAAAAAAAAAAAAAAAAAAAAAAAAAAAAAAAAAAAAAAAAAAAAAAAAAAAAAAAAAAAAAAAAAAAAAAAAAAAAAAAAAAAAAAAAAAAAAAAAAAAAAAAAAAAAAAAAAAAAAAAAAAAAAAAAAAAAAAAAAAAAAAAAAAAAAAAAAAAAAAAAAAAAAAAAAAAAAAAAAAAAAAAAAAAAAAAAAAAAAAAAAAAAAAAAAAAAAAAAAAAAAAAAAAAAAAAAAAAAAAAAAAAAAAAAAAAAAAAAAAAAAAAAAAAAAAAAAAAAAAAAAAAAAAAAAAAAAAAAAAAAAAAAAAAAAAAAAAAAAAAAAAAAAAAAAAAAAAAAAAAAAAAAAAAAAAAAAAAAAAAAAAAAAAAAAAAAAAAAAAAAAAAAAAAAAAAAAAAAAAAAAAAAAAAAAAAAAAAAAAAAAAAAAAAAAAAAAAAAAAAAAAAAAAAAAAAAAAAAAAAAAAAAAAAAAAAAAAAAAAAAAAAAAAAAAAAAAAAAAAAAAAAAAAAAAAAAAAAAAAAAAAAAAAAAAAAAAAAAAAAAAAAAAAAAAAAAAAAAAAAAAAAAAAAAAAAAAAAAAAAAAAAAAAAAAAAAAAAAAAAAAAAAAAAAAAAAAAAAAAAAAAAAAAAAAAAAAAAAAAAAAAAAAAAAAAAAAAAAAAAAAAAAAAAAAAAAAAAAAAAAAAAAAAAAAAAAAAAAAAAAAAAAAAAAAAAAAAAAAAAAAAAA////////////////////////////////wAAAA8AAAAPAAAADwAAAA8AAAAPAAAADwAAAA8AAAAPAAAADwAAAA8AAAAPAAAADwAAAA8AAAAPAAAADwAAAA8AAAAPAAAADwAAAA8AAAAPAAAAD//////////////////////////8oAAAAGAAAADAAAAABACAAAAAAAAAAAAAAAAAAAAAAAAAAAAAAAAAAAAAAAAAAAAAAAAAAAAAAAAAAAAAAAAAAAAAAAAAAAAAAAAAAAAAAAAAAAAAAAAAAAAAAAAAAAAAAAAAAAAAAAAAAAAAAAAAAAAAAAAAAAAAAAAAAAAAAAAAAAAAAAAAAAAAAAAAAAAAAAAAAAAAAAAAAAAAAAAAAAAAAAAAAAAAAAAAAAAAAAAAAAAAAAAAAAAAAAAAAAAAAAAAAAAAAAAAAAAAAAAAAAAAAAAAAAAAAAAAAAAAAAAAAAAAAAAAAAAAAAAAAAAAAAAAAAAAAAAAAAAAAAAAAAAAAAAAAAAAAAAAAAAAAAAAAAAAAAAAAAAAAAAAAAAAAAAAAAAAAAAAAAAAAAAAAAAAAAAAAAAAAAAAAAAAAAAAAAAAAAAAAAAAAAIyJhf+MiYX/jImF/4yJhf+MiYX/jImF/4yJhf+MiYX/jImF/4yJhf+MiYX/jImF/4yJhf+MiYX/jImF/4yJhf+MiYX/jImF/4yJhf+MiYX/jImF/4yJhf8AAAAAAAAAAIyJhf/m5ub/5ubm/+bm5v/m5ub/+vr6//n5+f/5+fn/+Pj4//j4+P/39/f/9/f3//b29v/29vb/9fX1//X19f/09PT/9PT0//T09P/z8/P/8/Pz/4yJhf8AAAAAAAAAAIyJhf/m5ub/5ubm/+bm5v/m5ub/+vr6//r6+v/5+fn/+fn5//j4+P/4+Pj/9/f3//f39//29vb/9vb2//X19f/19fX/9PT0//T09P/09PT/8/Pz/4yJhf8AAAAAAAAAAIyJhf/m5ub/5ubm/+bm5v/m5ub/+vr6/9d4AP/XeAD/13gA/9d4AP/XeAD/13gA/9d4AP/XeAD/9vb2//b29v/19fX/9fX1//T09P/09PT/9PT0/4yJhf8AAAAAAAAAAIyJhf/m5ub/5ubm/+bm5v/m5ub/+vr6/9d4AP/XeAD/13gA/9d4AP/XeAD/13gA/9d4AP/XeAD/9/f3//b29v/29vb/9fX1//X19f/09PT/9PT0/4yJhf8AAAAAAAAAAIyJhf/m5ub/5ubm/+bm5v/m5ub/+vr6/9d4AP/XeAD/13gA/9d4AP/XeAD/13gA/9d4AP/XeAD/9/f3//f39//29vb/9vb2//X19f/19fX/9PT0/4yJhf8AAAAAAAAAAIyJhf/m5ub/5ubm/+bm5v/m5ub/+vr6/9d4AP/XegP/13gA/9d4AP/XeAD/13gA/9d4AP/XeAD/+Pj4/5mZmf+ZmZn/mZmZ/5mZmf/19fX/9fX1/4yJhf8AAAAAAAAAAIyJhf/m5ub/5ubm/+bm5v/m5ub/+vr6/9d4AP/Yewb/13oD/9d4AP/XeAD/13gA/9d4AP/XeAD/+Pj4//j4+P/39/f/9/f3//b29v/29vb/9fX1/4yJhf8AAAAAAAAAAIyJhf/m5ub/nJmW/5yZlv/m5ub/+vr6/9d4AP/ZfQr/2HsG/9d6A//XeAD/13gA/9d4AP/XeAD/+fn5/5mZmf+ZmZn/mZmZ/5mZmf+ZmZn/9vb2/4yJhf8AAAAAAAAAAIyJhf/m5ub/5ubm/+bm5v/m5ub/+vr6/9d4AP/Zfw3/2X0K/9h7Bv/XegP/13gA/9d4AP/XeAD/+fn5//n5+f/4+Pj/+Pj4//f39//39/f/9vb2/4yJhf8AAAAAAAAAAIyJhf/m5ub/nJmW/5yZlv/m5ub/+vr6/9d4AP/agRH/2X8N/9l9Cv/Yewb/13oD/9d4AP/XeAD/+vr6/5mZmf+ZmZn/mZmZ/5mZmf+ZmZn/9/f3/4yJhf8AAAAAAAAAAIyJhf/m5ub/5ubm/+bm5v/m5ub/+vr6/9d4AP/agxT/2oER/9l/Df/ZfQr/2HsG/9d6A//XeAD/+vr6//r6+v/5+fn/+fn5//j4+P/4+Pj/9/f3/4yJhf8AAAAAAAAAAIyJhf/m5ub/nJmW/5yZlv/m5ub/+vr6/9d4AP/XeAD/13gA/9d4AP/XeAD/13gA/9d4AP/XeAD/+vr6/5mZmf+ZmZn/mZmZ/5mZmf+ZmZn/+Pj4/4yJhf8AAAAAAAAAAIyJhf/m5ub/5ubm/+bm5v/m5ub/+vr6//r6+v/6+vr/+vr6//r6+v/6+vr/+vr6//r6+v/6+vr/+vr6//r6+v/6+vr/+vr6//n5+f/5+fn/+Pj4/4yJhf8AAAAAAAAAAIyJhf/m5ub/5ubm/+bm5v/m5ub/5ubm/+bm5v/m5ub/5ubm/+bm5v/m5ub/5ubm/+bm5v/m5ub/5ubm/+bm5v/m5ub/5ubm/+bm5v/m5ub/5ubm/4yJhf8AAAAAAAAAAIyJhf+MiYX/jImF/4yJhf+MiYX/jImF/4yJhf+MiYX/jImF/4yJhf+MiYX/jImF/4yJhf+MiYX/jImF/4yJhf/GxML/jImF/768uv+Vko//trSy/4yJhf8AAAAAAAAAAIyJhf+MiYX/jImF/4yJhf+MiYX/jImF/4yJhf+MiYX/jImF/4yJhf+MiYX/jImF/4yJhf+MiYX/jImF/4yJhf+MiYX/jImF/4yJhf+MiYX/jImF/4yJhf8AAAAAAAAAAAAAAAAAAAAAAAAAAAAAAAAAAAAAAAAAAAAAAAAAAAAAAAAAAAAAAAAAAAAAAAAAAAAAAAAAAAAAAAAAAAAAAAAAAAAAAAAAAAAAAAAAAAAAAAAAAAAAAAAAAAAAAAAAAAAAAAAAAAAAAAAAAAAAAAAAAAAAAAAAAAAAAAAAAAAAAAAAAAAAAAAAAAAAAAAAAAAAAAAAAAAAAAAAAAAAAAAAAAAAAAAAAAAAAAAAAAAAAAAAAAAAAAAAAAAAAAAAAAAAAAAAAAAAAAAAAAAAAAAAAAAAAAAAAAAAAAAAAAAAAAAAAAAAAAAAAAAAAAAAAAAAAAAAAAAAAAAAAAAAAAAAAAAAAAAAAAAAAAAAAAAAAAAAAAAAAAAAAAAAAAAAAAAAAAAAAAAAAAAAAAAAAAAAAAAAAAAAAAAAAAAAAAAAAAAAAAAAAAAAAAAAAAAAAAAAAAAAAAAAAAAAAAAAAAAAAAAAAAAAAAAAAAAAAAAAAAAAAAAAAAAAAAAA////AP///wD/////gAAB/4AAAf+AAAH/gAAB/4AAAf+AAAH/gAAB/4AAAf+AAAH/gAAB/4AAAf+AAAH/gAAB/4AAAf+AAAH/gAAB/4AAAf//////////////////////KAAAABQAAAAoAAAAAQAgAAAAAAAAAAAAAAAAAAAAAAAAAAAAAAAAAAAAAAAAAAAAAAAAAAAAAAAAAAAAAAAAAAAAAAAAAAAAAAAAAAAAAAAAAAAAAAAAAAAAAAAAAAAAAAAAAAAAAAAAAAAAAAAAAAAAAAAAAAAAAAAAAAAAAAAAAAAAAAAAAAAAAAAAAAAAAAAAAAAAAAAAAAAAAAAAAAAAAAAAAAAAAAAAAAAAAAAAAAAAAAAAAAAAAAAAAAAAAAAAAAAAAAAAAAAAAAAAAAAAAAAAAAAAAAAAAAAAAAAAAAAAAAAAAAAAAAAAAAAAAAAAAAAAAAAAAAAAAAAAAAAAAAAAAAAAAAAAAAAAAAAAAAAAAAAAAAAAAACMiYX/jImF/4yJhf+MiYX/jImF/4yJhf+MiYX/jImF/4yJhf+MiYX/jImF/4yJhf+MiYX/jImF/4yJhf+MiYX/jImF/4yJhf8AAAAAAAAAAIyJhf/m5ub/5ubm/+bm5v/6+vr/+fn5//n5+f/4+Pj/9/f3//f39//29vb/9vb2//X19f/09PT/9PT0//Pz8//z8/P/jImF/wAAAAAAAAAAjImF/+bm5v/m5ub/5ubm//r6+v/6+vr/+fn5//n5+f/4+Pj/9/f3//f39//29vb/9vb2//X19f/09PT/9PT0//Pz8/+MiYX/AAAAAAAAAACMiYX/5ubm/+bm5v/m5ub/+vr6/9d4AP/XeAD/13gA/9d4AP/XeAD/13gA//f39//29vb/9vb2//X19f/09PT/9PT0/4yJhf8AAAAAAAAAAIyJhf/m5ub/5ubm/+bm5v/6+vr/13gA/9d4AP/XeAD/13gA/9d4AP/XeAD/9/f3//f39//29vb/9vb2//X19f/09PT/jImF/wAAAAAAAAAAjImF/+bm5v+cmZb/nJmW//r6+v/XeAD/13kC/9d4AP/XeAD/13gA/9d4AP/4+Pj/mZmZ/5mZmf+ZmZn/9vb2//X19f+MiYX/AAAAAAAAAACMiYX/5ubm/+bm5v/m5ub/+vr6/9d4AP/YfAf/13kC/9d4AP/XeAD/13gA//n5+f/4+Pj/9/f3//f39//29vb/9vb2/4yJhf8AAAAAAAAAAIyJhf/m5ub/nJmW/5yZlv/6+vr/13gA/9l+DP/YfAf/13kC/9d4AP/XeAD/+fn5/5mZmf+ZmZn/mZmZ/5mZmf/29vb/jImF/wAAAAAAAAAAjImF/+bm5v/m5ub/5ubm//r6+v/XeAD/2oES/9l+DP/YfAf/13kC/9d4AP/6+vr/+fn5//n5+f/4+Pj/9/f3//f39/+MiYX/AAAAAAAAAACMiYX/5ubm/5yZlv+cmZb/+vr6/9d4AP/XeAD/13gA/9d4AP/XeAD/13gA//r6+v+ZmZn/mZmZ/5mZmf+ZmZn/9/f3/4yJhf8AAAAAAAAAAIyJhf/m5ub/5ubm/+bm5v/6+vr/+vr6//r6+v/6+vr/+vr6//r6+v/6+vr/+vr6//r6+v/6+vr/+fn5//n5+f/4+Pj/jImF/wAAAAAAAAAAjImF/+bm5v/m5ub/5ubm/+bm5v/m5ub/5ubm/+bm5v/m5ub/5ubm/+bm5v/m5ub/5ubm/+bm5v/m5ub/5ubm/+bm5v+MiYX/AAAAAAAAAACMiYX/jImF/4yJhf+MiYX/jImF/4yJhf+MiYX/jImF/4yJhf+MiYX/jImF/4yJhf/GxML/jImF/8bEwv+QjYn/sa+s/4yJhf8AAAAAAAAAAIyJhf+MiYX/jImF/4yJhf+MiYX/jImF/4yJhf+MiYX/jImF/4yJhf+MiYX/jImF/4yJhf+MiYX/jImF/4yJhf+MiYX/jImF/wAAAAAAAAAAAAAAAAAAAAAAAAAAAAAAAAAAAAAAAAAAAAAAAAAAAAAAAAAAAAAAAAAAAAAAAAAAAAAAAAAAAAAAAAAAAAAAAAAAAAAAAAAAAAAAAAAAAAAAAAAAAAAAAAAAAAAAAAAAAAAAAAAAAAAAAAAAAAAAAAAAAAAAAAAAAAAAAAAAAAAAAAAAAAAAAAAAAAAAAAAAAAAAAAAAAAAAAAAAAAAAAAAAAAAAAAAAAAAAAAAAAAAAAAAAAAAAAAAAAAAAAAAAAAAAAAAAAAAAAAAAAAAAAAAAAAAAAAAAAAAAAAAAAAAAAAAAAAAAAAAAAAD///D////w////8P+AABD/gAAQ/4AAEP+AABD/gAAQAIAAEACAABD/gAAQ/4AAEP+AABD/gAAQ/4AAEP+AABD/gAAQ////8P////D////w/ygAAAAQAAAAIAAAAAEAIAAAAAAAAAAAAAAAAAAAAAAAAAAAAAAAAAAAAAAAAAAAAAAAAAAAAAAAAAAAAAAAAAAAAAAAAAAAAAAAAAAAAAAAAAAAAAAAAAAAAAAAAAAAAAAAAAAAAAAAAAAAAAAAAAAAAAAAAAAAAAAAAAAAAAAAAAAAAAAAAAAAAAAAAAAAAAAAAAAAAAAAAAAAAAAAAAAAAAAAAAAAAIyJhf+MiYX/jImF/4yJhf+MiYX/jImF/4yJhf+MiYX/jImF/4yJhf+MiYX/jImF/4yJhf+MiYX/jImF/4yJhf+MiYX/5ubm/+bm5v/m5ub/+vr6//r6+v/6+vr/+vr6//r6+v/6+vr/+vr6//r6+v/6+vr/+vr6//r6+v+MiYX/jImF/+bm5v/m5ub/5ubm//r6+v/XeAD/13gA/9d4AP/XeAD/+vr6//r6+v/6+vr/+vr6//r6+v/6+vr/jImF/4yJhf/m5ub/5ubm/+bm5v/6+vr/13gA/9d4AP/XeAD/13gA//r6+v+ZmZn/mZmZ/5mZmf/6+vr/+vr6/4yJhf+MiYX/5ubm/+bm5v/m5ub/+vr6/9d4AP/XeQH/13gA/9d4AP/6+vr/+vr6//r6+v/6+vr/+vr6//r6+v+MiYX/jImF/+bm5v/m5ub/5ubm//r6+v/XeAD/2HwH/9d5Af/XeAD/+vr6/5mZmf+ZmZn/mZmZ/5mZmf/6+vr/jImF/4yJhf/m5ub/5ubm/+bm5v/6+vr/13gA/9l/Dv/YfAf/13gA//r6+v/6+vr/+vr6//r6+v/6+vr/+vr6/4yJhf+MiYX/5ubm/+bm5v/m5ub/+vr6/9d4AP/XeAD/13gA/9d4AP/6+vr/mZmZ/5mZmf+ZmZn/mZmZ//r6+v+MiYX/jImF/+bm5v/m5ub/5ubm//r6+v/6+vr/+vr6//r6+v/6+vr/+vr6//r6+v/6+vr/+vr6//r6+v/6+vr/jImF/4yJhf/m5ub/5ubm/+bm5v/m5ub/5ubm/+bm5v/m5ub/5ubm/+bm5v/m5ub/5ubm/+bm5v/m5ub/5ubm/4yJhf+MiYX/jImF/4yJhf+MiYX/jImF/4yJhf+MiYX/jImF/4yJhf+MiYX/jImF/4yJhf/GxML/jImF/8bEwv+MiYX/jImF/4yJhf+MiYX/jImF/4yJhf+MiYX/jImF/4yJhf+MiYX/jImF/4yJhf+MiYX/jImF/4yJhf+MiYX/jImF/wAAAAAAAAAAAAAAAAAAAAAAAAAAAAAAAAAAAAAAAAAAAAAAAAAAAAAAAAAAAAAAAAAAAAAAAAAAAAAAAAAAAAAAAAAAAAAAAAAAAAAAAAAAAAAAAAAAAAAAAAAAAAAAAAAAAAAAAAAAAAAAAAAAAAAAAAAAAAAAAAAAAAAAAAAA//+Z////9/8AAIX/AAAAAAAAAAAAAIX/AADm/wAA5v8AAOb/AAD6/wAA+v8AAPr/AAD6/wAA+v////r////6/w==\",\"rawPng\":\"iVBORw0KGgoAAAANSUhEUgAAACAAAAAgCAMAAABEpIrGAAAABGdBTUEAALGPC/xhBQAAACBjSFJNAAB6JgAAgIQAAPoAAACA6AAAdTAAAOpgAAA6mAAAF3CculE8AAAATlBMVEUAAACFiYzCxMbm5ub6+vr5+fn4+PgAeNeWmZwWhNoUg9oRgdoPgNkMftkKfdkIfNgFe9gDedeZmZn39/f29vb19fX09PTz8/Py8vL///+ycNgeAAAAAXRSTlMAQObYZgAAAAFiS0dEGexutYgAAAAHdElNRQfjBgUPKhsKyITnAAAAmUlEQVQ4y92S2w7CIBBEW4Uu3i+A+v9fatMdpy4W4qtOH8+Z2YS0634jfSMNYTV9KqyrgeAW470f3heczHlxCiGEUdhsd/vD8XS+iLtqol0gF/RjIZB/LugJckE/JrtALh4LhUAu6KdkT5DLgIVsF8gF/VwI5BLLBT0xB/18qz31tDDyqoB+S1B+N4Lj+5FbYYE/+u/+yT/IE8qaEqnjk6aKAAAAJXRFWHRkYXRlOmNyZWF0ZQAyMDE5LTA2LTA1VDE1OjQyOjI3LTA0OjAw2SJ3aQAAACV0RVh0ZGF0ZTptb2RpZnkAMjAxOS0wNi0wNVQxNTo0MjoyNy0wNDowMKh/z9UAAAAASUVORK5CYII=\"}],\"certificateExpiry\":\"2024-06-19T23:59:59+00:00\",\"certificateName\":\"CN=Mozilla Corporation, OU=Firefox Engineering Operations, O=Mozilla Corporation, L=Mountain View, S=California, C=US\",\"isPackageTimestamped\":\"Timestamped\"},\"hostPoolReferences\":null,\"failHealthCheckOnStagingFailure\":null,\"keyVaultURL\":null},\"systemData\":null}],\"nextLink\":null}",
      "isContentBase64": false
    }
  },
  "Update-AzWvdAppAttachPackage+[NoContext]+ImageObject+$DELETE+https://management.azure.com/subscriptions/dbedef25-184c-430f-b383-0eeb87c3205d/resourceGroups/alecbUserSessionTests/providers/Microsoft.DesktopVirtualization/appAttachPackages/TestPackage?api-version=2024-04-03+4": {
    "Request": {
      "Method": "DELETE",
      "RequestUri": "https://management.azure.com/subscriptions/dbedef25-184c-430f-b383-0eeb87c3205d/resourceGroups/alecbUserSessionTests/providers/Microsoft.DesktopVirtualization/appAttachPackages/TestPackage?api-version=2024-04-03",
      "Content": null,
      "isContentBase64": false,
      "Headers": {
        "x-ms-unique-id": [ "336" ],
        "x-ms-client-request-id": [ "27b2c034-a4ca-4667-8328-854b741a4cc6" ],
        "CommandName": [ "Remove-AzWvdAppAttachPackage" ],
        "FullCommandName": [ "Remove-AzWvdAppAttachPackage_Delete" ],
        "ParameterSetName": [ "__AllParameterSets" ],
        "User-Agent": [ "AzurePowershell/v0.0.0", "PSVersion/v7.2.19", "Az.DesktopVirtualization/2.1.0" ],
        "Authorization": [ "[Filtered]" ]
      },
      "ContentHeaders": {
      }
    },
    "Response": {
      "StatusCode": 200,
      "Headers": {
        "Cache-Control": [ "no-cache" ],
        "Pragma": [ "no-cache" ],
        "Vary": [ "Accept-Encoding" ],
        "Set-Cookie": [ "ARRAffinity=de05b342bfa7816b86cf467ecc947b8c2d1419d8d518ac9f49486dea08ed770a;Path=/;HttpOnly;Secure;Domain=rdarmprovider-g-us-r0.wvdselfhost.microsoft.com", "ARRAffinitySameSite=de05b342bfa7816b86cf467ecc947b8c2d1419d8d518ac9f49486dea08ed770a;Path=/;HttpOnly;SameSite=None;Secure;Domain=rdarmprovider-g-us-r0.wvdselfhost.microsoft.com" ],
        "x-ms-ratelimit-remaining-subscription-deletes": [ "199" ],
        "X-Rate-Limit-Limit": [ "0" ],
        "X-Rate-Limit-Remaining": [ "9223372036854775807" ],
        "X-Rate-Limit-Reset": [ "0" ],
        "x-ms-opsarmpath64": [ "L3N1YnNjcmlwdGlvbnMvZGJlZGVmMjUtMTg0Yy00MzBmLWIzODMtMGVlYjg3YzMyMDVkL3Jlc291cmNlR3JvdXBzL2FsZWNiVXNlclNlc3Npb25UZXN0cy9wcm92aWRlcnMvTWljcm9zb2Z0LkRlc2t0b3BWaXJ0dWFsaXphdGlvbi9hcHBBdHRhY2hQYWNrYWdlcy9UZXN0UGFja2FnZQ==" ],
        "x-ms-lamport-ts": [ "173945235" ],
        "x-ms-correlation-id": [ "7dc1145e-e509-4a9c-8ad2-8784571345a1" ],
        "x-ms-request-id": [ "27b2c034-a4ca-4667-8328-854b741a4cc6" ],
        "X-Powered-By": [ "ASP.NET" ],
        "X-Content-Type-Options": [ "nosniff" ],
        "x-ms-ratelimit-remaining-subscription-global-deletes": [ "2999" ],
        "x-ms-correlation-request-id": [ "6f08695c-84ba-475b-8fd1-3042984db376" ],
        "x-ms-routing-request-id": [ "WESTUS:20240808T220948Z:6f08695c-84ba-475b-8fd1-3042984db376" ],
        "Strict-Transport-Security": [ "max-age=31536000; includeSubDomains" ],
        "X-Cache": [ "CONFIG_NOCACHE" ],
        "X-MSEdge-Ref": [ "Ref A: BE7492AFB7584FE4813900A0431F398A Ref B: SJC211051205053 Ref C: 2024-08-08T22:09:47Z" ],
        "Date": [ "Thu, 08 Aug 2024 22:09:47 GMT" ]
      },
      "ContentHeaders": {
        "Content-Length": [ "1627" ],
        "Content-Type": [ "application/json; charset=utf-8" ],
        "Expires": [ "-1" ]
      },
      "Content": "{\"name\":\"TestPackage\",\"id\":\"/subscriptions/dbedef25-184c-430f-b383-0eeb87c3205d/resourcegroups/alecbUserSessionTests/providers/Microsoft.DesktopVirtualization/appattachpackages/TestPackage\",\"type\":\"Microsoft.DesktopVirtualization/appattachpackages\",\"location\":\"westus2\",\"tags\":{},\"kind\":null,\"systemData\":{\"createdBy\":\"alecbaird@wvdtesttenant.onmicrosoft.com\",\"createdByType\":\"User\",\"createdAt\":\"2024-08-08T22:09:44.31Z\",\"lastModifiedBy\":\"alecbaird@wvdtesttenant.onmicrosoft.com\",\"lastModifiedByType\":\"User\",\"lastModifiedAt\":\"2024-08-08T22:09:44.31Z\"},\"properties\":{\"customData\":null,\"packageOwnerName\":\"AppAttach\",\"packageLookbackUrl\":null,\"image\":{\"packageAlias\":null,\"imagePath\":\"C:\\\\\\\\msix\\\\SingleMsix.vhd\",\"packageName\":\"MsixUnitTest_Name\",\"packageFamilyName\":\"MsixUnitTest_FamilyName\",\"packageFullName\":\"AATest_FullName_UnitTest\",\"displayName\":\"UnitTest-MSIXPackage\",\"packageRelativePath\":\"MsixUnitTest_RelativePackageRoot\",\"isRegularRegistration\":true,\"isActive\":true,\"packageDependencies\":[{\"dependencyName\":\"MsixTest_Dependency_Name\",\"publisher\":\"MsixTest_Dependency_Publisher\",\"minVersion\":\"0.0.0.42\"}],\"version\":\"0.0.18838.722\",\"lastUpdated\":\"0001-01-01T00:00:00\",\"packageApplications\":[{\"appUserModelID\":\"MsixTest_Application_ModelID\",\"appId\":\"MsixTest_Application_Id\",\"description\":\"testing from ps\",\"friendlyName\":\"some name\",\"iconImageName\":\"Apptile\",\"rawIcon\":\"c29tZSBpbWFnZQ==\",\"rawPng\":\"c29tZSBpbWFnZQ==\"}],\"certificateExpiry\":\"0001-01-01T00:00:00\",\"certificateName\":null,\"isPackageTimestamped\":\"NotTimestamped\"},\"hostPoolReferences\":[],\"failHealthCheckOnStagingFailure\":\"NeedsAssistance\",\"keyVaultURL\":null}}",
      "isContentBase64": false
    }
  },
  "Update-AzWvdAppAttachPackage+[NoContext]+ImageObjectByPipeline+$PUT+https://management.azure.com/subscriptions/dbedef25-184c-430f-b383-0eeb87c3205d/resourceGroups/alecbUserSessionTests/providers/Microsoft.DesktopVirtualization/appAttachPackages/TestPackage?api-version=2024-04-03+1": {
    "Request": {
      "Method": "PUT",
      "RequestUri": "https://management.azure.com/subscriptions/dbedef25-184c-430f-b383-0eeb87c3205d/resourceGroups/alecbUserSessionTests/providers/Microsoft.DesktopVirtualization/appAttachPackages/TestPackage?api-version=2024-04-03",
      "Content": "{\r\n  \"location\": \"westus2\",\r\n  \"properties\": {\r\n    \"image\": {\r\n      \"imagePath\": \"C:\\\\\\\\msix\\\\SingleMsix.vhd\",\r\n      \"packageName\": \"MsixUnitTest_Name\",\r\n      \"packageFamilyName\": \"MsixUnitTest_FamilyName\",\r\n      \"packageFullName\": \"AATest_FullName_UnitTest\",\r\n      \"displayName\": \"UnitTest-MSIXPackage\",\r\n      \"packageRelativePath\": \"MsixUnitTest_RelativePackageRoot\",\r\n      \"isRegularRegistration\": true,\r\n      \"isActive\": true,\r\n      \"packageDependencies\": [\r\n        {\r\n          \"dependencyName\": \"MsixTest_Dependency_Name\",\r\n          \"publisher\": \"MsixTest_Dependency_Publisher\",\r\n          \"minVersion\": \"0.0.0.42\"\r\n        }\r\n      ],\r\n      \"version\": \"0.0.18838.722\",\r\n      \"lastUpdated\": \"0001-01-01T00:00:00.0000000\",\r\n      \"packageApplications\": [\r\n        {\r\n          \"appId\": \"MsixTest_Application_Id\",\r\n          \"description\": \"testing from ps\",\r\n          \"appUserModelID\": \"MsixTest_Application_ModelID\",\r\n          \"friendlyName\": \"some name\",\r\n          \"iconImageName\": \"Apptile\",\r\n          \"rawIcon\": \"c29tZSBpbWFnZQ==\",\r\n          \"rawPng\": \"c29tZSBpbWFnZQ==\"\r\n        }\r\n      ]\r\n    }\r\n  }\r\n}",
      "isContentBase64": false,
      "Headers": {
      },
      "ContentHeaders": {
        "Content-Type": [ "application/json" ],
        "Content-Length": [ "1133" ]
      }
    },
    "Response": {
      "StatusCode": 201,
      "Headers": {
        "Cache-Control": [ "no-cache" ],
        "Pragma": [ "no-cache" ],
        "Location": [ "/subscriptions/dbedef25-184c-430f-b383-0eeb87c3205d/resourcegroups/alecbUserSessionTests/providers/Microsoft.DesktopVirtualization/appattachpackages/TestPackage" ],
        "Set-Cookie": [ "ARRAffinity=39d91f16fdd59b39d7a07780844d80b88a73a7f54a8a5e7eeddb8cc0cb631057;Path=/;HttpOnly;Secure;Domain=rdarmprovider-g-us-r0.wvdselfhost.microsoft.com", "ARRAffinitySameSite=39d91f16fdd59b39d7a07780844d80b88a73a7f54a8a5e7eeddb8cc0cb631057;Path=/;HttpOnly;SameSite=None;Secure;Domain=rdarmprovider-g-us-r0.wvdselfhost.microsoft.com" ],
        "X-Rate-Limit-Limit": [ "0" ],
        "X-Rate-Limit-Remaining": [ "9223372036854775807" ],
        "X-Rate-Limit-Reset": [ "0" ],
        "x-ms-opsarmpath64": [ "L3N1YnNjcmlwdGlvbnMvZGJlZGVmMjUtMTg0Yy00MzBmLWIzODMtMGVlYjg3YzMyMDVkL3Jlc291cmNlR3JvdXBzL2FsZWNiVXNlclNlc3Npb25UZXN0cy9wcm92aWRlcnMvTWljcm9zb2Z0LkRlc2t0b3BWaXJ0dWFsaXphdGlvbi9hcHBBdHRhY2hQYWNrYWdlcy9UZXN0UGFja2FnZQ==" ],
        "x-ms-lamport-ts": [ "173945195" ],
        "x-ms-correlation-id": [ "2deee153-6f72-4f8f-945a-d56a0f5f0e24" ],
        "x-ms-request-id": [ "bc128732-5683-4a87-b406-b33ce4bc96fe" ],
        "X-Powered-By": [ "ASP.NET" ],
        "X-Content-Type-Options": [ "nosniff" ],
        "x-ms-ratelimit-remaining-subscription-writes": [ "199" ],
        "x-ms-ratelimit-remaining-subscription-global-writes": [ "2999" ],
        "x-ms-correlation-request-id": [ "ee1a57b3-5cd5-48e5-ba82-167e4981e972" ],
        "x-ms-routing-request-id": [ "WESTUS:20240808T220951Z:ee1a57b3-5cd5-48e5-ba82-167e4981e972" ],
        "Strict-Transport-Security": [ "max-age=31536000; includeSubDomains" ],
        "X-Cache": [ "CONFIG_NOCACHE" ],
        "X-MSEdge-Ref": [ "Ref A: 71F9FB90BAA942D69122A66BC413AC47 Ref B: SJC211051205053 Ref C: 2024-08-08T22:09:48Z" ],
        "Date": [ "Thu, 08 Aug 2024 22:09:50 GMT" ]
      },
      "ContentHeaders": {
        "Content-Length": [ "1627" ],
        "Content-Type": [ "application/json; charset=utf-8" ],
        "Expires": [ "-1" ]
      },
      "Content": "{\"name\":\"TestPackage\",\"id\":\"/subscriptions/dbedef25-184c-430f-b383-0eeb87c3205d/resourcegroups/alecbUserSessionTests/providers/Microsoft.DesktopVirtualization/appattachpackages/TestPackage\",\"type\":\"Microsoft.DesktopVirtualization/appattachpackages\",\"location\":\"westus2\",\"tags\":{},\"kind\":null,\"systemData\":{\"createdBy\":\"alecbaird@wvdtesttenant.onmicrosoft.com\",\"createdByType\":\"User\",\"createdAt\":\"2024-08-08T22:09:50.80Z\",\"lastModifiedBy\":\"alecbaird@wvdtesttenant.onmicrosoft.com\",\"lastModifiedByType\":\"User\",\"lastModifiedAt\":\"2024-08-08T22:09:50.80Z\"},\"properties\":{\"customData\":null,\"packageOwnerName\":\"AppAttach\",\"packageLookbackUrl\":null,\"image\":{\"packageAlias\":null,\"imagePath\":\"C:\\\\\\\\msix\\\\SingleMsix.vhd\",\"packageName\":\"MsixUnitTest_Name\",\"packageFamilyName\":\"MsixUnitTest_FamilyName\",\"packageFullName\":\"AATest_FullName_UnitTest\",\"displayName\":\"UnitTest-MSIXPackage\",\"packageRelativePath\":\"MsixUnitTest_RelativePackageRoot\",\"isRegularRegistration\":true,\"isActive\":true,\"packageDependencies\":[{\"dependencyName\":\"MsixTest_Dependency_Name\",\"publisher\":\"MsixTest_Dependency_Publisher\",\"minVersion\":\"0.0.0.42\"}],\"version\":\"0.0.18838.722\",\"lastUpdated\":\"0001-01-01T00:00:00\",\"packageApplications\":[{\"appUserModelID\":\"MsixTest_Application_ModelID\",\"appId\":\"MsixTest_Application_Id\",\"description\":\"testing from ps\",\"friendlyName\":\"some name\",\"iconImageName\":\"Apptile\",\"rawIcon\":\"c29tZSBpbWFnZQ==\",\"rawPng\":\"c29tZSBpbWFnZQ==\"}],\"certificateExpiry\":\"0001-01-01T00:00:00\",\"certificateName\":null,\"isPackageTimestamped\":\"NotTimestamped\"},\"hostPoolReferences\":[],\"failHealthCheckOnStagingFailure\":\"NeedsAssistance\",\"keyVaultURL\":null}}",
      "isContentBase64": false
    }
  },
  "Update-AzWvdAppAttachPackage+[NoContext]+ImageObjectByPipeline+$GET+https://management.azure.com/subscriptions/dbedef25-184c-430f-b383-0eeb87c3205d/resourceGroups/alecbUserSessionTests/providers/Microsoft.DesktopVirtualization/appAttachPackages/TestPackage?api-version=2024-04-03+2": {
    "Request": {
      "Method": "GET",
      "RequestUri": "https://management.azure.com/subscriptions/dbedef25-184c-430f-b383-0eeb87c3205d/resourceGroups/alecbUserSessionTests/providers/Microsoft.DesktopVirtualization/appAttachPackages/TestPackage?api-version=2024-04-03",
      "Content": null,
      "isContentBase64": false,
      "Headers": {
        "x-ms-unique-id": [ "338" ],
        "x-ms-client-request-id": [ "67e29b2e-7bd7-4798-8e22-1249c27a2926" ],
        "CommandName": [ "Get-AzWvdAppAttachPackage" ],
        "FullCommandName": [ "Get-AzWvdAppAttachPackage_Get" ],
        "ParameterSetName": [ "__AllParameterSets" ],
        "User-Agent": [ "AzurePowershell/v0.0.0", "PSVersion/v7.2.19", "Az.DesktopVirtualization/2.1.0" ],
        "Authorization": [ "[Filtered]" ]
      },
      "ContentHeaders": {
      }
    },
    "Response": {
      "StatusCode": 200,
      "Headers": {
        "Cache-Control": [ "no-cache" ],
        "Pragma": [ "no-cache" ],
        "Vary": [ "Accept-Encoding" ],
        "Set-Cookie": [ "ARRAffinity=de05b342bfa7816b86cf467ecc947b8c2d1419d8d518ac9f49486dea08ed770a;Path=/;HttpOnly;Secure;Domain=rdarmprovider-g-us-r0.wvdselfhost.microsoft.com", "ARRAffinitySameSite=de05b342bfa7816b86cf467ecc947b8c2d1419d8d518ac9f49486dea08ed770a;Path=/;HttpOnly;SameSite=None;Secure;Domain=rdarmprovider-g-us-r0.wvdselfhost.microsoft.com" ],
        "x-ms-ratelimit-remaining-subscription-reads": [ "249" ],
        "X-Rate-Limit-Limit": [ "0" ],
        "X-Rate-Limit-Remaining": [ "9223372036854775807" ],
        "X-Rate-Limit-Reset": [ "0" ],
        "x-ms-opsarmpath64": [ "L3N1YnNjcmlwdGlvbnMvZGJlZGVmMjUtMTg0Yy00MzBmLWIzODMtMGVlYjg3YzMyMDVkL3Jlc291cmNlR3JvdXBzL2FsZWNiVXNlclNlc3Npb25UZXN0cy9wcm92aWRlcnMvTWljcm9zb2Z0LkRlc2t0b3BWaXJ0dWFsaXphdGlvbi9hcHBBdHRhY2hQYWNrYWdlcy9UZXN0UGFja2FnZQ==" ],
        "x-ms-lamport-ts": [ "173945238" ],
        "x-ms-correlation-id": [ "45f32303-e6fa-4a34-be68-643e7d913e3d" ],
        "x-ms-request-id": [ "67e29b2e-7bd7-4798-8e22-1249c27a2926" ],
        "X-Powered-By": [ "ASP.NET" ],
        "X-Content-Type-Options": [ "nosniff" ],
        "x-ms-ratelimit-remaining-subscription-global-reads": [ "3749" ],
        "x-ms-correlation-request-id": [ "f9402f43-772d-402d-b3ec-6103d2b54d06" ],
        "x-ms-routing-request-id": [ "WESTUS:20240808T220952Z:f9402f43-772d-402d-b3ec-6103d2b54d06" ],
        "Strict-Transport-Security": [ "max-age=31536000; includeSubDomains" ],
        "X-Cache": [ "CONFIG_NOCACHE" ],
        "X-MSEdge-Ref": [ "Ref A: AAB204F9F4AC400BB9C4465071D33FCA Ref B: SJC211051205053 Ref C: 2024-08-08T22:09:51Z" ],
        "Date": [ "Thu, 08 Aug 2024 22:09:51 GMT" ]
      },
      "ContentHeaders": {
        "Content-Length": [ "1627" ],
        "Content-Type": [ "application/json; charset=utf-8" ],
        "Expires": [ "-1" ]
      },
      "Content": "{\"name\":\"TestPackage\",\"id\":\"/subscriptions/dbedef25-184c-430f-b383-0eeb87c3205d/resourcegroups/alecbUserSessionTests/providers/Microsoft.DesktopVirtualization/appattachpackages/TestPackage\",\"type\":\"Microsoft.DesktopVirtualization/appattachpackages\",\"location\":\"westus2\",\"tags\":{},\"kind\":null,\"systemData\":{\"createdBy\":\"alecbaird@wvdtesttenant.onmicrosoft.com\",\"createdByType\":\"User\",\"createdAt\":\"2024-08-08T22:09:50.80Z\",\"lastModifiedBy\":\"alecbaird@wvdtesttenant.onmicrosoft.com\",\"lastModifiedByType\":\"User\",\"lastModifiedAt\":\"2024-08-08T22:09:50.80Z\"},\"properties\":{\"customData\":null,\"packageOwnerName\":\"AppAttach\",\"packageLookbackUrl\":null,\"image\":{\"packageAlias\":null,\"imagePath\":\"C:\\\\\\\\msix\\\\SingleMsix.vhd\",\"packageName\":\"MsixUnitTest_Name\",\"packageFamilyName\":\"MsixUnitTest_FamilyName\",\"packageFullName\":\"AATest_FullName_UnitTest\",\"displayName\":\"UnitTest-MSIXPackage\",\"packageRelativePath\":\"MsixUnitTest_RelativePackageRoot\",\"isRegularRegistration\":true,\"isActive\":true,\"packageDependencies\":[{\"dependencyName\":\"MsixTest_Dependency_Name\",\"publisher\":\"MsixTest_Dependency_Publisher\",\"minVersion\":\"0.0.0.42\"}],\"version\":\"0.0.18838.722\",\"lastUpdated\":\"0001-01-01T00:00:00\",\"packageApplications\":[{\"appUserModelID\":\"MsixTest_Application_ModelID\",\"appId\":\"MsixTest_Application_Id\",\"description\":\"testing from ps\",\"friendlyName\":\"some name\",\"iconImageName\":\"Apptile\",\"rawIcon\":\"c29tZSBpbWFnZQ==\",\"rawPng\":\"c29tZSBpbWFnZQ==\"}],\"certificateExpiry\":\"0001-01-01T00:00:00\",\"certificateName\":null,\"isPackageTimestamped\":\"NotTimestamped\"},\"hostPoolReferences\":[],\"failHealthCheckOnStagingFailure\":\"NeedsAssistance\",\"keyVaultURL\":null}}",
      "isContentBase64": false
    }
  },
  "Update-AzWvdAppAttachPackage+[NoContext]+ImageObjectByPipeline+$POST+https://management.azure.com/subscriptions/dbedef25-184c-430f-b383-0eeb87c3205d/resourceGroups/alecbUserSessionTests/providers/Microsoft.DesktopVirtualization/hostPools/alecbRemoteAppHP/importAppAttachPackageInfo?api-version=2024-04-03+3": {
    "Request": {
      "Method": "POST",
      "RequestUri": "https://management.azure.com/subscriptions/dbedef25-184c-430f-b383-0eeb87c3205d/resourceGroups/alecbUserSessionTests/providers/Microsoft.DesktopVirtualization/hostPools/alecbRemoteAppHP/importAppAttachPackageInfo?api-version=2024-04-03",
      "Content": "{\r\n  \"path\": \"C:\\\\AppAttach\\\\Firefox20110.0.1.vhdx\"\r\n}",
      "isContentBase64": false,
      "Headers": {
      },
      "ContentHeaders": {
        "Content-Type": [ "application/json" ],
        "Content-Length": [ "54" ]
      }
    },
    "Response": {
      "StatusCode": 200,
      "Headers": {
        "Cache-Control": [ "no-cache" ],
        "Pragma": [ "no-cache" ],
        "Vary": [ "Accept-Encoding" ],
        "Set-Cookie": [ "ARRAffinity=39d91f16fdd59b39d7a07780844d80b88a73a7f54a8a5e7eeddb8cc0cb631057;Path=/;HttpOnly;Secure;Domain=rdarmprovider-g-us-r0.wvdselfhost.microsoft.com", "ARRAffinitySameSite=39d91f16fdd59b39d7a07780844d80b88a73a7f54a8a5e7eeddb8cc0cb631057;Path=/;HttpOnly;SameSite=None;Secure;Domain=rdarmprovider-g-us-r0.wvdselfhost.microsoft.com" ],
        "x-ms-ratelimit-remaining-subscription-writes": [ "199" ],
        "X-Rate-Limit-Limit": [ "0" ],
        "X-Rate-Limit-Remaining": [ "9223372036854775807" ],
        "X-Rate-Limit-Reset": [ "0" ],
        "x-ms-opsarmpath64": [ "L3N1YnNjcmlwdGlvbnMvZGJlZGVmMjUtMTg0Yy00MzBmLWIzODMtMGVlYjg3YzMyMDVkL3Jlc291cmNlR3JvdXBzL2FsZWNiVXNlclNlc3Npb25UZXN0cy9wcm92aWRlcnMvTWljcm9zb2Z0LkRlc2t0b3BWaXJ0dWFsaXphdGlvbi9ob3N0UG9vbHMvYWxlY2JSZW1vdGVBcHBIUA==" ],
        "x-ms-lamport-ts": [ "173945207" ],
        "x-ms-correlation-id": [ "b41e8751-a413-47c4-979c-2ba18b9c180d" ],
        "x-ms-request-id": [ "9cf2c4fd-b841-479c-b9de-ba1980f1bb0a" ],
        "X-Powered-By": [ "ASP.NET" ],
        "X-Content-Type-Options": [ "nosniff" ],
        "x-ms-ratelimit-remaining-subscription-global-writes": [ "2999" ],
        "x-ms-correlation-request-id": [ "6f164cb4-1ecc-48c4-aaf7-c0bc8cdab4d7" ],
        "x-ms-routing-request-id": [ "WESTUS:20240808T220953Z:6f164cb4-1ecc-48c4-aaf7-c0bc8cdab4d7" ],
        "Strict-Transport-Security": [ "max-age=31536000; includeSubDomains" ],
        "X-Cache": [ "CONFIG_NOCACHE" ],
        "X-MSEdge-Ref": [ "Ref A: AF9A6C3772BF49068AB053A680FF3092 Ref B: SJC211051205053 Ref C: 2024-08-08T22:09:52Z" ],
        "Date": [ "Thu, 08 Aug 2024 22:09:52 GMT" ]
      },
      "ContentHeaders": {
        "Content-Length": [ "62550" ],
        "Content-Type": [ "application/json; charset=utf-8" ],
        "Expires": [ "-1" ]
      },
      "Content": "{\"value\":[{\"name\":\"importappattachpackageinfo\",\"id\":\"/subscriptions/dbedef25-184c-430f-b383-0eeb87c3205d/resourcegroups/alecbUserSessionTests/providers/Microsoft.DesktopVirtualization/appattachpackages/importappattachpackageinfo\",\"type\":\"Microsoft.DesktopVirtualization/appattachpackages\",\"properties\":{\"image\":{\"packageAlias\":\"mozillamozillafirefox\",\"imagePath\":\"C:\\\\AppAttach\\\\Firefox20110.0.1.vhdx\",\"packageName\":\"Mozilla.MozillaFirefox\",\"packageFamilyName\":\"Mozilla.MozillaFirefox_gmpnhwe7bv608\",\"packageFullName\":\"Mozilla.MozillaFirefox_110.0.1.0_x64__gmpnhwe7bv608\",\"displayName\":null,\"packageRelativePath\":\"\\\\apps\\\\Mozilla.MozillaFirefox_110.0.1.0_x64__gmpnhwe7bv608\",\"isRegularRegistration\":false,\"isActive\":false,\"packageDependencies\":[],\"version\":\"110.0.1.0\",\"lastUpdated\":\"2023-03-14T10:38:50.3941546+00:00\",\"packageApplications\":[{\"appUserModelID\":\"Mozilla.MozillaFirefox_gmpnhwe7bv608!App\",\"appId\":\"App\",\"description\":\"MozillaFirefox\",\"friendlyName\":\"MozillaFirefox\",\"iconImageName\":\"DefaultPublishedApplicationIcon\",\"rawIcon\":\"AAABAAgAAAAAAAEAIAAdCQAAhgAAAEBAAAABACAAKEIAAKMJAAAwMAAAAQAgAKglAADLSwAAKCgAAAEAIABoGgAAc3EAACAgAAABACAAqBAAANuLAAAYGAAAAQAgAIgJAACDnAAAFBQAAAEAIAC4BgAAC6YAABAQAAABACAAaAQAAMOsAACJUE5HDQoaCgAAAA1JSERSAAABAAAAAQAIBgAAAFxyqGYAAAjkSURBVHic7dxBiyVXGQbg08FxXJnNbAZDgvgTBlzMMIsIggQFV4FIZLoX4sKl4MKFiAsXgksX4qJnCGQtCP6BkCyE/AQXCYH5C+Ig10XOnTrdfbv73r51qr6q73kgGabndt3iVL3vrarTfU42m00Bcnpj7h0A5qMAIDEFAIkpAEhMAUBiCgASUwCQmAKAxBQAJKYAIDEFAIkpAEhMAUBiCgASUwCQmAKAxBQAJKYAIDEFAIkpAEhMAUBiCgASUwCQmAKAxBQAJKYAIDEFAIkpAEhMAUBiCgASUwCQmAKAxBQAJKYAIDEFAIkpAEhMAUBiCgASUwCQmAKAxBQAJKYAILFvHLuBP/7pz5sxdgQ43G9/8+uTY77fFQAkpgAgiA8/eL88ffK4fPjB+xe+/uP3flTefPPb5Yc/eHf091QAEMQXX35VPvn0s/LFl19d+Ponn35WfvXLX5R/ff756O+pAGBCT588fv3fZe+8/VZ5+uRxeeftt658z1/++rfy/UePRt+fk83muGd4HgLCfDwEBO5MAUBiR/8cQCmlnP38Z2NsBjjA+UcfH70NVwCQ2ChXAJf9/R//vPK1n/7kvR5vBWHtm4M589KlAIQdvtZmYVfQD33d2FwBQGKuACAxVwDQ0b6X81Ne9rdcAUAn++ZgzryYBoTERrkCePjwYXn16tUYmwL2cO/evVG2M0oBvHz5cozNdPPgwYO5dwFCcgsAiSkASEwBQGIKABJTAJCYAoDEuvwk4NJ883f/nnsX0vrvH7439y6kpgCqR9/5VimllO0aqZv6/83m5Os/6+su/vuuv29KKSevv+P1v19+3ZXvv/r6299zc8u/7/H6zQ37tGm/68j32fH3V/+znuzc3AI0hH+68B+5GDUj6XYFcN1vN0X9RSHhF/6Mut4CXA77XL/yuC/hny78wzswJ7cAlfALf0YhHgIee2Uwzm2F8E8Z/n1vA87Pz/d74UqdnZ113X6IAojwXED444W/lP4ByK5rAUS/579I+I9+n0Nef0AJ0E+3AojwqX4I4Z84/CfNC5mNh4AN4Z8u/K4AYlAAlfALf0YKoCH8wp9NiFmACIQ/ZvhNAyaYBoxC+GOFvxTTgL25BaiEP1746U8BNIRf+LNRAJXwC39GCqAh/MKfjfUAKuEX/oysB/Ca8B/1+k7hNw1oGnASwh8v/KWYBuwtRAHEWA9A+O/0+o7hp78QBRDhuYDwC39G1gNoCL/wZ2M9gEr4hT8jPwfQEH7hzybEM4AIhD9m+E0DmgacjPDHCn8ppgF7cwtQCX+88NOfAmgIv/BnowAq4Rf+jDwDaAi/8Ee26XAwFEAl/MIfUY/QtxRAQ/jjhT/7NODp6WnX7VsPoBL+eOEvJdc0YO9P+12sB9AQ/ljhz2CO0LfcAlTCL/xTmTv0rRAFEGE9AOEvdBYp+FshCiDKcwHhZ2wRQ9+yHkAl/Iwleuhb1gNoCH88pgFPu24/xC1ABMIfU/RpwCV92u+iABrCzz6WHvqWAqiEn5usKfQtBdAQflprDX1LAVTCz1aG4G8pgIbw55Up9C0FUAl/TKYBT7tuXwE0hD+esacBs37SX0cBVMK/boK/m/UAGsK/LkJ/O+sBVMK/DkJ/GLcADeFfJqG/uxAFEHM9AOGPTvCPF6IAojwXEP54TAOedt2+9QAq4Y/p7OzMJ31j7LGwHkBD+OMQ+kHPsQhxCxCB8Mcg+IMpxkIBNIR/HkI/mHosFEAl/PMQ/nnHQAE0hJ+pRCk+BVAJf0zPnz+fexdm9ezZs67bVwBbwh9S73nwKUT5tN9FAVTCz5gih76lABrCzzGWEvqWAqiEn7taYvC3rAfQEH72teTQt6wHUAk/t1lL6FtuARrCH49pwGddtx+iAEKsByD8Ic01DbjGT/tdQhRAjOcCwp9dltC3rAdQCX9OGUPfsh5AQ/jzyB78rRC3ABEI//oJ/VUKoCH86yP0N1MAlfDHZBowwTRgFMIfzyHTgD7tD6cAKuFfJqE/jgJoCP8yCP14FEAl/LEJ/WDMsVAADeGPR/AHPcZCAVTCH4fQD3qPhQJoCP98rjvRX7x4MfGeXK/3lNzWlAWoACrhn8dtJ/tUoZvbXFc9CqAh/Ext7tsdBVAJP1OZO/QtBdAQfnqJFPqWAqiEn7FFDX1LATSEnzEsIfhbCqASfo6xpNC3FEBD+DnEUkPfUgCV8LOPNYS+pQAaws911hb8LQVQCT+XrTX0rbQFsOvgCj8ZQt9KVQA3HVzhzytb6FspCmDfAyz8uWQO/laKAtiH8Ocg9BcpgIbwr5PQX08BVMK/LkK/HwWwJfyrIPiHUQCV82a5hP7uFACLJPTjUAAshtCPTwEQnuAPxh4LBUBIQj/oORYKgDCEfjDVWCgAZiX0F009HgoAZjZnCSoAmEGUKx8FABOJEvqWAoDOIgZ/SwFAB5FD31IAMJKlhL6lAOAISwx9SwHAHSw9+FsKAPa0ltC3FADcYI2hb6UugLUfXO4m03mRrgAyHVwOk/HcSFMAGQ8ut8t+XqQogOwHmYucD4MUBQBCv5sCYNUE/2YKgNUR+v0pgFLKf37/3bl34U6c6ANjcTcKYGGc6ANjcTwFsABO9IuMx3gUQGBO9IGxGIw5FgogGCf6wFgMeo2FAgjAiT4wFoMpxkIBzMSJfpHxGEw5FgpgYk70gbEYzDUWCmACTvSBsRhEGAsF0EmEgxuFsRhEGwsFMKJoB3duxmMQdSwUwAiiHtw5GIvBEsZCAdzREg7uVIzFYGljoQAOsLSD25OxGCx5LFIUwP379+feBQhplAI4/+jjMTYDTGyMAnh3hG0AMzhZ8v0LcJw35t4BYD4KABJTAJCYAoDEFAAkpgAgMQUAiSkASEwBQGIKABJTAJCYAoDEFAAkpgAgMQUAiSkASEwBQGIKABJTAJCYAoDEFAAkpgAgMQUAiSkASEwBQGIKABJTAJCYAoDEFAAkpgAgMQUAiSkASEwBQGIKABJTAJCYAoDEFAAkpgAgMQUAiSkASEwBQGIKABJTAJCYAoDE/g8/qFTidANV+QAAAABJRU5ErkJggigAAABAAAAAgAAAAAEAIAAAAAAAAAAAAAAAAAAAAAAAAAAAAAAAAAAAAAAAAAAAAAAAAAAAAAAAAAAAAAAAAAAAAAAAAAAAAAAAAAAAAAAAAAAAAAAAAAAAAAAAAAAAAAAAAAAAAAAAAAAAAAAAAAAAAAAAAAAAAAAAAAAAAAAAAAAAAAAAAAAAAAAAAAAAAAAAAAAAAAAAAAAAAAAAAAAAAAAAAAAAAAAAAAAAAAAAAAAAAAAAAAAAAAAAAAAAAAAAAAAAAAAAAAAAAAAAAAAAAAAAAAAAAAAAAAAAAAAAAAAAAAAAAAAAAAAAAAAAAAAAAAAAAAAAAAAAAAAAAAAAAAAAAAAAAAAAAAAAAAAAAAAAAAAAAAAAAAAAAAAAAAAAAAAAAAAAAAAAAAAAAAAAAAAAAAAAAAAAAAAAAAAAAAAAAAAAAAAAAAAAAAAAAAAAAAAAAAAAAAAAAAAAAAAAAAAAAAAAAAAAAAAAAAAAAAAAAAAAAAAAAAAAAAAAAAAAAAAAAAAAAAAAAAAAAAAAAAAAAAAAAAAAAAAAAAAAAAAAAAAAAAAAAAAAAAAAAAAAAAAAAAAAAAAAAAAAAAAAAAAAAAAAAAAAAAAAAAAAAAAAAAAAAAAAAAAAAAAAAAAAAAAAAAAAAAAAAAAAAAAAAAAAAAAAAAAAAAAAAAAAAAAAAAAAAAAAAAAAAAAAAAAAAAAAAAAAAAAAAAAAAAAAAAAAAAAAAAAAAAAAAAAAAAAAAAAAAAAAAAAAAAAAAAAAAAAAAAAAAAAAAAAAAAAAAAAAAAAAAAAAAAAAAAAAAAAAAAAAAAAAAAAAAAAAAAAAAAAAAAAAAAAAAAAAAAAAAAAAAAAAAAAAAAAAAAAAAAAAAAAAAAAAAAAAAAAAAAAAAAAAAAAAAAAAAAAAAAAAAAAAAAAAAAAAAAAAAAAAAAAAAAAAAAAAAAAAAAAAAAAAAAAAAAAAAAAAAAAAAAAAAAAAAAAAAAAAAAAAAAAAAAAAAAAAAAAAAAAAAAAAAAAAAAAAAAAAAAAAAAAAAAAAAAAAAAAAAAAAAAAAAAAAAAAAAAAAAAAAAAAAAAAAAAAAAAAAAAAAAAAAAAAAAAAAAAAAAAAAAAAAAAAAAAAAAAAAAAAAAAAAAAAAAAAAAAAAAAAAAAAAAAAAAAAAAAAAAAAAAAAAAAAAAAAAAAAAAAAAAAAAAAAAAAAAAAAAAAAAAAAAAAAAAAAAAAAAAAAAAAAAAAAAAAAAAAAAAAAAAAAAAAAAAAAAAAAAAAAAAAAAAAAAAAAAAAAAAAAAAAAAAAAAAAAAAAAAAAAAAAAAAAAAAAAAAAAAAAAAAAAAAAAAAAAAAAAAAAAAAAAAAAAAAAAAAAAAAAAAAAAAAAAAAAAAAAAAAAAAAAAAAAAAAAAAAAAAAAAAAAAAAAAAAAAAAAAAAAAAAAAAAAAAAAAAAAAAAAAAAAAAAAAAAAAAAAAAAAAAAAAAAAAAAAAAAAAAAAAAAAAAAAAAAAAAAAAAAAAAAAAAAAAAAAAAAAAAAAAAAAAAAAAAAAAAAAAAAAAAAAAAAAAAAAAAAAAAAAAAAAAAAAAAAAAAAAAAAAAAAAAAAAAAAAAAAAAAAAAAAAAAAAAAAAAAAAAAAAAAAAAAAAAAAAAAAAAAAAAAAAAAAAAAAAAAAAAAAAAAAAAAAAAAAAAAAAAAAAAAAAAAAAAAAAAAAAAAAAAAAAAAAAAAAAAAAAAAAAAAAAAAAAAAAAAAAAAAAAAAAAAAAAAAAAAAAAAAAAAAAAAAAAAAAAAAAAAAAAAAAAAAAAAAAAAAAAAAAAAAAAAAAAAAAAAAAAAAAAAAAAAAAAAAAAAAAAAAAAAAAAAAAAAAAAAAAAAAAAAAAAAAAAAAAAAAAAAAAAAAAAAAAAAAAAAAAAAAAAAAAAAAAAAAAAAAAAAAAAAAAAAAAAAAAAAAAAAAAAAAAAAAAAAAAAAAAAAAAAAAAAAAAAAAAAAAAAAAAAAAAAAAAAAAAAAAAAAAAAAAAAAAAAAAAAAAAAAAAAAAAAAAAAAAAAAAAAAAAAAAAAAAAAAAAAAAAAAAAAAAAAAAAAAAAAAAAAAAAAAAAAAAAAAAAAAAAAAAAAAAAAAAAAAAAAAAAAAAAAAAAAAAAAAAAAAAAAAAAAAAAAAAAAAAAAAAAAAAAAAAAAAAAAAAAAAAAAAAAAAAAAAAAAAAAAAAAAAAAAAAAAAAAAAAAAAAAAAAAAAAAAAAAAAAAAAAAAAAAAAAAAAAAAAAAAAAAAAAAAAAAAAAAAAAAAAAAAAAAAAAAAAAAAAAAAAAAAAAAAAAAAAAAAAAAAAAAAAAAAAAAAAAAAAAAAAAAAAAAAAAAAAAAAAAAAAAAAAAAAAAAAAAAAAAAAAAAAAAAAAAAAAAAAAAAAAAAAAAAAAAAAAAAAAAAAAAAAAAAAAAAAAAAAAAAAAAAAAAAAAAAAAAAAAAAAAAAAAAAAAAAAAAAAAAAAAAAAAAAAAAAAAAAAAAAAAAAAAAAAAAAAAAAAAAAAAAAAAAAAAAAAAAAAAAAAAAAAAAAAAAAAAAAAAAAAAAAAAAAAAAAAAAAAAAAAAAAAAAAAAAAAAAAAAAAAAAAAAAAAAAAAAAAAAAAAAAAAAAAAAAAAAAAAAAAAAAAAAAAAAAAAAAAAAAAAAAAAAAAAAAAAAAAAAAAAAAAAAAAAAAAAAAAAAAAAAAAAAAAAAAAAAAAAAAAAAAAAAAAAAAAAAAAAAAAAAAAAAAAAAAAAAAAAAAAAAAAAAAAAAAAAAAAAAAAAAAAAAAAAAAAAAAAAAAAAAAAAAAAAAAAAAAAAAAAAAAAAAAAAAAAAAAAAAAAAAAAAAAAAAAAAAAAAAAAAAAAAAAAAAAAAAAAAAAAAAAAAAAAAAAAAAAAAAAAAAAAAAAAAAAAAAAAAAAAAAAAAAAAAAAAAAAAAAAAAAAAAAAAAAAAAAAAAAAAAAAAAAAAAAAAAAAAAAAAAAAAAAAAAAAAAAAAAAAAAAAAAAAAAAAAAAAAAAAAAAAAAAAAAAAAAAAAAAAAAAAAAAAAAAAAAAAAAAAAAAAAAAAAAAAAAAAAAAAAAAAAAAAAAAAAAAAAAAAAAAAAAAAAAAAAAAAAAAAAAAAAAAAAAAAAAAAAAAAAAAAAAAAAAAAAAAAAAAAAAAAAAAAAAAAAAAAAAAAAAAAAAAAAAAAAAAAAAAAAAAAAAAAAAAAAAAAAAAAAAAAAAAAAAAAAAAAAAAAAAAAAAAAAAAAAAAAAAAAAAAAAAAAAAAAAAAAAAAAAAAAAAAAAAAAAAAAAAAAAAAAAAAAAAAAAAAAAAAAAAAAAAAAAAAAAAAAAAAAAAAAAAAAAAAAAAAAAAAAAAAAAAAAAAAAAAAAAAAAAAAAAAAAAAAAAAAAAAAAAAAAAAAAAAAAAAAAAAAAAAAAAAAAAAAAAAAAAAAAAAAAAAAAAAAAAAAAAAAAAAAAAAAAAAAAAAAAAAAAAAAAAAAAAAAAAAAAAAAAAAAAAAAAAAAAAAAAAAAAAAAAAAAAAAAAAAAAAAAAAAAAAAAAAAAAAAAAAAAAAAAAAAAAAAAAAAAAAAAAAAAAAAAAAAAAAAAAAAAAAAAAAAAAAAAAAAAAAAAAAAAAAAAAAAAAAAAAAAAAAAAAAAAAAAAAAAAAAAAAAAAAAAAAAAAAAAAAAAAAAAAAAAAAAAAAAAAAAAAAAAAAAAAAAAAAAAAAAAAAAAAAAAAAAAAAAAAAAAAAAAAAAAAAAAAAAAAAAAAAAAAAAAAAAAAAAAAAAAAAAAAAAAAAAAAAAAAAAAAAAAAAAAAAAAAAAAAAAAAAAACMiYX/jImF/4yJhf+MiYX/jImF/4yJhf+MiYX/jImF/4yJhf+MiYX/jImF/4yJhf+MiYX/jImF/4yJhf+MiYX/jImF/4yJhf+MiYX/jImF/4yJhf+MiYX/jImF/4yJhf+MiYX/jImF/4yJhf+MiYX/jImF/4yJhf+MiYX/jImF/4yJhf+MiYX/jImF/4yJhf+MiYX/jImF/4yJhf+MiYX/jImF/4yJhf+MiYX/jImF/4yJhf+MiYX/jImF/4yJhf+MiYX/jImF/4yJhf+MiYX/jImF/4yJhf+MiYX/jImF/wAAAAAAAAAAAAAAAAAAAAAAAAAAAAAAAAAAAAAAAAAAjImF/+bm5v/m5ub/5ubm/+bm5v/m5ub/5ubm/+bm5v/m5ub/5ubm/+bm5v/6+vr/+fn5//n5+f/5+fn/+fn5//n5+f/5+fn/+Pj4//j4+P/4+Pj/+Pj4//j4+P/4+Pj/9/f3//f39//39/f/9/f3//f39//39/f/9vb2//b29v/29vb/9vb2//b29v/19fX/9fX1//X19f/19fX/9fX1//X19f/09PT/9PT0//T09P/09PT/9PT0//T09P/z8/P/8/Pz//Pz8//z8/P/8/Pz//Pz8//y8vL/8vLy/4yJhf8AAAAAAAAAAAAAAAAAAAAAAAAAAAAAAAAAAAAAAAAAAIyJhf/m5ub/5ubm/+bm5v/m5ub/5ubm/+bm5v/m5ub/5ubm/+bm5v/m5ub/+vr6//r6+v/5+fn/+fn5//n5+f/5+fn/+fn5//n5+f/4+Pj/+Pj4//j4+P/4+Pj/+Pj4//j4+P/39/f/9/f3//f39//39/f/9/f3//f39//29vb/9vb2//b29v/29vb/9vb2//X19f/19fX/9fX1//X19f/19fX/9fX1//T09P/09PT/9PT0//T09P/09PT/9PT0//Pz8//z8/P/8/Pz//Pz8//z8/P/8/Pz//Ly8v+MiYX/AAAAAAAAAAAAAAAAAAAAAAAAAAAAAAAAAAAAAAAAAACMiYX/5ubm/+bm5v/m5ub/5ubm/+bm5v/m5ub/5ubm/+bm5v/m5ub/5ubm//r6+v/6+vr/+vr6//n5+f/5+fn/+fn5//n5+f/5+fn/+fn5//j4+P/4+Pj/+Pj4//j4+P/4+Pj/+Pj4//f39//39/f/9/f3//f39//39/f/9/f3//b29v/29vb/9vb2//b29v/29vb/9fX1//X19f/19fX/9fX1//X19f/19fX/9PT0//T09P/09PT/9PT0//T09P/09PT/8/Pz//Pz8//z8/P/8/Pz//Pz8//z8/P/jImF/wAAAAAAAAAAAAAAAAAAAAAAAAAAAAAAAAAAAAAAAAAAjImF/+bm5v/m5ub/5ubm/+bm5v/m5ub/5ubm/+bm5v/m5ub/5ubm/+bm5v/6+vr/+vr6//r6+v/6+vr/+fn5//n5+f/5+fn/+fn5//n5+f/5+fn/+Pj4//j4+P/4+Pj/+Pj4//j4+P/4+Pj/9/f3//f39//39/f/9/f3//f39//39/f/9vb2//b29v/29vb/9vb2//b29v/19fX/9fX1//X19f/19fX/9fX1//X19f/09PT/9PT0//T09P/09PT/9PT0//T09P/z8/P/8/Pz//Pz8//z8/P/8/Pz/4yJhf8AAAAAAAAAAAAAAAAAAAAAAAAAAAAAAAAAAAAAAAAAAIyJhf/m5ub/5ubm/+bm5v/m5ub/5ubm/+bm5v/m5ub/5ubm/+bm5v/m5ub/+vr6//r6+v/XeAD/13gA/9d4AP/XeAD/13gA/9d4AP/XeAD/13gA/9d4AP/XeAD/13gA/9d4AP/XeAD/13gA/9d4AP/XeAD/13gA/9d4AP/XeAD/13gA/9d4AP/XeAD/13gA/9d4AP/29vb/9vb2//X19f/19fX/9fX1//X19f/19fX/9fX1//T09P/09PT/9PT0//T09P/09PT/9PT0//Pz8//z8/P/8/Pz//Pz8/+MiYX/AAAAAAAAAAAAAAAAAAAAAAAAAAAAAAAAAAAAAAAAAACMiYX/5ubm/+bm5v/m5ub/5ubm/+bm5v/m5ub/5ubm/+bm5v/m5ub/5ubm//r6+v/6+vr/13gA/9d4AP/XeAD/13gA/9d4AP/XeAD/13gA/9d4AP/XeAD/13gA/9d4AP/XeAD/13gA/9d4AP/XeAD/13gA/9d4AP/XeAD/13gA/9d4AP/XeAD/13gA/9d4AP/XeAD/9vb2//b29v/29vb/9fX1//X19f/19fX/9fX1//X19f/19fX/9PT0//T09P/09PT/9PT0//T09P/09PT/8/Pz//Pz8//z8/P/jImF/wAAAAAAAAAAAAAAAAAAAAAAAAAAAAAAAAAAAAAAAAAAjImF/+bm5v/m5ub/5ubm/+bm5v/m5ub/5ubm/+bm5v/m5ub/5ubm/+bm5v/6+vr/+vr6/9d4AP/XeAD/13gA/9d4AP/XeAD/13gA/9d4AP/XeAD/13gA/9d4AP/XeAD/13gA/9d4AP/XeAD/13gA/9d4AP/XeAD/13gA/9d4AP/XeAD/13gA/9d4AP/XeAD/13gA//b29v/29vb/9vb2//b29v/19fX/9fX1//X19f/19fX/9fX1//X19f/09PT/9PT0//T09P/09PT/9PT0//T09P/z8/P/8/Pz/4yJhf8AAAAAAAAAAAAAAAAAAAAAAAAAAAAAAAAAAAAAAAAAAIyJhf/m5ub/5ubm/+bm5v/m5ub/5ubm/+bm5v/m5ub/5ubm/+bm5v/m5ub/+vr6//r6+v/XeAD/13gA/9d4AP/XeAD/13gA/9d4AP/XeAD/13gA/9d4AP/XeAD/13gA/9d4AP/XeAD/13gA/9d4AP/XeAD/13gA/9d4AP/XeAD/13gA/9d4AP/XeAD/13gA/9d4AP/29vb/9vb2//b29v/29vb/9vb2//X19f/19fX/9fX1//X19f/19fX/9fX1//T09P/09PT/9PT0//T09P/09PT/9PT0//Pz8/+MiYX/AAAAAAAAAAAAAAAAAAAAAAAAAAAAAAAAAAAAAAAAAACMiYX/5ubm/+bm5v/m5ub/5ubm/+bm5v/m5ub/5ubm/+bm5v/m5ub/5ubm//r6+v/6+vr/13gA/9d4AP/XeAD/13gA/9d4AP/XeAD/13gA/9d4AP/XeAD/13gA/9d4AP/XeAD/13gA/9d4AP/XeAD/13gA/9d4AP/XeAD/13gA/9d4AP/XeAD/13gA/9d4AP/XeAD/9/f3//b29v/29vb/9vb2//b29v/29vb/9fX1//X19f/19fX/9fX1//X19f/19fX/9PT0//T09P/09PT/9PT0//T09P/09PT/jImF/wAAAAAAAAAAAAAAAAAAAAAAAAAAAAAAAAAAAAAAAAAAjImF/+bm5v/m5ub/5ubm/+bm5v/m5ub/5ubm/+bm5v/m5ub/5ubm/+bm5v/6+vr/+vr6/9d4AP/XeAD/13gA/9d4AP/XeAD/13gA/9d4AP/XeAD/13gA/9d4AP/XeAD/13gA/9d4AP/XeAD/13gA/9d4AP/XeAD/13gA/9d4AP/XeAD/13gA/9d4AP/XeAD/13gA//f39//39/f/9vb2//b29v/29vb/9vb2//b29v/19fX/9fX1//X19f/19fX/9fX1//X19f/09PT/9PT0//T09P/09PT/9PT0/4yJhf8AAAAAAAAAAAAAAAAAAAAAAAAAAAAAAAAAAAAAAAAAAIyJhf/m5ub/5ubm/+bm5v/m5ub/5ubm/+bm5v/m5ub/5ubm/+bm5v/m5ub/+vr6//r6+v/XeAD/13gB/9d4AP/XeAD/13gA/9d4AP/XeAD/13gA/9d4AP/XeAD/13gA/9d4AP/XeAD/13gA/9d4AP/XeAD/13gA/9d4AP/XeAD/13gA/9d4AP/XeAD/13gA/9d4AP/39/f/9/f3//f39//29vb/9vb2//b29v/29vb/9vb2//X19f/19fX/9fX1//X19f/19fX/9fX1//T09P/09PT/9PT0//T09P+MiYX/AAAAAAAAAAAAAAAAAAAAAAAAAAAAAAAAAAAAAAAAAACMiYX/5ubm/+bm5v/m5ub/5ubm/+bm5v/m5ub/5ubm/+bm5v/m5ub/5ubm//r6+v/6+vr/13gA/9d5Av/XeAH/13gA/9d4AP/XeAD/13gA/9d4AP/XeAD/13gA/9d4AP/XeAD/13gA/9d4AP/XeAD/13gA/9d4AP/XeAD/13gA/9d4AP/XeAD/13gA/9d4AP/XeAD/9/f3//f39//39/f/9/f3//b29v/29vb/9vb2//b29v/29vb/9fX1//X19f/19fX/9fX1//X19f/19fX/9PT0//T09P/09PT/jImF/wAAAAAAAAAAAAAAAAAAAAAAAAAAAAAAAAAAAAAAAAAAjImF/+bm5v/m5ub/5ubm/+bm5v/m5ub/5ubm/+bm5v/m5ub/5ubm/+bm5v/6+vr/+vr6/9d4AP/XegP/13kC/9d4Af/XeAD/13gA/9d4AP/XeAD/13gA/9d4AP/XeAD/13gA/9d4AP/XeAD/13gA/9d4AP/XeAD/13gA/9d4AP/XeAD/13gA/9d4AP/XeAD/13gA//f39//39/f/9/f3//f39//39/f/9vb2//b29v/29vb/9vb2//b29v/19fX/9fX1//X19f/19fX/9fX1//X19f/09PT/9PT0/4yJhf8AAAAAAAAAAAAAAAAAAAAAAAAAAAAAAAAAAAAAAAAAAIyJhf/m5ub/5ubm/+bm5v/m5ub/5ubm/+bm5v/m5ub/5ubm/+bm5v/m5ub/+vr6//r6+v/XeAD/2HoE/9d6A//XeQL/13gB/9d4AP/XeAD/13gA/9d4AP/XeAD/13gA/9d4AP/XeAD/13gA/9d4AP/XeAD/13gA/9d4AP/XeAD/13gA/9d4AP/XeAD/13gA/9d4AP/39/f/9/f3//f39//39/f/9/f3//f39//29vb/9vb2//b29v/29vb/9vb2//X19f/19fX/9fX1//X19f/19fX/9fX1//T09P+MiYX/AAAAAAAAAAAAAAAAAAAAAAAAAAAAAAAAAAAAAAAAAACMiYX/5ubm/+bm5v/m5ub/5ubm/+bm5v/m5ub/5ubm/+bm5v/m5ub/5ubm//r6+v/6+vr/13gA/9h7Bf/YegT/13oD/9d5Av/XeAH/13gA/9d4AP/XeAD/13gA/9d4AP/XeAD/13gA/9d4AP/XeAD/13gA/9d4AP/XeAD/13gA/9d4AP/XeAD/13gA/9d4AP/XeAD/+Pj4//f39/+ZmZn/mZmZ/5mZmf+ZmZn/mZmZ/5mZmf+ZmZn/mZmZ/5mZmf+ZmZn/9fX1//X19f/19fX/9fX1//X19f/19fX/jImF/wAAAAAAAAAAAAAAAAAAAAAAAAAAAAAAAAAAAAAAAAAAjImF/+bm5v/m5ub/5ubm/+bm5v/m5ub/5ubm/+bm5v/m5ub/5ubm/+bm5v/6+vr/+vr6/9d4AP/Yewb/2HsF/9h6BP/XegP/13kC/9d4Af/XeAD/13gA/9d4AP/XeAD/13gA/9d4AP/XeAD/13gA/9d4AP/XeAD/13gA/9d4AP/XeAD/13gA/9d4AP/XeAD/13gA//j4+P/4+Pj/9/f3//f39//39/f/9/f3//f39//39/f/9vb2//b29v/29vb/9vb2//b29v/19fX/9fX1//X19f/19fX/9fX1/4yJhf8AAAAAAAAAAAAAAAAAAAAAAAAAAAAAAAAAAAAAAAAAAIyJhf/m5ub/5ubm/5yZlv/m5ub/nJmW/5yZlv+cmZb/nJmW/+bm5v/m5ub/+vr6//r6+v/XeAD/2HwH/9h7Bv/YewX/2HoE/9d6A//XeQL/13gB/9d4AP/XeAD/13gA/9d4AP/XeAD/13gA/9d4AP/XeAD/13gA/9d4AP/XeAD/13gA/9d4AP/XeAD/13gA/9d4AP/4+Pj/+Pj4//j4+P/39/f/9/f3//f39//39/f/9/f3//f39//29vb/9vb2//b29v/29vb/9vb2//X19f/19fX/9fX1//X19f+MiYX/AAAAAAAAAAAAAAAAAAAAAAAAAAAAAAAAAAAAAAAAAACMiYX/5ubm/+bm5v/m5ub/5ubm/+bm5v/m5ub/5ubm/+bm5v/m5ub/5ubm//r6+v/6+vr/13gA/9h8CP/YfAf/2HsG/9h7Bf/YegT/13oD/9d5Av/XeAH/13gA/9d4AP/XeAD/13gA/9d4AP/XeAD/13gA/9d4AP/XeAD/13gA/9d4AP/XeAD/13gA/9d4AP/XeAD/+Pj4//j4+P+ZmZn/mZmZ/5mZmf+ZmZn/mZmZ/5mZmf+ZmZn/mZmZ/5mZmf+ZmZn/mZmZ/5mZmf+ZmZn/mZmZ//X19f/19fX/jImF/wAAAAAAAAAAAAAAAAAAAAAAAAAAAAAAAAAAAAAAAAAAjImF/+bm5v/m5ub/5ubm/+bm5v/m5ub/5ubm/+bm5v/m5ub/5ubm/+bm5v/6+vr/+vr6/9d4AP/YfQn/2HwI/9h8B//Yewb/2HsF/9h6BP/XegP/13kC/9d4Af/XeAD/13gA/9d4AP/XeAD/13gA/9d4AP/XeAD/13gA/9d4AP/XeAD/13gA/9d4AP/XeAD/13gA//j4+P/4+Pj/+Pj4//j4+P/4+Pj/9/f3//f39//39/f/9/f3//f39//39/f/9vb2//b29v/29vb/9vb2//b29v/19fX/9fX1/4yJhf8AAAAAAAAAAAAAAAAAAAAAAAAAAAAAAAAAAAAAAAAAAIyJhf/m5ub/5ubm/+bm5v/m5ub/5ubm/+bm5v/m5ub/5ubm/+bm5v/m5ub/+vr6//r6+v/XeAD/2X4L/9h9Cf/YfAj/2HwH/9h7Bv/YewX/2HoE/9d6A//XeQL/13gB/9d4AP/XeAD/13gA/9d4AP/XeAD/13gA/9d4AP/XeAD/13gA/9d4AP/XeAD/13gA/9d4AP/4+Pj/+Pj4//j4+P/4+Pj/+Pj4//j4+P/39/f/9/f3//f39//39/f/9/f3//f39//29vb/9vb2//b29v/29vb/9vb2//X19f+MiYX/AAAAAAAAAAAAAAAAAAAAAAAAAAAAAAAAAAAAAAAAAACMiYX/5ubm/+bm5v+cmZb/5ubm/5yZlv+cmZb/nJmW/5yZlv/m5ub/5ubm//r6+v/6+vr/13gA/9l+DP/Zfgv/2H0J/9h8CP/YfAf/2HsG/9h7Bf/YegT/13oD/9d5Av/XeAH/13gA/9d4AP/XeAD/13gA/9d4AP/XeAD/13gA/9d4AP/XeAD/13gA/9d4AP/XeAD/+fn5//j4+P+ZmZn/mZmZ/5mZmf+ZmZn/mZmZ/5mZmf+ZmZn/mZmZ/5mZmf+ZmZn/mZmZ/5mZmf+ZmZn/mZmZ//b29v/29vb/jImF/wAAAAAAAAAAAAAAAAAAAAAAAAAAAAAAAAAAAAAAAAAAjImF/+bm5v/m5ub/5ubm/+bm5v/m5ub/5ubm/+bm5v/m5ub/5ubm/+bm5v/6+vr/+vr6/9d4AP/Zfw3/2X4M/9l+C//YfQn/2HwI/9h8B//Yewb/2HsF/9h6BP/XegP/13kC/9d4Af/XeAD/13gA/9d4AP/XeAD/13gA/9d4AP/XeAD/13gA/9d4AP/XeAD/13gA//n5+f/5+fn/+Pj4//j4+P/4+Pj/+Pj4//j4+P/4+Pj/9/f3//f39//39/f/9/f3//f39//39/f/9vb2//b29v/29vb/9vb2/4yJhf8AAAAAAAAAAAAAAAAAAAAAAAAAAAAAAAAAAAAAAAAAAIyJhf/m5ub/5ubm/+bm5v/m5ub/5ubm/+bm5v/m5ub/5ubm/+bm5v/m5ub/+vr6//r6+v/XeAD/2X8O/9l/Df/Zfgz/2X4L/9h9Cf/YfAj/2HwH/9h7Bv/YewX/2HoE/9d6A//XeQL/13gB/9d4AP/XeAD/13gA/9d4AP/XeAD/13gA/9d4AP/XeAD/13gA/9d4AP/5+fn/+fn5//n5+f/4+Pj/+Pj4//j4+P/4+Pj/+Pj4//j4+P/39/f/9/f3//f39//39/f/9/f3//f39//29vb/9vb2//b29v+MiYX/AAAAAAAAAAAAAAAAAAAAAAAAAAAAAAAAAAAAAAAAAACMiYX/5ubm/+bm5v/m5ub/5ubm/+bm5v/m5ub/5ubm/+bm5v/m5ub/5ubm//r6+v/6+vr/13gA/9mAD//Zfw7/2X8N/9l+DP/Zfgv/2H0J/9h8CP/YfAf/2HsG/9h7Bf/YegT/13oD/9d5Av/XeAH/13gA/9d4AP/XeAD/13gA/9d4AP/XeAD/13gA/9d4AP/XeAD/+fn5//n5+f+ZmZn/mZmZ/5mZmf+ZmZn/mZmZ/5mZmf+ZmZn/mZmZ/5mZmf+ZmZn/mZmZ/5mZmf+ZmZn/mZmZ//b29v/29vb/jImF/wAAAAAAAAAAAAAAAAAAAAAAAAAAAAAAAAAAAAAAAAAAjImF/+bm5v/m5ub/nJmW/+bm5v+cmZb/nJmW/5yZlv+cmZb/5ubm/+bm5v/6+vr/+vr6/9d4AP/agBD/2YAP/9l/Dv/Zfw3/2X4M/9l+C//YfQn/2HwI/9h8B//Yewb/2HsF/9h6BP/XegP/13kC/9d4Af/XeAD/13gA/9d4AP/XeAD/13gA/9d4AP/XeAD/13gA//n5+f/5+fn/+fn5//n5+f/5+fn/+Pj4//j4+P/4+Pj/+Pj4//j4+P/4+Pj/9/f3//f39//39/f/9/f3//f39//39/f/9vb2/4yJhf8AAAAAAAAAAAAAAAAAAAAAAAAAAAAAAAAAAAAAAAAAAIyJhf/m5ub/5ubm/+bm5v/m5ub/5ubm/+bm5v/m5ub/5ubm/+bm5v/m5ub/+vr6//r6+v/XeAD/2oER/9qAEP/ZgA//2X8O/9l/Df/Zfgz/2X4L/9h9Cf/YfAj/2HwH/9h7Bv/YewX/2HoE/9d6A//XeQL/13gB/9d4AP/XeAD/13gA/9d4AP/XeAD/13gA/9d4AP/5+fn/+fn5//n5+f/5+fn/+fn5//n5+f/4+Pj/+Pj4//j4+P/4+Pj/+Pj4//j4+P/39/f/9/f3//f39//39/f/9/f3//f39/+MiYX/AAAAAAAAAAAAAAAAAAAAAAAAAAAAAAAAAAAAAAAAAACMiYX/5ubm/+bm5v/m5ub/5ubm/+bm5v/m5ub/5ubm/+bm5v/m5ub/5ubm//r6+v/6+vr/13gA/9qCEv/agRH/2oAQ/9mAD//Zfw7/2X8N/9l+DP/Zfgv/2H0J/9h8CP/YfAf/2HsG/9h7Bf/YegT/13oD/9d5Av/XeAH/13gA/9d4AP/XeAD/13gA/9d4AP/XeAD/+vr6//n5+f+ZmZn/mZmZ/5mZmf+ZmZn/mZmZ/5mZmf+ZmZn/mZmZ/5mZmf+ZmZn/mZmZ/5mZmf+ZmZn/mZmZ//f39//39/f/jImF/wAAAAAAAAAAAAAAAAAAAAAAAAAAAAAAAAAAAAAAAAAAjImF/+bm5v/m5ub/5ubm/+bm5v/m5ub/5ubm/+bm5v/m5ub/5ubm/+bm5v/6+vr/+vr6/9d4AP/aghP/2oIS/9qBEf/agBD/2YAP/9l/Dv/Zfw3/2X4M/9l+C//YfQn/2HwI/9h8B//Yewb/2HsF/9h6BP/XegP/13kC/9d4Af/XeAD/13gA/9d4AP/XeAD/13gA//r6+v/6+vr/+fn5//n5+f/5+fn/+fn5//n5+f/5+fn/+Pj4//j4+P/4+Pj/+Pj4//j4+P/4+Pj/9/f3//f39//39/f/9/f3/4yJhf8AAAAAAAAAAAAAAAAAAAAAAAAAAAAAAAAAAAAAAAAAAIyJhf/m5ub/5ubm/5yZlv/m5ub/nJmW/5yZlv+cmZb/nJmW/+bm5v/m5ub/+vr6//r6+v/XeAD/2oMU/9qCE//aghL/2oER/9qAEP/ZgA//2X8O/9l/Df/Zfgz/2X4L/9h9Cf/YfAj/2HwH/9h7Bv/YewX/2HoE/9d6A//XeQL/13gB/9d4AP/XeAD/13gA/9d4AP/6+vr/+vr6//r6+v/5+fn/+fn5//n5+f/5+fn/+fn5//n5+f/4+Pj/+Pj4//j4+P/4+Pj/+Pj4//j4+P/39/f/9/f3//f39/+MiYX/AAAAAAAAAAAAAAAAAAAAAAAAAAAAAAAAAAAAAAAAAACMiYX/5ubm/+bm5v/m5ub/5ubm/+bm5v/m5ub/5ubm/+bm5v/m5ub/5ubm//r6+v/6+vr/13gA/9qDFf/agxT/2oIT/9qCEv/agRH/2oAQ/9mAD//Zfw7/2X8N/9l+DP/Zfgv/2H0J/9h8CP/YfAf/2HsG/9h7Bf/YegT/13oD/9d5Av/XeAH/13gA/9d4AP/XeAD/+vr6//r6+v+ZmZn/mZmZ/5mZmf+ZmZn/mZmZ/5mZmf+ZmZn/mZmZ/5mZmf+ZmZn/mZmZ/5mZmf+ZmZn/mZmZ//f39//39/f/jImF/wAAAAAAAAAAAAAAAAAAAAAAAAAAAAAAAAAAAAAAAAAAjImF/+bm5v/m5ub/5ubm/+bm5v/m5ub/5ubm/+bm5v/m5ub/5ubm/+bm5v/6+vr/+vr6/9d4AP/bhBf/2oMV/9qDFP/aghP/2oIS/9qBEf/agBD/2YAP/9l/Dv/Zfw3/2X4M/9l+C//YfQn/2HwI/9h8B//Yewb/2HsF/9h6BP/XegP/13kC/9d4Af/XeAD/13gA//r6+v/6+vr/+vr6//r6+v/6+vr/+fn5//n5+f/5+fn/+fn5//n5+f/5+fn/+Pj4//j4+P/4+Pj/+Pj4//j4+P/4+Pj/9/f3/4yJhf8AAAAAAAAAAAAAAAAAAAAAAAAAAAAAAAAAAAAAAAAAAIyJhf/m5ub/5ubm/+bm5v/m5ub/5ubm/+bm5v/m5ub/5ubm/+bm5v/m5ub/+vr6//r6+v/XeAD/24UY/9uEF//agxX/2oMU/9qCE//aghL/2oER/9qAEP/ZgA//2X8O/9l/Df/Zfgz/2X4L/9h9Cf/YfAj/2HwH/9h7Bv/YewX/2HoE/9d6A//XeQL/13gB/9d4AP/6+vr/+vr6//r6+v/6+vr/+vr6//r6+v/5+fn/+fn5//n5+f/5+fn/+fn5//n5+f/4+Pj/+Pj4//j4+P/4+Pj/+Pj4//j4+P+MiYX/AAAAAAAAAAAAAAAAAAAAAAAAAAAAAAAAAAAAAAAAAACMiYX/5ubm/+bm5v+cmZb/5ubm/5yZlv+cmZb/nJmW/5yZlv/m5ub/5ubm//r6+v/6+vr/13gA/9uFGf/bhRj/24QX/9qDFf/agxT/2oIT/9qCEv/agRH/2oAQ/9mAD//Zfw7/2X8N/9l+DP/Zfgv/2H0J/9h8CP/YfAf/2HsG/9h7Bf/YegT/13oD/9d5Av/XeAD/+vr6//r6+v+ZmZn/mZmZ/5mZmf+ZmZn/mZmZ/5mZmf+ZmZn/mZmZ/5mZmf+ZmZn/mZmZ/5mZmf+ZmZn/mZmZ//j4+P/4+Pj/jImF/wAAAAAAAAAAAAAAAAAAAAAAAAAAAAAAAAAAAAAAAAAAjImF/+bm5v/m5ub/5ubm/+bm5v/m5ub/5ubm/+bm5v/m5ub/5ubm/+bm5v/6+vr/+vr6/9d4AP/XeAD/13gA/9d4AP/XeAD/13gA/9d4AP/XeAD/13gA/9d4AP/XeAD/13gA/9d4AP/XeAD/13gA/9d4AP/XeAD/13gA/9d4AP/XeAD/13gA/9d4AP/XeAD/13gA//r6+v/6+vr/+vr6//r6+v/6+vr/+vr6//r6+v/6+vr/+fn5//n5+f/5+fn/+fn5//n5+f/5+fn/+Pj4//j4+P/4+Pj/+Pj4/4yJhf8AAAAAAAAAAAAAAAAAAAAAAAAAAAAAAAAAAAAAAAAAAIyJhf/m5ub/5ubm/+bm5v/m5ub/5ubm/+bm5v/m5ub/5ubm/+bm5v/m5ub/+vr6//r6+v/6+vr/+vr6//r6+v/6+vr/+vr6//r6+v/6+vr/+vr6//r6+v/6+vr/+vr6//r6+v/6+vr/+vr6//r6+v/6+vr/+vr6//r6+v/6+vr/+vr6//r6+v/6+vr/+vr6//r6+v/6+vr/+vr6//r6+v/6+vr/+vr6//r6+v/6+vr/+vr6//r6+v/5+fn/+fn5//n5+f/5+fn/+fn5//n5+f/4+Pj/+Pj4//j4+P+MiYX/AAAAAAAAAAAAAAAAAAAAAAAAAAAAAAAAAAAAAAAAAACMiYX/+vr6//r6+v/6+vr/+vr6//r6+v/6+vr/+vr6//r6+v/6+vr/+vr6//r6+v/6+vr/+vr6//r6+v/6+vr/+vr6//r6+v/6+vr/+vr6//r6+v/6+vr/+vr6//r6+v/6+vr/+vr6//r6+v/6+vr/+vr6//r6+v/6+vr/+vr6//r6+v/6+vr/+vr6//r6+v/6+vr/+vr6//r6+v/6+vr/+vr6//r6+v/6+vr/+vr6//r6+v/6+vr/+vr6//n5+f/5+fn/+fn5//n5+f/5+fn/+fn5//j4+P/4+Pj/jImF/wAAAAAAAAAAAAAAAAAAAAAAAAAAAAAAAAAAAAAAAAAAjImF/+bm5v/m5ub/5ubm/+bm5v/m5ub/5ubm/+bm5v/m5ub/5ubm/+bm5v/m5ub/5ubm/+bm5v/m5ub/5ubm/+bm5v/m5ub/5ubm/+bm5v/m5ub/5ubm/+bm5v/m5ub/5ubm/+bm5v/m5ub/5ubm/+bm5v/m5ub/5ubm/+bm5v/m5ub/5ubm/+bm5v/m5ub/5ubm/+bm5v/m5ub/5ubm/+bm5v/m5ub/5ubm/+bm5v/m5ub/5ubm/+bm5v/m5ub/5ubm/+bm5v/m5ub/5ubm/+bm5v/m5ub/5ubm/4yJhf8AAAAAAAAAAAAAAAAAAAAAAAAAAAAAAAAAAAAAAAAAAIyJhf/m5ub/5ubm/+bm5v/m5ub/5ubm/+bm5v/m5ub/5ubm/+bm5v/m5ub/5ubm/+bm5v/m5ub/5ubm/+bm5v/m5ub/5ubm/+bm5v/m5ub/5ubm/+bm5v/m5ub/5ubm/+bm5v/m5ub/5ubm/+bm5v/m5ub/5ubm/+bm5v/m5ub/5ubm/+bm5v/m5ub/5ubm/+bm5v/m5ub/5ubm/+bm5v/m5ub/5ubm/+bm5v/m5ub/5ubm/+bm5v/m5ub/5ubm/+bm5v/m5ub/5ubm/+bm5v/m5ub/5ubm/+bm5v+MiYX/AAAAAAAAAAAAAAAAAAAAAAAAAAAAAAAAAAAAAAAAAACMiYX/jImF/4yJhf+MiYX/jImF/4yJhf+MiYX/jImF/4yJhf+MiYX/jImF/4yJhf+MiYX/jImF/4yJhf+MiYX/jImF/4yJhf+MiYX/jImF/4yJhf+MiYX/jImF/4yJhf+MiYX/jImF/4yJhf+MiYX/jImF/4yJhf+MiYX/jImF/4yJhf+MiYX/jImF/4yJhf+MiYX/jImF/4yJhf+MiYX/jImF/4yJhf+MiYX/jImF/4yJhf+MiYX/jImF/6mnpP+pp6T/jImF/6mnpP+pp6T/jImF/6mnpP+pp6T/jImF/wAAAAAAAAAAAAAAAAAAAAAAAAAAAAAAAAAAAAAAAAAAjImF/4yJhf+MiYX/jImF/4yJhf+MiYX/jImF/4yJhf+MiYX/jImF/4yJhf+MiYX/jImF/4yJhf+MiYX/jImF/4yJhf+MiYX/jImF/4yJhf+MiYX/jImF/4yJhf+MiYX/jImF/4yJhf+MiYX/jImF/4yJhf+MiYX/jImF/4yJhf+MiYX/jImF/4yJhf+MiYX/jImF/4yJhf+MiYX/jImF/4yJhf+MiYX/jImF/4yJhf+MiYX/jImF/4yJhf/GxML/xsTC/4yJhf/GxML/xsTC/4yJhf/GxML/xsTC/4yJhf8AAAAAAAAAAAAAAAAAAAAAAAAAAAAAAAAAAAAAAAAAAIyJhf+MiYX/jImF/4yJhf+MiYX/jImF/4yJhf+MiYX/jImF/4yJhf+MiYX/jImF/4yJhf+MiYX/jImF/4yJhf+MiYX/jImF/4yJhf+MiYX/jImF/4yJhf+MiYX/jImF/4yJhf+MiYX/jImF/4yJhf+MiYX/jImF/4yJhf+MiYX/jImF/4yJhf+MiYX/jImF/4yJhf+MiYX/jImF/4yJhf+MiYX/jImF/4yJhf+MiYX/jImF/4yJhf+MiYX/jImF/4yJhf+MiYX/jImF/4yJhf+MiYX/jImF/4yJhf+MiYX/AAAAAAAAAAAAAAAAAAAAAAAAAAAAAAAAAAAAAAAAAAAAAAAAAAAAAAAAAAAAAAAAAAAAAAAAAAAAAAAAAAAAAAAAAAAAAAAAAAAAAAAAAAAAAAAAAAAAAAAAAAAAAAAAAAAAAAAAAAAAAAAAAAAAAAAAAAAAAAAAAAAAAAAAAAAAAAAAAAAAAAAAAAAAAAAAAAAAAAAAAAAAAAAAAAAAAAAAAAAAAAAAAAAAAAAAAAAAAAAAAAAAAAAAAAAAAAAAAAAAAAAAAAAAAAAAAAAAAAAAAAAAAAAAAAAAAAAAAAAAAAAAAAAAAAAAAAAAAAAAAAAAAAAAAAAAAAAAAAAAAAAAAAAAAAAAAAAAAAAAAAAAAAAAAAAAAAAAAAAAAAAAAAAAAAAAAAAAAAAAAAAAAAAAAAAAAAAAAAAAAAAAAAAAAAAAAAAAAAAAAAAAAAAAAAAAAAAAAAAAAAAAAAAAAAAAAAAAAAAAAAAAAAAAAAAAAAAAAAAAAAAAAAAAAAAAAAAAAAAAAAAAAAAAAAAAAAAAAAAAAAAAAAAAAAAAAAAAAAAAAAAAAAAAAAAAAAAAAAAAAAAAAAAAAAAAAAAAAAAAAAAAAAAAAAAAAAAAAAAAAAAAAAAAAAAAAAAAAAAAAAAAAAAAAAAAAAAAAAAAAAAAAAAAAAAAAAAAAAAAAAAAAAAAAAAAAAAAAAAAAAAAAAAAAAAAAAAAAAAAAAAAAAAAAAAAAAAAAAAAAAAAAAAAAAAAAAAAAAAAAAAAAAAAAAAAAAAAAAAAAAAAAAAAAAAAAAAAAAAAAAAAAAAAAAAAAAAAAAAAAAAAAAAAAAAAAAAAAAAAAAAAAAAAAAAAAAAAAAAAAAAAAAAAAAAAAAAAAAAAAAAAAAAAAAAAAAAAAAAAAAAAAAAAAAAAAAAAAAAAAAAAAAAAAAAAAAAAAAAAAAAAAAAAAAAAAAAAAAAAAAAAAAAAAAAAAAAAAAAAAAAAAAAAAAAAAAAAAAAAAAAAAAAAAAAAAAAAAAAAAAAAAAAAAAAAAAAAAAAAAAAAAAAAAAAAAAAAAAAAAAAAAAAAAAAAAAAAAAAAAAAAAAAAAAAAAAAAAAAAAAAAAAAAAAAAAAAAAAAAAAAAAAAAAAAAAAAAAAAAAAAAAAAAAAAAAAAAAAAAAAAAAAAAAAAAAAAAAAAAAAAAAAAAAAAAAAAAAAAAAAAAAAAAAAAAAAAAAAAAAAAAAAAAAAAAAAAAAAAAAAAAAAAAAAAAAAAAAAAAAAAAAAAAAAAAAAAAAAAAAAAAAAAAAAAAAAAAAAAAAAAAAAAAAAAAAAAAAAAAAAAAAAAAAAAAAAAAAAAAAAAAAAAAAAAAAAAAAAAAAAAAAAAAAAAAAAAAAAAAAAAAAAAAAAAAAAAAAAAAAAAAAAAAAAAAAAAAAAAAAAAAAAAAAAAAAAAAAAAAAAAAAAAAAAAAAAAAAAAAAAAAAAAAAAAAAAAAAAAAAAAAAAAAAAAAAAAAAAAAAAAAAAAAAAAAAAAAAAAAAAAAAAAAAAAAAAAAAAAAAAAAAAAAAAAAAAAAAAAAAAAAAAAAAAAAAAAAAAAAAAAAAAAAAAAAAAAAAAAAAAAAAAAAAAAAAAAAAAAAAAAAAAAAAAAAAAAAAAAAAAAAAAAAAAAAAAAAAAAAAAAAAAAAAAAAAAAAAAAAAAAAAAAAAAAAAAAAAAAAAAAAAAAAAAAAAAAAAAAAAAAAAAAAAAAAAAAAAAAAAAAAAAAAAAAAAAAAAAAAAAAAAAAAAAAAAAAAAAAAAAAAAAAAAAAAAAAAAAAAAAAAAAAAAAAAAAAAAAAAAAAAAAAAAAAAAAAAAAAAAAAAAAAAAAAAAAAAAAAAAAAAAAAAAAAAAAAAAAAAAAAAAAAAAAAAAAAAAAAAAAAAAAAAAAAAAAAAAAAAAAAAAAAAAAAAAAAAAAAAAAAAAAAAAAAAAAAAAAAAAAAAAAAAAAAAAAAAAAAAAAAAAAAAAAAAAAAAAAAAAAAAAAAAAAAAAAAAAAAAAAAAAAAAAAAAAAAAAAAAAAAAAAAAAAAAAAAAAAAAAAAAAAAAAAAAAAAAAAAAAAAAAAAAAAAAAAAAAAAAAAAAAAAAAAAAAAAAAAAAAAAAAAAAAAAAAAAAAAAAAAAAAAAAAAAAAAAAAAAAAAAAAAAAAAAAAAAAAAAAAAAAAAAAAAAAAAAAAAAAAAAAAAAAAAAAAAAAAAAAAAAAAAAAAAAAAAAAAAAAAAAAAAAAAAAAAAAAAAAAAAAAAAAAAAAAAAAAAAAAAAAAAAAAAAAAAAAAAAAAAAAAAAAAAAAAAAAAAAAAAAAAAAAAAAAAAAAAAAAAAAAAAAAAAAAAAAAAAAAAAAAAAAAAAAAAAAAAAAAAAAAAAAAAAAAAAAAAAAAAAAAAAAAAAAAAAAAAAAAAAAAAAAAAAAAAAAAAAAAAAAAAAAAAAAAAAAAAAAAAAAAAAAAAAAAAAAAAAAAAAAAAAAAAAAAAAAAAAAAAAAAAAAAAAAAAAAAAAAAAAAAAAAAAAAAAAAAAAAAAAAAAAAAAAAAAAAAAAAAAAAAAAAAAAAAAAAAAAAAAAAAAAAAAAAAAAAAAAAAAAAAAAAAAAAAAAAAAAAAAAAAAAAAAAAAAAAAAAAAAAAAAAAAAAAAAAAAAAAAAAAAAAAAAAAAAAAAAAAAAAAAAAAAAAAAAAAAAAAAAAAAAAAAAAAAAAAAAAAAAAAAAAAAAAAAAAAAAAAAAAAAAAAAAAAAAAAAAAAAAAAAAAAAAAAAAAAAAAAAAAAAAAAAAAAAAAAAAAAAAAAAAAAAAAAAAAAAAAAAAAAAAAAAAAAAAAAAAAAAAAAAAAAAAAAAAAAAAAAAAAAAAAAAAAAAAAAAAAAAAAAAAAAAAAAAAAAAAAAAAAAAAAAAAAAAAAAAAAAAAAAAAAAAAAAAAAAAAAAAAAAAAAAAAAAAAAAAAAAAAAAAAAAAAAAAAAAAAAAAAAAAAAAAAAAAAAAAAAAAAAAAAAAAAAAAAAAAAAAAAAAAAAAAAAAAAAAAAAAAAAAAAAAAAAAAAAAAAAAAAAAAAAAAAAAAAAAAAAAAAAAAAAAAAAAAAAAAAAAAAAAAAAAAAAAAAAAAAAAAAAAAAAAAAAAAAAAAAAAAAAAAAAAAAAAAAAAAAAAAAAAAAAAAAAAAAAAAAAAAAAAAAAAAAAAAAAAAAAAAAAAAAAAAAAAAAAAAAAAAAAAAAAAAAAAAAAAAAAAAAAAAAAAAAAAAAAAAAAAAAAAAAAAAAAAAAAAAAAAAAAAAAAAAAAAAAAAAAAAAAAAAAAAAAAAAAAAAAAAAAAAAAAAAAAAAAAAAAAAAAAAAAAAAAAAAAAAAAAAAAAAAAAAAAAAAAAAAAAAAAAAAAAAAAAAAAAAAAAAAAAAAAAAAAAAAAAAAAAAAAAAAAAAAAAAAAAAAAAAAAAAAAAAAAAAAAAAAAAAAAAAAAAAAAAAAAAAAAAAAAAAAAAAAAAAAAAAAAAAAAAAAAAAAAAAAAAAAAAAAAAAAAAAAAAAAAAAAAAAAAAAAAAAAAAAAAAAAAAAAAAAAAAAAAAAAAAAAAAAAAAAAAAAAAAAAAAAAAAAAAAAAAAAAAAAAAAAAAAAAAAAAAAAAAAAAAAAAAAAAAAAAAAAAAAAAAAAAAAAAAAAAAAAAAAAAAAAAAAAAAAAAAAAAAAAAAAAAAAAAAAAAAAAAAAAAAAAAAAAAAAAAAAAAAAAAAAAAAAAAAAAAAAAAAAAAAAAAAAAAAAAAAAAAAAAAAAAAA//////////////////////////////////////////////////////////////////////////////////////////////////////////////////////AAAAAAAAAP8AAAAAAAAA/wAAAAAAAAD/AAAAAAAAAP8AAAAAAAAA/wAAAAAAAAD/AAAAAAAAAP8AAAAAAAAA/wAAAAAAAAD/AAAAAAAAAP8AAAAAAAAA/wAAAAAAAAD/AAAAAAAAAP8AAAAAAAAA/wAAAAAAAAD/AAAAAAAAAP8AAAAAAAAA/wAAAAAAAAD/AAAAAAAAAP8AAAAAAAAA/wAAAAAAAAD/AAAAAAAAAP8AAAAAAAAA/wAAAAAAAAD/AAAAAAAAAP8AAAAAAAAA/wAAAAAAAAD/AAAAAAAAAP8AAAAAAAAA/wAAAAAAAAD/AAAAAAAAAP8AAAAAAAAA/wAAAAAAAAD/AAAAAAAAAP8AAAAAAAAA/wAAAAAAAAD/AAAAAAAAAP8AAAAAAAAA/wAAAAAAAAD/AAAAAAAAAP8AAAAAAAAA/wAAAAAAAAD/////////////////////////////////////////////////////////////////////////////////////////////////////////////////////8oAAAAMAAAAGAAAAABACAAAAAAAAAAAAAAAAAAAAAAAAAAAAAAAAAAAAAAAAAAAAAAAAAAAAAAAAAAAAAAAAAAAAAAAAAAAAAAAAAAAAAAAAAAAAAAAAAAAAAAAAAAAAAAAAAAAAAAAAAAAAAAAAAAAAAAAAAAAAAAAAAAAAAAAAAAAAAAAAAAAAAAAAAAAAAAAAAAAAAAAAAAAAAAAAAAAAAAAAAAAAAAAAAAAAAAAAAAAAAAAAAAAAAAAAAAAAAAAAAAAAAAAAAAAAAAAAAAAAAAAAAAAAAAAAAAAAAAAAAAAAAAAAAAAAAAAAAAAAAAAAAAAAAAAAAAAAAAAAAAAAAAAAAAAAAAAAAAAAAAAAAAAAAAAAAAAAAAAAAAAAAAAAAAAAAAAAAAAAAAAAAAAAAAAAAAAAAAAAAAAAAAAAAAAAAAAAAAAAAAAAAAAAAAAAAAAAAAAAAAAAAAAAAAAAAAAAAAAAAAAAAAAAAAAAAAAAAAAAAAAAAAAAAAAAAAAAAAAAAAAAAAAAAAAAAAAAAAAAAAAAAAAAAAAAAAAAAAAAAAAAAAAAAAAAAAAAAAAAAAAAAAAAAAAAAAAAAAAAAAAAAAAAAAAAAAAAAAAAAAAAAAAAAAAAAAAAAAAAAAAAAAAAAAAAAAAAAAAAAAAAAAAAAAAAAAAAAAAAAAAAAAAAAAAAAAAAAAAAAAAAAAAAAAAAAAAAAAAAAAAAAAAAAAAAAAAAAAAAAAAAAAAAAAAAAAAAAAAAAAAAAAAAAAAAAAAAAAAAAAAAAAAAAAAAAAAAAAAAAAAAAAAAAAAAAAAAAAAAAAAAAAAAAAAAAAAAAAAAAAAAAAAAAAAAAAAAAAAAAAAAAAAAAAAAAAAAAAAAAAAAAAAAAAAAAAAAAAAAAAAAAAAAAAAAAAAAAAAAAAAAAAAAAAAAAAAAAAAAAAAAAAAAAAAAAAAAAAAAAAAAAAAAAAAAAAAAAAAAAAAAAAAAAAAAAAAAAAAAAAAAAAAAAAAAAAAAAAAAAAAAAAAAAAAAAAAAAAAAAAAAAAAAAAAAAAAAAAAAAAAAAAAAAAAAAAAAAAAAAAAAAAAAAAAAAAAAAAAAAAAAAAAAAAAAAAAAAAAAAAAAAAAAAAAAAAAAAAAAAAAAAAAAAAAAAAAAAAAAAAAAAAAAAAAAAAAAAAAAAAAAAAAAAAAAAAAAAAAAAAAAAAAAAAAAAAAAAAAAAAAAAAAAAAAAAAAAAAAAAAAAAAAAAAAAAAAAAAAAAAAAAAAAAAAAAAAAAAAAAAAAAAAAAAAAAAAAAAAAAAAAAAAAAAAAAAAAAAAAAAAAAAAAAAAAAAAAAAAAAAAAAAAAAAAAAAAAAAAAAAAAAAAAAAAAAAAAAAAAAAAAAAAAAAAAAAAAAAAAAAAAAAAAAAAAAAAAAAAAAAAAAAAAAAAAAAAAAAAAAAAAAAAAAAAAAAAAAAAAAAAAAAAAAAAAAAAAAAAAAAAAAAAAAAAAAAAAAAAAAAAAAAAAAAAAAAAAAAAAAAAAAAAAAAAAAAAAAAAAAAAAAAAAAAAAAAAAAAAAAAAAAAAAAAAAAAAAAAAAAAAAAAAAAAAAAAAAAAAAAAAAAAAAAAAAAAAAAAAAAAAAAAAAAAAAAAAAAAAAAAAAAAAAAAAAAAAAAAAAAAAAAAAAAAAAAAAAAAAAAAAAAAAAAAAAAAAAAAAAAAAAAAAAAAAAAAAAAAAAAAAAAAAAAAAAAAAAAAAAAAAAAAAAAAAAAAAAAAAAAAAAAAAAAAAAAAAAAAAAAAAAAAAAAAAAAAAAAAAAAAAAAAAAAAAAAAAAAAAAAAAAAAAAAAAAAAAAAAAAAAAAAAAAAAAAAAAAAAAAAAAAAAAAAAAAAAAAAAAAAAAAAAAAAAAAAAAAAAAAAAAAAAAAAAAAAAAAAAAAAAAAAAAAAAAAAAAAAAAAAAAAAAAAAAAAAAAAAAAAAAAAAAAAAAAAAAAAAAAAAAAAAAAAAAAAAAAAAAAAAAAAAAAAAAAAAAAAAAAAAAAAAAAAAAAAAAAAAAAAAAAAAAAAAAAAAAAAAAAAAAAAAAAAAAAAAAAAAAAAAAAAAAAAAAAAAAAAAAAAAAAAAAAAAAAAAAAAAAAAAAAAAAAAAAAAAAAAAAAAAAAAAAAAAAAAAAAAAAAAAAAAAAAAAAAAAAAAAAAAAAAAAAAAAAAAAAAAAAAAAAAAAAAAAAAAAAAAAAAAAAAAAAAAAAAAAAAAAAAAAAAAAAAAAAAAAAAAAAAAAAAAAAAAAAAAAAAAAAAAAAAAAAAAAAAAAAAAAAAAAAAAAAAAAAAAAAAAAAAAAAAAAAAAAAAAAAAAAAAAAAAAAAAAAAAAAAAAAAAAAAAAAAAAAAAAAAjImF/4yJhf+MiYX/jImF/4yJhf+MiYX/jImF/4yJhf+MiYX/jImF/4yJhf+MiYX/jImF/4yJhf+MiYX/jImF/4yJhf+MiYX/jImF/4yJhf+MiYX/jImF/4yJhf+MiYX/jImF/4yJhf+MiYX/jImF/4yJhf+MiYX/jImF/4yJhf+MiYX/jImF/4yJhf+MiYX/jImF/4yJhf+MiYX/jImF/4yJhf+MiYX/AAAAAAAAAAAAAAAAAAAAAAAAAAAAAAAAjImF/+bm5v/m5ub/5ubm/+bm5v/m5ub/5ubm/+bm5v/m5ub/+vr6//n5+f/5+fn/+fn5//n5+f/4+Pj/+Pj4//j4+P/4+Pj/9/f3//f39//39/f/9/f3//f39//29vb/9vb2//b29v/29vb/9fX1//X19f/19fX/9fX1//T09P/09PT/9PT0//T09P/z8/P/8/Pz//Pz8//z8/P/8/Pz//Ly8v+MiYX/AAAAAAAAAAAAAAAAAAAAAAAAAAAAAAAAjImF/+bm5v/m5ub/5ubm/+bm5v/m5ub/5ubm/+bm5v/m5ub/+vr6//r6+v/5+fn/+fn5//n5+f/5+fn/+Pj4//j4+P/4+Pj/+Pj4//f39//39/f/9/f3//f39//39/f/9vb2//b29v/29vb/9vb2//X19f/19fX/9fX1//X19f/09PT/9PT0//T09P/09PT/8/Pz//Pz8//z8/P/8/Pz//Pz8/+MiYX/AAAAAAAAAAAAAAAAAAAAAAAAAAAAAAAAjImF/+bm5v/m5ub/5ubm/+bm5v/m5ub/5ubm/+bm5v/m5ub/+vr6//r6+v/6+vr/+fn5//n5+f/5+fn/+fn5//j4+P/4+Pj/+Pj4//j4+P/39/f/9/f3//f39//39/f/9/f3//b29v/29vb/9vb2//b29v/19fX/9fX1//X19f/19fX/9PT0//T09P/09PT/9PT0//Pz8//z8/P/8/Pz//Pz8/+MiYX/AAAAAAAAAAAAAAAAAAAAAAAAAAAAAAAAjImF/+bm5v/m5ub/5ubm/+bm5v/m5ub/5ubm/+bm5v/m5ub/+vr6/9d4AP/XeAD/13gA/9d4AP/XeAD/13gA/9d4AP/XeAD/13gA/9d4AP/XeAD/13gA/9d4AP/XeAD/13gA/9d4AP/XeAD/9vb2//b29v/29vb/9fX1//X19f/19fX/9fX1//T09P/09PT/9PT0//T09P/z8/P/8/Pz//Pz8/+MiYX/AAAAAAAAAAAAAAAAAAAAAAAAAAAAAAAAjImF/+bm5v/m5ub/5ubm/+bm5v/m5ub/5ubm/+bm5v/m5ub/+vr6/9d4AP/XeAD/13gA/9d4AP/XeAD/13gA/9d4AP/XeAD/13gA/9d4AP/XeAD/13gA/9d4AP/XeAD/13gA/9d4AP/XeAD/9vb2//b29v/29vb/9vb2//X19f/19fX/9fX1//X19f/09PT/9PT0//T09P/09PT/8/Pz//Pz8/+MiYX/AAAAAAAAAAAAAAAAAAAAAAAAAAAAAAAAjImF/+bm5v/m5ub/5ubm/+bm5v/m5ub/5ubm/+bm5v/m5ub/+vr6/9d4AP/XeAD/13gA/9d4AP/XeAD/13gA/9d4AP/XeAD/13gA/9d4AP/XeAD/13gA/9d4AP/XeAD/13gA/9d4AP/XeAD/9/f3//b29v/29vb/9vb2//b29v/19fX/9fX1//X19f/19fX/9PT0//T09P/09PT/9PT0//Pz8/+MiYX/AAAAAAAAAAAAAAAAAAAAAAAAAAAAAAAAjImF/+bm5v/m5ub/5ubm/+bm5v/m5ub/5ubm/+bm5v/m5ub/+vr6/9d4AP/XeAD/13gA/9d4AP/XeAD/13gA/9d4AP/XeAD/13gA/9d4AP/XeAD/13gA/9d4AP/XeAD/13gA/9d4AP/XeAD/9/f3//f39//29vb/9vb2//b29v/29vb/9fX1//X19f/19fX/9fX1//T09P/09PT/9PT0//T09P+MiYX/AAAAAAAAAAAAAAAAAAAAAAAAAAAAAAAAjImF/+bm5v/m5ub/5ubm/+bm5v/m5ub/5ubm/+bm5v/m5ub/+vr6/9d4AP/XeAD/13gA/9d4AP/XeAD/13gA/9d4AP/XeAD/13gA/9d4AP/XeAD/13gA/9d4AP/XeAD/13gA/9d4AP/XeAD/9/f3//f39//39/f/9vb2//b29v/29vb/9vb2//X19f/19fX/9fX1//X19f/09PT/9PT0//T09P+MiYX/AAAAAAAAAAAAAAAAAAAAAAAAAAAAAAAAjImF/+bm5v/m5ub/5ubm/+bm5v/m5ub/5ubm/+bm5v/m5ub/+vr6/9d4AP/XeQL/13gA/9d4AP/XeAD/13gA/9d4AP/XeAD/13gA/9d4AP/XeAD/13gA/9d4AP/XeAD/13gA/9d4AP/XeAD/9/f3//f39/+ZmZn/mZmZ/5mZmf+ZmZn/mZmZ/5mZmf/19fX/9fX1//X19f/19fX/9PT0//T09P+MiYX/AAAAAAAAAAAAAAAAAAAAAAAAAAAAAAAAjImF/+bm5v/m5ub/5ubm/+bm5v/m5ub/5ubm/+bm5v/m5ub/+vr6/9d4AP/XegP/13kC/9d4AP/XeAD/13gA/9d4AP/XeAD/13gA/9d4AP/XeAD/13gA/9d4AP/XeAD/13gA/9d4AP/XeAD/9/f3//f39//39/f/9/f3//f39//29vb/9vb2//b29v/29vb/9fX1//X19f/19fX/9fX1//T09P+MiYX/AAAAAAAAAAAAAAAAAAAAAAAAAAAAAAAAjImF/+bm5v+cmZb/5ubm/5yZlv+cmZb/nJmW/5yZlv/m5ub/+vr6/9d4AP/YewX/13oD/9d5Av/XeAD/13gA/9d4AP/XeAD/13gA/9d4AP/XeAD/13gA/9d4AP/XeAD/13gA/9d4AP/XeAD/+Pj4//f39/+ZmZn/mZmZ/5mZmf+ZmZn/mZmZ/5mZmf+ZmZn/mZmZ/5mZmf+ZmZn/9fX1//X19f+MiYX/AAAAAAAAAAAAAAAAAAAAAAAAAAAAAAAAjImF/+bm5v/m5ub/5ubm/+bm5v/m5ub/5ubm/+bm5v/m5ub/+vr6/9d4AP/YfAf/2HsF/9d6A//XeQL/13gA/9d4AP/XeAD/13gA/9d4AP/XeAD/13gA/9d4AP/XeAD/13gA/9d4AP/XeAD/+Pj4//j4+P/39/f/9/f3//f39//39/f/9/f3//b29v/29vb/9vb2//b29v/19fX/9fX1//X19f+MiYX/AAAAAAAAAAAAAAAAAAAAAAAAAAAAAAAAjImF/+bm5v/m5ub/5ubm/+bm5v/m5ub/5ubm/+bm5v/m5ub/+vr6/9d4AP/YfAj/2HwH/9h7Bf/XegP/13kC/9d4AP/XeAD/13gA/9d4AP/XeAD/13gA/9d4AP/XeAD/13gA/9d4AP/XeAD/+Pj4//j4+P+ZmZn/mZmZ/5mZmf+ZmZn/mZmZ/5mZmf+ZmZn/mZmZ/5mZmf+ZmZn/9fX1//X19f+MiYX/AAAAAAAAAAAAAAAAAAAAAAAAAAAAAAAAjImF/+bm5v+cmZb/5ubm/5yZlv+cmZb/nJmW/5yZlv/m5ub/+vr6/9d4AP/ZfQr/2HwI/9h8B//YewX/13oD/9d5Av/XeAD/13gA/9d4AP/XeAD/13gA/9d4AP/XeAD/13gA/9d4AP/XeAD/+Pj4//j4+P/4+Pj/+Pj4//f39//39/f/9/f3//f39//39/f/9vb2//b29v/29vb/9vb2//X19f+MiYX/AAAAAAAAAAAAAAAAAAAAAAAAAAAAAAAAjImF/+bm5v/m5ub/5ubm/+bm5v/m5ub/5ubm/+bm5v/m5ub/+vr6/9d4AP/Zfgv/2X0K/9h8CP/YfAf/2HsF/9d6A//XeQL/13gA/9d4AP/XeAD/13gA/9d4AP/XeAD/13gA/9d4AP/XeAD/+fn5//j4+P+ZmZn/mZmZ/5mZmf+ZmZn/mZmZ/5mZmf+ZmZn/mZmZ/5mZmf+ZmZn/9vb2//b29v+MiYX/AAAAAAAAAAAAAAAAAAAAAAAAAAAAAAAAjImF/+bm5v/m5ub/5ubm/+bm5v/m5ub/5ubm/+bm5v/m5ub/+vr6/9d4AP/Zfw3/2X4L/9l9Cv/YfAj/2HwH/9h7Bf/XegP/13kC/9d4AP/XeAD/13gA/9d4AP/XeAD/13gA/9d4AP/XeAD/+fn5//n5+f/4+Pj/+Pj4//j4+P/4+Pj/9/f3//f39//39/f/9/f3//f39//29vb/9vb2//b29v+MiYX/AAAAAAAAAAAAAAAAAAAAAAAAAAAAAAAAjImF/+bm5v+cmZb/5ubm/5yZlv+cmZb/nJmW/5yZlv/m5ub/+vr6/9d4AP/Zfw7/2X8N/9l+C//ZfQr/2HwI/9h8B//YewX/13oD/9d5Av/XeAD/13gA/9d4AP/XeAD/13gA/9d4AP/XeAD/+fn5//n5+f+ZmZn/mZmZ/5mZmf+ZmZn/mZmZ/5mZmf+ZmZn/mZmZ/5mZmf+ZmZn/9vb2//b29v+MiYX/AAAAAAAAAAAAAAAAAAAAAAAAAAAAAAAAjImF/+bm5v/m5ub/5ubm/+bm5v/m5ub/5ubm/+bm5v/m5ub/+vr6/9d4AP/ZgBD/2X8O/9l/Df/Zfgv/2X0K/9h8CP/YfAf/2HsF/9d6A//XeQL/13gA/9d4AP/XeAD/13gA/9d4AP/XeAD/+fn5//n5+f/5+fn/+fn5//j4+P/4+Pj/+Pj4//j4+P/39/f/9/f3//f39//39/f/9/f3//b29v+MiYX/AAAAAAAAAAAAAAAAAAAAAAAAAAAAAAAAjImF/+bm5v/m5ub/5ubm/+bm5v/m5ub/5ubm/+bm5v/m5ub/+vr6/9d4AP/agRL/2YAQ/9l/Dv/Zfw3/2X4L/9l9Cv/YfAj/2HwH/9h7Bf/XegP/13kC/9d4AP/XeAD/13gA/9d4AP/XeAD/+vr6//n5+f+ZmZn/mZmZ/5mZmf+ZmZn/mZmZ/5mZmf+ZmZn/mZmZ/5mZmf+ZmZn/9/f3//f39/+MiYX/AAAAAAAAAAAAAAAAAAAAAAAAAAAAAAAAjImF/+bm5v+cmZb/5ubm/5yZlv+cmZb/nJmW/5yZlv/m5ub/+vr6/9d4AP/aghP/2oES/9mAEP/Zfw7/2X8N/9l+C//ZfQr/2HwI/9h8B//YewX/13oD/9d5Av/XeAD/13gA/9d4AP/XeAD/+vr6//r6+v/5+fn/+fn5//n5+f/5+fn/+Pj4//j4+P/4+Pj/+Pj4//f39//39/f/9/f3//f39/+MiYX/AAAAAAAAAAAAAAAAAAAAAAAAAAAAAAAAjImF/+bm5v/m5ub/5ubm/+bm5v/m5ub/5ubm/+bm5v/m5ub/+vr6/9d4AP/agxX/2oIT/9qBEv/ZgBD/2X8O/9l/Df/Zfgv/2X0K/9h8CP/YfAf/2HsF/9d6A//XeQL/13gA/9d4AP/XeAD/+vr6//r6+v+ZmZn/mZmZ/5mZmf+ZmZn/mZmZ/5mZmf+ZmZn/mZmZ/5mZmf+ZmZn/9/f3//f39/+MiYX/AAAAAAAAAAAAAAAAAAAAAAAAAAAAAAAAjImF/+bm5v/m5ub/5ubm/+bm5v/m5ub/5ubm/+bm5v/m5ub/+vr6/9d4AP/ahBb/2oMV/9qCE//agRL/2YAQ/9l/Dv/Zfw3/2X4L/9l9Cv/YfAj/2HwH/9h7Bf/XegP/13kC/9d4AP/XeAD/+vr6//r6+v/6+vr/+vr6//n5+f/5+fn/+fn5//n5+f/4+Pj/+Pj4//j4+P/4+Pj/9/f3//f39/+MiYX/AAAAAAAAAAAAAAAAAAAAAAAAAAAAAAAAjImF/+bm5v+cmZb/5ubm/5yZlv+cmZb/nJmW/5yZlv/m5ub/+vr6/9d4AP/bhRj/2oQW/9qDFf/aghP/2oES/9mAEP/Zfw7/2X8N/9l+C//ZfQr/2HwI/9h8B//YewX/13oD/9d5Av/XeAD/+vr6//r6+v+ZmZn/mZmZ/5mZmf+ZmZn/mZmZ/5mZmf+ZmZn/mZmZ/5mZmf+ZmZn/+Pj4//f39/+MiYX/AAAAAAAAAAAAAAAAAAAAAAAAAAAAAAAAjImF/+bm5v/m5ub/5ubm/+bm5v/m5ub/5ubm/+bm5v/m5ub/+vr6/9d4AP/XeAD/13gA/9d4AP/XeAD/13gA/9d4AP/XeAD/13gA/9d4AP/XeAD/13gA/9d4AP/XeAD/13gA/9d4AP/XeAD/+vr6//r6+v/6+vr/+vr6//r6+v/6+vr/+fn5//n5+f/5+fn/+fn5//j4+P/4+Pj/+Pj4//j4+P+MiYX/AAAAAAAAAAAAAAAAAAAAAAAAAAAAAAAAjImF/+bm5v/m5ub/5ubm/+bm5v/m5ub/5ubm/+bm5v/m5ub/+vr6//r6+v/6+vr/+vr6//r6+v/6+vr/+vr6//r6+v/6+vr/+vr6//r6+v/6+vr/+vr6//r6+v/6+vr/+vr6//r6+v/6+vr/+vr6//r6+v/6+vr/+vr6//r6+v/6+vr/+vr6//n5+f/5+fn/+fn5//n5+f/4+Pj/+Pj4//j4+P+MiYX/AAAAAAAAAAAAAAAAAAAAAAAAAAAAAAAAjImF//r6+v/6+vr/+vr6//r6+v/6+vr/+vr6//r6+v/6+vr/+vr6//r6+v/6+vr/+vr6//r6+v/6+vr/+vr6//r6+v/6+vr/+vr6//r6+v/6+vr/+vr6//r6+v/6+vr/+vr6//r6+v/6+vr/+vr6//r6+v/6+vr/+vr6//r6+v/6+vr/+vr6//r6+v/5+fn/+fn5//n5+f/5+fn/+Pj4//j4+P+MiYX/AAAAAAAAAAAAAAAAAAAAAAAAAAAAAAAAjImF/+bm5v/m5ub/5ubm/+bm5v/m5ub/5ubm/+bm5v/m5ub/5ubm/+bm5v/m5ub/5ubm/+bm5v/m5ub/5ubm/+bm5v/m5ub/5ubm/+bm5v/m5ub/5ubm/+bm5v/m5ub/5ubm/+bm5v/m5ub/5ubm/+bm5v/m5ub/5ubm/+bm5v/m5ub/5ubm/+bm5v/m5ub/5ubm/+bm5v/m5ub/5ubm/+bm5v+MiYX/AAAAAAAAAAAAAAAAAAAAAAAAAAAAAAAAjImF/4yJhf+MiYX/jImF/4yJhf+MiYX/jImF/4yJhf+MiYX/jImF/4yJhf+MiYX/jImF/4yJhf+MiYX/jImF/4yJhf+MiYX/jImF/4yJhf+MiYX/jImF/4yJhf+MiYX/jImF/4yJhf+MiYX/jImF/4yJhf+MiYX/jImF/4yJhf+MiYX/qaek/6mnpP+MiYX/qaek/6mnpP+MiYX/qaek/6mnpP+MiYX/AAAAAAAAAAAAAAAAAAAAAAAAAAAAAAAAjImF/4yJhf+MiYX/jImF/4yJhf+MiYX/jImF/4yJhf+MiYX/jImF/4yJhf+MiYX/jImF/4yJhf+MiYX/jImF/4yJhf+MiYX/jImF/4yJhf+MiYX/jImF/4yJhf+MiYX/jImF/4yJhf+MiYX/jImF/4yJhf+MiYX/jImF/4yJhf+MiYX/xsTC/8bEwv+MiYX/xsTC/8bEwv+MiYX/xsTC/8bEwv+MiYX/AAAAAAAAAAAAAAAAAAAAAAAAAAAAAAAAjImF/4yJhf+MiYX/jImF/4yJhf+MiYX/jImF/4yJhf+MiYX/jImF/4yJhf+MiYX/jImF/4yJhf+MiYX/jImF/4yJhf+MiYX/jImF/4yJhf+MiYX/jImF/4yJhf+MiYX/jImF/4yJhf+MiYX/jImF/4yJhf+MiYX/jImF/4yJhf+MiYX/jImF/4yJhf+MiYX/jImF/4yJhf+MiYX/jImF/4yJhf+MiYX/AAAAAAAAAAAAAAAAAAAAAAAAAAAAAAAAAAAAAAAAAAAAAAAAAAAAAAAAAAAAAAAAAAAAAAAAAAAAAAAAAAAAAAAAAAAAAAAAAAAAAAAAAAAAAAAAAAAAAAAAAAAAAAAAAAAAAAAAAAAAAAAAAAAAAAAAAAAAAAAAAAAAAAAAAAAAAAAAAAAAAAAAAAAAAAAAAAAAAAAAAAAAAAAAAAAAAAAAAAAAAAAAAAAAAAAAAAAAAAAAAAAAAAAAAAAAAAAAAAAAAAAAAAAAAAAAAAAAAAAAAAAAAAAAAAAAAAAAAAAAAAAAAAAAAAAAAAAAAAAAAAAAAAAAAAAAAAAAAAAAAAAAAAAAAAAAAAAAAAAAAAAAAAAAAAAAAAAAAAAAAAAAAAAAAAAAAAAAAAAAAAAAAAAAAAAAAAAAAAAAAAAAAAAAAAAAAAAAAAAAAAAAAAAAAAAAAAAAAAAAAAAAAAAAAAAAAAAAAAAAAAAAAAAAAAAAAAAAAAAAAAAAAAAAAAAAAAAAAAAAAAAAAAAAAAAAAAAAAAAAAAAAAAAAAAAAAAAAAAAAAAAAAAAAAAAAAAAAAAAAAAAAAAAAAAAAAAAAAAAAAAAAAAAAAAAAAAAAAAAAAAAAAAAAAAAAAAAAAAAAAAAAAAAAAAAAAAAAAAAAAAAAAAAAAAAAAAAAAAAAAAAAAAAAAAAAAAAAAAAAAAAAAAAAAAAAAAAAAAAAAAAAAAAAAAAAAAAAAAAAAAAAAAAAAAAAAAAAAAAAAAAAAAAAAAAAAAAAAAAAAAAAAAAAAAAAAAAAAAAAAAAAAAAAAAAAAAAAAAAAAAAAAAAAAAAAAAAAAAAAAAAAAAAAAAAAAAAAAAAAAAAAAAAAAAAAAAAAAAAAAAAAAAAAAAAAAAAAAAAAAAAAAAAAAAAAAAAAAAAAAAAAAAAAAAAAAAAAAAAAAAAAAAAAAAAAAAAAAAAAAAAAAAAAAAAAAAAAAAAAAAAAAAAAAAAAAAAAAAAAAAAAAAAAAAAAAAAAAAAAAAAAAAAAAAAAAAAAAAAAAAAAAAAAAAAAAAAAAAAAAAAAAAAAAAAAAAAAAAAAAAAAAAAAAAAAAAAAAAAAAAAAAAAAAAAAAAAAAAAAAAAAAAAAAAAAAAAAAAAAAAAAAAAAAAAAAAAAAAAAAAAAAAAAAAAAAAAAAAAAAAAAAAAAAAAAAAAAAAAAAAAAAAAAAAAAAAAAAAAAAAAAAAAAAAAAAAAAAAAAAAAAAAAAAAAAAAAAAAAAAAAAAAAAAAAAAAAAAAAAAAAAAAAAAAAAAAAAAAAAAAAAAAAAAAAAAAAAAAAAAAAAAAAAAAAAAAAAAAAAAAAAAAAAAAAAAAAAAAAAAAAAAAAAAAAAAAAAAAAAAAAAAAAAAAAAAAAAAAAAAAAAAAAAAAAAAAAAAAAAAAAAAAAAAAAAAAAAAAAAAAAAAAAAAAAAAAAAAAAAAAAAAAAAAAAAAAAAAAAAAAAAAAAAAAAAAAAAAAAAAAAAAAAAAAAAAAAAAAAAAAAAAAAAAAAAAAAAAAAAAAAAAAAAAAAAAAAAAAAAAAAAAAAAAAAAAAAAAAAAAAAAAAAAAAAAAAAAAAAAAAAAAAAAAAAAAAAAAAAAAAAAAAAAAAAAAAAAAAAAAAAAAAAAAAAAAAAAAAAAAAAAAAAAAAAAAAAAAAAAAAAAAAAAAAAAAAAAAAAAAAAAAAAAAAAAAAAAAAAAAAAAAAAAAAAAAAAAAAAAAAAAAAAAAAAAAAAAAAAAAAAAAAAAAAAAAAAAAAAAAAAAAAAAAAAAAAAAAAAAAAAAAAAAAAAAAAAAAAAAAAAAAAAAAAAAAAAAAAAAAAAAAAAAAAAAAAAAAAAAAAAAAAAAAAAAAAAAAAAAAAAAAAAAAAAAAAAAAAAAAAAAAAAAAAAAAAAAAAAAAAAAAAAAAAAAAAAAAAAAAAAAAAAAAAAAAAAAAAAAAAAAAAAAAAAAAAAAAAAAAAAAAAAAAAAAAAAAAAAAAAAAAAAAAAAAAAAAAAAAAAAAAAAAAAAAAAAAAAAAAAAAAAAAAAAAAAAAAAAAAAAA////////AAD///////8AAP///////+b/////////lv////////+W/////////5b/////////5v/////////6/////////wD/4AAAAAAHD//gAAAAAAcN/+AAAAAABwv/4AAAAAAHCP/gAAAAAAcG/+AAAAAABwT/4AAAAAAHAv/gAAAAAAcA/+AAAAAABwD/4AAAAAAHAP/gAAAAAAcA/+AAAAAAB/n/4AAAAAAH+f/gAAAAAAf5/+AAAAAAB/j/4AAAAAAH+P/gAAAAAAf4/+AAAAAAB/f/4AAAAAAH9//gAAAAAAf3/+AAAAAAB4X/4AAAAAAHAADgAAAAAAcAAOAAAAAABwAA4AAAAAAHAADgAAAAAAfm/+AAAAAAB+b/4AAAAAAH5v/gAAAAAAfm/+AAAAAAB+b/4AAAAAAH+v////////8A/////////xD/////////Dv////////8M/////////wn/////////B/////////8F/////////wP/KAAAACgAAABQAAAAAQAgAAAAAAAAAAAAAAAAAAAAAAAAAAAAAAAAAAAAAAAAAAAAAAAAAAAAAAAAAAAAAAAAAAAAAAAAAAAAAAAAAAAAAAAAAAAAAAAAAAAAAAAAAAAAAAAAAAAAAAAAAAAAAAAAAAAAAAAAAAAAAAAAAAAAAAAAAAAAAAAAAAAAAAAAAAAAAAAAAAAAAAAAAAAAAAAAAAAAAAAAAAAAAAAAAAAAAAAAAAAAAAAAAAAAAAAAAAAAAAAAAAAAAAAAAAAAAAAAAAAAAAAAAAAAAAAAAAAAAAAAAAAAAAAAAAAAAAAAAAAAAAAAAAAAAAAAAAAAAAAAAAAAAAAAAAAAAAAAAAAAAAAAAAAAAAAAAAAAAAAAAAAAAAAAAAAAAAAAAAAAAAAAAAAAAAAAAAAAAAAAAAAAAAAAAAAAAAAAAAAAAAAAAAAAAAAAAAAAAAAAAAAAAAAAAAAAAAAAAAAAAAAAAAAAAAAAAAAAAAAAAAAAAAAAAAAAAAAAAAAAAAAAAAAAAAAAAAAAAAAAAAAAAAAAAAAAAAAAAAAAAAAAAAAAAAAAAAAAAAAAAAAAAAAAAAAAAAAAAAAAAAAAAAAAAAAAAAAAAAAAAAAAAAAAAAAAAAAAAAAAAAAAAAAAAAAAAAAAAAAAAAAAAAAAAAAAAAAAAAAAAAAAAAAAAAAAAAAAAAAAAAAAAAAAAAAAAAAAAAAAAAAAAAAAAAAAAAAAAAAAAAAAAAAAAAAAAAAAAAAAAAAAAAAAAAAAAAAAAAAAAAAAAAAAAAAAAAAAAAAAAAAAAAAAAAAAAAAAAAAAAAAAAAAAAAAAAAAAAAAAAAAAAAAAAAAAAAAAAAAAAAAAAAAAAAAAAAAAAAAAAAAAAAAAAAAAAAAAAAAAAAAAAAAAAAAAAAAAAAAAAAAAAAAAAAAAAAAAAAAAAAAAAAAAAAAAAAAAAAAAAAAAAAAAAAAAAAAAAAAAAAAAAAAAAAAAAAAAAAAAAAAAAAAAAAAAAAAAAAAAAAAAAAAAAAAAAAAAAAAAAAAAAAAAAAAAAAAAAAAAAAAAAAAAAAAAAAAAAAAAAAAAAAAAAAAAAAAAAAAAAAAAAAAAAAAAAAAAAAAAAAAAAAAAAAAAAAAAAAAAAAAAAAAAAAAAAAAAAAAAAAAAAAAAAAAAAAAAAAAAAAAAAAAAAAAAAAAAAAAAAAAAAAAAAAAAAAAAAAAAAAAAAAAAAAAAAAAAAAAAAAAAAAAAAAAAAAAAAAAAAAAAAAAAAAAAAAAAAAAAAAAAAAAAAAAAAAAAAAAAAAAAAAAAAAAAAAAAAAAAAAAAAAAAAAAAAAAAAAAAAAAAjImF/4yJhf+MiYX/jImF/4yJhf+MiYX/jImF/4yJhf+MiYX/jImF/4yJhf+MiYX/jImF/4yJhf+MiYX/jImF/4yJhf+MiYX/jImF/4yJhf+MiYX/jImF/4yJhf+MiYX/jImF/4yJhf+MiYX/jImF/4yJhf+MiYX/jImF/4yJhf+MiYX/jImF/4yJhf+MiYX/AAAAAAAAAAAAAAAAAAAAAIyJhf/m5ub/5ubm/+bm5v/m5ub/5ubm/+bm5v/m5ub/+fn5//n5+f/5+fn/+fn5//j4+P/4+Pj/+Pj4//j4+P/39/f/9/f3//f39//29vb/9vb2//b29v/29vb/9fX1//X19f/19fX/9fX1//T09P/09PT/9PT0//Pz8//z8/P/8/Pz//Pz8//y8vL/jImF/wAAAAAAAAAAAAAAAAAAAACMiYX/5ubm/+bm5v/m5ub/5ubm/+bm5v/m5ub/5ubm//r6+v/5+fn/+fn5//n5+f/5+fn/+Pj4//j4+P/4+Pj/+Pj4//f39//39/f/9/f3//b29v/29vb/9vb2//b29v/19fX/9fX1//X19f/19fX/9PT0//T09P/09PT/8/Pz//Pz8//z8/P/8/Pz/4yJhf8AAAAAAAAAAAAAAAAAAAAAjImF/+bm5v/m5ub/5ubm/+bm5v/m5ub/5ubm/+bm5v/6+vr/+vr6//n5+f/5+fn/+fn5//n5+f/4+Pj/+Pj4//j4+P/4+Pj/9/f3//f39//39/f/9vb2//b29v/29vb/9vb2//X19f/19fX/9fX1//X19f/09PT/9PT0//T09P/z8/P/8/Pz//Pz8/+MiYX/AAAAAAAAAAAAAAAAAAAAAIyJhf/m5ub/5ubm/+bm5v/m5ub/5ubm/+bm5v/m5ub/+vr6/9d4AP/XeAD/13gA/9d4AP/XeAD/13gA/9d4AP/XeAD/13gA/9d4AP/XeAD/13gA/9d4AP/XeAD/13gA//b29v/29vb/9fX1//X19f/19fX/9fX1//T09P/09PT/9PT0//Pz8//z8/P/jImF/wAAAAAAAAAAAAAAAAAAAACMiYX/5ubm/+bm5v/m5ub/5ubm/+bm5v/m5ub/5ubm//r6+v/XeAD/13gA/9d4AP/XeAD/13gA/9d4AP/XeAD/13gA/9d4AP/XeAD/13gA/9d4AP/XeAD/13gA/9d4AP/29vb/9vb2//b29v/19fX/9fX1//X19f/19fX/9PT0//T09P/09PT/8/Pz/4yJhf8AAAAAAAAAAAAAAAAAAAAAjImF/+bm5v/m5ub/5ubm/+bm5v/m5ub/5ubm/+bm5v/6+vr/13gA/9d4AP/XeAD/13gA/9d4AP/XeAD/13gA/9d4AP/XeAD/13gA/9d4AP/XeAD/13gA/9d4AP/XeAD/9vb2//b29v/29vb/9vb2//X19f/19fX/9fX1//X19f/09PT/9PT0//T09P+MiYX/AAAAAAAAAAAAAAAAAAAAAIyJhf/m5ub/5ubm/+bm5v/m5ub/5ubm/+bm5v/m5ub/+vr6/9d4AP/XeAD/13gA/9d4AP/XeAD/13gA/9d4AP/XeAD/13gA/9d4AP/XeAD/13gA/9d4AP/XeAD/13gA//f39/+ZmZn/mZmZ/5mZmf+ZmZn/mZmZ//X19f/19fX/9fX1//T09P/09PT/jImF/wAAAAAAAAAAAAAAAAAAAACMiYX/5ubm/+bm5v/m5ub/5ubm/+bm5v/m5ub/5ubm//r6+v/XeAD/13kB/9d4AP/XeAD/13gA/9d4AP/XeAD/13gA/9d4AP/XeAD/13gA/9d4AP/XeAD/13gA/9d4AP/39/f/9/f3//b29v/29vb/9vb2//b29v/19fX/9fX1//X19f/19fX/9PT0/4yJhf8AAAAAAAAAAAAAAAAAAAAAjImF/+bm5v/m5ub/5ubm/+bm5v/m5ub/5ubm/+bm5v/6+vr/13gA/9d5Av/XeQH/13gA/9d4AP/XeAD/13gA/9d4AP/XeAD/13gA/9d4AP/XeAD/13gA/9d4AP/XeAD/9/f3/5mZmf+ZmZn/mZmZ/5mZmf+ZmZn/mZmZ/5mZmf+ZmZn/mZmZ//X19f+MiYX/AAAAAAAAAAAAAAAAAAAAAIyJhf/m5ub/5ubm/+bm5v/m5ub/5ubm/+bm5v/m5ub/+vr6/9d4AP/YegT/13kC/9d5Af/XeAD/13gA/9d4AP/XeAD/13gA/9d4AP/XeAD/13gA/9d4AP/XeAD/13gA//j4+P/39/f/9/f3//f39//29vb/9vb2//b29v/29vb/9fX1//X19f/19fX/jImF/wAAAAAAAAAAAAAAAAAAAACMiYX/5ubm/+bm5v/m5ub/5ubm/+bm5v/m5ub/5ubm//r6+v/XeAD/2HsG/9h6BP/XeQL/13kB/9d4AP/XeAD/13gA/9d4AP/XeAD/13gA/9d4AP/XeAD/13gA/9d4AP/4+Pj/mZmZ/5mZmf+ZmZn/mZmZ/5mZmf+ZmZn/mZmZ/5mZmf+ZmZn/9fX1/4yJhf8AAAAAAAAAAAAAAAAAAAAAjImF/+bm5v+cmZb/5ubm/5yZlv+cmZb/nJmW/+bm5v/6+vr/13gA/9h8CP/Yewb/2HoE/9d5Av/XeQH/13gA/9d4AP/XeAD/13gA/9d4AP/XeAD/13gA/9d4AP/XeAD/+Pj4//j4+P/4+Pj/9/f3//f39//39/f/9vb2//b29v/29vb/9vb2//X19f+MiYX/AAAAAAAAAAAAAAAAAAAAAIyJhf/m5ub/5ubm/+bm5v/m5ub/5ubm/+bm5v/m5ub/+vr6/9d4AP/YfQn/2HwI/9h7Bv/YegT/13kC/9d5Af/XeAD/13gA/9d4AP/XeAD/13gA/9d4AP/XeAD/13gA//j4+P+ZmZn/mZmZ/5mZmf+ZmZn/mZmZ/5mZmf+ZmZn/mZmZ/5mZmf/29vb/jImF/wAAAAAAAAAAAAAAAAAAAACMiYX/5ubm/+bm5v/m5ub/5ubm/+bm5v/m5ub/5ubm//r6+v/XeAD/2X4L/9h9Cf/YfAj/2HsG/9h6BP/XeQL/13kB/9d4AP/XeAD/13gA/9d4AP/XeAD/13gA/9d4AP/5+fn/+Pj4//j4+P/4+Pj/+Pj4//f39//39/f/9/f3//b29v/29vb/9vb2/4yJhf8AAAAAAAAAAAAAAAAAAAAAjImF/+bm5v+cmZb/5ubm/5yZlv+cmZb/nJmW/+bm5v/6+vr/13gA/9l/Df/Zfgv/2H0J/9h8CP/Yewb/2HoE/9d5Av/XeQH/13gA/9d4AP/XeAD/13gA/9d4AP/XeAD/+fn5/5mZmf+ZmZn/mZmZ/5mZmf+ZmZn/mZmZ/5mZmf+ZmZn/mZmZ//b29v+MiYX/AAAAAAAAAAAAAAAAAAAAAIyJhf/m5ub/5ubm/+bm5v/m5ub/5ubm/+bm5v/m5ub/+vr6/9d4AP/ZgA//2X8N/9l+C//YfQn/2HwI/9h7Bv/YegT/13kC/9d5Af/XeAD/13gA/9d4AP/XeAD/13gA//n5+f/5+fn/+fn5//j4+P/4+Pj/+Pj4//j4+P/39/f/9/f3//f39//29vb/jImF/wAAAAAAAAAAAAAAAAAAAACMiYX/5ubm/+bm5v/m5ub/5ubm/+bm5v/m5ub/5ubm//r6+v/XeAD/2oAQ/9mAD//Zfw3/2X4L/9h9Cf/YfAj/2HsG/9h6BP/XeQL/13kB/9d4AP/XeAD/13gA/9d4AP/5+fn/mZmZ/5mZmf+ZmZn/mZmZ/5mZmf+ZmZn/mZmZ/5mZmf+ZmZn/9/f3/4yJhf8AAAAAAAAAAAAAAAAAAAAAjImF/+bm5v+cmZb/5ubm/5yZlv+cmZb/nJmW/+bm5v/6+vr/13gA/9qBEv/agBD/2YAP/9l/Df/Zfgv/2H0J/9h8CP/Yewb/2HoE/9d5Av/XeQH/13gA/9d4AP/XeAD/+vr6//n5+f/5+fn/+fn5//n5+f/4+Pj/+Pj4//j4+P/4+Pj/9/f3//f39/+MiYX/AAAAAAAAAAAAAAAAAAAAAIyJhf/m5ub/5ubm/+bm5v/m5ub/5ubm/+bm5v/m5ub/+vr6/9d4AP/agxT/2oES/9qAEP/ZgA//2X8N/9l+C//YfQn/2HwI/9h7Bv/YegT/13kC/9d5Af/XeAD/13gA//r6+v+ZmZn/mZmZ/5mZmf+ZmZn/mZmZ/5mZmf+ZmZn/mZmZ/5mZmf/39/f/jImF/wAAAAAAAAAAAAAAAAAAAACMiYX/5ubm/+bm5v/m5ub/5ubm/+bm5v/m5ub/5ubm//r6+v/XeAD/2oQW/9qDFP/agRL/2oAQ/9mAD//Zfw3/2X4L/9h9Cf/YfAj/2HsG/9h6BP/XeQL/13kB/9d4AP/6+vr/+vr6//r6+v/5+fn/+fn5//n5+f/5+fn/+Pj4//j4+P/4+Pj/+Pj4/4yJhf8AAAAAAAAAAAAAAAAAAAAAjImF/+bm5v+cmZb/5ubm/5yZlv+cmZb/nJmW/+bm5v/6+vr/13gA/9uEF//ahBb/2oMU/9qBEv/agBD/2YAP/9l/Df/Zfgv/2H0J/9h8CP/Yewb/2HoE/9d5Av/XeAD/+vr6/5mZmf+ZmZn/mZmZ/5mZmf+ZmZn/mZmZ/5mZmf+ZmZn/mZmZ//j4+P+MiYX/AAAAAAAAAAAAAAAAAAAAAIyJhf/m5ub/5ubm/+bm5v/m5ub/5ubm/+bm5v/m5ub/+vr6/9d4AP/XeAD/13gA/9d4AP/XeAD/13gA/9d4AP/XeAD/13gA/9d4AP/XeAD/13gA/9d4AP/XeAD/13gA//r6+v/6+vr/+vr6//r6+v/6+vr/+fn5//n5+f/5+fn/+fn5//j4+P/4+Pj/jImF/wAAAAAAAAAAAAAAAAAAAACMiYX/+vr6//r6+v/6+vr/+vr6//r6+v/6+vr/+vr6//r6+v/6+vr/+vr6//r6+v/6+vr/+vr6//r6+v/6+vr/+vr6//r6+v/6+vr/+vr6//r6+v/6+vr/+vr6//r6+v/6+vr/+vr6//r6+v/6+vr/+vr6//r6+v/5+fn/+fn5//n5+f/5+fn/+Pj4/4yJhf8AAAAAAAAAAAAAAAAAAAAAjImF/+bm5v/m5ub/5ubm/+bm5v/m5ub/5ubm/+bm5v/m5ub/5ubm/+bm5v/m5ub/5ubm/+bm5v/m5ub/5ubm/+bm5v/m5ub/5ubm/+bm5v/m5ub/5ubm/+bm5v/m5ub/5ubm/+bm5v/m5ub/5ubm/+bm5v/m5ub/5ubm/+bm5v/m5ub/5ubm/+bm5v+MiYX/AAAAAAAAAAAAAAAAAAAAAIyJhf+MiYX/jImF/4yJhf+MiYX/jImF/4yJhf+MiYX/jImF/4yJhf+MiYX/jImF/4yJhf+MiYX/jImF/4yJhf+MiYX/jImF/4yJhf+MiYX/jImF/4yJhf+MiYX/jImF/4yJhf+MiYX/jImF/6mnpP+pp6T/jImF/6mnpP+pp6T/jImF/6mnpP+pp6T/jImF/wAAAAAAAAAAAAAAAAAAAACMiYX/jImF/4yJhf+MiYX/jImF/4yJhf+MiYX/jImF/4yJhf+MiYX/jImF/4yJhf+MiYX/jImF/4yJhf+MiYX/jImF/4yJhf+MiYX/jImF/4yJhf+MiYX/jImF/4yJhf+MiYX/jImF/4yJhf/GxML/xsTC/4yJhf/GxML/xsTC/4yJhf/GxML/xsTC/4yJhf8AAAAAAAAAAAAAAAAAAAAAjImF/4yJhf+MiYX/jImF/4yJhf+MiYX/jImF/4yJhf+MiYX/jImF/4yJhf+MiYX/jImF/4yJhf+MiYX/jImF/4yJhf+MiYX/jImF/4yJhf+MiYX/jImF/4yJhf+MiYX/jImF/4yJhf+MiYX/jImF/4yJhf+MiYX/jImF/4yJhf+MiYX/jImF/4yJhf+MiYX/AAAAAAAAAAAAAAAAAAAAAAAAAAAAAAAAAAAAAAAAAAAAAAAAAAAAAAAAAAAAAAAAAAAAAAAAAAAAAAAAAAAAAAAAAAAAAAAAAAAAAAAAAAAAAAAAAAAAAAAAAAAAAAAAAAAAAAAAAAAAAAAAAAAAAAAAAAAAAAAAAAAAAAAAAAAAAAAAAAAAAAAAAAAAAAAAAAAAAAAAAAAAAAAAAAAAAAAAAAAAAAAAAAAAAAAAAAAAAAAAAAAAAAAAAAAAAAAAAAAAAAAAAAAAAAAAAAAAAAAAAAAAAAAAAAAAAAAAAAAAAAAAAAAAAAAAAAAAAAAAAAAAAAAAAAAAAAAAAAAAAAAAAAAAAAAAAAAAAAAAAAAAAAAAAAAAAAAAAAAAAAAAAAAAAAAAAAAAAAAAAAAAAAAAAAAAAAAAAAAAAAAAAAAAAAAAAAAAAAAAAAAAAAAAAAAAAAAAAAAAAAAAAAAAAAAAAAAAAAAAAAAAAAAAAAAAAAAAAAAAAAAAAAAAAAAAAAAAAAAAAAAAAAAAAAAAAAAAAAAAAAAAAAAAAAAAAAAAAAAAAAAAAAAAAAAAAAAAAAAAAAAAAAAAAAAAAAAAAAAAAAAAAAAAAAAAAAAAAAAAAAAAAAAAAAAAAAAAAAAAAAAAAAAAAAAAAAAAAAAAAAAAAAAAAAAAAAAAAAAAAAAAAAAAAAAAAAAAAAAAAAAAAAAAAAAAAAAAAAAAAAAAAAAAAAAAAAAAAAAAAAAAAAAAAAAAAAAAAAAAAAAAAAAAAAAAAAAAAAAAAAAAAAAAAAAAAAAAAAAAAAAAAAAAAAAAAAAAAAAAAAAAAAAAAAAAAAAAAAAAAAAAAAAAAAAAAAAAAAAAAAAAAAAAAAAAAAAAAAAAAAAAAAAAAAAAAAAAAAAAAAAAAAAAAAAAAAAAAAAAAAAAAAAAAAAAAAAAAAAAAAAAAAAAAAAAAAAAAAAAAAAAAAAAAAAAAAAAAAAAAAAAAAAAAAAAAAAAAAAAAAAAAAAAAAAAAAAAAAAAAAAAAAAAAAAAAAAAAAAAAAAAAAAAAAAAAAAAAAAAAAAAAAAAAAAAAAAAAAAAAAAAAAAAAAAAAAAAAAAAAAAAAAAAAAAAAAAAAAAAAAAAAAAAAAAAAAAAAAAAAAAAAAAAAAAAAAAAAAAAAAAAAAAAAAAAAAAAAAAAAAAAAAAAAAAAAAAAAAAAAAAAAAAAAAAAAAAAAAAAAAAAAAAAAAAAAAAAAAAAAAAAAAAAAAAAAAAAAAAAAAAAAAAAAAAAAAAAAAAAAAAAAAAAAAD//////3gA////////eAD///////94AP///////3gA////////eAD///////94AP/AAAAAA3gA/8AAAAAD+vr/wAAAAAP6+v/AAAAAA/r6/8AAAAAD+fn/wAAAAAP5+f/AAAAAA/j4/8AAAAAD+Pj/wAAAAAMAAADAAAAAAwAAAMAAAAADAAAAwAAAAAOJhf/AAAAAA+bm/8AAAAAD5ub/wAAAAAPm5v/AAAAAA+bm/8AAAAAD+vr/wAAAAAP6+v/AAAAAA/r6/8AAAAAD+vr/wAAAAAP6+v/AAAAAA/r6/8AAAAAD+vr/wAAAAAP6+v/AAAAAA/r6/8AAAAAD+vr/wAAAAAP6+v/AAAAAA/r6////////+fn////////5+f////////j4////////+Pj///////8AAAD//////wAAACgAAAAgAAAAQAAAAAEAIAAAAAAAAAAAAAAAAAAAAAAAAAAAAAAAAAAAAAAAAAAAAAAAAAAAAAAAAAAAAAAAAAAAAAAAAAAAAAAAAAAAAAAAAAAAAAAAAAAAAAAAAAAAAAAAAAAAAAAAAAAAAAAAAAAAAAAAAAAAAAAAAAAAAAAAAAAAAAAAAAAAAAAAAAAAAAAAAAAAAAAAAAAAAAAAAAAAAAAAAAAAAAAAAAAAAAAAAAAAAAAAAAAAAAAAAAAAAAAAAAAAAAAAAAAAAAAAAAAAAAAAAAAAAAAAAAAAAAAAAAAAAAAAAAAAAAAAAAAAAAAAAAAAAAAAAAAAAAAAAAAAAAAAAAAAAAAAAAAAAAAAAAAAAAAAAAAAAAAAAAAAAAAAAAAAAAAAAAAAAAAAAAAAAAAAAAAAAAAAAAAAAAAAAAAAAAAAAAAAAAAAAAAAAAAAAAAAAAAAAAAAAAAAAAAAAAAAAAAAAAAAAAAAAAAAAAAAAAAAAAAAAAAAAAAAAAAAAAAAAAAAAAAAAAAAAAAAAAAAAAAAAAAAAAAAAAAAAAAAAAAAAAAAAAAAAAAAAAAAAAAAAAAAAAAAAAAAAAAAAAAAAAAAAAAAAAAAAAAAAAAAAAAAAAAAAAAAAAAAAAAAAAAAAAAAAAAAAAAAAAAAAAAAAAAAAAAAAAAAAAAAAAAAAAAAAAAAAAAAAAAAAAAAAAAAAAAAAAAAAAAAAAAAAAAAAAAAAAAAAAAAAAAAAAAAAAAAAAAAAAAAAAAAAAAAAAAAAAAAAAAAAAAAAAAAAAAAAAAAAAAAAAAAAAAAAAAAAAAAAAAAAAAAAAAAAAAAAAAAAAAAAAAAAAAAAAAAAAAAAAAAAAAAAAAAAAAAAAAAAAAAAAAAAAAAAAAAAAAAAAAAAAAAAAAAAAAAAAAAAAAAAAAAAAAAAAAAAAAAAAAAAAAAAAAAAAAAAAAAAAAAAAAAAAAAAAAAAAAAAAAAAAAAAAAAAAAAAAAAAAAAAAAAAAAAAAAAAAAAAAAAAAAAAAAAAAAAAAAAAAAAAAAAAAAAAAAAAAAAAAAAAAAAAAAAAAAAAAAAAAAAAAAAAIyJhf+MiYX/jImF/4yJhf+MiYX/jImF/4yJhf+MiYX/jImF/4yJhf+MiYX/jImF/4yJhf+MiYX/jImF/4yJhf+MiYX/jImF/4yJhf+MiYX/jImF/4yJhf+MiYX/jImF/4yJhf+MiYX/jImF/4yJhf8AAAAAAAAAAAAAAAAAAAAAjImF/+bm5v/m5ub/5ubm/+bm5v/m5ub/+vr6//n5+f/5+fn/+fn5//j4+P/4+Pj/9/f3//f39//39/f/9vb2//b29v/29vb/9fX1//X19f/19fX/9PT0//T09P/09PT/8/Pz//Pz8//y8vL/jImF/wAAAAAAAAAAAAAAAAAAAACMiYX/5ubm/+bm5v/m5ub/5ubm/+bm5v/6+vr/+vr6//n5+f/5+fn/+fn5//j4+P/4+Pj/9/f3//f39//39/f/9vb2//b29v/29vb/9fX1//X19f/19fX/9PT0//T09P/09PT/8/Pz//Pz8/+MiYX/AAAAAAAAAAAAAAAAAAAAAIyJhf/m5ub/5ubm/+bm5v/m5ub/5ubm//r6+v/XeAD/13gA/9d4AP/XeAD/13gA/9d4AP/XeAD/13gA/9d4AP/XeAD/13gA//b29v/29vb/9fX1//X19f/19fX/9PT0//T09P/09PT/8/Pz/4yJhf8AAAAAAAAAAAAAAAAAAAAAjImF/+bm5v/m5ub/5ubm/+bm5v/m5ub/+vr6/9d4AP/XeAD/13gA/9d4AP/XeAD/13gA/9d4AP/XeAD/13gA/9d4AP/XeAD/9vb2//b29v/29vb/9fX1//X19f/19fX/9PT0//T09P/09PT/jImF/wAAAAAAAAAAAAAAAAAAAACMiYX/5ubm/+bm5v/m5ub/5ubm/+bm5v/6+vr/13gA/9d4AP/XeAD/13gA/9d4AP/XeAD/13gA/9d4AP/XeAD/13gA/9d4AP/39/f/mZmZ/5mZmf+ZmZn/mZmZ//X19f/19fX/9PT0//T09P+MiYX/AAAAAAAAAAAAAAAAAAAAAIyJhf/m5ub/nJmW/5yZlv+cmZb/5ubm//r6+v/XeAD/13gA/9d4AP/XeAD/13gA/9d4AP/XeAD/13gA/9d4AP/XeAD/13gA//f39//39/f/9vb2//b29v/29vb/9fX1//X19f/19fX/9PT0/4yJhf8AAAAAAAAAAAAAAAAAAAAAjImF/+bm5v/m5ub/5ubm/+bm5v/m5ub/+vr6/9d4AP/XeQP/13gA/9d4AP/XeAD/13gA/9d4AP/XeAD/13gA/9d4AP/XeAD/9/f3/5mZmf+ZmZn/mZmZ/5mZmf+ZmZn/mZmZ/5mZmf/19fX/jImF/wAAAAAAAAAAAAAAAAAAAACMiYX/5ubm/+bm5v/m5ub/5ubm/+bm5v/6+vr/13gA/9h7Bf/XeQP/13gA/9d4AP/XeAD/13gA/9d4AP/XeAD/13gA/9d4AP/4+Pj/9/f3//f39//39/f/9vb2//b29v/29vb/9fX1//X19f+MiYX/AAAAAAAAAAAAAAAAAAAAAIyJhf/m5ub/nJmW/5yZlv+cmZb/5ubm//r6+v/XeAD/2HwI/9h7Bf/XeQP/13gA/9d4AP/XeAD/13gA/9d4AP/XeAD/13gA//j4+P+ZmZn/mZmZ/5mZmf+ZmZn/mZmZ/5mZmf+ZmZn/9fX1/4yJhf8AAAAAAAAAAAAAAAAAAAAAjImF/+bm5v/m5ub/5ubm/+bm5v/m5ub/+vr6/9d4AP/ZfQr/2HwI/9h7Bf/XeQP/13gA/9d4AP/XeAD/13gA/9d4AP/XeAD/+fn5//j4+P/4+Pj/9/f3//f39//39/f/9vb2//b29v/29vb/jImF/wAAAAAAAAAAAAAAAAAAAACMiYX/5ubm/+bm5v/m5ub/5ubm/+bm5v/6+vr/13gA/9l+DP/ZfQr/2HwI/9h7Bf/XeQP/13gA/9d4AP/XeAD/13gA/9d4AP/5+fn/mZmZ/5mZmf+ZmZn/mZmZ/5mZmf+ZmZn/mZmZ//b29v+MiYX/AAAAAAAAAAAAAAAAAAAAAIyJhf/m5ub/nJmW/5yZlv+cmZb/5ubm//r6+v/XeAD/2YAP/9l+DP/ZfQr/2HwI/9h7Bf/XeQP/13gA/9d4AP/XeAD/13gA//n5+f/5+fn/+fn5//j4+P/4+Pj/9/f3//f39//39/f/9vb2/4yJhf8AAAAAAAAAAAAAAAAAAAAAjImF/+bm5v/m5ub/5ubm/+bm5v/m5ub/+vr6/9d4AP/agRH/2YAP/9l+DP/ZfQr/2HwI/9h7Bf/XeQP/13gA/9d4AP/XeAD/+vr6/5mZmf+ZmZn/mZmZ/5mZmf+ZmZn/mZmZ/5mZmf/39/f/jImF/wAAAAAAAAAAAAAAAAAAAACMiYX/5ubm/+bm5v/m5ub/5ubm/+bm5v/6+vr/13gA/9qDFP/agRH/2YAP/9l+DP/ZfQr/2HwI/9h7Bf/XeQP/13gA/9d4AP/6+vr/+vr6//n5+f/5+fn/+fn5//j4+P/4+Pj/9/f3//f39/+MiYX/AAAAAAAAAAAAAAAAAAAAAIyJhf/m5ub/nJmW/5yZlv+cmZb/5ubm//r6+v/XeAD/2oQW/9qDFP/agRH/2YAP/9l+DP/ZfQr/2HwI/9h7Bf/XeQP/13gA//r6+v+ZmZn/mZmZ/5mZmf+ZmZn/mZmZ/5mZmf+ZmZn/9/f3/4yJhf8AAAAAAAAAAAAAAAAAAAAAjImF/+bm5v/m5ub/5ubm/+bm5v/m5ub/+vr6/9d4AP/XeAD/13gA/9d4AP/XeAD/13gA/9d4AP/XeAD/13gA/9d4AP/XeAD/+vr6//r6+v/6+vr/+vr6//n5+f/5+fn/+fn5//j4+P/4+Pj/jImF/wAAAAAAAAAAAAAAAAAAAACMiYX/+vr6//r6+v/6+vr/+vr6//r6+v/6+vr/+vr6//r6+v/6+vr/+vr6//r6+v/6+vr/+vr6//r6+v/6+vr/+vr6//r6+v/6+vr/+vr6//r6+v/6+vr/+vr6//n5+f/5+fn/+fn5//j4+P+MiYX/AAAAAAAAAAAAAAAAAAAAAIyJhf/m5ub/5ubm/+bm5v/m5ub/5ubm/+bm5v/m5ub/5ubm/+bm5v/m5ub/5ubm/+bm5v/m5ub/5ubm/+bm5v/m5ub/5ubm/+bm5v/m5ub/5ubm/+bm5v/m5ub/5ubm/+bm5v/m5ub/5ubm/4yJhf8AAAAAAAAAAAAAAAAAAAAAjImF/4yJhf+MiYX/jImF/4yJhf+MiYX/jImF/4yJhf+MiYX/jImF/4yJhf+MiYX/jImF/4yJhf+MiYX/jImF/4yJhf+MiYX/jImF/4yJhf+MiYX/jImF/8bEwv+MiYX/xsTC/4yJhf/GxML/jImF/wAAAAAAAAAAAAAAAAAAAACMiYX/jImF/4yJhf+MiYX/jImF/4yJhf+MiYX/jImF/4yJhf+MiYX/jImF/4yJhf+MiYX/jImF/4yJhf+MiYX/jImF/4yJhf+MiYX/jImF/4yJhf+MiYX/jImF/4yJhf+MiYX/jImF/4yJhf+MiYX/AAAAAAAAAAAAAAAAAAAAAAAAAAAAAAAAAAAAAAAAAAAAAAAAAAAAAAAAAAAAAAAAAAAAAAAAAAAAAAAAAAAAAAAAAAAAAAAAAAAAAAAAAAAAAAAAAAAAAAAAAAAAAAAAAAAAAAAAAAAAAAAAAAAAAAAAAAAAAAAAAAAAAAAAAAAAAAAAAAAAAAAAAAAAAAAAAAAAAAAAAAAAAAAAAAAAAAAAAAAAAAAAAAAAAAAAAAAAAAAAAAAAAAAAAAAAAAAAAAAAAAAAAAAAAAAAAAAAAAAAAAAAAAAAAAAAAAAAAAAAAAAAAAAAAAAAAAAAAAAAAAAAAAAAAAAAAAAAAAAAAAAAAAAAAAAAAAAAAAAAAAAAAAAAAAAAAAAAAAAAAAAAAAAAAAAAAAAAAAAAAAAAAAAAAAAAAAAAAAAAAAAAAAAAAAAAAAAAAAAAAAAAAAAAAAAAAAAAAAAAAAAAAAAAAAAAAAAAAAAAAAAAAAAAAAAAAAAAAAAAAAAAAAAAAAAAAAAAAAAAAAAAAAAAAAAAAAAAAAAAAAAAAAAAAAAAAAAAAAAAAAAAAAAAAAAAAAAAAAAAAAAAAAAAAAAAAAAAAAAAAAAAAAAAAAAAAAAAAAAAAAAAAAAAAAAAAAAAAAAAAAAAAAAAAAAAAAAAAAAAAAAAAAAAAAAAAAAAAAAAAAAAAAAAAAAAAAAAAAAAAAAAAAAAAAAAAAAAAAAAAAAAAAAAAAAAAAAAAAAAAAAAAAAAAAAAAAAAAAAAAAAAAAAAAAAAAAAAAAAAAAAAAAAAAAAAAAAAAAAAAAAAAAAAAAAAAAAAAAAAAAAAAAAAAAAAAAAAAAAAAAAAAAAAAAAAAAAAAAAAAAAA////////////////////////////////wAAAA8AAAAPAAAADwAAAA8AAAAPAAAADwAAAA8AAAAPAAAADwAAAA8AAAAPAAAADwAAAA8AAAAPAAAADwAAAA8AAAAPAAAADwAAAA8AAAAPAAAAD//////////////////////////8oAAAAGAAAADAAAAABACAAAAAAAAAAAAAAAAAAAAAAAAAAAAAAAAAAAAAAAAAAAAAAAAAAAAAAAAAAAAAAAAAAAAAAAAAAAAAAAAAAAAAAAAAAAAAAAAAAAAAAAAAAAAAAAAAAAAAAAAAAAAAAAAAAAAAAAAAAAAAAAAAAAAAAAAAAAAAAAAAAAAAAAAAAAAAAAAAAAAAAAAAAAAAAAAAAAAAAAAAAAAAAAAAAAAAAAAAAAAAAAAAAAAAAAAAAAAAAAAAAAAAAAAAAAAAAAAAAAAAAAAAAAAAAAAAAAAAAAAAAAAAAAAAAAAAAAAAAAAAAAAAAAAAAAAAAAAAAAAAAAAAAAAAAAAAAAAAAAAAAAAAAAAAAAAAAAAAAAAAAAAAAAAAAAAAAAAAAAAAAAAAAAAAAAAAAAAAAAAAAAAAAAAAAAAAAAAAAAAAAAIyJhf+MiYX/jImF/4yJhf+MiYX/jImF/4yJhf+MiYX/jImF/4yJhf+MiYX/jImF/4yJhf+MiYX/jImF/4yJhf+MiYX/jImF/4yJhf+MiYX/jImF/4yJhf8AAAAAAAAAAIyJhf/m5ub/5ubm/+bm5v/m5ub/+vr6//n5+f/5+fn/+Pj4//j4+P/39/f/9/f3//b29v/29vb/9fX1//X19f/09PT/9PT0//T09P/z8/P/8/Pz/4yJhf8AAAAAAAAAAIyJhf/m5ub/5ubm/+bm5v/m5ub/+vr6//r6+v/5+fn/+fn5//j4+P/4+Pj/9/f3//f39//29vb/9vb2//X19f/19fX/9PT0//T09P/09PT/8/Pz/4yJhf8AAAAAAAAAAIyJhf/m5ub/5ubm/+bm5v/m5ub/+vr6/9d4AP/XeAD/13gA/9d4AP/XeAD/13gA/9d4AP/XeAD/9vb2//b29v/19fX/9fX1//T09P/09PT/9PT0/4yJhf8AAAAAAAAAAIyJhf/m5ub/5ubm/+bm5v/m5ub/+vr6/9d4AP/XeAD/13gA/9d4AP/XeAD/13gA/9d4AP/XeAD/9/f3//b29v/29vb/9fX1//X19f/09PT/9PT0/4yJhf8AAAAAAAAAAIyJhf/m5ub/5ubm/+bm5v/m5ub/+vr6/9d4AP/XeAD/13gA/9d4AP/XeAD/13gA/9d4AP/XeAD/9/f3//f39//29vb/9vb2//X19f/19fX/9PT0/4yJhf8AAAAAAAAAAIyJhf/m5ub/5ubm/+bm5v/m5ub/+vr6/9d4AP/XegP/13gA/9d4AP/XeAD/13gA/9d4AP/XeAD/+Pj4/5mZmf+ZmZn/mZmZ/5mZmf/19fX/9fX1/4yJhf8AAAAAAAAAAIyJhf/m5ub/5ubm/+bm5v/m5ub/+vr6/9d4AP/Yewb/13oD/9d4AP/XeAD/13gA/9d4AP/XeAD/+Pj4//j4+P/39/f/9/f3//b29v/29vb/9fX1/4yJhf8AAAAAAAAAAIyJhf/m5ub/nJmW/5yZlv/m5ub/+vr6/9d4AP/ZfQr/2HsG/9d6A//XeAD/13gA/9d4AP/XeAD/+fn5/5mZmf+ZmZn/mZmZ/5mZmf+ZmZn/9vb2/4yJhf8AAAAAAAAAAIyJhf/m5ub/5ubm/+bm5v/m5ub/+vr6/9d4AP/Zfw3/2X0K/9h7Bv/XegP/13gA/9d4AP/XeAD/+fn5//n5+f/4+Pj/+Pj4//f39//39/f/9vb2/4yJhf8AAAAAAAAAAIyJhf/m5ub/nJmW/5yZlv/m5ub/+vr6/9d4AP/agRH/2X8N/9l9Cv/Yewb/13oD/9d4AP/XeAD/+vr6/5mZmf+ZmZn/mZmZ/5mZmf+ZmZn/9/f3/4yJhf8AAAAAAAAAAIyJhf/m5ub/5ubm/+bm5v/m5ub/+vr6/9d4AP/agxT/2oER/9l/Df/ZfQr/2HsG/9d6A//XeAD/+vr6//r6+v/5+fn/+fn5//j4+P/4+Pj/9/f3/4yJhf8AAAAAAAAAAIyJhf/m5ub/nJmW/5yZlv/m5ub/+vr6/9d4AP/XeAD/13gA/9d4AP/XeAD/13gA/9d4AP/XeAD/+vr6/5mZmf+ZmZn/mZmZ/5mZmf+ZmZn/+Pj4/4yJhf8AAAAAAAAAAIyJhf/m5ub/5ubm/+bm5v/m5ub/+vr6//r6+v/6+vr/+vr6//r6+v/6+vr/+vr6//r6+v/6+vr/+vr6//r6+v/6+vr/+vr6//n5+f/5+fn/+Pj4/4yJhf8AAAAAAAAAAIyJhf/m5ub/5ubm/+bm5v/m5ub/5ubm/+bm5v/m5ub/5ubm/+bm5v/m5ub/5ubm/+bm5v/m5ub/5ubm/+bm5v/m5ub/5ubm/+bm5v/m5ub/5ubm/4yJhf8AAAAAAAAAAIyJhf+MiYX/jImF/4yJhf+MiYX/jImF/4yJhf+MiYX/jImF/4yJhf+MiYX/jImF/4yJhf+MiYX/jImF/4yJhf/GxML/jImF/768uv+Vko//trSy/4yJhf8AAAAAAAAAAIyJhf+MiYX/jImF/4yJhf+MiYX/jImF/4yJhf+MiYX/jImF/4yJhf+MiYX/jImF/4yJhf+MiYX/jImF/4yJhf+MiYX/jImF/4yJhf+MiYX/jImF/4yJhf8AAAAAAAAAAAAAAAAAAAAAAAAAAAAAAAAAAAAAAAAAAAAAAAAAAAAAAAAAAAAAAAAAAAAAAAAAAAAAAAAAAAAAAAAAAAAAAAAAAAAAAAAAAAAAAAAAAAAAAAAAAAAAAAAAAAAAAAAAAAAAAAAAAAAAAAAAAAAAAAAAAAAAAAAAAAAAAAAAAAAAAAAAAAAAAAAAAAAAAAAAAAAAAAAAAAAAAAAAAAAAAAAAAAAAAAAAAAAAAAAAAAAAAAAAAAAAAAAAAAAAAAAAAAAAAAAAAAAAAAAAAAAAAAAAAAAAAAAAAAAAAAAAAAAAAAAAAAAAAAAAAAAAAAAAAAAAAAAAAAAAAAAAAAAAAAAAAAAAAAAAAAAAAAAAAAAAAAAAAAAAAAAAAAAAAAAAAAAAAAAAAAAAAAAAAAAAAAAAAAAAAAAAAAAAAAAAAAAAAAAAAAAAAAAAAAAAAAAAAAAAAAAAAAAAAAAAAAAAAAAAAAAAAAAAAAAAAAAAAAAAAAAAAAAAAAAAAAAA////AP///wD/////gAAB/4AAAf+AAAH/gAAB/4AAAf+AAAH/gAAB/4AAAf+AAAH/gAAB/4AAAf+AAAH/gAAB/4AAAf+AAAH/gAAB/4AAAf//////////////////////KAAAABQAAAAoAAAAAQAgAAAAAAAAAAAAAAAAAAAAAAAAAAAAAAAAAAAAAAAAAAAAAAAAAAAAAAAAAAAAAAAAAAAAAAAAAAAAAAAAAAAAAAAAAAAAAAAAAAAAAAAAAAAAAAAAAAAAAAAAAAAAAAAAAAAAAAAAAAAAAAAAAAAAAAAAAAAAAAAAAAAAAAAAAAAAAAAAAAAAAAAAAAAAAAAAAAAAAAAAAAAAAAAAAAAAAAAAAAAAAAAAAAAAAAAAAAAAAAAAAAAAAAAAAAAAAAAAAAAAAAAAAAAAAAAAAAAAAAAAAAAAAAAAAAAAAAAAAAAAAAAAAAAAAAAAAAAAAAAAAAAAAAAAAAAAAAAAAAAAAAAAAAAAAAAAAAAAAACMiYX/jImF/4yJhf+MiYX/jImF/4yJhf+MiYX/jImF/4yJhf+MiYX/jImF/4yJhf+MiYX/jImF/4yJhf+MiYX/jImF/4yJhf8AAAAAAAAAAIyJhf/m5ub/5ubm/+bm5v/6+vr/+fn5//n5+f/4+Pj/9/f3//f39//29vb/9vb2//X19f/09PT/9PT0//Pz8//z8/P/jImF/wAAAAAAAAAAjImF/+bm5v/m5ub/5ubm//r6+v/6+vr/+fn5//n5+f/4+Pj/9/f3//f39//29vb/9vb2//X19f/09PT/9PT0//Pz8/+MiYX/AAAAAAAAAACMiYX/5ubm/+bm5v/m5ub/+vr6/9d4AP/XeAD/13gA/9d4AP/XeAD/13gA//f39//29vb/9vb2//X19f/09PT/9PT0/4yJhf8AAAAAAAAAAIyJhf/m5ub/5ubm/+bm5v/6+vr/13gA/9d4AP/XeAD/13gA/9d4AP/XeAD/9/f3//f39//29vb/9vb2//X19f/09PT/jImF/wAAAAAAAAAAjImF/+bm5v+cmZb/nJmW//r6+v/XeAD/13kC/9d4AP/XeAD/13gA/9d4AP/4+Pj/mZmZ/5mZmf+ZmZn/9vb2//X19f+MiYX/AAAAAAAAAACMiYX/5ubm/+bm5v/m5ub/+vr6/9d4AP/YfAf/13kC/9d4AP/XeAD/13gA//n5+f/4+Pj/9/f3//f39//29vb/9vb2/4yJhf8AAAAAAAAAAIyJhf/m5ub/nJmW/5yZlv/6+vr/13gA/9l+DP/YfAf/13kC/9d4AP/XeAD/+fn5/5mZmf+ZmZn/mZmZ/5mZmf/29vb/jImF/wAAAAAAAAAAjImF/+bm5v/m5ub/5ubm//r6+v/XeAD/2oES/9l+DP/YfAf/13kC/9d4AP/6+vr/+fn5//n5+f/4+Pj/9/f3//f39/+MiYX/AAAAAAAAAACMiYX/5ubm/5yZlv+cmZb/+vr6/9d4AP/XeAD/13gA/9d4AP/XeAD/13gA//r6+v+ZmZn/mZmZ/5mZmf+ZmZn/9/f3/4yJhf8AAAAAAAAAAIyJhf/m5ub/5ubm/+bm5v/6+vr/+vr6//r6+v/6+vr/+vr6//r6+v/6+vr/+vr6//r6+v/6+vr/+fn5//n5+f/4+Pj/jImF/wAAAAAAAAAAjImF/+bm5v/m5ub/5ubm/+bm5v/m5ub/5ubm/+bm5v/m5ub/5ubm/+bm5v/m5ub/5ubm/+bm5v/m5ub/5ubm/+bm5v+MiYX/AAAAAAAAAACMiYX/jImF/4yJhf+MiYX/jImF/4yJhf+MiYX/jImF/4yJhf+MiYX/jImF/4yJhf/GxML/jImF/8bEwv+QjYn/sa+s/4yJhf8AAAAAAAAAAIyJhf+MiYX/jImF/4yJhf+MiYX/jImF/4yJhf+MiYX/jImF/4yJhf+MiYX/jImF/4yJhf+MiYX/jImF/4yJhf+MiYX/jImF/wAAAAAAAAAAAAAAAAAAAAAAAAAAAAAAAAAAAAAAAAAAAAAAAAAAAAAAAAAAAAAAAAAAAAAAAAAAAAAAAAAAAAAAAAAAAAAAAAAAAAAAAAAAAAAAAAAAAAAAAAAAAAAAAAAAAAAAAAAAAAAAAAAAAAAAAAAAAAAAAAAAAAAAAAAAAAAAAAAAAAAAAAAAAAAAAAAAAAAAAAAAAAAAAAAAAAAAAAAAAAAAAAAAAAAAAAAAAAAAAAAAAAAAAAAAAAAAAAAAAAAAAAAAAAAAAAAAAAAAAAAAAAAAAAAAAAAAAAAAAAAAAAAAAAAAAAAAAAAAAAAAAAD///D////w////8P+AABD/gAAQ/4AAEP+AABD/gAAQAIAAEACAABD/gAAQ/4AAEP+AABD/gAAQ/4AAEP+AABD/gAAQ////8P////D////w/ygAAAAQAAAAIAAAAAEAIAAAAAAAAAAAAAAAAAAAAAAAAAAAAAAAAAAAAAAAAAAAAAAAAAAAAAAAAAAAAAAAAAAAAAAAAAAAAAAAAAAAAAAAAAAAAAAAAAAAAAAAAAAAAAAAAAAAAAAAAAAAAAAAAAAAAAAAAAAAAAAAAAAAAAAAAAAAAAAAAAAAAAAAAAAAAAAAAAAAAAAAAAAAAAAAAAAAAAAAAAAAAIyJhf+MiYX/jImF/4yJhf+MiYX/jImF/4yJhf+MiYX/jImF/4yJhf+MiYX/jImF/4yJhf+MiYX/jImF/4yJhf+MiYX/5ubm/+bm5v/m5ub/+vr6//r6+v/6+vr/+vr6//r6+v/6+vr/+vr6//r6+v/6+vr/+vr6//r6+v+MiYX/jImF/+bm5v/m5ub/5ubm//r6+v/XeAD/13gA/9d4AP/XeAD/+vr6//r6+v/6+vr/+vr6//r6+v/6+vr/jImF/4yJhf/m5ub/5ubm/+bm5v/6+vr/13gA/9d4AP/XeAD/13gA//r6+v+ZmZn/mZmZ/5mZmf/6+vr/+vr6/4yJhf+MiYX/5ubm/+bm5v/m5ub/+vr6/9d4AP/XeQH/13gA/9d4AP/6+vr/+vr6//r6+v/6+vr/+vr6//r6+v+MiYX/jImF/+bm5v/m5ub/5ubm//r6+v/XeAD/2HwH/9d5Af/XeAD/+vr6/5mZmf+ZmZn/mZmZ/5mZmf/6+vr/jImF/4yJhf/m5ub/5ubm/+bm5v/6+vr/13gA/9l/Dv/YfAf/13gA//r6+v/6+vr/+vr6//r6+v/6+vr/+vr6/4yJhf+MiYX/5ubm/+bm5v/m5ub/+vr6/9d4AP/XeAD/13gA/9d4AP/6+vr/mZmZ/5mZmf+ZmZn/mZmZ//r6+v+MiYX/jImF/+bm5v/m5ub/5ubm//r6+v/6+vr/+vr6//r6+v/6+vr/+vr6//r6+v/6+vr/+vr6//r6+v/6+vr/jImF/4yJhf/m5ub/5ubm/+bm5v/m5ub/5ubm/+bm5v/m5ub/5ubm/+bm5v/m5ub/5ubm/+bm5v/m5ub/5ubm/4yJhf+MiYX/jImF/4yJhf+MiYX/jImF/4yJhf+MiYX/jImF/4yJhf+MiYX/jImF/4yJhf/GxML/jImF/8bEwv+MiYX/jImF/4yJhf+MiYX/jImF/4yJhf+MiYX/jImF/4yJhf+MiYX/jImF/4yJhf+MiYX/jImF/4yJhf+MiYX/jImF/wAAAAAAAAAAAAAAAAAAAAAAAAAAAAAAAAAAAAAAAAAAAAAAAAAAAAAAAAAAAAAAAAAAAAAAAAAAAAAAAAAAAAAAAAAAAAAAAAAAAAAAAAAAAAAAAAAAAAAAAAAAAAAAAAAAAAAAAAAAAAAAAAAAAAAAAAAAAAAAAAAAAAAAAAAA//+Z////9/8AAIX/AAAAAAAAAAAAAIX/AADm/wAA5v8AAOb/AAD6/wAA+v8AAPr/AAD6/wAA+v////r////6/w==\",\"rawPng\":\"iVBORw0KGgoAAAANSUhEUgAAACAAAAAgCAMAAABEpIrGAAAABGdBTUEAALGPC/xhBQAAACBjSFJNAAB6JgAAgIQAAPoAAACA6AAAdTAAAOpgAAA6mAAAF3CculE8AAAATlBMVEUAAACFiYzCxMbm5ub6+vr5+fn4+PgAeNeWmZwWhNoUg9oRgdoPgNkMftkKfdkIfNgFe9gDedeZmZn39/f29vb19fX09PTz8/Py8vL///+ycNgeAAAAAXRSTlMAQObYZgAAAAFiS0dEGexutYgAAAAHdElNRQfjBgUPKhsKyITnAAAAmUlEQVQ4y92S2w7CIBBEW4Uu3i+A+v9fatMdpy4W4qtOH8+Z2YS0634jfSMNYTV9KqyrgeAW470f3heczHlxCiGEUdhsd/vD8XS+iLtqol0gF/RjIZB/LugJckE/JrtALh4LhUAu6KdkT5DLgIVsF8gF/VwI5BLLBT0xB/18qz31tDDyqoB+S1B+N4Lj+5FbYYE/+u/+yT/IE8qaEqnjk6aKAAAAJXRFWHRkYXRlOmNyZWF0ZQAyMDE5LTA2LTA1VDE1OjQyOjI3LTA0OjAw2SJ3aQAAACV0RVh0ZGF0ZTptb2RpZnkAMjAxOS0wNi0wNVQxNTo0MjoyNy0wNDowMKh/z9UAAAAASUVORK5CYII=\"}],\"certificateExpiry\":\"2024-06-19T23:59:59+00:00\",\"certificateName\":\"CN=Mozilla Corporation, OU=Firefox Engineering Operations, O=Mozilla Corporation, L=Mountain View, S=California, C=US\",\"isPackageTimestamped\":\"Timestamped\"},\"hostPoolReferences\":null,\"failHealthCheckOnStagingFailure\":null,\"keyVaultURL\":null},\"systemData\":null}],\"nextLink\":null}",
      "isContentBase64": false
    }
  },
  "Update-AzWvdAppAttachPackage+[NoContext]+ImageObjectByPipeline+$DELETE+https://management.azure.com/subscriptions/dbedef25-184c-430f-b383-0eeb87c3205d/resourceGroups/alecbUserSessionTests/providers/Microsoft.DesktopVirtualization/appAttachPackages/TestPackage?api-version=2024-04-03+4": {
    "Request": {
      "Method": "DELETE",
      "RequestUri": "https://management.azure.com/subscriptions/dbedef25-184c-430f-b383-0eeb87c3205d/resourceGroups/alecbUserSessionTests/providers/Microsoft.DesktopVirtualization/appAttachPackages/TestPackage?api-version=2024-04-03",
      "Content": null,
      "isContentBase64": false,
      "Headers": {
        "x-ms-unique-id": [ "340" ],
        "x-ms-client-request-id": [ "987250bf-bcfc-49e5-a0d4-88dd61c1310f" ],
        "CommandName": [ "Remove-AzWvdAppAttachPackage" ],
        "FullCommandName": [ "Remove-AzWvdAppAttachPackage_Delete" ],
        "ParameterSetName": [ "__AllParameterSets" ],
        "User-Agent": [ "AzurePowershell/v0.0.0", "PSVersion/v7.2.19", "Az.DesktopVirtualization/2.1.0" ],
        "Authorization": [ "[Filtered]" ]
      },
      "ContentHeaders": {
      }
    },
    "Response": {
      "StatusCode": 200,
      "Headers": {
        "Cache-Control": [ "no-cache" ],
        "Pragma": [ "no-cache" ],
        "Vary": [ "Accept-Encoding" ],
        "Set-Cookie": [ "ARRAffinity=bcbcd66544f5ddaf4cbead41410626b9ca9d605ee7d3a04c141d9e19b964fb41;Path=/;HttpOnly;Secure;Domain=rdarmprovider-g-us-r0.wvdselfhost.microsoft.com", "ARRAffinitySameSite=bcbcd66544f5ddaf4cbead41410626b9ca9d605ee7d3a04c141d9e19b964fb41;Path=/;HttpOnly;SameSite=None;Secure;Domain=rdarmprovider-g-us-r0.wvdselfhost.microsoft.com" ],
        "x-ms-ratelimit-remaining-subscription-deletes": [ "199" ],
        "X-Rate-Limit-Limit": [ "0" ],
        "X-Rate-Limit-Remaining": [ "9223372036854775807" ],
        "X-Rate-Limit-Reset": [ "0" ],
        "x-ms-opsarmpath64": [ "L3N1YnNjcmlwdGlvbnMvZGJlZGVmMjUtMTg0Yy00MzBmLWIzODMtMGVlYjg3YzMyMDVkL3Jlc291cmNlR3JvdXBzL2FsZWNiVXNlclNlc3Npb25UZXN0cy9wcm92aWRlcnMvTWljcm9zb2Z0LkRlc2t0b3BWaXJ0dWFsaXphdGlvbi9hcHBBdHRhY2hQYWNrYWdlcy9UZXN0UGFja2FnZQ==" ],
        "x-ms-lamport-ts": [ "173945203" ],
        "x-ms-correlation-id": [ "2c2b94c3-e9d6-407a-90b0-391d584efa55" ],
        "x-ms-request-id": [ "987250bf-bcfc-49e5-a0d4-88dd61c1310f" ],
        "X-Powered-By": [ "ASP.NET" ],
        "X-Content-Type-Options": [ "nosniff" ],
        "x-ms-ratelimit-remaining-subscription-global-deletes": [ "2999" ],
        "x-ms-correlation-request-id": [ "f0d26551-12dd-4307-b80f-43c32bb29789" ],
        "x-ms-routing-request-id": [ "WESTUS:20240808T220954Z:f0d26551-12dd-4307-b80f-43c32bb29789" ],
        "Strict-Transport-Security": [ "max-age=31536000; includeSubDomains" ],
        "X-Cache": [ "CONFIG_NOCACHE" ],
        "X-MSEdge-Ref": [ "Ref A: 6D655B7556694ED2A3B376FA2B2CEC18 Ref B: SJC211051205053 Ref C: 2024-08-08T22:09:53Z" ],
        "Date": [ "Thu, 08 Aug 2024 22:09:53 GMT" ]
      },
      "ContentHeaders": {
        "Content-Length": [ "1627" ],
        "Content-Type": [ "application/json; charset=utf-8" ],
        "Expires": [ "-1" ]
      },
      "Content": "{\"name\":\"TestPackage\",\"id\":\"/subscriptions/dbedef25-184c-430f-b383-0eeb87c3205d/resourcegroups/alecbUserSessionTests/providers/Microsoft.DesktopVirtualization/appattachpackages/TestPackage\",\"type\":\"Microsoft.DesktopVirtualization/appattachpackages\",\"location\":\"westus2\",\"tags\":{},\"kind\":null,\"systemData\":{\"createdBy\":\"alecbaird@wvdtesttenant.onmicrosoft.com\",\"createdByType\":\"User\",\"createdAt\":\"2024-08-08T22:09:50.80Z\",\"lastModifiedBy\":\"alecbaird@wvdtesttenant.onmicrosoft.com\",\"lastModifiedByType\":\"User\",\"lastModifiedAt\":\"2024-08-08T22:09:50.80Z\"},\"properties\":{\"customData\":null,\"packageOwnerName\":\"AppAttach\",\"packageLookbackUrl\":null,\"image\":{\"packageAlias\":null,\"imagePath\":\"C:\\\\\\\\msix\\\\SingleMsix.vhd\",\"packageName\":\"MsixUnitTest_Name\",\"packageFamilyName\":\"MsixUnitTest_FamilyName\",\"packageFullName\":\"AATest_FullName_UnitTest\",\"displayName\":\"UnitTest-MSIXPackage\",\"packageRelativePath\":\"MsixUnitTest_RelativePackageRoot\",\"isRegularRegistration\":true,\"isActive\":true,\"packageDependencies\":[{\"dependencyName\":\"MsixTest_Dependency_Name\",\"publisher\":\"MsixTest_Dependency_Publisher\",\"minVersion\":\"0.0.0.42\"}],\"version\":\"0.0.18838.722\",\"lastUpdated\":\"0001-01-01T00:00:00\",\"packageApplications\":[{\"appUserModelID\":\"MsixTest_Application_ModelID\",\"appId\":\"MsixTest_Application_Id\",\"description\":\"testing from ps\",\"friendlyName\":\"some name\",\"iconImageName\":\"Apptile\",\"rawIcon\":\"c29tZSBpbWFnZQ==\",\"rawPng\":\"c29tZSBpbWFnZQ==\"}],\"certificateExpiry\":\"0001-01-01T00:00:00\",\"certificateName\":null,\"isPackageTimestamped\":\"NotTimestamped\"},\"hostPoolReferences\":[],\"failHealthCheckOnStagingFailure\":\"NeedsAssistance\",\"keyVaultURL\":null}}",
      "isContentBase64": false
    }
  }
}