{
  "Update-AzWvdSessionHost+[NoContext]+Update+$PATCH+https://management.azure.com/subscriptions/dbedef25-184c-430f-b383-0eeb87c3205d/resourceGroups/alecbUserSessionTests/providers/Microsoft.DesktopVirtualization/hostPools/alecbUserSessionHP/sessionHosts/userSess-sh-0?api-version=2024-01-16-preview+1": {
    "Request": {
      "Method": "PATCH",
      "RequestUri": "https://management.azure.com/subscriptions/dbedef25-184c-430f-b383-0eeb87c3205d/resourceGroups/alecbUserSessionTests/providers/Microsoft.DesktopVirtualization/hostPools/alecbUserSessionHP/sessionHosts/userSess-sh-0?api-version=2024-01-16-preview",
      "Content": "{\r\n  \"properties\": {\r\n    \"allowNewSession\": false\r\n  }\r\n}",
      "isContentBase64": false,
      "Headers": {
      },
      "ContentHeaders": {
        "Content-Type": [ "application/json" ],
        "Content-Length": [ "58" ]
      }
    },
    "Response": {
      "StatusCode": 200,
      "Headers": {
        "Cache-Control": [ "no-cache" ],
        "Pragma": [ "no-cache" ],
        "Vary": [ "Accept-Encoding" ],
        "Set-Cookie": [ "ARRAffinity=962b39e4c216de809e39953219b89639b5df6fd70528b64dedbaf9d8313ec384;Path=/;HttpOnly;Secure;Domain=rdarmprovider-g-us-r0.wvdselfhost.microsoft.com", "ARRAffinitySameSite=962b39e4c216de809e39953219b89639b5df6fd70528b64dedbaf9d8313ec384;Path=/;HttpOnly;SameSite=None;Secure;Domain=rdarmprovider-g-us-r0.wvdselfhost.microsoft.com" ],
        "x-ms-throttling-version": [ "v1" ],
        "X-Rate-Limit-Limit": [ "0" ],
        "X-Rate-Limit-Remaining": [ "9223372036854775807" ],
        "X-Rate-Limit-Reset": [ "0" ],
        "x-ms-opsarmpath64": [ "L3N1YnNjcmlwdGlvbnMvZGJlZGVmMjUtMTg0Yy00MzBmLWIzODMtMGVlYjg3YzMyMDVkL3Jlc291cmNlR3JvdXBzL2FsZWNiVXNlclNlc3Npb25UZXN0cy9wcm92aWRlcnMvTWljcm9zb2Z0LkRlc2t0b3BWaXJ0dWFsaXphdGlvbi9ob3N0UG9vbHMvYWxlY2JVc2VyU2Vzc2lvbkhQL3Nlc3Npb25Ib3N0cy91c2VyU2Vzcy1zaC0w" ],
        "x-ms-lamport-ts": [ "160632408" ],
        "x-ms-correlation-id": [ "88b63b68-e31f-4991-a971-7b3015a59d7b" ],
        "x-ms-request-id": [ "57720d66-2549-4c1a-acd7-cb756dcf70e7" ],
        "X-Powered-By": [ "ASP.NET" ],
        "X-Content-Type-Options": [ "nosniff" ],
        "x-ms-ratelimit-remaining-subscription-writes": [ "1198" ],
        "x-ms-correlation-request-id": [ "92d1e7bb-321c-46e7-9225-0508e7dfbd7a" ],
        "x-ms-routing-request-id": [ "WESTCENTRALUS:20240521T004026Z:92d1e7bb-321c-46e7-9225-0508e7dfbd7a" ],
        "Strict-Transport-Security": [ "max-age=31536000; includeSubDomains" ],
        "X-Cache": [ "CONFIG_NOCACHE" ],
        "X-MSEdge-Ref": [ "Ref A: 01F3774DE49744B4AD2646946640B0B9 Ref B: CYS013050702021 Ref C: 2024-05-21T00:40:26Z" ],
        "Date": [ "Tue, 21 May 2024 00:40:26 GMT" ]
      },
      "ContentHeaders": {
        "Content-Length": [ "4103" ],
        "Content-Type": [ "application/json; charset=utf-8" ],
        "Expires": [ "-1" ]
      },
      "Content": "{\"name\":\"alecbUserSessionHP/userSess-sh-0\",\"id\":\"/subscriptions/dbedef25-184c-430f-b383-0eeb87c3205d/resourcegroups/alecbUserSessionTests/providers/Microsoft.DesktopVirtualization/hostpools/alecbUserSessionHP/sessionhosts/userSess-sh-0\",\"type\":\"Microsoft.DesktopVirtualization/hostpools/sessionhosts\",\"properties\":{\"sessionHostConfiguration\":null,\"friendlyName\":null,\"lastHeartBeat\":\"2024-05-18T05:04:47.35Z\",\"statusTimestamp\":\"2024-05-11T01:11:16.99Z\",\"lastUpdateTime\":\"2024-05-11T01:11:16.99Z\",\"sessions\":3,\"agentVersion\":\"1.0.9103.600\",\"allowNewSession\":false,\"assignedUser\":null,\"status\":\"Available\",\"osVersion\":\"10.0.19045.3803\",\"sxSStackVersion\":\"rdp-sxs240416084\",\"updateState\":\"Succeeded\",\"updateErrorMessage\":\"\",\"sessionHostHealthCheckResults\":[{\"healthCheckName\":\"DomainJoinedCheck\",\"healthCheckResult\":\"HealthCheckSucceeded\",\"additionalFailureDetails\":{\"message\":\"\",\"errorCode\":0,\"lastHealthCheckDateTime\":\"2024-05-18T04:49:49.1647334Z\"}},{\"healthCheckName\":\"DomainTrustCheck\",\"healthCheckResult\":\"HealthCheckSucceeded\",\"additionalFailureDetails\":{\"message\":\"\",\"errorCode\":0,\"lastHealthCheckDateTime\":\"2024-05-18T04:49:50.1647587Z\"}},{\"healthCheckName\":\"SxSStackListenerCheck\",\"healthCheckResult\":\"HealthCheckSucceeded\",\"additionalFailureDetails\":{\"message\":\"SessionHost healthy: SessionHost healthy: SxS stack listener is ready\",\"errorCode\":0,\"lastHealthCheckDateTime\":\"2024-05-18T04:41:38.3654191Z\"}},{\"healthCheckName\":\"UrlsAccessibleCheck\",\"healthCheckResult\":\"HealthCheckSucceeded\",\"additionalFailureDetails\":{\"message\":\"{\\\"AccessibleUrls\\\":[\\\"11bc4f73-251b-4c14-a94e-0a95f8db9f08.rdbroker-g-us-r1.wvdselfhost.microsoft.com\\\",\\\"11bc4f73-251b-4c14-a94e-0a95f8db9f08.rdbroker.wvdselfhost.microsoft.com\\\",\\\"11bc4f73-251b-4c14-a94e-0a95f8db9f08.rddiagnostics-g-us-r1.wvdselfhost.microsoft.com\\\",\\\"mrsglobalstwus2selfhost.blob.core.windows.net\\\",\\\"gcs.prod.monitoring.core.windows.net\\\",\\\"westus2-shared.prod.warm.ingest.monitor.core.windows.net\\\",\\\"qos.prod.warm.ingest.monitor.core.windows.net\\\"],\\\"NotAccessibleUrls\\\":null,\\\"Context\\\":null}\",\"errorCode\":0,\"lastHealthCheckDateTime\":\"2024-05-18T04:49:51.3678644Z\"}},{\"healthCheckName\":\"MonitoringAgentCheck\",\"healthCheckResult\":\"HealthCheckSucceeded\",\"additionalFailureDetails\":{\"message\":\"Located running process at C:\\\\Program Files\\\\Microsoft RDInfra\\\\RDMonitoringAgent_46.5.1\\\\Agent\\\\MonAgentLauncher.exe\",\"errorCode\":0,\"lastHealthCheckDateTime\":\"2024-05-18T04:56:23.0573267Z\"}},{\"healthCheckName\":\"DomainReachable\",\"healthCheckResult\":\"HealthCheckSucceeded\",\"additionalFailureDetails\":{\"message\":\"\",\"errorCode\":0,\"lastHealthCheckDateTime\":\"2024-05-18T04:49:49.1647334Z\"}},{\"healthCheckName\":\"MetaDataServiceCheck\",\"healthCheckResult\":\"HealthCheckSucceeded\",\"additionalFailureDetails\":{\"message\":\"{\\r\\n  \\\"Details\\\": \\\"IMDS pressumed available\\\",\\r\\n  \\\"AzureResourceId\\\": \\\"/subscriptions/dbedef25-184c-430f-b383-0eeb87c3205d/resourceGroups/alecbUserSessionTests/providers/Microsoft.Compute/virtualMachines/userSess-sh-0\\\",\\r\\n  \\\"VmId\\\": \\\"b9847487-d260-4bea-b025-50a8e7a24af1\\\"\\r\\n}\",\"errorCode\":0,\"lastHealthCheckDateTime\":\"2024-05-18T04:41:31.2872424Z\"}},{\"healthCheckName\":\"AppAttachHealthCheck\",\"healthCheckResult\":\"HealthCheckSucceeded\",\"additionalFailureDetails\":{\"message\":\"SessionHost healthy: MSIX packages have been properly staged\",\"errorCode\":0,\"lastHealthCheckDateTime\":\"2024-05-18T05:00:41.4023719Z\"}},{\"healthCheckName\":\"TURNRelayAccessHealthCheck\",\"healthCheckResult\":\"HealthCheckSucceeded\",\"additionalFailureDetails\":{\"message\":\"Health check skipped\",\"errorCode\":0,\"lastHealthCheckDateTime\":\"2024-05-18T05:04:22.247224Z\"}}],\"resourceId\":\"/subscriptions/dbedef25-184c-430f-b383-0eeb87c3205d/resourceGroups/alecbUserSessionTests/providers/Microsoft.Compute/virtualMachines/userSess-sh-0\",\"virtualMachineId\":\"b9847487-d260-4bea-b025-50a8e7a24af1\",\"objectId\":\"ac7dba35-894f-4190-ac0d-7a3a33c7ba78\"},\"systemData\":{\"createdBy\":null,\"createdByType\":null,\"createdAt\":\"2023-03-15T03:16:53.36Z\",\"lastModifiedBy\":\"alecbaird@wvdtesttenant.onmicrosoft.com\",\"lastModifiedByType\":\"User\",\"lastModifiedAt\":\"2024-05-21T00:40:26.28Z\"}}",
      "isContentBase64": false
    }
  },
  "Update-AzWvdSessionHost+[NoContext]+Update+$GET+https://management.azure.com/subscriptions/dbedef25-184c-430f-b383-0eeb87c3205d/resourceGroups/alecbUserSessionTests/providers/Microsoft.DesktopVirtualization/hostPools/alecbUserSessionHP/sessionHosts/userSess-sh-0?api-version=2024-01-16-preview+2": {
    "Request": {
      "Method": "GET",
      "RequestUri": "https://management.azure.com/subscriptions/dbedef25-184c-430f-b383-0eeb87c3205d/resourceGroups/alecbUserSessionTests/providers/Microsoft.DesktopVirtualization/hostPools/alecbUserSessionHP/sessionHosts/userSess-sh-0?api-version=2024-01-16-preview",
      "Content": null,
      "isContentBase64": false,
      "Headers": {
        "x-ms-unique-id": [ "462" ],
        "x-ms-client-request-id": [ "30f0f3b6-619e-434e-8fce-41900f1c8113" ],
        "CommandName": [ "Get-AzWvdSessionHost" ],
        "FullCommandName": [ "Get-AzWvdSessionHost_Get" ],
        "ParameterSetName": [ "__AllParameterSets" ],
        "User-Agent": [ "AzurePowershell/v0.0.0", "PSVersion/v7.2.19", "Az.DesktopVirtualization/2.1.0" ],
        "Authorization": [ "[Filtered]" ]
      },
      "ContentHeaders": {
      }
    },
    "Response": {
      "StatusCode": 200,
      "Headers": {
        "Cache-Control": [ "no-cache" ],
        "Pragma": [ "no-cache" ],
        "Vary": [ "Accept-Encoding" ],
        "Set-Cookie": [ "ARRAffinity=6ed70d129f929e9c0dc1324370ea99cd733e8f3cb78772a9b8793f4f636e0cf7;Path=/;HttpOnly;Secure;Domain=rdarmprovider-g-us-r0.wvdselfhost.microsoft.com", "ARRAffinitySameSite=6ed70d129f929e9c0dc1324370ea99cd733e8f3cb78772a9b8793f4f636e0cf7;Path=/;HttpOnly;SameSite=None;Secure;Domain=rdarmprovider-g-us-r0.wvdselfhost.microsoft.com" ],
        "x-ms-throttling-version": [ "v1" ],
        "X-Rate-Limit-Limit": [ "0" ],
        "X-Rate-Limit-Remaining": [ "9223372036854775807" ],
        "X-Rate-Limit-Reset": [ "0" ],
        "x-ms-opsarmpath64": [ "L3N1YnNjcmlwdGlvbnMvZGJlZGVmMjUtMTg0Yy00MzBmLWIzODMtMGVlYjg3YzMyMDVkL3Jlc291cmNlR3JvdXBzL2FsZWNiVXNlclNlc3Npb25UZXN0cy9wcm92aWRlcnMvTWljcm9zb2Z0LkRlc2t0b3BWaXJ0dWFsaXphdGlvbi9ob3N0UG9vbHMvYWxlY2JVc2VyU2Vzc2lvbkhQL3Nlc3Npb25Ib3N0cy91c2VyU2Vzcy1zaC0w" ],
        "x-ms-lamport-ts": [ "160632445" ],
        "x-ms-correlation-id": [ "4513fb1f-3040-4cb8-8376-c2c35d93bfab" ],
        "x-ms-request-id": [ "30f0f3b6-619e-434e-8fce-41900f1c8113" ],
        "X-Powered-By": [ "ASP.NET" ],
        "X-Content-Type-Options": [ "nosniff" ],
        "x-ms-ratelimit-remaining-subscription-reads": [ "11999" ],
        "x-ms-correlation-request-id": [ "87aa66bd-7f8e-4582-94f3-dbf298697fc4" ],
        "x-ms-routing-request-id": [ "WESTCENTRALUS:20240521T004027Z:87aa66bd-7f8e-4582-94f3-dbf298697fc4" ],
        "Strict-Transport-Security": [ "max-age=31536000; includeSubDomains" ],
        "X-Cache": [ "CONFIG_NOCACHE" ],
        "X-MSEdge-Ref": [ "Ref A: 8045416E7DE4411B98DC21FB621C4769 Ref B: CYS013050702021 Ref C: 2024-05-21T00:40:26Z" ],
        "Date": [ "Tue, 21 May 2024 00:40:27 GMT" ]
      },
      "ContentHeaders": {
        "Content-Length": [ "4103" ],
        "Content-Type": [ "application/json; charset=utf-8" ],
        "Expires": [ "-1" ]
      },
      "Content": "{\"name\":\"alecbUserSessionHP/userSess-sh-0\",\"id\":\"/subscriptions/dbedef25-184c-430f-b383-0eeb87c3205d/resourcegroups/alecbUserSessionTests/providers/Microsoft.DesktopVirtualization/hostpools/alecbUserSessionHP/sessionhosts/userSess-sh-0\",\"type\":\"Microsoft.DesktopVirtualization/hostpools/sessionhosts\",\"properties\":{\"sessionHostConfiguration\":null,\"friendlyName\":null,\"lastHeartBeat\":\"2024-05-18T05:04:47.35Z\",\"statusTimestamp\":\"2024-05-11T01:11:16.99Z\",\"lastUpdateTime\":\"2024-05-11T01:11:16.99Z\",\"sessions\":3,\"agentVersion\":\"1.0.9103.600\",\"allowNewSession\":false,\"assignedUser\":null,\"status\":\"Available\",\"osVersion\":\"10.0.19045.3803\",\"sxSStackVersion\":\"rdp-sxs240416084\",\"updateState\":\"Succeeded\",\"updateErrorMessage\":\"\",\"sessionHostHealthCheckResults\":[{\"healthCheckName\":\"DomainJoinedCheck\",\"healthCheckResult\":\"HealthCheckSucceeded\",\"additionalFailureDetails\":{\"message\":\"\",\"errorCode\":0,\"lastHealthCheckDateTime\":\"2024-05-18T04:49:49.1647334Z\"}},{\"healthCheckName\":\"DomainTrustCheck\",\"healthCheckResult\":\"HealthCheckSucceeded\",\"additionalFailureDetails\":{\"message\":\"\",\"errorCode\":0,\"lastHealthCheckDateTime\":\"2024-05-18T04:49:50.1647587Z\"}},{\"healthCheckName\":\"SxSStackListenerCheck\",\"healthCheckResult\":\"HealthCheckSucceeded\",\"additionalFailureDetails\":{\"message\":\"SessionHost healthy: SessionHost healthy: SxS stack listener is ready\",\"errorCode\":0,\"lastHealthCheckDateTime\":\"2024-05-18T04:41:38.3654191Z\"}},{\"healthCheckName\":\"UrlsAccessibleCheck\",\"healthCheckResult\":\"HealthCheckSucceeded\",\"additionalFailureDetails\":{\"message\":\"{\\\"AccessibleUrls\\\":[\\\"11bc4f73-251b-4c14-a94e-0a95f8db9f08.rdbroker-g-us-r1.wvdselfhost.microsoft.com\\\",\\\"11bc4f73-251b-4c14-a94e-0a95f8db9f08.rdbroker.wvdselfhost.microsoft.com\\\",\\\"11bc4f73-251b-4c14-a94e-0a95f8db9f08.rddiagnostics-g-us-r1.wvdselfhost.microsoft.com\\\",\\\"mrsglobalstwus2selfhost.blob.core.windows.net\\\",\\\"gcs.prod.monitoring.core.windows.net\\\",\\\"westus2-shared.prod.warm.ingest.monitor.core.windows.net\\\",\\\"qos.prod.warm.ingest.monitor.core.windows.net\\\"],\\\"NotAccessibleUrls\\\":null,\\\"Context\\\":null}\",\"errorCode\":0,\"lastHealthCheckDateTime\":\"2024-05-18T04:49:51.3678644Z\"}},{\"healthCheckName\":\"MonitoringAgentCheck\",\"healthCheckResult\":\"HealthCheckSucceeded\",\"additionalFailureDetails\":{\"message\":\"Located running process at C:\\\\Program Files\\\\Microsoft RDInfra\\\\RDMonitoringAgent_46.5.1\\\\Agent\\\\MonAgentLauncher.exe\",\"errorCode\":0,\"lastHealthCheckDateTime\":\"2024-05-18T04:56:23.0573267Z\"}},{\"healthCheckName\":\"DomainReachable\",\"healthCheckResult\":\"HealthCheckSucceeded\",\"additionalFailureDetails\":{\"message\":\"\",\"errorCode\":0,\"lastHealthCheckDateTime\":\"2024-05-18T04:49:49.1647334Z\"}},{\"healthCheckName\":\"MetaDataServiceCheck\",\"healthCheckResult\":\"HealthCheckSucceeded\",\"additionalFailureDetails\":{\"message\":\"{\\r\\n  \\\"Details\\\": \\\"IMDS pressumed available\\\",\\r\\n  \\\"AzureResourceId\\\": \\\"/subscriptions/dbedef25-184c-430f-b383-0eeb87c3205d/resourceGroups/alecbUserSessionTests/providers/Microsoft.Compute/virtualMachines/userSess-sh-0\\\",\\r\\n  \\\"VmId\\\": \\\"b9847487-d260-4bea-b025-50a8e7a24af1\\\"\\r\\n}\",\"errorCode\":0,\"lastHealthCheckDateTime\":\"2024-05-18T04:41:31.2872424Z\"}},{\"healthCheckName\":\"AppAttachHealthCheck\",\"healthCheckResult\":\"HealthCheckSucceeded\",\"additionalFailureDetails\":{\"message\":\"SessionHost healthy: MSIX packages have been properly staged\",\"errorCode\":0,\"lastHealthCheckDateTime\":\"2024-05-18T05:00:41.4023719Z\"}},{\"healthCheckName\":\"TURNRelayAccessHealthCheck\",\"healthCheckResult\":\"HealthCheckSucceeded\",\"additionalFailureDetails\":{\"message\":\"Health check skipped\",\"errorCode\":0,\"lastHealthCheckDateTime\":\"2024-05-18T05:04:22.247224Z\"}}],\"resourceId\":\"/subscriptions/dbedef25-184c-430f-b383-0eeb87c3205d/resourceGroups/alecbUserSessionTests/providers/Microsoft.Compute/virtualMachines/userSess-sh-0\",\"virtualMachineId\":\"b9847487-d260-4bea-b025-50a8e7a24af1\",\"objectId\":\"ac7dba35-894f-4190-ac0d-7a3a33c7ba78\"},\"systemData\":{\"createdBy\":null,\"createdByType\":null,\"createdAt\":\"2023-03-15T03:16:53.36Z\",\"lastModifiedBy\":\"alecbaird@wvdtesttenant.onmicrosoft.com\",\"lastModifiedByType\":\"User\",\"lastModifiedAt\":\"2024-05-21T00:40:26.28Z\"}}",
      "isContentBase64": false
    }
  },
  "Update-AzWvdSessionHost+[NoContext]+Update+$PATCH+https://management.azure.com/subscriptions/dbedef25-184c-430f-b383-0eeb87c3205d/resourceGroups/alecbUserSessionTests/providers/Microsoft.DesktopVirtualization/hostPools/alecbUserSessionHP/sessionHosts/userSess-sh-0?api-version=2024-01-16-preview+3": {
    "Request": {
      "Method": "PATCH",
      "RequestUri": "https://management.azure.com/subscriptions/dbedef25-184c-430f-b383-0eeb87c3205d/resourceGroups/alecbUserSessionTests/providers/Microsoft.DesktopVirtualization/hostPools/alecbUserSessionHP/sessionHosts/userSess-sh-0?api-version=2024-01-16-preview",
      "Content": "{\r\n  \"properties\": {\r\n    \"allowNewSession\": true\r\n  }\r\n}",
      "isContentBase64": false,
      "Headers": {
      },
      "ContentHeaders": {
        "Content-Type": [ "application/json" ],
        "Content-Length": [ "57" ]
      }
    },
    "Response": {
      "StatusCode": 200,
      "Headers": {
        "Cache-Control": [ "no-cache" ],
        "Pragma": [ "no-cache" ],
        "Vary": [ "Accept-Encoding" ],
        "Set-Cookie": [ "ARRAffinity=6ed70d129f929e9c0dc1324370ea99cd733e8f3cb78772a9b8793f4f636e0cf7;Path=/;HttpOnly;Secure;Domain=rdarmprovider-g-us-r0.wvdselfhost.microsoft.com", "ARRAffinitySameSite=6ed70d129f929e9c0dc1324370ea99cd733e8f3cb78772a9b8793f4f636e0cf7;Path=/;HttpOnly;SameSite=None;Secure;Domain=rdarmprovider-g-us-r0.wvdselfhost.microsoft.com" ],
        "x-ms-throttling-version": [ "v1" ],
        "X-Rate-Limit-Limit": [ "0" ],
        "X-Rate-Limit-Remaining": [ "9223372036854775807" ],
        "X-Rate-Limit-Reset": [ "0" ],
        "x-ms-opsarmpath64": [ "L3N1YnNjcmlwdGlvbnMvZGJlZGVmMjUtMTg0Yy00MzBmLWIzODMtMGVlYjg3YzMyMDVkL3Jlc291cmNlR3JvdXBzL2FsZWNiVXNlclNlc3Npb25UZXN0cy9wcm92aWRlcnMvTWljcm9zb2Z0LkRlc2t0b3BWaXJ0dWFsaXphdGlvbi9ob3N0UG9vbHMvYWxlY2JVc2VyU2Vzc2lvbkhQL3Nlc3Npb25Ib3N0cy91c2VyU2Vzcy1zaC0w" ],
        "x-ms-lamport-ts": [ "160632453" ],
        "x-ms-correlation-id": [ "dfd3f795-a7af-43c4-a043-cfc51ced21c5" ],
        "x-ms-request-id": [ "10a30b2c-a140-4b84-a611-8fa426224931" ],
        "X-Powered-By": [ "ASP.NET" ],
        "X-Content-Type-Options": [ "nosniff" ],
        "x-ms-ratelimit-remaining-subscription-writes": [ "1197" ],
        "x-ms-correlation-request-id": [ "60975ad1-970a-42ff-b0e6-99ba50fe2d05" ],
        "x-ms-routing-request-id": [ "WESTCENTRALUS:20240521T004028Z:60975ad1-970a-42ff-b0e6-99ba50fe2d05" ],
        "Strict-Transport-Security": [ "max-age=31536000; includeSubDomains" ],
        "X-Cache": [ "CONFIG_NOCACHE" ],
        "X-MSEdge-Ref": [ "Ref A: FBE6F126E31D4C53AC84823130D643D2 Ref B: CYS013050702021 Ref C: 2024-05-21T00:40:27Z" ],
        "Date": [ "Tue, 21 May 2024 00:40:28 GMT" ]
      },
      "ContentHeaders": {
        "Content-Length": [ "4102" ],
        "Content-Type": [ "application/json; charset=utf-8" ],
        "Expires": [ "-1" ]
      },
      "Content": "{\"name\":\"alecbUserSessionHP/userSess-sh-0\",\"id\":\"/subscriptions/dbedef25-184c-430f-b383-0eeb87c3205d/resourcegroups/alecbUserSessionTests/providers/Microsoft.DesktopVirtualization/hostpools/alecbUserSessionHP/sessionhosts/userSess-sh-0\",\"type\":\"Microsoft.DesktopVirtualization/hostpools/sessionhosts\",\"properties\":{\"sessionHostConfiguration\":null,\"friendlyName\":null,\"lastHeartBeat\":\"2024-05-18T05:04:47.35Z\",\"statusTimestamp\":\"2024-05-11T01:11:16.99Z\",\"lastUpdateTime\":\"2024-05-11T01:11:16.99Z\",\"sessions\":3,\"agentVersion\":\"1.0.9103.600\",\"allowNewSession\":true,\"assignedUser\":null,\"status\":\"Available\",\"osVersion\":\"10.0.19045.3803\",\"sxSStackVersion\":\"rdp-sxs240416084\",\"updateState\":\"Succeeded\",\"updateErrorMessage\":\"\",\"sessionHostHealthCheckResults\":[{\"healthCheckName\":\"DomainJoinedCheck\",\"healthCheckResult\":\"HealthCheckSucceeded\",\"additionalFailureDetails\":{\"message\":\"\",\"errorCode\":0,\"lastHealthCheckDateTime\":\"2024-05-18T04:49:49.1647334Z\"}},{\"healthCheckName\":\"DomainTrustCheck\",\"healthCheckResult\":\"HealthCheckSucceeded\",\"additionalFailureDetails\":{\"message\":\"\",\"errorCode\":0,\"lastHealthCheckDateTime\":\"2024-05-18T04:49:50.1647587Z\"}},{\"healthCheckName\":\"SxSStackListenerCheck\",\"healthCheckResult\":\"HealthCheckSucceeded\",\"additionalFailureDetails\":{\"message\":\"SessionHost healthy: SessionHost healthy: SxS stack listener is ready\",\"errorCode\":0,\"lastHealthCheckDateTime\":\"2024-05-18T04:41:38.3654191Z\"}},{\"healthCheckName\":\"UrlsAccessibleCheck\",\"healthCheckResult\":\"HealthCheckSucceeded\",\"additionalFailureDetails\":{\"message\":\"{\\\"AccessibleUrls\\\":[\\\"11bc4f73-251b-4c14-a94e-0a95f8db9f08.rdbroker-g-us-r1.wvdselfhost.microsoft.com\\\",\\\"11bc4f73-251b-4c14-a94e-0a95f8db9f08.rdbroker.wvdselfhost.microsoft.com\\\",\\\"11bc4f73-251b-4c14-a94e-0a95f8db9f08.rddiagnostics-g-us-r1.wvdselfhost.microsoft.com\\\",\\\"mrsglobalstwus2selfhost.blob.core.windows.net\\\",\\\"gcs.prod.monitoring.core.windows.net\\\",\\\"westus2-shared.prod.warm.ingest.monitor.core.windows.net\\\",\\\"qos.prod.warm.ingest.monitor.core.windows.net\\\"],\\\"NotAccessibleUrls\\\":null,\\\"Context\\\":null}\",\"errorCode\":0,\"lastHealthCheckDateTime\":\"2024-05-18T04:49:51.3678644Z\"}},{\"healthCheckName\":\"MonitoringAgentCheck\",\"healthCheckResult\":\"HealthCheckSucceeded\",\"additionalFailureDetails\":{\"message\":\"Located running process at C:\\\\Program Files\\\\Microsoft RDInfra\\\\RDMonitoringAgent_46.5.1\\\\Agent\\\\MonAgentLauncher.exe\",\"errorCode\":0,\"lastHealthCheckDateTime\":\"2024-05-18T04:56:23.0573267Z\"}},{\"healthCheckName\":\"DomainReachable\",\"healthCheckResult\":\"HealthCheckSucceeded\",\"additionalFailureDetails\":{\"message\":\"\",\"errorCode\":0,\"lastHealthCheckDateTime\":\"2024-05-18T04:49:49.1647334Z\"}},{\"healthCheckName\":\"MetaDataServiceCheck\",\"healthCheckResult\":\"HealthCheckSucceeded\",\"additionalFailureDetails\":{\"message\":\"{\\r\\n  \\\"Details\\\": \\\"IMDS pressumed available\\\",\\r\\n  \\\"AzureResourceId\\\": \\\"/subscriptions/dbedef25-184c-430f-b383-0eeb87c3205d/resourceGroups/alecbUserSessionTests/providers/Microsoft.Compute/virtualMachines/userSess-sh-0\\\",\\r\\n  \\\"VmId\\\": \\\"b9847487-d260-4bea-b025-50a8e7a24af1\\\"\\r\\n}\",\"errorCode\":0,\"lastHealthCheckDateTime\":\"2024-05-18T04:41:31.2872424Z\"}},{\"healthCheckName\":\"AppAttachHealthCheck\",\"healthCheckResult\":\"HealthCheckSucceeded\",\"additionalFailureDetails\":{\"message\":\"SessionHost healthy: MSIX packages have been properly staged\",\"errorCode\":0,\"lastHealthCheckDateTime\":\"2024-05-18T05:00:41.4023719Z\"}},{\"healthCheckName\":\"TURNRelayAccessHealthCheck\",\"healthCheckResult\":\"HealthCheckSucceeded\",\"additionalFailureDetails\":{\"message\":\"Health check skipped\",\"errorCode\":0,\"lastHealthCheckDateTime\":\"2024-05-18T05:04:22.247224Z\"}}],\"resourceId\":\"/subscriptions/dbedef25-184c-430f-b383-0eeb87c3205d/resourceGroups/alecbUserSessionTests/providers/Microsoft.Compute/virtualMachines/userSess-sh-0\",\"virtualMachineId\":\"b9847487-d260-4bea-b025-50a8e7a24af1\",\"objectId\":\"ac7dba35-894f-4190-ac0d-7a3a33c7ba78\"},\"systemData\":{\"createdBy\":null,\"createdByType\":null,\"createdAt\":\"2023-03-15T03:16:53.36Z\",\"lastModifiedBy\":\"alecbaird@wvdtesttenant.onmicrosoft.com\",\"lastModifiedByType\":\"User\",\"lastModifiedAt\":\"2024-05-21T00:40:28.13Z\"}}",
      "isContentBase64": false
    }
  },
  "Update-AzWvdSessionHost+[NoContext]+Update+$GET+https://management.azure.com/subscriptions/dbedef25-184c-430f-b383-0eeb87c3205d/resourceGroups/alecbUserSessionTests/providers/Microsoft.DesktopVirtualization/hostPools/alecbUserSessionHP/sessionHosts/userSess-sh-0?api-version=2024-01-16-preview+4": {
    "Request": {
      "Method": "GET",
      "RequestUri": "https://management.azure.com/subscriptions/dbedef25-184c-430f-b383-0eeb87c3205d/resourceGroups/alecbUserSessionTests/providers/Microsoft.DesktopVirtualization/hostPools/alecbUserSessionHP/sessionHosts/userSess-sh-0?api-version=2024-01-16-preview",
      "Content": null,
      "isContentBase64": false,
      "Headers": {
        "x-ms-unique-id": [ "464" ],
        "x-ms-client-request-id": [ "71efcfe5-0a57-4e19-a802-b7556b056bfc" ],
        "CommandName": [ "Get-AzWvdSessionHost" ],
        "FullCommandName": [ "Get-AzWvdSessionHost_Get" ],
        "ParameterSetName": [ "__AllParameterSets" ],
        "User-Agent": [ "AzurePowershell/v0.0.0", "PSVersion/v7.2.19", "Az.DesktopVirtualization/2.1.0" ],
        "Authorization": [ "[Filtered]" ]
      },
      "ContentHeaders": {
      }
    },
    "Response": {
      "StatusCode": 200,
      "Headers": {
        "Cache-Control": [ "no-cache" ],
        "Pragma": [ "no-cache" ],
        "Vary": [ "Accept-Encoding" ],
        "Set-Cookie": [ "ARRAffinity=6ed70d129f929e9c0dc1324370ea99cd733e8f3cb78772a9b8793f4f636e0cf7;Path=/;HttpOnly;Secure;Domain=rdarmprovider-g-us-r0.wvdselfhost.microsoft.com", "ARRAffinitySameSite=6ed70d129f929e9c0dc1324370ea99cd733e8f3cb78772a9b8793f4f636e0cf7;Path=/;HttpOnly;SameSite=None;Secure;Domain=rdarmprovider-g-us-r0.wvdselfhost.microsoft.com" ],
        "x-ms-throttling-version": [ "v1" ],
        "X-Rate-Limit-Limit": [ "0" ],
        "X-Rate-Limit-Remaining": [ "9223372036854775807" ],
        "X-Rate-Limit-Reset": [ "0" ],
        "x-ms-opsarmpath64": [ "L3N1YnNjcmlwdGlvbnMvZGJlZGVmMjUtMTg0Yy00MzBmLWIzODMtMGVlYjg3YzMyMDVkL3Jlc291cmNlR3JvdXBzL2FsZWNiVXNlclNlc3Npb25UZXN0cy9wcm92aWRlcnMvTWljcm9zb2Z0LkRlc2t0b3BWaXJ0dWFsaXphdGlvbi9ob3N0UG9vbHMvYWxlY2JVc2VyU2Vzc2lvbkhQL3Nlc3Npb25Ib3N0cy91c2VyU2Vzcy1zaC0w" ],
        "x-ms-lamport-ts": [ "160632456" ],
        "x-ms-correlation-id": [ "f04ae1fe-5d31-418b-9ffc-fb8fc8a0d2db" ],
        "x-ms-request-id": [ "71efcfe5-0a57-4e19-a802-b7556b056bfc" ],
        "X-Powered-By": [ "ASP.NET" ],
        "X-Content-Type-Options": [ "nosniff" ],
        "x-ms-ratelimit-remaining-subscription-reads": [ "11996" ],
        "x-ms-correlation-request-id": [ "b4d4cd8f-b440-42d1-a27e-2d0ced4602e4" ],
        "x-ms-routing-request-id": [ "WESTCENTRALUS:20240521T004028Z:b4d4cd8f-b440-42d1-a27e-2d0ced4602e4" ],
        "Strict-Transport-Security": [ "max-age=31536000; includeSubDomains" ],
        "X-Cache": [ "CONFIG_NOCACHE" ],
        "X-MSEdge-Ref": [ "Ref A: B61EC6A25DE347C8854A3C4CAD3ECDBB Ref B: CYS013050702021 Ref C: 2024-05-21T00:40:28Z" ],
        "Date": [ "Tue, 21 May 2024 00:40:28 GMT" ]
      },
      "ContentHeaders": {
        "Content-Length": [ "4102" ],
        "Content-Type": [ "application/json; charset=utf-8" ],
        "Expires": [ "-1" ]
      },
      "Content": "{\"name\":\"alecbUserSessionHP/userSess-sh-0\",\"id\":\"/subscriptions/dbedef25-184c-430f-b383-0eeb87c3205d/resourcegroups/alecbUserSessionTests/providers/Microsoft.DesktopVirtualization/hostpools/alecbUserSessionHP/sessionhosts/userSess-sh-0\",\"type\":\"Microsoft.DesktopVirtualization/hostpools/sessionhosts\",\"properties\":{\"sessionHostConfiguration\":null,\"friendlyName\":null,\"lastHeartBeat\":\"2024-05-18T05:04:47.35Z\",\"statusTimestamp\":\"2024-05-11T01:11:16.99Z\",\"lastUpdateTime\":\"2024-05-11T01:11:16.99Z\",\"sessions\":3,\"agentVersion\":\"1.0.9103.600\",\"allowNewSession\":true,\"assignedUser\":null,\"status\":\"Available\",\"osVersion\":\"10.0.19045.3803\",\"sxSStackVersion\":\"rdp-sxs240416084\",\"updateState\":\"Succeeded\",\"updateErrorMessage\":\"\",\"sessionHostHealthCheckResults\":[{\"healthCheckName\":\"DomainJoinedCheck\",\"healthCheckResult\":\"HealthCheckSucceeded\",\"additionalFailureDetails\":{\"message\":\"\",\"errorCode\":0,\"lastHealthCheckDateTime\":\"2024-05-18T04:49:49.1647334Z\"}},{\"healthCheckName\":\"DomainTrustCheck\",\"healthCheckResult\":\"HealthCheckSucceeded\",\"additionalFailureDetails\":{\"message\":\"\",\"errorCode\":0,\"lastHealthCheckDateTime\":\"2024-05-18T04:49:50.1647587Z\"}},{\"healthCheckName\":\"SxSStackListenerCheck\",\"healthCheckResult\":\"HealthCheckSucceeded\",\"additionalFailureDetails\":{\"message\":\"SessionHost healthy: SessionHost healthy: SxS stack listener is ready\",\"errorCode\":0,\"lastHealthCheckDateTime\":\"2024-05-18T04:41:38.3654191Z\"}},{\"healthCheckName\":\"UrlsAccessibleCheck\",\"healthCheckResult\":\"HealthCheckSucceeded\",\"additionalFailureDetails\":{\"message\":\"{\\\"AccessibleUrls\\\":[\\\"11bc4f73-251b-4c14-a94e-0a95f8db9f08.rdbroker-g-us-r1.wvdselfhost.microsoft.com\\\",\\\"11bc4f73-251b-4c14-a94e-0a95f8db9f08.rdbroker.wvdselfhost.microsoft.com\\\",\\\"11bc4f73-251b-4c14-a94e-0a95f8db9f08.rddiagnostics-g-us-r1.wvdselfhost.microsoft.com\\\",\\\"mrsglobalstwus2selfhost.blob.core.windows.net\\\",\\\"gcs.prod.monitoring.core.windows.net\\\",\\\"westus2-shared.prod.warm.ingest.monitor.core.windows.net\\\",\\\"qos.prod.warm.ingest.monitor.core.windows.net\\\"],\\\"NotAccessibleUrls\\\":null,\\\"Context\\\":null}\",\"errorCode\":0,\"lastHealthCheckDateTime\":\"2024-05-18T04:49:51.3678644Z\"}},{\"healthCheckName\":\"MonitoringAgentCheck\",\"healthCheckResult\":\"HealthCheckSucceeded\",\"additionalFailureDetails\":{\"message\":\"Located running process at C:\\\\Program Files\\\\Microsoft RDInfra\\\\RDMonitoringAgent_46.5.1\\\\Agent\\\\MonAgentLauncher.exe\",\"errorCode\":0,\"lastHealthCheckDateTime\":\"2024-05-18T04:56:23.0573267Z\"}},{\"healthCheckName\":\"DomainReachable\",\"healthCheckResult\":\"HealthCheckSucceeded\",\"additionalFailureDetails\":{\"message\":\"\",\"errorCode\":0,\"lastHealthCheckDateTime\":\"2024-05-18T04:49:49.1647334Z\"}},{\"healthCheckName\":\"MetaDataServiceCheck\",\"healthCheckResult\":\"HealthCheckSucceeded\",\"additionalFailureDetails\":{\"message\":\"{\\r\\n  \\\"Details\\\": \\\"IMDS pressumed available\\\",\\r\\n  \\\"AzureResourceId\\\": \\\"/subscriptions/dbedef25-184c-430f-b383-0eeb87c3205d/resourceGroups/alecbUserSessionTests/providers/Microsoft.Compute/virtualMachines/userSess-sh-0\\\",\\r\\n  \\\"VmId\\\": \\\"b9847487-d260-4bea-b025-50a8e7a24af1\\\"\\r\\n}\",\"errorCode\":0,\"lastHealthCheckDateTime\":\"2024-05-18T04:41:31.2872424Z\"}},{\"healthCheckName\":\"AppAttachHealthCheck\",\"healthCheckResult\":\"HealthCheckSucceeded\",\"additionalFailureDetails\":{\"message\":\"SessionHost healthy: MSIX packages have been properly staged\",\"errorCode\":0,\"lastHealthCheckDateTime\":\"2024-05-18T05:00:41.4023719Z\"}},{\"healthCheckName\":\"TURNRelayAccessHealthCheck\",\"healthCheckResult\":\"HealthCheckSucceeded\",\"additionalFailureDetails\":{\"message\":\"Health check skipped\",\"errorCode\":0,\"lastHealthCheckDateTime\":\"2024-05-18T05:04:22.247224Z\"}}],\"resourceId\":\"/subscriptions/dbedef25-184c-430f-b383-0eeb87c3205d/resourceGroups/alecbUserSessionTests/providers/Microsoft.Compute/virtualMachines/userSess-sh-0\",\"virtualMachineId\":\"b9847487-d260-4bea-b025-50a8e7a24af1\",\"objectId\":\"ac7dba35-894f-4190-ac0d-7a3a33c7ba78\"},\"systemData\":{\"createdBy\":null,\"createdByType\":null,\"createdAt\":\"2023-03-15T03:16:53.36Z\",\"lastModifiedBy\":\"alecbaird@wvdtesttenant.onmicrosoft.com\",\"lastModifiedByType\":\"User\",\"lastModifiedAt\":\"2024-05-21T00:40:28.13Z\"}}",
      "isContentBase64": false
    }
  }
}