{
  "Update-AzWvdSessionHost+[NoContext]+Update+$PATCH+https://management.azure.com/subscriptions/dbedef25-184c-430f-b383-0eeb87c3205d/resourceGroups/alecbUserSessionTests/providers/Microsoft.DesktopVirtualization/hostPools/alecbUserSessionHP/sessionHosts/userSess-sh-0?api-version=2024-01-16-preview+1": {
    "Request": {
      "Method": "PATCH",
      "RequestUri": "https://management.azure.com/subscriptions/dbedef25-184c-430f-b383-0eeb87c3205d/resourceGroups/alecbUserSessionTests/providers/Microsoft.DesktopVirtualization/hostPools/alecbUserSessionHP/sessionHosts/userSess-sh-0?api-version=2024-01-16-preview",
      "Content": "{\r\n  \"properties\": {\r\n    \"allowNewSession\": false\r\n  }\r\n}",
      "isContentBase64": false,
      "Headers": {
      },
      "ContentHeaders": {
        "Content-Type": [ "application/json" ],
        "Content-Length": [ "58" ]
      }
    },
    "Response": {
      "StatusCode": 200,
      "Headers": {
        "Cache-Control": [ "no-cache" ],
        "Pragma": [ "no-cache" ],
        "Vary": [ "Accept-Encoding" ],
        "Set-Cookie": [ "ARRAffinity=9d716053ef092553e7bdd2639d89f002241b80715630c2dbb839c205a5e8d5f8;Path=/;HttpOnly;Secure;Domain=rdarmprovider-g-us-r0.wvdselfhost.microsoft.com", "ARRAffinitySameSite=9d716053ef092553e7bdd2639d89f002241b80715630c2dbb839c205a5e8d5f8;Path=/;HttpOnly;SameSite=None;Secure;Domain=rdarmprovider-g-us-r0.wvdselfhost.microsoft.com" ],
        "x-ms-throttling-version": [ "v1" ],
        "X-Rate-Limit-Limit": [ "0" ],
        "X-Rate-Limit-Remaining": [ "9223372036854775807" ],
        "X-Rate-Limit-Reset": [ "0" ],
        "x-ms-opsarmpath64": [ "L3N1YnNjcmlwdGlvbnMvZGJlZGVmMjUtMTg0Yy00MzBmLWIzODMtMGVlYjg3YzMyMDVkL3Jlc291cmNlR3JvdXBzL2FsZWNiVXNlclNlc3Npb25UZXN0cy9wcm92aWRlcnMvTWljcm9zb2Z0LkRlc2t0b3BWaXJ0dWFsaXphdGlvbi9ob3N0UG9vbHMvYWxlY2JVc2VyU2Vzc2lvbkhQL3Nlc3Npb25Ib3N0cy91c2VyU2Vzcy1zaC0w" ],
        "x-ms-lamport-ts": [ "158001910" ],
        "x-ms-correlation-id": [ "dc832bc8-29f2-4260-8fc0-ec3b1f4d3809" ],
        "x-ms-request-id": [ "eeeda1e2-7887-4b85-8550-5191e53cc627" ],
        "X-Powered-By": [ "ASP.NET" ],
        "X-Content-Type-Options": [ "nosniff" ],
        "x-ms-ratelimit-remaining-subscription-writes": [ "1198" ],
        "x-ms-correlation-request-id": [ "489c927f-0231-4049-be03-ff45fefc4f51" ],
        "x-ms-routing-request-id": [ "WESTCENTRALUS:20240506T210754Z:489c927f-0231-4049-be03-ff45fefc4f51" ],
        "Strict-Transport-Security": [ "max-age=31536000; includeSubDomains" ],
        "X-Cache": [ "CONFIG_NOCACHE" ],
        "X-MSEdge-Ref": [ "Ref A: C855A923F26342B893A174C2B7E5BE53 Ref B: CYS013050703017 Ref C: 2024-05-06T21:07:53Z" ],
        "Date": [ "Mon, 06 May 2024 21:07:53 GMT" ]
      },
      "ContentHeaders": {
        "Content-Length": [ "4100" ],
        "Content-Type": [ "application/json; charset=utf-8" ],
        "Expires": [ "-1" ]
      },
      "Content": "{\"name\":\"alecbUserSessionHP/userSess-sh-0\",\"id\":\"/subscriptions/dbedef25-184c-430f-b383-0eeb87c3205d/resourcegroups/alecbUserSessionTests/providers/Microsoft.DesktopVirtualization/hostpools/alecbUserSessionHP/sessionhosts/userSess-sh-0\",\"type\":\"Microsoft.DesktopVirtualization/hostpools/sessionhosts\",\"properties\":{\"sessionHostConfiguration\":null,\"friendlyName\":null,\"lastHeartBeat\":\"2024-05-04T01:23:49.20Z\",\"statusTimestamp\":\"2024-05-04T01:23:50.30Z\",\"lastUpdateTime\":\"2024-05-04T01:23:50.30Z\",\"sessions\":3,\"agentVersion\":\"1.0.9103.100\",\"allowNewSession\":false,\"assignedUser\":null,\"status\":\"Available\",\"osVersion\":\"10.0.19045.3803\",\"sxSStackVersion\":\"rdp-sxs240416084\",\"updateState\":\"Succeeded\",\"updateErrorMessage\":\"\",\"sessionHostHealthCheckResults\":[{\"healthCheckName\":\"DomainJoinedCheck\",\"healthCheckResult\":\"HealthCheckSucceeded\",\"additionalFailureDetails\":{\"message\":\"\",\"errorCode\":0,\"lastHealthCheckDateTime\":\"2024-05-04T01:23:47.9755262Z\"}},{\"healthCheckName\":\"DomainTrustCheck\",\"healthCheckResult\":\"HealthCheckSucceeded\",\"additionalFailureDetails\":{\"message\":\"\",\"errorCode\":0,\"lastHealthCheckDateTime\":\"2024-05-04T01:23:48.100527Z\"}},{\"healthCheckName\":\"SxSStackListenerCheck\",\"healthCheckResult\":\"HealthCheckSucceeded\",\"additionalFailureDetails\":{\"message\":\"SessionHost healthy: SessionHost healthy: SxS stack listener is ready\",\"errorCode\":0,\"lastHealthCheckDateTime\":\"2024-05-04T01:23:48.0067759Z\"}},{\"healthCheckName\":\"UrlsAccessibleCheck\",\"healthCheckResult\":\"HealthCheckSucceeded\",\"additionalFailureDetails\":{\"message\":\"{\\\"AccessibleUrls\\\":[\\\"11bc4f73-251b-4c14-a94e-0a95f8db9f08.rdbroker-g-us-r1.wvdselfhost.microsoft.com\\\",\\\"11bc4f73-251b-4c14-a94e-0a95f8db9f08.rdbroker.wvdselfhost.microsoft.com\\\",\\\"11bc4f73-251b-4c14-a94e-0a95f8db9f08.rddiagnostics-g-us-r1.wvdselfhost.microsoft.com\\\",\\\"mrsglobalstwus2selfhost.blob.core.windows.net\\\",\\\"gcs.prod.monitoring.core.windows.net\\\",\\\"westus2-shared.prod.warm.ingest.monitor.core.windows.net\\\",\\\"qos.prod.warm.ingest.monitor.core.windows.net\\\"],\\\"NotAccessibleUrls\\\":null,\\\"Context\\\":null}\",\"errorCode\":0,\"lastHealthCheckDateTime\":\"2024-05-04T00:59:27.389929Z\"}},{\"healthCheckName\":\"MonitoringAgentCheck\",\"healthCheckResult\":\"HealthCheckSucceeded\",\"additionalFailureDetails\":{\"message\":\"Located running process at C:\\\\Program Files\\\\Microsoft RDInfra\\\\RDMonitoringAgent_46.5.1\\\\Agent\\\\MonAgentLauncher.exe\",\"errorCode\":0,\"lastHealthCheckDateTime\":\"2024-05-04T01:13:03.0347221Z\"}},{\"healthCheckName\":\"DomainReachable\",\"healthCheckResult\":\"HealthCheckSucceeded\",\"additionalFailureDetails\":{\"message\":\"\",\"errorCode\":0,\"lastHealthCheckDateTime\":\"2024-05-04T01:23:48.17865Z\"}},{\"healthCheckName\":\"MetaDataServiceCheck\",\"healthCheckResult\":\"HealthCheckSucceeded\",\"additionalFailureDetails\":{\"message\":\"{\\r\\n  \\\"Details\\\": \\\"IMDS pressumed available\\\",\\r\\n  \\\"AzureResourceId\\\": \\\"/subscriptions/dbedef25-184c-430f-b383-0eeb87c3205d/resourceGroups/alecbUserSessionTests/providers/Microsoft.Compute/virtualMachines/userSess-sh-0\\\",\\r\\n  \\\"VmId\\\": \\\"b9847487-d260-4bea-b025-50a8e7a24af1\\\"\\r\\n}\",\"errorCode\":0,\"lastHealthCheckDateTime\":\"2024-05-04T01:23:48.3192771Z\"}},{\"healthCheckName\":\"AppAttachHealthCheck\",\"healthCheckResult\":\"HealthCheckSucceeded\",\"additionalFailureDetails\":{\"message\":\"SessionHost healthy: MSIX packages have been properly staged\",\"errorCode\":0,\"lastHealthCheckDateTime\":\"2024-05-04T01:19:46.5212245Z\"}},{\"healthCheckName\":\"TURNRelayAccessHealthCheck\",\"healthCheckResult\":\"HealthCheckSucceeded\",\"additionalFailureDetails\":{\"message\":\"Health check skipped\",\"errorCode\":0,\"lastHealthCheckDateTime\":\"2024-05-04T01:23:48.3505271Z\"}}],\"resourceId\":\"/subscriptions/dbedef25-184c-430f-b383-0eeb87c3205d/resourceGroups/alecbUserSessionTests/providers/Microsoft.Compute/virtualMachines/userSess-sh-0\",\"virtualMachineId\":\"b9847487-d260-4bea-b025-50a8e7a24af1\",\"objectId\":\"ac7dba35-894f-4190-ac0d-7a3a33c7ba78\"},\"systemData\":{\"createdBy\":null,\"createdByType\":null,\"createdAt\":\"2023-03-15T03:16:53.36Z\",\"lastModifiedBy\":\"alecbaird@wvdtesttenant.onmicrosoft.com\",\"lastModifiedByType\":\"User\",\"lastModifiedAt\":\"2024-05-06T21:07:53.93Z\"}}",
      "isContentBase64": false
    }
  },
  "Update-AzWvdSessionHost+[NoContext]+Update+$GET+https://management.azure.com/subscriptions/dbedef25-184c-430f-b383-0eeb87c3205d/resourceGroups/alecbUserSessionTests/providers/Microsoft.DesktopVirtualization/hostPools/alecbUserSessionHP/sessionHosts/userSess-sh-0?api-version=2024-01-16-preview+2": {
    "Request": {
      "Method": "GET",
      "RequestUri": "https://management.azure.com/subscriptions/dbedef25-184c-430f-b383-0eeb87c3205d/resourceGroups/alecbUserSessionTests/providers/Microsoft.DesktopVirtualization/hostPools/alecbUserSessionHP/sessionHosts/userSess-sh-0?api-version=2024-01-16-preview",
      "Content": null,
      "isContentBase64": false,
      "Headers": {
        "x-ms-unique-id": [ "453" ],
        "x-ms-client-request-id": [ "1ff68656-1468-4650-9dbf-dac77ccfa06d" ],
        "CommandName": [ "Get-AzWvdSessionHost" ],
        "FullCommandName": [ "Get-AzWvdSessionHost_Get" ],
        "ParameterSetName": [ "__AllParameterSets" ],
        "User-Agent": [ "AzurePowershell/v0.0.0", "PSVersion/v7.2.19", "Az.DesktopVirtualization/2.1.0" ],
        "Authorization": [ "[Filtered]" ]
      },
      "ContentHeaders": {
      }
    },
    "Response": {
      "StatusCode": 200,
      "Headers": {
        "Cache-Control": [ "no-cache" ],
        "Pragma": [ "no-cache" ],
        "Vary": [ "Accept-Encoding" ],
        "Set-Cookie": [ "ARRAffinity=06c56b8471ef26f13c61783eeb00d8e15bf74407238d9c8d8936521d5d5d2dd0;Path=/;HttpOnly;Secure;Domain=rdarmprovider-g-us-r0.wvdselfhost.microsoft.com", "ARRAffinitySameSite=06c56b8471ef26f13c61783eeb00d8e15bf74407238d9c8d8936521d5d5d2dd0;Path=/;HttpOnly;SameSite=None;Secure;Domain=rdarmprovider-g-us-r0.wvdselfhost.microsoft.com" ],
        "x-ms-throttling-version": [ "v1" ],
        "X-Rate-Limit-Limit": [ "0" ],
        "X-Rate-Limit-Remaining": [ "9223372036854775807" ],
        "X-Rate-Limit-Reset": [ "0" ],
        "x-ms-opsarmpath64": [ "L3N1YnNjcmlwdGlvbnMvZGJlZGVmMjUtMTg0Yy00MzBmLWIzODMtMGVlYjg3YzMyMDVkL3Jlc291cmNlR3JvdXBzL2FsZWNiVXNlclNlc3Npb25UZXN0cy9wcm92aWRlcnMvTWljcm9zb2Z0LkRlc2t0b3BWaXJ0dWFsaXphdGlvbi9ob3N0UG9vbHMvYWxlY2JVc2VyU2Vzc2lvbkhQL3Nlc3Npb25Ib3N0cy91c2VyU2Vzcy1zaC0w" ],
        "x-ms-lamport-ts": [ "158001917" ],
        "x-ms-correlation-id": [ "12f7298f-5907-4e3e-8cdb-200fb2269579" ],
        "x-ms-request-id": [ "1ff68656-1468-4650-9dbf-dac77ccfa06d" ],
        "X-Powered-By": [ "ASP.NET" ],
        "X-Content-Type-Options": [ "nosniff" ],
        "x-ms-ratelimit-remaining-subscription-reads": [ "11997" ],
        "x-ms-correlation-request-id": [ "db2ecfc9-2cfe-4675-9c54-afdd987053d3" ],
        "x-ms-routing-request-id": [ "WESTCENTRALUS:20240506T210754Z:db2ecfc9-2cfe-4675-9c54-afdd987053d3" ],
        "Strict-Transport-Security": [ "max-age=31536000; includeSubDomains" ],
        "X-Cache": [ "CONFIG_NOCACHE" ],
        "X-MSEdge-Ref": [ "Ref A: AA6FA56CD5CB46F4A442E08FA58ECE55 Ref B: CYS013050703017 Ref C: 2024-05-06T21:07:54Z" ],
        "Date": [ "Mon, 06 May 2024 21:07:54 GMT" ]
      },
      "ContentHeaders": {
        "Content-Length": [ "4100" ],
        "Content-Type": [ "application/json; charset=utf-8" ],
        "Expires": [ "-1" ]
      },
      "Content": "{\"name\":\"alecbUserSessionHP/userSess-sh-0\",\"id\":\"/subscriptions/dbedef25-184c-430f-b383-0eeb87c3205d/resourcegroups/alecbUserSessionTests/providers/Microsoft.DesktopVirtualization/hostpools/alecbUserSessionHP/sessionhosts/userSess-sh-0\",\"type\":\"Microsoft.DesktopVirtualization/hostpools/sessionhosts\",\"properties\":{\"sessionHostConfiguration\":null,\"friendlyName\":null,\"lastHeartBeat\":\"2024-05-04T01:23:49.20Z\",\"statusTimestamp\":\"2024-05-04T01:23:50.30Z\",\"lastUpdateTime\":\"2024-05-04T01:23:50.30Z\",\"sessions\":3,\"agentVersion\":\"1.0.9103.100\",\"allowNewSession\":false,\"assignedUser\":null,\"status\":\"Available\",\"osVersion\":\"10.0.19045.3803\",\"sxSStackVersion\":\"rdp-sxs240416084\",\"updateState\":\"Succeeded\",\"updateErrorMessage\":\"\",\"sessionHostHealthCheckResults\":[{\"healthCheckName\":\"DomainJoinedCheck\",\"healthCheckResult\":\"HealthCheckSucceeded\",\"additionalFailureDetails\":{\"message\":\"\",\"errorCode\":0,\"lastHealthCheckDateTime\":\"2024-05-04T01:23:47.9755262Z\"}},{\"healthCheckName\":\"DomainTrustCheck\",\"healthCheckResult\":\"HealthCheckSucceeded\",\"additionalFailureDetails\":{\"message\":\"\",\"errorCode\":0,\"lastHealthCheckDateTime\":\"2024-05-04T01:23:48.100527Z\"}},{\"healthCheckName\":\"SxSStackListenerCheck\",\"healthCheckResult\":\"HealthCheckSucceeded\",\"additionalFailureDetails\":{\"message\":\"SessionHost healthy: SessionHost healthy: SxS stack listener is ready\",\"errorCode\":0,\"lastHealthCheckDateTime\":\"2024-05-04T01:23:48.0067759Z\"}},{\"healthCheckName\":\"UrlsAccessibleCheck\",\"healthCheckResult\":\"HealthCheckSucceeded\",\"additionalFailureDetails\":{\"message\":\"{\\\"AccessibleUrls\\\":[\\\"11bc4f73-251b-4c14-a94e-0a95f8db9f08.rdbroker-g-us-r1.wvdselfhost.microsoft.com\\\",\\\"11bc4f73-251b-4c14-a94e-0a95f8db9f08.rdbroker.wvdselfhost.microsoft.com\\\",\\\"11bc4f73-251b-4c14-a94e-0a95f8db9f08.rddiagnostics-g-us-r1.wvdselfhost.microsoft.com\\\",\\\"mrsglobalstwus2selfhost.blob.core.windows.net\\\",\\\"gcs.prod.monitoring.core.windows.net\\\",\\\"westus2-shared.prod.warm.ingest.monitor.core.windows.net\\\",\\\"qos.prod.warm.ingest.monitor.core.windows.net\\\"],\\\"NotAccessibleUrls\\\":null,\\\"Context\\\":null}\",\"errorCode\":0,\"lastHealthCheckDateTime\":\"2024-05-04T00:59:27.389929Z\"}},{\"healthCheckName\":\"MonitoringAgentCheck\",\"healthCheckResult\":\"HealthCheckSucceeded\",\"additionalFailureDetails\":{\"message\":\"Located running process at C:\\\\Program Files\\\\Microsoft RDInfra\\\\RDMonitoringAgent_46.5.1\\\\Agent\\\\MonAgentLauncher.exe\",\"errorCode\":0,\"lastHealthCheckDateTime\":\"2024-05-04T01:13:03.0347221Z\"}},{\"healthCheckName\":\"DomainReachable\",\"healthCheckResult\":\"HealthCheckSucceeded\",\"additionalFailureDetails\":{\"message\":\"\",\"errorCode\":0,\"lastHealthCheckDateTime\":\"2024-05-04T01:23:48.17865Z\"}},{\"healthCheckName\":\"MetaDataServiceCheck\",\"healthCheckResult\":\"HealthCheckSucceeded\",\"additionalFailureDetails\":{\"message\":\"{\\r\\n  \\\"Details\\\": \\\"IMDS pressumed available\\\",\\r\\n  \\\"AzureResourceId\\\": \\\"/subscriptions/dbedef25-184c-430f-b383-0eeb87c3205d/resourceGroups/alecbUserSessionTests/providers/Microsoft.Compute/virtualMachines/userSess-sh-0\\\",\\r\\n  \\\"VmId\\\": \\\"b9847487-d260-4bea-b025-50a8e7a24af1\\\"\\r\\n}\",\"errorCode\":0,\"lastHealthCheckDateTime\":\"2024-05-04T01:23:48.3192771Z\"}},{\"healthCheckName\":\"AppAttachHealthCheck\",\"healthCheckResult\":\"HealthCheckSucceeded\",\"additionalFailureDetails\":{\"message\":\"SessionHost healthy: MSIX packages have been properly staged\",\"errorCode\":0,\"lastHealthCheckDateTime\":\"2024-05-04T01:19:46.5212245Z\"}},{\"healthCheckName\":\"TURNRelayAccessHealthCheck\",\"healthCheckResult\":\"HealthCheckSucceeded\",\"additionalFailureDetails\":{\"message\":\"Health check skipped\",\"errorCode\":0,\"lastHealthCheckDateTime\":\"2024-05-04T01:23:48.3505271Z\"}}],\"resourceId\":\"/subscriptions/dbedef25-184c-430f-b383-0eeb87c3205d/resourceGroups/alecbUserSessionTests/providers/Microsoft.Compute/virtualMachines/userSess-sh-0\",\"virtualMachineId\":\"b9847487-d260-4bea-b025-50a8e7a24af1\",\"objectId\":\"ac7dba35-894f-4190-ac0d-7a3a33c7ba78\"},\"systemData\":{\"createdBy\":null,\"createdByType\":null,\"createdAt\":\"2023-03-15T03:16:53.36Z\",\"lastModifiedBy\":\"alecbaird@wvdtesttenant.onmicrosoft.com\",\"lastModifiedByType\":\"User\",\"lastModifiedAt\":\"2024-05-06T21:07:53.93Z\"}}",
      "isContentBase64": false
    }
  },
  "Update-AzWvdSessionHost+[NoContext]+Update+$PATCH+https://management.azure.com/subscriptions/dbedef25-184c-430f-b383-0eeb87c3205d/resourceGroups/alecbUserSessionTests/providers/Microsoft.DesktopVirtualization/hostPools/alecbUserSessionHP/sessionHosts/userSess-sh-0?api-version=2024-01-16-preview+3": {
    "Request": {
      "Method": "PATCH",
      "RequestUri": "https://management.azure.com/subscriptions/dbedef25-184c-430f-b383-0eeb87c3205d/resourceGroups/alecbUserSessionTests/providers/Microsoft.DesktopVirtualization/hostPools/alecbUserSessionHP/sessionHosts/userSess-sh-0?api-version=2024-01-16-preview",
      "Content": "{\r\n  \"properties\": {\r\n    \"allowNewSession\": true\r\n  }\r\n}",
      "isContentBase64": false,
      "Headers": {
      },
      "ContentHeaders": {
        "Content-Type": [ "application/json" ],
        "Content-Length": [ "57" ]
      }
    },
    "Response": {
      "StatusCode": 200,
      "Headers": {
        "Cache-Control": [ "no-cache" ],
        "Pragma": [ "no-cache" ],
        "Vary": [ "Accept-Encoding" ],
        "Set-Cookie": [ "ARRAffinity=40237ffdc57de1390eeff374e782e979bae0af189a51754a0bc4cff0e861cdf3;Path=/;HttpOnly;Secure;Domain=rdarmprovider-g-us-r0.wvdselfhost.microsoft.com", "ARRAffinitySameSite=40237ffdc57de1390eeff374e782e979bae0af189a51754a0bc4cff0e861cdf3;Path=/;HttpOnly;SameSite=None;Secure;Domain=rdarmprovider-g-us-r0.wvdselfhost.microsoft.com" ],
        "x-ms-throttling-version": [ "v1" ],
        "X-Rate-Limit-Limit": [ "0" ],
        "X-Rate-Limit-Remaining": [ "9223372036854775807" ],
        "X-Rate-Limit-Reset": [ "0" ],
        "x-ms-opsarmpath64": [ "L3N1YnNjcmlwdGlvbnMvZGJlZGVmMjUtMTg0Yy00MzBmLWIzODMtMGVlYjg3YzMyMDVkL3Jlc291cmNlR3JvdXBzL2FsZWNiVXNlclNlc3Npb25UZXN0cy9wcm92aWRlcnMvTWljcm9zb2Z0LkRlc2t0b3BWaXJ0dWFsaXphdGlvbi9ob3N0UG9vbHMvYWxlY2JVc2VyU2Vzc2lvbkhQL3Nlc3Npb25Ib3N0cy91c2VyU2Vzcy1zaC0w" ],
        "x-ms-lamport-ts": [ "158001908" ],
        "x-ms-correlation-id": [ "990d0f89-207b-4790-b90f-f6cda71141b7" ],
        "x-ms-request-id": [ "1b7f3231-b710-41ec-afaf-7a3276231e6b" ],
        "X-Powered-By": [ "ASP.NET" ],
        "X-Content-Type-Options": [ "nosniff" ],
        "x-ms-ratelimit-remaining-subscription-writes": [ "1197" ],
        "x-ms-correlation-request-id": [ "0d996797-f86f-4f5c-9e3c-9874f9e41e64" ],
        "x-ms-routing-request-id": [ "WESTCENTRALUS:20240506T210756Z:0d996797-f86f-4f5c-9e3c-9874f9e41e64" ],
        "Strict-Transport-Security": [ "max-age=31536000; includeSubDomains" ],
        "X-Cache": [ "CONFIG_NOCACHE" ],
        "X-MSEdge-Ref": [ "Ref A: E0DE8BC73C934892B6D05B0FC8B14898 Ref B: CYS013050703017 Ref C: 2024-05-06T21:07:54Z" ],
        "Date": [ "Mon, 06 May 2024 21:07:55 GMT" ]
      },
      "ContentHeaders": {
        "Content-Length": [ "4099" ],
        "Content-Type": [ "application/json; charset=utf-8" ],
        "Expires": [ "-1" ]
      },
      "Content": "{\"name\":\"alecbUserSessionHP/userSess-sh-0\",\"id\":\"/subscriptions/dbedef25-184c-430f-b383-0eeb87c3205d/resourcegroups/alecbUserSessionTests/providers/Microsoft.DesktopVirtualization/hostpools/alecbUserSessionHP/sessionhosts/userSess-sh-0\",\"type\":\"Microsoft.DesktopVirtualization/hostpools/sessionhosts\",\"properties\":{\"sessionHostConfiguration\":null,\"friendlyName\":null,\"lastHeartBeat\":\"2024-05-04T01:23:49.20Z\",\"statusTimestamp\":\"2024-05-04T01:23:50.30Z\",\"lastUpdateTime\":\"2024-05-04T01:23:50.30Z\",\"sessions\":3,\"agentVersion\":\"1.0.9103.100\",\"allowNewSession\":true,\"assignedUser\":null,\"status\":\"Available\",\"osVersion\":\"10.0.19045.3803\",\"sxSStackVersion\":\"rdp-sxs240416084\",\"updateState\":\"Succeeded\",\"updateErrorMessage\":\"\",\"sessionHostHealthCheckResults\":[{\"healthCheckName\":\"DomainJoinedCheck\",\"healthCheckResult\":\"HealthCheckSucceeded\",\"additionalFailureDetails\":{\"message\":\"\",\"errorCode\":0,\"lastHealthCheckDateTime\":\"2024-05-04T01:23:47.9755262Z\"}},{\"healthCheckName\":\"DomainTrustCheck\",\"healthCheckResult\":\"HealthCheckSucceeded\",\"additionalFailureDetails\":{\"message\":\"\",\"errorCode\":0,\"lastHealthCheckDateTime\":\"2024-05-04T01:23:48.100527Z\"}},{\"healthCheckName\":\"SxSStackListenerCheck\",\"healthCheckResult\":\"HealthCheckSucceeded\",\"additionalFailureDetails\":{\"message\":\"SessionHost healthy: SessionHost healthy: SxS stack listener is ready\",\"errorCode\":0,\"lastHealthCheckDateTime\":\"2024-05-04T01:23:48.0067759Z\"}},{\"healthCheckName\":\"UrlsAccessibleCheck\",\"healthCheckResult\":\"HealthCheckSucceeded\",\"additionalFailureDetails\":{\"message\":\"{\\\"AccessibleUrls\\\":[\\\"11bc4f73-251b-4c14-a94e-0a95f8db9f08.rdbroker-g-us-r1.wvdselfhost.microsoft.com\\\",\\\"11bc4f73-251b-4c14-a94e-0a95f8db9f08.rdbroker.wvdselfhost.microsoft.com\\\",\\\"11bc4f73-251b-4c14-a94e-0a95f8db9f08.rddiagnostics-g-us-r1.wvdselfhost.microsoft.com\\\",\\\"mrsglobalstwus2selfhost.blob.core.windows.net\\\",\\\"gcs.prod.monitoring.core.windows.net\\\",\\\"westus2-shared.prod.warm.ingest.monitor.core.windows.net\\\",\\\"qos.prod.warm.ingest.monitor.core.windows.net\\\"],\\\"NotAccessibleUrls\\\":null,\\\"Context\\\":null}\",\"errorCode\":0,\"lastHealthCheckDateTime\":\"2024-05-04T00:59:27.389929Z\"}},{\"healthCheckName\":\"MonitoringAgentCheck\",\"healthCheckResult\":\"HealthCheckSucceeded\",\"additionalFailureDetails\":{\"message\":\"Located running process at C:\\\\Program Files\\\\Microsoft RDInfra\\\\RDMonitoringAgent_46.5.1\\\\Agent\\\\MonAgentLauncher.exe\",\"errorCode\":0,\"lastHealthCheckDateTime\":\"2024-05-04T01:13:03.0347221Z\"}},{\"healthCheckName\":\"DomainReachable\",\"healthCheckResult\":\"HealthCheckSucceeded\",\"additionalFailureDetails\":{\"message\":\"\",\"errorCode\":0,\"lastHealthCheckDateTime\":\"2024-05-04T01:23:48.17865Z\"}},{\"healthCheckName\":\"MetaDataServiceCheck\",\"healthCheckResult\":\"HealthCheckSucceeded\",\"additionalFailureDetails\":{\"message\":\"{\\r\\n  \\\"Details\\\": \\\"IMDS pressumed available\\\",\\r\\n  \\\"AzureResourceId\\\": \\\"/subscriptions/dbedef25-184c-430f-b383-0eeb87c3205d/resourceGroups/alecbUserSessionTests/providers/Microsoft.Compute/virtualMachines/userSess-sh-0\\\",\\r\\n  \\\"VmId\\\": \\\"b9847487-d260-4bea-b025-50a8e7a24af1\\\"\\r\\n}\",\"errorCode\":0,\"lastHealthCheckDateTime\":\"2024-05-04T01:23:48.3192771Z\"}},{\"healthCheckName\":\"AppAttachHealthCheck\",\"healthCheckResult\":\"HealthCheckSucceeded\",\"additionalFailureDetails\":{\"message\":\"SessionHost healthy: MSIX packages have been properly staged\",\"errorCode\":0,\"lastHealthCheckDateTime\":\"2024-05-04T01:19:46.5212245Z\"}},{\"healthCheckName\":\"TURNRelayAccessHealthCheck\",\"healthCheckResult\":\"HealthCheckSucceeded\",\"additionalFailureDetails\":{\"message\":\"Health check skipped\",\"errorCode\":0,\"lastHealthCheckDateTime\":\"2024-05-04T01:23:48.3505271Z\"}}],\"resourceId\":\"/subscriptions/dbedef25-184c-430f-b383-0eeb87c3205d/resourceGroups/alecbUserSessionTests/providers/Microsoft.Compute/virtualMachines/userSess-sh-0\",\"virtualMachineId\":\"b9847487-d260-4bea-b025-50a8e7a24af1\",\"objectId\":\"ac7dba35-894f-4190-ac0d-7a3a33c7ba78\"},\"systemData\":{\"createdBy\":null,\"createdByType\":null,\"createdAt\":\"2023-03-15T03:16:53.36Z\",\"lastModifiedBy\":\"alecbaird@wvdtesttenant.onmicrosoft.com\",\"lastModifiedByType\":\"User\",\"lastModifiedAt\":\"2024-05-06T21:07:55.81Z\"}}",
      "isContentBase64": false
    }
  },
  "Update-AzWvdSessionHost+[NoContext]+Update+$GET+https://management.azure.com/subscriptions/dbedef25-184c-430f-b383-0eeb87c3205d/resourceGroups/alecbUserSessionTests/providers/Microsoft.DesktopVirtualization/hostPools/alecbUserSessionHP/sessionHosts/userSess-sh-0?api-version=2024-01-16-preview+4": {
    "Request": {
      "Method": "GET",
      "RequestUri": "https://management.azure.com/subscriptions/dbedef25-184c-430f-b383-0eeb87c3205d/resourceGroups/alecbUserSessionTests/providers/Microsoft.DesktopVirtualization/hostPools/alecbUserSessionHP/sessionHosts/userSess-sh-0?api-version=2024-01-16-preview",
      "Content": null,
      "isContentBase64": false,
      "Headers": {
        "x-ms-unique-id": [ "455" ],
        "x-ms-client-request-id": [ "81faa31d-e5b0-48d0-90bd-e7f4454ea2c6" ],
        "CommandName": [ "Get-AzWvdSessionHost" ],
        "FullCommandName": [ "Get-AzWvdSessionHost_Get" ],
        "ParameterSetName": [ "__AllParameterSets" ],
        "User-Agent": [ "AzurePowershell/v0.0.0", "PSVersion/v7.2.19", "Az.DesktopVirtualization/2.1.0" ],
        "Authorization": [ "[Filtered]" ]
      },
      "ContentHeaders": {
      }
    },
    "Response": {
      "StatusCode": 200,
      "Headers": {
        "Cache-Control": [ "no-cache" ],
        "Pragma": [ "no-cache" ],
        "Vary": [ "Accept-Encoding" ],
        "Set-Cookie": [ "ARRAffinity=40237ffdc57de1390eeff374e782e979bae0af189a51754a0bc4cff0e861cdf3;Path=/;HttpOnly;Secure;Domain=rdarmprovider-g-us-r0.wvdselfhost.microsoft.com", "ARRAffinitySameSite=40237ffdc57de1390eeff374e782e979bae0af189a51754a0bc4cff0e861cdf3;Path=/;HttpOnly;SameSite=None;Secure;Domain=rdarmprovider-g-us-r0.wvdselfhost.microsoft.com" ],
        "x-ms-throttling-version": [ "v1" ],
        "X-Rate-Limit-Limit": [ "0" ],
        "X-Rate-Limit-Remaining": [ "9223372036854775807" ],
        "X-Rate-Limit-Reset": [ "0" ],
        "x-ms-opsarmpath64": [ "L3N1YnNjcmlwdGlvbnMvZGJlZGVmMjUtMTg0Yy00MzBmLWIzODMtMGVlYjg3YzMyMDVkL3Jlc291cmNlR3JvdXBzL2FsZWNiVXNlclNlc3Npb25UZXN0cy9wcm92aWRlcnMvTWljcm9zb2Z0LkRlc2t0b3BWaXJ0dWFsaXphdGlvbi9ob3N0UG9vbHMvYWxlY2JVc2VyU2Vzc2lvbkhQL3Nlc3Npb25Ib3N0cy91c2VyU2Vzcy1zaC0w" ],
        "x-ms-lamport-ts": [ "158001911" ],
        "x-ms-correlation-id": [ "114346f7-219c-44c7-8b61-b7acef8a3ff1" ],
        "x-ms-request-id": [ "81faa31d-e5b0-48d0-90bd-e7f4454ea2c6" ],
        "X-Powered-By": [ "ASP.NET" ],
        "X-Content-Type-Options": [ "nosniff" ],
        "x-ms-ratelimit-remaining-subscription-reads": [ "11996" ],
        "x-ms-correlation-request-id": [ "ca1f5032-41ea-4832-a58c-9bd7936e64b9" ],
        "x-ms-routing-request-id": [ "WESTCENTRALUS:20240506T210756Z:ca1f5032-41ea-4832-a58c-9bd7936e64b9" ],
        "Strict-Transport-Security": [ "max-age=31536000; includeSubDomains" ],
        "X-Cache": [ "CONFIG_NOCACHE" ],
        "X-MSEdge-Ref": [ "Ref A: BFCA009FE0384B7A9756197E988F54BF Ref B: CYS013050703017 Ref C: 2024-05-06T21:07:56Z" ],
        "Date": [ "Mon, 06 May 2024 21:07:55 GMT" ]
      },
      "ContentHeaders": {
        "Content-Length": [ "4099" ],
        "Content-Type": [ "application/json; charset=utf-8" ],
        "Expires": [ "-1" ]
      },
      "Content": "{\"name\":\"alecbUserSessionHP/userSess-sh-0\",\"id\":\"/subscriptions/dbedef25-184c-430f-b383-0eeb87c3205d/resourcegroups/alecbUserSessionTests/providers/Microsoft.DesktopVirtualization/hostpools/alecbUserSessionHP/sessionhosts/userSess-sh-0\",\"type\":\"Microsoft.DesktopVirtualization/hostpools/sessionhosts\",\"properties\":{\"sessionHostConfiguration\":null,\"friendlyName\":null,\"lastHeartBeat\":\"2024-05-04T01:23:49.20Z\",\"statusTimestamp\":\"2024-05-04T01:23:50.30Z\",\"lastUpdateTime\":\"2024-05-04T01:23:50.30Z\",\"sessions\":3,\"agentVersion\":\"1.0.9103.100\",\"allowNewSession\":true,\"assignedUser\":null,\"status\":\"Available\",\"osVersion\":\"10.0.19045.3803\",\"sxSStackVersion\":\"rdp-sxs240416084\",\"updateState\":\"Succeeded\",\"updateErrorMessage\":\"\",\"sessionHostHealthCheckResults\":[{\"healthCheckName\":\"DomainJoinedCheck\",\"healthCheckResult\":\"HealthCheckSucceeded\",\"additionalFailureDetails\":{\"message\":\"\",\"errorCode\":0,\"lastHealthCheckDateTime\":\"2024-05-04T01:23:47.9755262Z\"}},{\"healthCheckName\":\"DomainTrustCheck\",\"healthCheckResult\":\"HealthCheckSucceeded\",\"additionalFailureDetails\":{\"message\":\"\",\"errorCode\":0,\"lastHealthCheckDateTime\":\"2024-05-04T01:23:48.100527Z\"}},{\"healthCheckName\":\"SxSStackListenerCheck\",\"healthCheckResult\":\"HealthCheckSucceeded\",\"additionalFailureDetails\":{\"message\":\"SessionHost healthy: SessionHost healthy: SxS stack listener is ready\",\"errorCode\":0,\"lastHealthCheckDateTime\":\"2024-05-04T01:23:48.0067759Z\"}},{\"healthCheckName\":\"UrlsAccessibleCheck\",\"healthCheckResult\":\"HealthCheckSucceeded\",\"additionalFailureDetails\":{\"message\":\"{\\\"AccessibleUrls\\\":[\\\"11bc4f73-251b-4c14-a94e-0a95f8db9f08.rdbroker-g-us-r1.wvdselfhost.microsoft.com\\\",\\\"11bc4f73-251b-4c14-a94e-0a95f8db9f08.rdbroker.wvdselfhost.microsoft.com\\\",\\\"11bc4f73-251b-4c14-a94e-0a95f8db9f08.rddiagnostics-g-us-r1.wvdselfhost.microsoft.com\\\",\\\"mrsglobalstwus2selfhost.blob.core.windows.net\\\",\\\"gcs.prod.monitoring.core.windows.net\\\",\\\"westus2-shared.prod.warm.ingest.monitor.core.windows.net\\\",\\\"qos.prod.warm.ingest.monitor.core.windows.net\\\"],\\\"NotAccessibleUrls\\\":null,\\\"Context\\\":null}\",\"errorCode\":0,\"lastHealthCheckDateTime\":\"2024-05-04T00:59:27.389929Z\"}},{\"healthCheckName\":\"MonitoringAgentCheck\",\"healthCheckResult\":\"HealthCheckSucceeded\",\"additionalFailureDetails\":{\"message\":\"Located running process at C:\\\\Program Files\\\\Microsoft RDInfra\\\\RDMonitoringAgent_46.5.1\\\\Agent\\\\MonAgentLauncher.exe\",\"errorCode\":0,\"lastHealthCheckDateTime\":\"2024-05-04T01:13:03.0347221Z\"}},{\"healthCheckName\":\"DomainReachable\",\"healthCheckResult\":\"HealthCheckSucceeded\",\"additionalFailureDetails\":{\"message\":\"\",\"errorCode\":0,\"lastHealthCheckDateTime\":\"2024-05-04T01:23:48.17865Z\"}},{\"healthCheckName\":\"MetaDataServiceCheck\",\"healthCheckResult\":\"HealthCheckSucceeded\",\"additionalFailureDetails\":{\"message\":\"{\\r\\n  \\\"Details\\\": \\\"IMDS pressumed available\\\",\\r\\n  \\\"AzureResourceId\\\": \\\"/subscriptions/dbedef25-184c-430f-b383-0eeb87c3205d/resourceGroups/alecbUserSessionTests/providers/Microsoft.Compute/virtualMachines/userSess-sh-0\\\",\\r\\n  \\\"VmId\\\": \\\"b9847487-d260-4bea-b025-50a8e7a24af1\\\"\\r\\n}\",\"errorCode\":0,\"lastHealthCheckDateTime\":\"2024-05-04T01:23:48.3192771Z\"}},{\"healthCheckName\":\"AppAttachHealthCheck\",\"healthCheckResult\":\"HealthCheckSucceeded\",\"additionalFailureDetails\":{\"message\":\"SessionHost healthy: MSIX packages have been properly staged\",\"errorCode\":0,\"lastHealthCheckDateTime\":\"2024-05-04T01:19:46.5212245Z\"}},{\"healthCheckName\":\"TURNRelayAccessHealthCheck\",\"healthCheckResult\":\"HealthCheckSucceeded\",\"additionalFailureDetails\":{\"message\":\"Health check skipped\",\"errorCode\":0,\"lastHealthCheckDateTime\":\"2024-05-04T01:23:48.3505271Z\"}}],\"resourceId\":\"/subscriptions/dbedef25-184c-430f-b383-0eeb87c3205d/resourceGroups/alecbUserSessionTests/providers/Microsoft.Compute/virtualMachines/userSess-sh-0\",\"virtualMachineId\":\"b9847487-d260-4bea-b025-50a8e7a24af1\",\"objectId\":\"ac7dba35-894f-4190-ac0d-7a3a33c7ba78\"},\"systemData\":{\"createdBy\":null,\"createdByType\":null,\"createdAt\":\"2023-03-15T03:16:53.36Z\",\"lastModifiedBy\":\"alecbaird@wvdtesttenant.onmicrosoft.com\",\"lastModifiedByType\":\"User\",\"lastModifiedAt\":\"2024-05-06T21:07:55.81Z\"}}",
      "isContentBase64": false
    }
  }
}