{
  "Update-AzWvdScalingPlan+[NoContext]+UpdateExpanded+$PUT+https://management.azure.com/subscriptions/dbedef25-184c-430f-b383-0eeb87c3205d/resourceGroups/alecbUserSessionTests/providers/Microsoft.DesktopVirtualization/hostPools/HostPoolPowershellContained1?api-version=2024-04-03+1": {
    "Request": {
      "Method": "PUT",
      "RequestUri": "https://management.azure.com/subscriptions/dbedef25-184c-430f-b383-0eeb87c3205d/resourceGroups/alecbUserSessionTests/providers/Microsoft.DesktopVirtualization/hostPools/HostPoolPowershellContained1?api-version=2024-04-03",
      "Content": "{\r\n  \"location\": \"westus2\",\r\n  \"properties\": {\r\n    \"registrationInfo\": {\r\n      \"expirationTime\": \"2024-08-09T16:11:29.5369884-06:00\",\r\n      \"registrationTokenOperation\": \"Update\"\r\n    },\r\n    \"friendlyName\": \"fri\",\r\n    \"description\": \"des\",\r\n    \"hostPoolType\": \"Shared\",\r\n    \"customRdpProperty\": \"\",\r\n    \"maxSessionLimit\": 5,\r\n    \"loadBalancerType\": \"DepthFirst\",\r\n    \"ring\": 0,\r\n    \"validationEnvironment\": false,\r\n    \"vmTemplate\": \"\",\r\n    \"preferredAppGroupType\": \"Desktop\"\r\n  }\r\n}",
      "isContentBase64": false,
      "Headers": {
      },
      "ContentHeaders": {
        "Content-Type": [ "application/json" ],
        "Content-Length": [ "495" ]
      }
    },
    "Response": {
      "StatusCode": 201,
      "Headers": {
        "Cache-Control": [ "no-cache" ],
        "Pragma": [ "no-cache" ],
        "Location": [ "/subscriptions/dbedef25-184c-430f-b383-0eeb87c3205d/resourcegroups/alecbUserSessionTests/providers/Microsoft.DesktopVirtualization/hostpools/HostPoolPowershellContained1" ],
        "Set-Cookie": [ "ARRAffinity=bcbcd66544f5ddaf4cbead41410626b9ca9d605ee7d3a04c141d9e19b964fb41;Path=/;HttpOnly;Secure;Domain=rdarmprovider-g-us-r0.wvdselfhost.microsoft.com", "ARRAffinitySameSite=bcbcd66544f5ddaf4cbead41410626b9ca9d605ee7d3a04c141d9e19b964fb41;Path=/;HttpOnly;SameSite=None;Secure;Domain=rdarmprovider-g-us-r0.wvdselfhost.microsoft.com" ],
        "X-Rate-Limit-Limit": [ "0" ],
        "X-Rate-Limit-Remaining": [ "9223372036854775807" ],
        "X-Rate-Limit-Reset": [ "0" ],
        "x-ms-opsarmpath64": [ "L3N1YnNjcmlwdGlvbnMvZGJlZGVmMjUtMTg0Yy00MzBmLWIzODMtMGVlYjg3YzMyMDVkL3Jlc291cmNlR3JvdXBzL2FsZWNiVXNlclNlc3Npb25UZXN0cy9wcm92aWRlcnMvTWljcm9zb2Z0LkRlc2t0b3BWaXJ0dWFsaXphdGlvbi9ob3N0UG9vbHMvSG9zdFBvb2xQb3dlcnNoZWxsQ29udGFpbmVkMQ==" ],
        "x-ms-lamport-ts": [ "173945334" ],
        "x-ms-correlation-id": [ "9803cd73-8f7b-45ce-9486-ea1341fa82a0" ],
        "x-ms-request-id": [ "34fe6450-f588-434c-a9c6-b577f68eadf8" ],
        "X-Powered-By": [ "ASP.NET" ],
        "X-Content-Type-Options": [ "nosniff" ],
        "x-ms-ratelimit-remaining-subscription-writes": [ "199" ],
        "x-ms-ratelimit-remaining-subscription-global-writes": [ "2999" ],
        "x-ms-correlation-request-id": [ "291d6339-56e4-4dce-a663-4435d27ba81c" ],
        "x-ms-routing-request-id": [ "WESTUS:20240808T221131Z:291d6339-56e4-4dce-a663-4435d27ba81c" ],
        "Strict-Transport-Security": [ "max-age=31536000; includeSubDomains" ],
        "X-Cache": [ "CONFIG_NOCACHE" ],
        "X-MSEdge-Ref": [ "Ref A: 5195D8D007CD43799939A39801848D58 Ref B: SJC211051205053 Ref C: 2024-08-08T22:11:29Z" ],
        "Date": [ "Thu, 08 Aug 2024 22:11:31 GMT" ]
      },
      "ContentHeaders": {
        "Content-Length": [ "2953" ],
        "Content-Type": [ "application/json; charset=utf-8" ],
        "Expires": [ "-1" ]
      },
      "Content": "{\"identity\":null,\"name\":\"HostPoolPowershellContained1\",\"id\":\"/subscriptions/dbedef25-184c-430f-b383-0eeb87c3205d/resourcegroups/alecbUserSessionTests/providers/Microsoft.DesktopVirtualization/hostpools/HostPoolPowershellContained1\",\"type\":\"Microsoft.DesktopVirtualization/hostpools\",\"location\":\"westus2\",\"tags\":null,\"kind\":null,\"systemData\":{\"createdBy\":\"alecbaird@wvdtesttenant.onmicrosoft.com\",\"createdByType\":\"User\",\"createdAt\":\"2024-08-08T22:11:30.15Z\",\"lastModifiedBy\":\"alecbaird@wvdtesttenant.onmicrosoft.com\",\"lastModifiedByType\":\"User\",\"lastModifiedAt\":\"2024-08-08T22:11:30.15Z\"},\"properties\":{\"managedPrivateUDP\":\"Default\",\"directUDP\":\"Default\",\"publicUDP\":\"Default\",\"relayUDP\":\"Default\",\"managementType\":\"Standard\",\"appAttachPackageReferences\":[],\"agentUpdate\":null,\"friendlyName\":\"fri\",\"description\":\"des\",\"hostPoolType\":\"Pooled\",\"personalDesktopAssignmentType\":null,\"applicationGroupReferences\":[],\"customRdpProperty\":\"\",\"maxSessionLimit\":5,\"loadBalancerType\":\"DepthFirst\",\"validationEnvironment\":false,\"ring\":null,\"registrationInfo\":{\"expirationTime\":\"2024-08-09T22:11:29.5369884+00:00\",\"token\":\"eyJhbGciOiJSUzI1NiIsImtpZCI6IjZEQTlDNDhCQTcxRkJEMzREQkQ4RTQ2MEI3Q0U4MUVFMjM4Q0E0MTAiLCJ0eXAiOiJKV1QifQ.eyJSZWdpc3RyYXRpb25JZCI6ImVhYzY0NzVjLTllN2ItNDBhMS1hYjE4LTk3NjhlMWU5MThhNCIsIkJyb2tlclVyaSI6Imh0dHBzOi8vcmRicm9rZXItZy11cy1yMC53dmRzZWxmaG9zdC5taWNyb3NvZnQuY29tLyIsIkRpYWdub3N0aWNzVXJpIjoiaHR0cHM6Ly9yZGRpYWdub3N0aWNzLWctdXMtcjAud3Zkc2VsZmhvc3QubWljcm9zb2Z0LmNvbS8iLCJFbmRwb2ludFBvb2xJZCI6ImRmODZhNzgwLTM0NWUtNDEwNi04OGQ0LWNjNjExYWJkMTg4NiIsIkdsb2JhbEJyb2tlclVyaSI6Imh0dHBzOi8vcmRicm9rZXIud3Zkc2VsZmhvc3QubWljcm9zb2Z0LmNvbS8iLCJHZW9ncmFwaHkiOiJVUyIsIkdsb2JhbEJyb2tlclJlc291cmNlSWRVcmkiOiJodHRwczovL2RmODZhNzgwLTM0NWUtNDEwNi04OGQ0LWNjNjExYWJkMTg4Ni5yZGJyb2tlci53dmRzZWxmaG9zdC5taWNyb3NvZnQuY29tLyIsIkJyb2tlclJlc291cmNlSWRVcmkiOiJodHRwczovL2RmODZhNzgwLTM0NWUtNDEwNi04OGQ0LWNjNjExYWJkMTg4Ni5yZGJyb2tlci1nLXVzLXIwLnd2ZHNlbGZob3N0Lm1pY3Jvc29mdC5jb20vIiwiRGlhZ25vc3RpY3NSZXNvdXJjZUlkVXJpIjoiaHR0cHM6Ly9kZjg2YTc4MC0zNDVlLTQxMDYtODhkNC1jYzYxMWFiZDE4ODYucmRkaWFnbm9zdGljcy1nLXVzLXIwLnd2ZHNlbGZob3N0Lm1pY3Jvc29mdC5jb20vIiwiQUFEVGVuYW50SWQiOiI3NGJjMmRmMC1mYzU3LTQzNjEtYjE1MC0yZDZkZDUxY2I2NjMiLCJuYmYiOjE3MjMxNTUwOTEsImV4cCI6MTcyMzI0MTQ4OSwiaXNzIjoiUkRJbmZyYVRva2VuTWFuYWdlciIsImF1ZCI6IlJEbWkifQ.JFEai4BQfryGnhE4uMNCVii1tZhk-TPZHlyJqYO4A26Y9Ew8AxsMY_1SFVDcOWn8tZ_iaxThso-BU7V01yRo9D-MsPDkCXOAPIVP8mrsFDI5GrYwncigLJI8UUNBxHM5C9H9jjbdJSlJmiuNRKVuLYHhZIc_EA5Emwun1NvKTAGyDnrv8fLJZVNoyn6LVqGWwo2hI629N0pCiXB_CSaEzuF1irdAvUxBmrXd16XfnEuJXIbMKoPSlsCMrSuR2m_mUfbAK86y9jabJn95SPEVld_6waXOhE_DyyPtFod3lzmAONlUegBWxwHaubV8MP54yDQM-9d3pZjw5HuFqrNftg\",\"registrationTokenOperation\":\"Update\"},\"vmTemplate\":null,\"preferredAppGroupType\":\"Desktop\",\"migrationRequest\":null,\"cloudPcResource\":false,\"startVMOnConnect\":false,\"ssoadfsAuthority\":null,\"ssoClientId\":null,\"ssoClientSecretKeyVaultPath\":null,\"ssoSecretType\":null,\"objectId\":\"df86a780-345e-4106-88d4-cc611abd1886\"}}",
      "isContentBase64": false
    }
  },
  "Update-AzWvdScalingPlan+[NoContext]+UpdateExpanded+$PUT+https://management.azure.com/subscriptions/dbedef25-184c-430f-b383-0eeb87c3205d/resourceGroups/alecbUserSessionTests/providers/Microsoft.DesktopVirtualization/hostPools/HostPoolPowershellContained2?api-version=2024-04-03+2": {
    "Request": {
      "Method": "PUT",
      "RequestUri": "https://management.azure.com/subscriptions/dbedef25-184c-430f-b383-0eeb87c3205d/resourceGroups/alecbUserSessionTests/providers/Microsoft.DesktopVirtualization/hostPools/HostPoolPowershellContained2?api-version=2024-04-03",
      "Content": "{\r\n  \"location\": \"westus2\",\r\n  \"properties\": {\r\n    \"registrationInfo\": {\r\n      \"expirationTime\": \"2024-08-09T16:11:31.0446779-06:00\",\r\n      \"registrationTokenOperation\": \"Update\"\r\n    },\r\n    \"friendlyName\": \"fri\",\r\n    \"description\": \"des\",\r\n    \"hostPoolType\": \"Shared\",\r\n    \"customRdpProperty\": \"\",\r\n    \"maxSessionLimit\": 5,\r\n    \"loadBalancerType\": \"DepthFirst\",\r\n    \"ring\": 0,\r\n    \"validationEnvironment\": false,\r\n    \"vmTemplate\": \"\",\r\n    \"preferredAppGroupType\": \"Desktop\"\r\n  }\r\n}",
      "isContentBase64": false,
      "Headers": {
      },
      "ContentHeaders": {
        "Content-Type": [ "application/json" ],
        "Content-Length": [ "495" ]
      }
    },
    "Response": {
      "StatusCode": 201,
      "Headers": {
        "Cache-Control": [ "no-cache" ],
        "Pragma": [ "no-cache" ],
        "Location": [ "/subscriptions/dbedef25-184c-430f-b383-0eeb87c3205d/resourcegroups/alecbUserSessionTests/providers/Microsoft.DesktopVirtualization/hostpools/HostPoolPowershellContained2" ],
        "Set-Cookie": [ "ARRAffinity=bcbcd66544f5ddaf4cbead41410626b9ca9d605ee7d3a04c141d9e19b964fb41;Path=/;HttpOnly;Secure;Domain=rdarmprovider-g-us-r0.wvdselfhost.microsoft.com", "ARRAffinitySameSite=bcbcd66544f5ddaf4cbead41410626b9ca9d605ee7d3a04c141d9e19b964fb41;Path=/;HttpOnly;SameSite=None;Secure;Domain=rdarmprovider-g-us-r0.wvdselfhost.microsoft.com" ],
        "X-Rate-Limit-Limit": [ "0" ],
        "X-Rate-Limit-Remaining": [ "9223372036854775807" ],
        "X-Rate-Limit-Reset": [ "0" ],
        "x-ms-opsarmpath64": [ "L3N1YnNjcmlwdGlvbnMvZGJlZGVmMjUtMTg0Yy00MzBmLWIzODMtMGVlYjg3YzMyMDVkL3Jlc291cmNlR3JvdXBzL2FsZWNiVXNlclNlc3Npb25UZXN0cy9wcm92aWRlcnMvTWljcm9zb2Z0LkRlc2t0b3BWaXJ0dWFsaXphdGlvbi9ob3N0UG9vbHMvSG9zdFBvb2xQb3dlcnNoZWxsQ29udGFpbmVkMg==" ],
        "x-ms-lamport-ts": [ "173945337" ],
        "x-ms-correlation-id": [ "02a16271-c38a-4a15-a94d-1c0d02276148" ],
        "x-ms-request-id": [ "7d774c9d-627f-4c9d-87e5-9cc28858da4c" ],
        "X-Powered-By": [ "ASP.NET" ],
        "X-Content-Type-Options": [ "nosniff" ],
        "x-ms-ratelimit-remaining-subscription-writes": [ "199" ],
        "x-ms-ratelimit-remaining-subscription-global-writes": [ "2999" ],
        "x-ms-correlation-request-id": [ "7108728e-8e74-4361-83a5-cfe81bf6eebe" ],
        "x-ms-routing-request-id": [ "WESTUS:20240808T221134Z:7108728e-8e74-4361-83a5-cfe81bf6eebe" ],
        "Strict-Transport-Security": [ "max-age=31536000; includeSubDomains" ],
        "X-Cache": [ "CONFIG_NOCACHE" ],
        "X-MSEdge-Ref": [ "Ref A: 704A6411E92F43EBB2A32AB9D72563AE Ref B: SJC211051205053 Ref C: 2024-08-08T22:11:31Z" ],
        "Date": [ "Thu, 08 Aug 2024 22:11:34 GMT" ]
      },
      "ContentHeaders": {
        "Content-Length": [ "2953" ],
        "Content-Type": [ "application/json; charset=utf-8" ],
        "Expires": [ "-1" ]
      },
      "Content": "{\"identity\":null,\"name\":\"HostPoolPowershellContained2\",\"id\":\"/subscriptions/dbedef25-184c-430f-b383-0eeb87c3205d/resourcegroups/alecbUserSessionTests/providers/Microsoft.DesktopVirtualization/hostpools/HostPoolPowershellContained2\",\"type\":\"Microsoft.DesktopVirtualization/hostpools\",\"location\":\"westus2\",\"tags\":null,\"kind\":null,\"systemData\":{\"createdBy\":\"alecbaird@wvdtesttenant.onmicrosoft.com\",\"createdByType\":\"User\",\"createdAt\":\"2024-08-08T22:11:33.42Z\",\"lastModifiedBy\":\"alecbaird@wvdtesttenant.onmicrosoft.com\",\"lastModifiedByType\":\"User\",\"lastModifiedAt\":\"2024-08-08T22:11:33.42Z\"},\"properties\":{\"managedPrivateUDP\":\"Default\",\"directUDP\":\"Default\",\"publicUDP\":\"Default\",\"relayUDP\":\"Default\",\"managementType\":\"Standard\",\"appAttachPackageReferences\":[],\"agentUpdate\":null,\"friendlyName\":\"fri\",\"description\":\"des\",\"hostPoolType\":\"Pooled\",\"personalDesktopAssignmentType\":null,\"applicationGroupReferences\":[],\"customRdpProperty\":\"\",\"maxSessionLimit\":5,\"loadBalancerType\":\"DepthFirst\",\"validationEnvironment\":false,\"ring\":null,\"registrationInfo\":{\"expirationTime\":\"2024-08-09T22:11:31.0446779+00:00\",\"token\":\"eyJhbGciOiJSUzI1NiIsImtpZCI6IjZEQTlDNDhCQTcxRkJEMzREQkQ4RTQ2MEI3Q0U4MUVFMjM4Q0E0MTAiLCJ0eXAiOiJKV1QifQ.eyJSZWdpc3RyYXRpb25JZCI6ImM3OTVmZWQ5LTM4ZjQtNGNkZi1hYjIwLWM2ZTM2ZmUwM2Y1OSIsIkJyb2tlclVyaSI6Imh0dHBzOi8vcmRicm9rZXItZy11cy1yMC53dmRzZWxmaG9zdC5taWNyb3NvZnQuY29tLyIsIkRpYWdub3N0aWNzVXJpIjoiaHR0cHM6Ly9yZGRpYWdub3N0aWNzLWctdXMtcjAud3Zkc2VsZmhvc3QubWljcm9zb2Z0LmNvbS8iLCJFbmRwb2ludFBvb2xJZCI6ImE0YjRmNGNlLThiMTEtNDY3Zi04NTZmLTE0ZWY1ZWJkMjNjNCIsIkdsb2JhbEJyb2tlclVyaSI6Imh0dHBzOi8vcmRicm9rZXIud3Zkc2VsZmhvc3QubWljcm9zb2Z0LmNvbS8iLCJHZW9ncmFwaHkiOiJVUyIsIkdsb2JhbEJyb2tlclJlc291cmNlSWRVcmkiOiJodHRwczovL2E0YjRmNGNlLThiMTEtNDY3Zi04NTZmLTE0ZWY1ZWJkMjNjNC5yZGJyb2tlci53dmRzZWxmaG9zdC5taWNyb3NvZnQuY29tLyIsIkJyb2tlclJlc291cmNlSWRVcmkiOiJodHRwczovL2E0YjRmNGNlLThiMTEtNDY3Zi04NTZmLTE0ZWY1ZWJkMjNjNC5yZGJyb2tlci1nLXVzLXIwLnd2ZHNlbGZob3N0Lm1pY3Jvc29mdC5jb20vIiwiRGlhZ25vc3RpY3NSZXNvdXJjZUlkVXJpIjoiaHR0cHM6Ly9hNGI0ZjRjZS04YjExLTQ2N2YtODU2Zi0xNGVmNWViZDIzYzQucmRkaWFnbm9zdGljcy1nLXVzLXIwLnd2ZHNlbGZob3N0Lm1pY3Jvc29mdC5jb20vIiwiQUFEVGVuYW50SWQiOiI3NGJjMmRmMC1mYzU3LTQzNjEtYjE1MC0yZDZkZDUxY2I2NjMiLCJuYmYiOjE3MjMxNTUwOTQsImV4cCI6MTcyMzI0MTQ5MSwiaXNzIjoiUkRJbmZyYVRva2VuTWFuYWdlciIsImF1ZCI6IlJEbWkifQ.dokVgmIFHviHTXJ-IMAXVc2ePZdAOJU3exJfbatuIbvH3HlV-plsjxPV6bIJunxPMJavO5ntIuo23uADirceQa7jTLkIfbIIghqERWrFq_4EWjKN-Sv0PYVVickabbfrtHhn_0_cy0pYSV3vUyJ4M6ACgLfkfgX-W6Hyd6rK2IJDAlLJxXrH-P0Ecyb5PjtQXJGgRgpu8Gom4vV-h7dg3Dqp9GFj4ckabhP19xteQICb11GIVqWYrT4qyTun0yDOeT8uefsOC9w52o8iytxl0beUsjVPIW5kqKGuVLqDFe8SmD2w7GA3IJtABEKSl6wnZmSnrgQwM4I8YM83G6hW8g\",\"registrationTokenOperation\":\"Update\"},\"vmTemplate\":null,\"preferredAppGroupType\":\"Desktop\",\"migrationRequest\":null,\"cloudPcResource\":false,\"startVMOnConnect\":false,\"ssoadfsAuthority\":null,\"ssoClientId\":null,\"ssoClientSecretKeyVaultPath\":null,\"ssoSecretType\":null,\"objectId\":\"a4b4f4ce-8b11-467f-856f-14ef5ebd23c4\"}}",
      "isContentBase64": false
    }
  },
  "Update-AzWvdScalingPlan+[NoContext]+UpdateExpanded+$PUT+https://management.azure.com/subscriptions/dbedef25-184c-430f-b383-0eeb87c3205d/resourceGroups/alecbUserSessionTests/providers/Microsoft.DesktopVirtualization/scalingPlans/ScalingPlanPowershellContained1?api-version=2024-04-03+3": {
    "Request": {
      "Method": "PUT",
      "RequestUri": "https://management.azure.com/subscriptions/dbedef25-184c-430f-b383-0eeb87c3205d/resourceGroups/alecbUserSessionTests/providers/Microsoft.DesktopVirtualization/scalingPlans/ScalingPlanPowershellContained1?api-version=2024-04-03",
      "Content": "{\r\n  \"location\": \"westus2\",\r\n  \"properties\": {\r\n    \"description\": \"desc\",\r\n    \"friendlyName\": \"fri\",\r\n    \"timeZone\": \"Pacific Standard Time\",\r\n    \"hostPoolType\": \"Pooled\",\r\n    \"schedules\": [\r\n      {\r\n        \"rampUpStartTime\": {\r\n          \"hour\": 6,\r\n          \"minute\": 0\r\n        },\r\n        \"peakStartTime\": {\r\n          \"hour\": 8,\r\n          \"minute\": 30\r\n        },\r\n        \"rampDownStartTime\": {\r\n          \"hour\": 16,\r\n          \"minute\": 15\r\n        },\r\n        \"offPeakStartTime\": {\r\n          \"hour\": 18,\r\n          \"minute\": 0\r\n        },\r\n        \"name\": \"Work Week\",\r\n        \"daysOfWeek\": [ \"Monday\", \"Tuesday\", \"Wednesday\", \"Thursday\", \"Friday\" ],\r\n        \"rampUpLoadBalancingAlgorithm\": \"BreadthFirst\",\r\n        \"rampUpMinimumHostsPct\": 20,\r\n        \"rampUpCapacityThresholdPct\": 20,\r\n        \"peakLoadBalancingAlgorithm\": \"DepthFirst\",\r\n        \"rampDownLoadBalancingAlgorithm\": \"BreadthFirst\",\r\n        \"rampDownMinimumHostsPct\": 20,\r\n        \"rampDownCapacityThresholdPct\": 20,\r\n        \"rampDownForceLogoffUsers\": true,\r\n        \"rampDownStopHostsWhen\": \"ZeroSessions\",\r\n        \"rampDownWaitTimeMinutes\": 30,\r\n        \"rampDownNotificationMessage\": \"Log out now, please.\",\r\n        \"offPeakLoadBalancingAlgorithm\": \"DepthFirst\"\r\n      }\r\n    ],\r\n    \"hostPoolReferences\": [\r\n      {\r\n        \"hostPoolArmPath\": \"/subscriptions/dbedef25-184c-430f-b383-0eeb87c3205d/resourcegroups/alecbUserSessionTests/providers/Microsoft.DesktopVirtualization/hostpools/HostPoolPowershellContained1\",\r\n        \"scalingPlanEnabled\": false\r\n      }\r\n    ]\r\n  }\r\n}",
      "isContentBase64": false,
      "Headers": {
      },
      "ContentHeaders": {
        "Content-Type": [ "application/json" ],
        "Content-Length": [ "1574" ]
      }
    },
    "Response": {
      "StatusCode": 201,
      "Headers": {
        "Cache-Control": [ "no-cache" ],
        "Pragma": [ "no-cache" ],
        "Location": [ "/subscriptions/dbedef25-184c-430f-b383-0eeb87c3205d/resourcegroups/alecbUserSessionTests/providers/Microsoft.DesktopVirtualization/scalingplans/ScalingPlanPowershellContained1" ],
        "Set-Cookie": [ "ARRAffinity=bcbcd66544f5ddaf4cbead41410626b9ca9d605ee7d3a04c141d9e19b964fb41;Path=/;HttpOnly;Secure;Domain=rdarmprovider-g-us-r0.wvdselfhost.microsoft.com", "ARRAffinitySameSite=bcbcd66544f5ddaf4cbead41410626b9ca9d605ee7d3a04c141d9e19b964fb41;Path=/;HttpOnly;SameSite=None;Secure;Domain=rdarmprovider-g-us-r0.wvdselfhost.microsoft.com" ],
        "X-Rate-Limit-Limit": [ "0" ],
        "X-Rate-Limit-Remaining": [ "9223372036854775807" ],
        "X-Rate-Limit-Reset": [ "0" ],
        "x-ms-opsarmpath64": [ "L3N1YnNjcmlwdGlvbnMvZGJlZGVmMjUtMTg0Yy00MzBmLWIzODMtMGVlYjg3YzMyMDVkL3Jlc291cmNlR3JvdXBzL2FsZWNiVXNlclNlc3Npb25UZXN0cy9wcm92aWRlcnMvTWljcm9zb2Z0LkRlc2t0b3BWaXJ0dWFsaXphdGlvbi9zY2FsaW5nUGxhbnMvU2NhbGluZ1BsYW5Qb3dlcnNoZWxsQ29udGFpbmVkMQ==" ],
        "x-ms-lamport-ts": [ "173945340" ],
        "x-ms-correlation-id": [ "93b46810-5ce9-42ec-925f-bc84d3a96152" ],
        "x-ms-request-id": [ "c8716658-d973-4f69-91f2-20d1353ad751" ],
        "X-Powered-By": [ "ASP.NET" ],
        "X-Content-Type-Options": [ "nosniff" ],
        "x-ms-ratelimit-remaining-subscription-writes": [ "199" ],
        "x-ms-ratelimit-remaining-subscription-global-writes": [ "2999" ],
        "x-ms-correlation-request-id": [ "068da85b-2e28-458a-a17d-40eda0ddd7f4" ],
        "x-ms-routing-request-id": [ "WESTUS:20240808T221138Z:068da85b-2e28-458a-a17d-40eda0ddd7f4" ],
        "Strict-Transport-Security": [ "max-age=31536000; includeSubDomains" ],
        "X-Cache": [ "CONFIG_NOCACHE" ],
        "X-MSEdge-Ref": [ "Ref A: 89DA41228B9249109773D441A791399B Ref B: SJC211051205053 Ref C: 2024-08-08T22:11:34Z" ],
        "Date": [ "Thu, 08 Aug 2024 22:11:38 GMT" ]
      },
      "ContentHeaders": {
        "Content-Length": [ "1732" ],
        "Content-Type": [ "application/json; charset=utf-8" ],
        "Expires": [ "-1" ]
      },
      "Content": "{\"name\":\"ScalingPlanPowershellContained1\",\"id\":\"/subscriptions/dbedef25-184c-430f-b383-0eeb87c3205d/resourcegroups/alecbUserSessionTests/providers/Microsoft.DesktopVirtualization/scalingplans/ScalingPlanPowershellContained1\",\"type\":\"Microsoft.DesktopVirtualization/scalingplans\",\"location\":\"westus2\",\"tags\":null,\"kind\":null,\"systemData\":{\"createdBy\":\"alecbaird@wvdtesttenant.onmicrosoft.com\",\"createdByType\":\"User\",\"createdAt\":\"2024-08-08T22:11:36.91Z\",\"lastModifiedBy\":\"alecbaird@wvdtesttenant.onmicrosoft.com\",\"lastModifiedByType\":\"User\",\"lastModifiedAt\":\"2024-08-08T22:11:36.91Z\"},\"properties\":{\"description\":\"desc\",\"friendlyName\":\"fri\",\"timeZone\":\"Pacific Standard Time\",\"hostPoolType\":\"Pooled\",\"exclusionTag\":\"\",\"schedules\":[{\"rampUpStartTime\":{\"hour\":6,\"minute\":0},\"peakStartTime\":{\"hour\":8,\"minute\":30},\"rampDownStartTime\":{\"hour\":16,\"minute\":15},\"offPeakStartTime\":{\"hour\":18,\"minute\":0},\"name\":\"Work Week\",\"daysOfWeek\":[\"Monday\",\"Tuesday\",\"Wednesday\",\"Thursday\",\"Friday\"],\"rampUpLoadBalancingAlgorithm\":\"BreadthFirst\",\"rampUpMinimumHostsPct\":20,\"rampUpCapacityThresholdPct\":20,\"peakLoadBalancingAlgorithm\":\"DepthFirst\",\"rampDownLoadBalancingAlgorithm\":\"BreadthFirst\",\"rampDownMinimumHostsPct\":20,\"rampDownCapacityThresholdPct\":20,\"rampDownForceLogoffUsers\":true,\"rampDownWaitTimeMinutes\":30,\"rampDownNotificationMessage\":\"Log out now, please.\",\"rampDownStopHostsWhen\":\"ZeroSessions\",\"offPeakLoadBalancingAlgorithm\":\"DepthFirst\"}],\"hostPoolReferences\":[{\"hostPoolArmPath\":\"/subscriptions/dbedef25-184c-430f-b383-0eeb87c3205d/resourcegroups/alecbUserSessionTests/providers/Microsoft.DesktopVirtualization/hostpools/HostPoolPowershellContained1\",\"scalingPlanEnabled\":false}],\"objectId\":\"ee00144b-a851-43f7-9401-52ad2752cb54\"}}",
      "isContentBase64": false
    }
  },
  "Update-AzWvdScalingPlan+[NoContext]+UpdateExpanded+$PATCH+https://management.azure.com/subscriptions/dbedef25-184c-430f-b383-0eeb87c3205d/resourceGroups/alecbUserSessionTests/providers/Microsoft.DesktopVirtualization/scalingPlans/ScalingPlanPowershellContained1?api-version=2024-04-03+4": {
    "Request": {
      "Method": "PATCH",
      "RequestUri": "https://management.azure.com/subscriptions/dbedef25-184c-430f-b383-0eeb87c3205d/resourceGroups/alecbUserSessionTests/providers/Microsoft.DesktopVirtualization/scalingPlans/ScalingPlanPowershellContained1?api-version=2024-04-03",
      "Content": "{\r\n  \"properties\": {\r\n    \"description\": \"desc2\",\r\n    \"friendlyName\": \"fri2\",\r\n    \"timeZone\": \"Pacific Standard Time\",\r\n    \"schedules\": [\r\n      {\r\n        \"rampUpStartTime\": {\r\n          \"hour\": 6,\r\n          \"minute\": 0\r\n        },\r\n        \"peakStartTime\": {\r\n          \"hour\": 8,\r\n          \"minute\": 30\r\n        },\r\n        \"rampDownStartTime\": {\r\n          \"hour\": 16,\r\n          \"minute\": 15\r\n        },\r\n        \"offPeakStartTime\": {\r\n          \"hour\": 18,\r\n          \"minute\": 0\r\n        },\r\n        \"name\": \"Work Week\",\r\n        \"daysOfWeek\": [ \"Monday\", \"Tuesday\", \"Wednesday\", \"Thursday\", \"Friday\" ],\r\n        \"rampUpLoadBalancingAlgorithm\": \"BreadthFirst\",\r\n        \"rampUpMinimumHostsPct\": 20,\r\n        \"rampUpCapacityThresholdPct\": 20,\r\n        \"peakLoadBalancingAlgorithm\": \"DepthFirst\",\r\n        \"rampDownLoadBalancingAlgorithm\": \"BreadthFirst\",\r\n        \"rampDownMinimumHostsPct\": 20,\r\n        \"rampDownCapacityThresholdPct\": 20,\r\n        \"rampDownForceLogoffUsers\": true,\r\n        \"rampDownStopHostsWhen\": \"ZeroSessions\",\r\n        \"rampDownWaitTimeMinutes\": 30,\r\n        \"rampDownNotificationMessage\": \"Log out now, please.\",\r\n        \"offPeakLoadBalancingAlgorithm\": \"DepthFirst\"\r\n      }\r\n    ],\r\n    \"hostPoolReferences\": [\r\n      {\r\n        \"hostPoolArmPath\": \"/subscriptions/dbedef25-184c-430f-b383-0eeb87c3205d/resourcegroups/alecbUserSessionTests/providers/Microsoft.DesktopVirtualization/hostpools/HostPoolPowershellContained1\",\r\n        \"scalingPlanEnabled\": false\r\n      },\r\n      {\r\n        \"hostPoolArmPath\": \"/subscriptions/dbedef25-184c-430f-b383-0eeb87c3205d/resourcegroups/alecbUserSessionTests/providers/Microsoft.DesktopVirtualization/hostpools/HostPoolPowershellContained2\",\r\n        \"scalingPlanEnabled\": false\r\n      }\r\n    ]\r\n  }\r\n}",
      "isContentBase64": false,
      "Headers": {
      },
      "ContentHeaders": {
        "Content-Type": [ "application/json" ],
        "Content-Length": [ "1776" ]
      }
    },
    "Response": {
      "StatusCode": 200,
      "Headers": {
        "Cache-Control": [ "no-cache" ],
        "Pragma": [ "no-cache" ],
        "Vary": [ "Accept-Encoding" ],
        "Set-Cookie": [ "ARRAffinity=39d91f16fdd59b39d7a07780844d80b88a73a7f54a8a5e7eeddb8cc0cb631057;Path=/;HttpOnly;Secure;Domain=rdarmprovider-g-us-r0.wvdselfhost.microsoft.com", "ARRAffinitySameSite=39d91f16fdd59b39d7a07780844d80b88a73a7f54a8a5e7eeddb8cc0cb631057;Path=/;HttpOnly;SameSite=None;Secure;Domain=rdarmprovider-g-us-r0.wvdselfhost.microsoft.com" ],
        "x-ms-ratelimit-remaining-subscription-writes": [ "199" ],
        "X-Rate-Limit-Limit": [ "0" ],
        "X-Rate-Limit-Remaining": [ "9223372036854775807" ],
        "X-Rate-Limit-Reset": [ "0" ],
        "x-ms-opsarmpath64": [ "L3N1YnNjcmlwdGlvbnMvZGJlZGVmMjUtMTg0Yy00MzBmLWIzODMtMGVlYjg3YzMyMDVkL3Jlc291cmNlR3JvdXBzL2FsZWNiVXNlclNlc3Npb25UZXN0cy9wcm92aWRlcnMvTWljcm9zb2Z0LkRlc2t0b3BWaXJ0dWFsaXphdGlvbi9zY2FsaW5nUGxhbnMvU2NhbGluZ1BsYW5Qb3dlcnNoZWxsQ29udGFpbmVkMQ==" ],
        "x-ms-lamport-ts": [ "173945306" ],
        "x-ms-correlation-id": [ "dcf69d13-6b71-4b7f-9259-fa195619a1ec" ],
        "x-ms-request-id": [ "aa95438f-75b9-4f7f-acf1-e9e8709f33bb" ],
        "X-Powered-By": [ "ASP.NET" ],
        "X-Content-Type-Options": [ "nosniff" ],
        "x-ms-ratelimit-remaining-subscription-global-writes": [ "2999" ],
        "x-ms-correlation-request-id": [ "922bed0f-c346-4b99-bcca-39ab5427b869" ],
        "x-ms-routing-request-id": [ "WESTUS:20240808T221139Z:922bed0f-c346-4b99-bcca-39ab5427b869" ],
        "Strict-Transport-Security": [ "max-age=31536000; includeSubDomains" ],
        "X-Cache": [ "CONFIG_NOCACHE" ],
        "X-MSEdge-Ref": [ "Ref A: 56689BE0E83C44408374A1E28CB5AE15 Ref B: SJC211051205053 Ref C: 2024-08-08T22:11:38Z" ],
        "Date": [ "Thu, 08 Aug 2024 22:11:39 GMT" ]
      },
      "ContentHeaders": {
        "Content-Length": [ "1953" ],
        "Content-Type": [ "application/json; charset=utf-8" ],
        "Expires": [ "-1" ]
      },
      "Content": "{\"name\":\"ScalingPlanPowershellContained1\",\"id\":\"/subscriptions/dbedef25-184c-430f-b383-0eeb87c3205d/resourcegroups/alecbUserSessionTests/providers/Microsoft.DesktopVirtualization/scalingplans/ScalingPlanPowershellContained1\",\"type\":\"Microsoft.DesktopVirtualization/scalingplans\",\"location\":\"westus2\",\"tags\":null,\"kind\":null,\"systemData\":{\"createdBy\":\"alecbaird@wvdtesttenant.onmicrosoft.com\",\"createdByType\":\"User\",\"createdAt\":\"2024-08-08T22:11:36.91Z\",\"lastModifiedBy\":\"alecbaird@wvdtesttenant.onmicrosoft.com\",\"lastModifiedByType\":\"User\",\"lastModifiedAt\":\"2024-08-08T22:11:38.70Z\"},\"properties\":{\"description\":\"desc2\",\"friendlyName\":\"fri2\",\"timeZone\":\"Pacific Standard Time\",\"hostPoolType\":\"Pooled\",\"exclusionTag\":\"\",\"schedules\":[{\"rampUpStartTime\":{\"hour\":6,\"minute\":0},\"peakStartTime\":{\"hour\":8,\"minute\":30},\"rampDownStartTime\":{\"hour\":16,\"minute\":15},\"offPeakStartTime\":{\"hour\":18,\"minute\":0},\"name\":\"Work Week\",\"daysOfWeek\":[\"Monday\",\"Tuesday\",\"Wednesday\",\"Thursday\",\"Friday\"],\"rampUpLoadBalancingAlgorithm\":\"BreadthFirst\",\"rampUpMinimumHostsPct\":20,\"rampUpCapacityThresholdPct\":20,\"peakLoadBalancingAlgorithm\":\"DepthFirst\",\"rampDownLoadBalancingAlgorithm\":\"BreadthFirst\",\"rampDownMinimumHostsPct\":20,\"rampDownCapacityThresholdPct\":20,\"rampDownForceLogoffUsers\":true,\"rampDownWaitTimeMinutes\":30,\"rampDownNotificationMessage\":\"Log out now, please.\",\"rampDownStopHostsWhen\":\"ZeroSessions\",\"offPeakLoadBalancingAlgorithm\":\"DepthFirst\"}],\"hostPoolReferences\":[{\"hostPoolArmPath\":\"/subscriptions/dbedef25-184c-430f-b383-0eeb87c3205d/resourcegroups/alecbUserSessionTests/providers/Microsoft.DesktopVirtualization/hostpools/HostPoolPowershellContained1\",\"scalingPlanEnabled\":false},{\"hostPoolArmPath\":\"/subscriptions/dbedef25-184c-430f-b383-0eeb87c3205d/resourcegroups/alecbUserSessionTests/providers/Microsoft.DesktopVirtualization/hostpools/HostPoolPowershellContained2\",\"scalingPlanEnabled\":false}],\"objectId\":\"ee00144b-a851-43f7-9401-52ad2752cb54\"}}",
      "isContentBase64": false
    }
  },
  "Update-AzWvdScalingPlan+[NoContext]+UpdateExpanded+$GET+https://management.azure.com/subscriptions/dbedef25-184c-430f-b383-0eeb87c3205d/resourceGroups/alecbUserSessionTests/providers/Microsoft.DesktopVirtualization/scalingPlans/ScalingPlanPowershellContained1?api-version=2024-04-03+5": {
    "Request": {
      "Method": "GET",
      "RequestUri": "https://management.azure.com/subscriptions/dbedef25-184c-430f-b383-0eeb87c3205d/resourceGroups/alecbUserSessionTests/providers/Microsoft.DesktopVirtualization/scalingPlans/ScalingPlanPowershellContained1?api-version=2024-04-03",
      "Content": null,
      "isContentBase64": false,
      "Headers": {
        "x-ms-unique-id": [ "391" ],
        "x-ms-client-request-id": [ "0a3b29cf-6e5f-4302-ba0c-363379530fdb" ],
        "CommandName": [ "Get-AzWvdScalingPlan" ],
        "FullCommandName": [ "Get-AzWvdScalingPlan_Get" ],
        "ParameterSetName": [ "__AllParameterSets" ],
        "User-Agent": [ "AzurePowershell/v0.0.0", "PSVersion/v7.2.19", "Az.DesktopVirtualization/2.1.0" ],
        "Authorization": [ "[Filtered]" ]
      },
      "ContentHeaders": {
      }
    },
    "Response": {
      "StatusCode": 200,
      "Headers": {
        "Cache-Control": [ "no-cache" ],
        "Pragma": [ "no-cache" ],
        "Vary": [ "Accept-Encoding" ],
        "Set-Cookie": [ "ARRAffinity=de05b342bfa7816b86cf467ecc947b8c2d1419d8d518ac9f49486dea08ed770a;Path=/;HttpOnly;Secure;Domain=rdarmprovider-g-us-r0.wvdselfhost.microsoft.com", "ARRAffinitySameSite=de05b342bfa7816b86cf467ecc947b8c2d1419d8d518ac9f49486dea08ed770a;Path=/;HttpOnly;SameSite=None;Secure;Domain=rdarmprovider-g-us-r0.wvdselfhost.microsoft.com" ],
        "x-ms-ratelimit-remaining-subscription-reads": [ "249" ],
        "X-Rate-Limit-Limit": [ "0" ],
        "X-Rate-Limit-Remaining": [ "9223372036854775807" ],
        "X-Rate-Limit-Reset": [ "0" ],
        "x-ms-opsarmpath64": [ "L3N1YnNjcmlwdGlvbnMvZGJlZGVmMjUtMTg0Yy00MzBmLWIzODMtMGVlYjg3YzMyMDVkL3Jlc291cmNlR3JvdXBzL2FsZWNiVXNlclNlc3Npb25UZXN0cy9wcm92aWRlcnMvTWljcm9zb2Z0LkRlc2t0b3BWaXJ0dWFsaXphdGlvbi9zY2FsaW5nUGxhbnMvU2NhbGluZ1BsYW5Qb3dlcnNoZWxsQ29udGFpbmVkMQ==" ],
        "x-ms-lamport-ts": [ "173945313" ],
        "x-ms-correlation-id": [ "41c07fe8-c060-409d-adc6-8d32c34eb96f" ],
        "x-ms-request-id": [ "0a3b29cf-6e5f-4302-ba0c-363379530fdb" ],
        "X-Powered-By": [ "ASP.NET" ],
        "X-Content-Type-Options": [ "nosniff" ],
        "x-ms-ratelimit-remaining-subscription-global-reads": [ "3749" ],
        "x-ms-correlation-request-id": [ "ea96d15f-b339-430a-8086-587035e857e9" ],
        "x-ms-routing-request-id": [ "WESTUS:20240808T221140Z:ea96d15f-b339-430a-8086-587035e857e9" ],
        "Strict-Transport-Security": [ "max-age=31536000; includeSubDomains" ],
        "X-Cache": [ "CONFIG_NOCACHE" ],
        "X-MSEdge-Ref": [ "Ref A: 4856303739AE46DE96A919658B1533D2 Ref B: SJC211051205053 Ref C: 2024-08-08T22:11:40Z" ],
        "Date": [ "Thu, 08 Aug 2024 22:11:40 GMT" ]
      },
      "ContentHeaders": {
        "Content-Length": [ "1953" ],
        "Content-Type": [ "application/json; charset=utf-8" ],
        "Expires": [ "-1" ]
      },
      "Content": "{\"name\":\"ScalingPlanPowershellContained1\",\"id\":\"/subscriptions/dbedef25-184c-430f-b383-0eeb87c3205d/resourcegroups/alecbUserSessionTests/providers/Microsoft.DesktopVirtualization/scalingplans/ScalingPlanPowershellContained1\",\"type\":\"Microsoft.DesktopVirtualization/scalingplans\",\"location\":\"westus2\",\"tags\":null,\"kind\":null,\"systemData\":{\"createdBy\":\"alecbaird@wvdtesttenant.onmicrosoft.com\",\"createdByType\":\"User\",\"createdAt\":\"2024-08-08T22:11:36.91Z\",\"lastModifiedBy\":\"alecbaird@wvdtesttenant.onmicrosoft.com\",\"lastModifiedByType\":\"User\",\"lastModifiedAt\":\"2024-08-08T22:11:38.70Z\"},\"properties\":{\"description\":\"desc2\",\"friendlyName\":\"fri2\",\"timeZone\":\"Pacific Standard Time\",\"hostPoolType\":\"Pooled\",\"exclusionTag\":\"\",\"schedules\":[{\"rampUpStartTime\":{\"hour\":6,\"minute\":0},\"peakStartTime\":{\"hour\":8,\"minute\":30},\"rampDownStartTime\":{\"hour\":16,\"minute\":15},\"offPeakStartTime\":{\"hour\":18,\"minute\":0},\"name\":\"Work Week\",\"daysOfWeek\":[\"Monday\",\"Tuesday\",\"Wednesday\",\"Thursday\",\"Friday\"],\"rampUpLoadBalancingAlgorithm\":\"BreadthFirst\",\"rampUpMinimumHostsPct\":20,\"rampUpCapacityThresholdPct\":20,\"peakLoadBalancingAlgorithm\":\"DepthFirst\",\"rampDownLoadBalancingAlgorithm\":\"BreadthFirst\",\"rampDownMinimumHostsPct\":20,\"rampDownCapacityThresholdPct\":20,\"rampDownForceLogoffUsers\":true,\"rampDownWaitTimeMinutes\":30,\"rampDownNotificationMessage\":\"Log out now, please.\",\"rampDownStopHostsWhen\":\"ZeroSessions\",\"offPeakLoadBalancingAlgorithm\":\"DepthFirst\"}],\"hostPoolReferences\":[{\"hostPoolArmPath\":\"/subscriptions/dbedef25-184c-430f-b383-0eeb87c3205d/resourcegroups/alecbUserSessionTests/providers/Microsoft.DesktopVirtualization/hostpools/HostPoolPowershellContained1\",\"scalingPlanEnabled\":false},{\"hostPoolArmPath\":\"/subscriptions/dbedef25-184c-430f-b383-0eeb87c3205d/resourcegroups/alecbUserSessionTests/providers/Microsoft.DesktopVirtualization/hostpools/HostPoolPowershellContained2\",\"scalingPlanEnabled\":false}],\"objectId\":\"ee00144b-a851-43f7-9401-52ad2752cb54\"}}",
      "isContentBase64": false
    }
  },
  "Update-AzWvdScalingPlan+[NoContext]+UpdateExpanded+$DELETE+https://management.azure.com/subscriptions/dbedef25-184c-430f-b383-0eeb87c3205d/resourceGroups/alecbUserSessionTests/providers/Microsoft.DesktopVirtualization/scalingPlans/ScalingPlanPowershellContained1?api-version=2024-04-03+6": {
    "Request": {
      "Method": "DELETE",
      "RequestUri": "https://management.azure.com/subscriptions/dbedef25-184c-430f-b383-0eeb87c3205d/resourceGroups/alecbUserSessionTests/providers/Microsoft.DesktopVirtualization/scalingPlans/ScalingPlanPowershellContained1?api-version=2024-04-03",
      "Content": null,
      "isContentBase64": false,
      "Headers": {
        "x-ms-unique-id": [ "392" ],
        "x-ms-client-request-id": [ "92dea43c-3bd0-4760-b6bf-d34b3b0f757c" ],
        "CommandName": [ "Remove-AzWvdScalingPlan" ],
        "FullCommandName": [ "Remove-AzWvdScalingPlan_Delete" ],
        "ParameterSetName": [ "__AllParameterSets" ],
        "User-Agent": [ "AzurePowershell/v0.0.0", "PSVersion/v7.2.19", "Az.DesktopVirtualization/2.1.0" ],
        "Authorization": [ "[Filtered]" ]
      },
      "ContentHeaders": {
      }
    },
    "Response": {
      "StatusCode": 200,
      "Headers": {
        "Cache-Control": [ "no-cache" ],
        "Pragma": [ "no-cache" ],
        "Vary": [ "Accept-Encoding" ],
        "Set-Cookie": [ "ARRAffinity=39d91f16fdd59b39d7a07780844d80b88a73a7f54a8a5e7eeddb8cc0cb631057;Path=/;HttpOnly;Secure;Domain=rdarmprovider-g-us-r0.wvdselfhost.microsoft.com", "ARRAffinitySameSite=39d91f16fdd59b39d7a07780844d80b88a73a7f54a8a5e7eeddb8cc0cb631057;Path=/;HttpOnly;SameSite=None;Secure;Domain=rdarmprovider-g-us-r0.wvdselfhost.microsoft.com" ],
        "x-ms-ratelimit-remaining-subscription-deletes": [ "199" ],
        "X-Rate-Limit-Limit": [ "0" ],
        "X-Rate-Limit-Remaining": [ "9223372036854775807" ],
        "X-Rate-Limit-Reset": [ "0" ],
        "x-ms-opsarmpath64": [ "L3N1YnNjcmlwdGlvbnMvZGJlZGVmMjUtMTg0Yy00MzBmLWIzODMtMGVlYjg3YzMyMDVkL3Jlc291cmNlR3JvdXBzL2FsZWNiVXNlclNlc3Npb25UZXN0cy9wcm92aWRlcnMvTWljcm9zb2Z0LkRlc2t0b3BWaXJ0dWFsaXphdGlvbi9zY2FsaW5nUGxhbnMvU2NhbGluZ1BsYW5Qb3dlcnNoZWxsQ29udGFpbmVkMQ==" ],
        "x-ms-lamport-ts": [ "173945313" ],
        "x-ms-correlation-id": [ "b2b75ef4-3441-44df-887a-99013a9aa4e7" ],
        "x-ms-request-id": [ "92dea43c-3bd0-4760-b6bf-d34b3b0f757c" ],
        "X-Powered-By": [ "ASP.NET" ],
        "X-Content-Type-Options": [ "nosniff" ],
        "x-ms-ratelimit-remaining-subscription-global-deletes": [ "2999" ],
        "x-ms-correlation-request-id": [ "9dcfcab2-5c25-4302-ac5a-324ea59ca8ff" ],
        "x-ms-routing-request-id": [ "WESTUS:20240808T221141Z:9dcfcab2-5c25-4302-ac5a-324ea59ca8ff" ],
        "Strict-Transport-Security": [ "max-age=31536000; includeSubDomains" ],
        "X-Cache": [ "CONFIG_NOCACHE" ],
        "X-MSEdge-Ref": [ "Ref A: 4A24C319DBBE48B5A5A9E52CD7F1387F Ref B: SJC211051205053 Ref C: 2024-08-08T22:11:40Z" ],
        "Date": [ "Thu, 08 Aug 2024 22:11:40 GMT" ]
      },
      "ContentHeaders": {
        "Content-Length": [ "1953" ],
        "Content-Type": [ "application/json; charset=utf-8" ],
        "Expires": [ "-1" ]
      },
      "Content": "{\"name\":\"ScalingPlanPowershellContained1\",\"id\":\"/subscriptions/dbedef25-184c-430f-b383-0eeb87c3205d/resourcegroups/alecbUserSessionTests/providers/Microsoft.DesktopVirtualization/scalingplans/ScalingPlanPowershellContained1\",\"type\":\"Microsoft.DesktopVirtualization/scalingplans\",\"location\":\"westus2\",\"tags\":null,\"kind\":null,\"systemData\":{\"createdBy\":\"alecbaird@wvdtesttenant.onmicrosoft.com\",\"createdByType\":\"User\",\"createdAt\":\"2024-08-08T22:11:36.91Z\",\"lastModifiedBy\":\"alecbaird@wvdtesttenant.onmicrosoft.com\",\"lastModifiedByType\":\"User\",\"lastModifiedAt\":\"2024-08-08T22:11:38.70Z\"},\"properties\":{\"description\":\"desc2\",\"friendlyName\":\"fri2\",\"timeZone\":\"Pacific Standard Time\",\"hostPoolType\":\"Pooled\",\"exclusionTag\":\"\",\"schedules\":[{\"rampUpStartTime\":{\"hour\":6,\"minute\":0},\"peakStartTime\":{\"hour\":8,\"minute\":30},\"rampDownStartTime\":{\"hour\":16,\"minute\":15},\"offPeakStartTime\":{\"hour\":18,\"minute\":0},\"name\":\"Work Week\",\"daysOfWeek\":[\"Monday\",\"Tuesday\",\"Wednesday\",\"Thursday\",\"Friday\"],\"rampUpLoadBalancingAlgorithm\":\"BreadthFirst\",\"rampUpMinimumHostsPct\":20,\"rampUpCapacityThresholdPct\":20,\"peakLoadBalancingAlgorithm\":\"DepthFirst\",\"rampDownLoadBalancingAlgorithm\":\"BreadthFirst\",\"rampDownMinimumHostsPct\":20,\"rampDownCapacityThresholdPct\":20,\"rampDownForceLogoffUsers\":true,\"rampDownWaitTimeMinutes\":30,\"rampDownNotificationMessage\":\"Log out now, please.\",\"rampDownStopHostsWhen\":\"ZeroSessions\",\"offPeakLoadBalancingAlgorithm\":\"DepthFirst\"}],\"hostPoolReferences\":[{\"hostPoolArmPath\":\"/subscriptions/dbedef25-184c-430f-b383-0eeb87c3205d/resourcegroups/alecbUserSessionTests/providers/Microsoft.DesktopVirtualization/hostpools/HostPoolPowershellContained1\",\"scalingPlanEnabled\":false},{\"hostPoolArmPath\":\"/subscriptions/dbedef25-184c-430f-b383-0eeb87c3205d/resourcegroups/alecbUserSessionTests/providers/Microsoft.DesktopVirtualization/hostpools/HostPoolPowershellContained2\",\"scalingPlanEnabled\":false}],\"objectId\":\"ee00144b-a851-43f7-9401-52ad2752cb54\"}}",
      "isContentBase64": false
    }
  },
  "Update-AzWvdScalingPlan+[NoContext]+UpdateExpanded+$DELETE+https://management.azure.com/subscriptions/dbedef25-184c-430f-b383-0eeb87c3205d/resourceGroups/alecbUserSessionTests/providers/Microsoft.DesktopVirtualization/hostPools/HostPoolPowershellContained1?api-version=2024-04-03+7": {
    "Request": {
      "Method": "DELETE",
      "RequestUri": "https://management.azure.com/subscriptions/dbedef25-184c-430f-b383-0eeb87c3205d/resourceGroups/alecbUserSessionTests/providers/Microsoft.DesktopVirtualization/hostPools/HostPoolPowershellContained1?api-version=2024-04-03",
      "Content": null,
      "isContentBase64": false,
      "Headers": {
        "x-ms-unique-id": [ "393" ],
        "x-ms-client-request-id": [ "9608303b-5738-4175-be00-64cb244316f6" ],
        "CommandName": [ "Remove-AzWvdHostPool" ],
        "FullCommandName": [ "Remove-AzWvdHostPool_Delete" ],
        "ParameterSetName": [ "__AllParameterSets" ],
        "User-Agent": [ "AzurePowershell/v0.0.0", "PSVersion/v7.2.19", "Az.DesktopVirtualization/2.1.0" ],
        "Authorization": [ "[Filtered]" ]
      },
      "ContentHeaders": {
      }
    },
    "Response": {
      "StatusCode": 200,
      "Headers": {
        "Cache-Control": [ "no-cache" ],
        "Pragma": [ "no-cache" ],
        "Vary": [ "Accept-Encoding" ],
        "Set-Cookie": [ "ARRAffinity=39d91f16fdd59b39d7a07780844d80b88a73a7f54a8a5e7eeddb8cc0cb631057;Path=/;HttpOnly;Secure;Domain=rdarmprovider-g-us-r0.wvdselfhost.microsoft.com", "ARRAffinitySameSite=39d91f16fdd59b39d7a07780844d80b88a73a7f54a8a5e7eeddb8cc0cb631057;Path=/;HttpOnly;SameSite=None;Secure;Domain=rdarmprovider-g-us-r0.wvdselfhost.microsoft.com" ],
        "x-ms-ratelimit-remaining-subscription-deletes": [ "199" ],
        "X-Rate-Limit-Limit": [ "0" ],
        "X-Rate-Limit-Remaining": [ "9223372036854775807" ],
        "X-Rate-Limit-Reset": [ "0" ],
        "x-ms-opsarmpath64": [ "L3N1YnNjcmlwdGlvbnMvZGJlZGVmMjUtMTg0Yy00MzBmLWIzODMtMGVlYjg3YzMyMDVkL3Jlc291cmNlR3JvdXBzL2FsZWNiVXNlclNlc3Npb25UZXN0cy9wcm92aWRlcnMvTWljcm9zb2Z0LkRlc2t0b3BWaXJ0dWFsaXphdGlvbi9ob3N0UG9vbHMvSG9zdFBvb2xQb3dlcnNoZWxsQ29udGFpbmVkMQ==" ],
        "x-ms-lamport-ts": [ "173945316" ],
        "x-ms-correlation-id": [ "ba15f763-afeb-4c8b-ae5b-dcc3f513ff2d" ],
        "x-ms-request-id": [ "9608303b-5738-4175-be00-64cb244316f6" ],
        "X-Powered-By": [ "ASP.NET" ],
        "X-Content-Type-Options": [ "nosniff" ],
        "x-ms-ratelimit-remaining-subscription-global-deletes": [ "2999" ],
        "x-ms-correlation-request-id": [ "1b109a13-47b9-4bc3-a533-f5a0f4ea795e" ],
        "x-ms-routing-request-id": [ "WESTUS:20240808T221146Z:1b109a13-47b9-4bc3-a533-f5a0f4ea795e" ],
        "Strict-Transport-Security": [ "max-age=31536000; includeSubDomains" ],
        "X-Cache": [ "CONFIG_NOCACHE" ],
        "X-MSEdge-Ref": [ "Ref A: 9B0DE34E0A184E0E912A61091F1B1935 Ref B: SJC211051205053 Ref C: 2024-08-08T22:11:41Z" ],
        "Date": [ "Thu, 08 Aug 2024 22:11:46 GMT" ]
      },
      "ContentHeaders": {
        "Content-Length": [ "2946" ],
        "Content-Type": [ "application/json; charset=utf-8" ],
        "Expires": [ "-1" ]
      },
      "Content": "{\"identity\":null,\"name\":\"HostPoolPowershellContained1\",\"id\":\"/subscriptions/dbedef25-184c-430f-b383-0eeb87c3205d/resourcegroups/alecbUserSessionTests/providers/Microsoft.DesktopVirtualization/hostpools/HostPoolPowershellContained1\",\"type\":\"Microsoft.DesktopVirtualization/hostpools\",\"location\":\"westus2\",\"tags\":null,\"kind\":null,\"systemData\":{\"createdBy\":\"alecbaird@wvdtesttenant.onmicrosoft.com\",\"createdByType\":\"User\",\"createdAt\":\"2024-08-08T22:11:30.15Z\",\"lastModifiedBy\":\"alecbaird@wvdtesttenant.onmicrosoft.com\",\"lastModifiedByType\":\"User\",\"lastModifiedAt\":\"2024-08-08T22:11:30.15Z\"},\"properties\":{\"managedPrivateUDP\":\"Default\",\"directUDP\":\"Default\",\"publicUDP\":\"Default\",\"relayUDP\":\"Default\",\"managementType\":\"Standard\",\"appAttachPackageReferences\":[],\"agentUpdate\":null,\"friendlyName\":\"fri\",\"description\":\"des\",\"hostPoolType\":\"Pooled\",\"personalDesktopAssignmentType\":null,\"applicationGroupReferences\":[],\"customRdpProperty\":\"\",\"maxSessionLimit\":5,\"loadBalancerType\":\"DepthFirst\",\"validationEnvironment\":false,\"ring\":null,\"registrationInfo\":{\"expirationTime\":\"2024-08-09T22:11:29.5369884Z\",\"token\":\"eyJhbGciOiJSUzI1NiIsImtpZCI6IjZEQTlDNDhCQTcxRkJEMzREQkQ4RTQ2MEI3Q0U4MUVFMjM4Q0E0MTAiLCJ0eXAiOiJKV1QifQ.eyJSZWdpc3RyYXRpb25JZCI6ImVhYzY0NzVjLTllN2ItNDBhMS1hYjE4LTk3NjhlMWU5MThhNCIsIkJyb2tlclVyaSI6Imh0dHBzOi8vcmRicm9rZXItZy11cy1yMC53dmRzZWxmaG9zdC5taWNyb3NvZnQuY29tLyIsIkRpYWdub3N0aWNzVXJpIjoiaHR0cHM6Ly9yZGRpYWdub3N0aWNzLWctdXMtcjAud3Zkc2VsZmhvc3QubWljcm9zb2Z0LmNvbS8iLCJFbmRwb2ludFBvb2xJZCI6ImRmODZhNzgwLTM0NWUtNDEwNi04OGQ0LWNjNjExYWJkMTg4NiIsIkdsb2JhbEJyb2tlclVyaSI6Imh0dHBzOi8vcmRicm9rZXIud3Zkc2VsZmhvc3QubWljcm9zb2Z0LmNvbS8iLCJHZW9ncmFwaHkiOiJVUyIsIkdsb2JhbEJyb2tlclJlc291cmNlSWRVcmkiOiJodHRwczovL2RmODZhNzgwLTM0NWUtNDEwNi04OGQ0LWNjNjExYWJkMTg4Ni5yZGJyb2tlci53dmRzZWxmaG9zdC5taWNyb3NvZnQuY29tLyIsIkJyb2tlclJlc291cmNlSWRVcmkiOiJodHRwczovL2RmODZhNzgwLTM0NWUtNDEwNi04OGQ0LWNjNjExYWJkMTg4Ni5yZGJyb2tlci1nLXVzLXIwLnd2ZHNlbGZob3N0Lm1pY3Jvc29mdC5jb20vIiwiRGlhZ25vc3RpY3NSZXNvdXJjZUlkVXJpIjoiaHR0cHM6Ly9kZjg2YTc4MC0zNDVlLTQxMDYtODhkNC1jYzYxMWFiZDE4ODYucmRkaWFnbm9zdGljcy1nLXVzLXIwLnd2ZHNlbGZob3N0Lm1pY3Jvc29mdC5jb20vIiwiQUFEVGVuYW50SWQiOiI3NGJjMmRmMC1mYzU3LTQzNjEtYjE1MC0yZDZkZDUxY2I2NjMiLCJuYmYiOjE3MjMxNTUwOTEsImV4cCI6MTcyMzI0MTQ4OSwiaXNzIjoiUkRJbmZyYVRva2VuTWFuYWdlciIsImF1ZCI6IlJEbWkifQ.JFEai4BQfryGnhE4uMNCVii1tZhk-TPZHlyJqYO4A26Y9Ew8AxsMY_1SFVDcOWn8tZ_iaxThso-BU7V01yRo9D-MsPDkCXOAPIVP8mrsFDI5GrYwncigLJI8UUNBxHM5C9H9jjbdJSlJmiuNRKVuLYHhZIc_EA5Emwun1NvKTAGyDnrv8fLJZVNoyn6LVqGWwo2hI629N0pCiXB_CSaEzuF1irdAvUxBmrXd16XfnEuJXIbMKoPSlsCMrSuR2m_mUfbAK86y9jabJn95SPEVld_6waXOhE_DyyPtFod3lzmAONlUegBWxwHaubV8MP54yDQM-9d3pZjw5HuFqrNftg\",\"registrationTokenOperation\":\"None\"},\"vmTemplate\":null,\"preferredAppGroupType\":\"Desktop\",\"migrationRequest\":null,\"cloudPcResource\":false,\"startVMOnConnect\":false,\"ssoadfsAuthority\":null,\"ssoClientId\":null,\"ssoClientSecretKeyVaultPath\":null,\"ssoSecretType\":null,\"objectId\":\"df86a780-345e-4106-88d4-cc611abd1886\"}}",
      "isContentBase64": false
    }
  },
  "Update-AzWvdScalingPlan+[NoContext]+UpdateExpanded+$DELETE+https://management.azure.com/subscriptions/dbedef25-184c-430f-b383-0eeb87c3205d/resourceGroups/alecbUserSessionTests/providers/Microsoft.DesktopVirtualization/hostPools/HostPoolPowershellContained2?api-version=2024-04-03+8": {
    "Request": {
      "Method": "DELETE",
      "RequestUri": "https://management.azure.com/subscriptions/dbedef25-184c-430f-b383-0eeb87c3205d/resourceGroups/alecbUserSessionTests/providers/Microsoft.DesktopVirtualization/hostPools/HostPoolPowershellContained2?api-version=2024-04-03",
      "Content": null,
      "isContentBase64": false,
      "Headers": {
        "x-ms-unique-id": [ "394" ],
        "x-ms-client-request-id": [ "cb841ee2-7d52-414e-9b16-7b83674d6486" ],
        "CommandName": [ "Remove-AzWvdHostPool" ],
        "FullCommandName": [ "Remove-AzWvdHostPool_Delete" ],
        "ParameterSetName": [ "__AllParameterSets" ],
        "User-Agent": [ "AzurePowershell/v0.0.0", "PSVersion/v7.2.19", "Az.DesktopVirtualization/2.1.0" ],
        "Authorization": [ "[Filtered]" ]
      },
      "ContentHeaders": {
      }
    },
    "Response": {
      "StatusCode": 200,
      "Headers": {
        "Cache-Control": [ "no-cache" ],
        "Pragma": [ "no-cache" ],
        "Vary": [ "Accept-Encoding" ],
        "Set-Cookie": [ "ARRAffinity=bcbcd66544f5ddaf4cbead41410626b9ca9d605ee7d3a04c141d9e19b964fb41;Path=/;HttpOnly;Secure;Domain=rdarmprovider-g-us-r0.wvdselfhost.microsoft.com", "ARRAffinitySameSite=bcbcd66544f5ddaf4cbead41410626b9ca9d605ee7d3a04c141d9e19b964fb41;Path=/;HttpOnly;SameSite=None;Secure;Domain=rdarmprovider-g-us-r0.wvdselfhost.microsoft.com" ],
        "x-ms-ratelimit-remaining-subscription-deletes": [ "199" ],
        "X-Rate-Limit-Limit": [ "0" ],
        "X-Rate-Limit-Remaining": [ "9223372036854775807" ],
        "X-Rate-Limit-Reset": [ "0" ],
        "x-ms-opsarmpath64": [ "L3N1YnNjcmlwdGlvbnMvZGJlZGVmMjUtMTg0Yy00MzBmLWIzODMtMGVlYjg3YzMyMDVkL3Jlc291cmNlR3JvdXBzL2FsZWNiVXNlclNlc3Npb25UZXN0cy9wcm92aWRlcnMvTWljcm9zb2Z0LkRlc2t0b3BWaXJ0dWFsaXphdGlvbi9ob3N0UG9vbHMvSG9zdFBvb2xQb3dlcnNoZWxsQ29udGFpbmVkMg==" ],
        "x-ms-lamport-ts": [ "173945393" ],
        "x-ms-correlation-id": [ "2c9574d6-a511-4dc9-ba6f-f513796c80b7" ],
        "x-ms-request-id": [ "cb841ee2-7d52-414e-9b16-7b83674d6486" ],
        "X-Powered-By": [ "ASP.NET" ],
        "X-Content-Type-Options": [ "nosniff" ],
        "x-ms-ratelimit-remaining-subscription-global-deletes": [ "2999" ],
        "x-ms-correlation-request-id": [ "6e6f5a59-ff26-4fc9-a8f7-0046b2538575" ],
        "x-ms-routing-request-id": [ "WESTUS:20240808T221151Z:6e6f5a59-ff26-4fc9-a8f7-0046b2538575" ],
        "Strict-Transport-Security": [ "max-age=31536000; includeSubDomains" ],
        "X-Cache": [ "CONFIG_NOCACHE" ],
        "X-MSEdge-Ref": [ "Ref A: 9931F781694044C28D2625EBA0C6578B Ref B: SJC211051205053 Ref C: 2024-08-08T22:11:46Z" ],
        "Date": [ "Thu, 08 Aug 2024 22:11:51 GMT" ]
      },
      "ContentHeaders": {
        "Content-Length": [ "2946" ],
        "Content-Type": [ "application/json; charset=utf-8" ],
        "Expires": [ "-1" ]
      },
      "Content": "{\"identity\":null,\"name\":\"HostPoolPowershellContained2\",\"id\":\"/subscriptions/dbedef25-184c-430f-b383-0eeb87c3205d/resourcegroups/alecbUserSessionTests/providers/Microsoft.DesktopVirtualization/hostpools/HostPoolPowershellContained2\",\"type\":\"Microsoft.DesktopVirtualization/hostpools\",\"location\":\"westus2\",\"tags\":null,\"kind\":null,\"systemData\":{\"createdBy\":\"alecbaird@wvdtesttenant.onmicrosoft.com\",\"createdByType\":\"User\",\"createdAt\":\"2024-08-08T22:11:33.42Z\",\"lastModifiedBy\":\"alecbaird@wvdtesttenant.onmicrosoft.com\",\"lastModifiedByType\":\"User\",\"lastModifiedAt\":\"2024-08-08T22:11:33.42Z\"},\"properties\":{\"managedPrivateUDP\":\"Default\",\"directUDP\":\"Default\",\"publicUDP\":\"Default\",\"relayUDP\":\"Default\",\"managementType\":\"Standard\",\"appAttachPackageReferences\":[],\"agentUpdate\":null,\"friendlyName\":\"fri\",\"description\":\"des\",\"hostPoolType\":\"Pooled\",\"personalDesktopAssignmentType\":null,\"applicationGroupReferences\":[],\"customRdpProperty\":\"\",\"maxSessionLimit\":5,\"loadBalancerType\":\"DepthFirst\",\"validationEnvironment\":false,\"ring\":null,\"registrationInfo\":{\"expirationTime\":\"2024-08-09T22:11:31.0446779Z\",\"token\":\"eyJhbGciOiJSUzI1NiIsImtpZCI6IjZEQTlDNDhCQTcxRkJEMzREQkQ4RTQ2MEI3Q0U4MUVFMjM4Q0E0MTAiLCJ0eXAiOiJKV1QifQ.eyJSZWdpc3RyYXRpb25JZCI6ImM3OTVmZWQ5LTM4ZjQtNGNkZi1hYjIwLWM2ZTM2ZmUwM2Y1OSIsIkJyb2tlclVyaSI6Imh0dHBzOi8vcmRicm9rZXItZy11cy1yMC53dmRzZWxmaG9zdC5taWNyb3NvZnQuY29tLyIsIkRpYWdub3N0aWNzVXJpIjoiaHR0cHM6Ly9yZGRpYWdub3N0aWNzLWctdXMtcjAud3Zkc2VsZmhvc3QubWljcm9zb2Z0LmNvbS8iLCJFbmRwb2ludFBvb2xJZCI6ImE0YjRmNGNlLThiMTEtNDY3Zi04NTZmLTE0ZWY1ZWJkMjNjNCIsIkdsb2JhbEJyb2tlclVyaSI6Imh0dHBzOi8vcmRicm9rZXIud3Zkc2VsZmhvc3QubWljcm9zb2Z0LmNvbS8iLCJHZW9ncmFwaHkiOiJVUyIsIkdsb2JhbEJyb2tlclJlc291cmNlSWRVcmkiOiJodHRwczovL2E0YjRmNGNlLThiMTEtNDY3Zi04NTZmLTE0ZWY1ZWJkMjNjNC5yZGJyb2tlci53dmRzZWxmaG9zdC5taWNyb3NvZnQuY29tLyIsIkJyb2tlclJlc291cmNlSWRVcmkiOiJodHRwczovL2E0YjRmNGNlLThiMTEtNDY3Zi04NTZmLTE0ZWY1ZWJkMjNjNC5yZGJyb2tlci1nLXVzLXIwLnd2ZHNlbGZob3N0Lm1pY3Jvc29mdC5jb20vIiwiRGlhZ25vc3RpY3NSZXNvdXJjZUlkVXJpIjoiaHR0cHM6Ly9hNGI0ZjRjZS04YjExLTQ2N2YtODU2Zi0xNGVmNWViZDIzYzQucmRkaWFnbm9zdGljcy1nLXVzLXIwLnd2ZHNlbGZob3N0Lm1pY3Jvc29mdC5jb20vIiwiQUFEVGVuYW50SWQiOiI3NGJjMmRmMC1mYzU3LTQzNjEtYjE1MC0yZDZkZDUxY2I2NjMiLCJuYmYiOjE3MjMxNTUwOTQsImV4cCI6MTcyMzI0MTQ5MSwiaXNzIjoiUkRJbmZyYVRva2VuTWFuYWdlciIsImF1ZCI6IlJEbWkifQ.dokVgmIFHviHTXJ-IMAXVc2ePZdAOJU3exJfbatuIbvH3HlV-plsjxPV6bIJunxPMJavO5ntIuo23uADirceQa7jTLkIfbIIghqERWrFq_4EWjKN-Sv0PYVVickabbfrtHhn_0_cy0pYSV3vUyJ4M6ACgLfkfgX-W6Hyd6rK2IJDAlLJxXrH-P0Ecyb5PjtQXJGgRgpu8Gom4vV-h7dg3Dqp9GFj4ckabhP19xteQICb11GIVqWYrT4qyTun0yDOeT8uefsOC9w52o8iytxl0beUsjVPIW5kqKGuVLqDFe8SmD2w7GA3IJtABEKSl6wnZmSnrgQwM4I8YM83G6hW8g\",\"registrationTokenOperation\":\"None\"},\"vmTemplate\":null,\"preferredAppGroupType\":\"Desktop\",\"migrationRequest\":null,\"cloudPcResource\":false,\"startVMOnConnect\":false,\"ssoadfsAuthority\":null,\"ssoClientId\":null,\"ssoClientSecretKeyVaultPath\":null,\"ssoSecretType\":null,\"objectId\":\"a4b4f4ce-8b11-467f-856f-14ef5ebd23c4\"}}",
      "isContentBase64": false
    }
  }
}