{
  "Update-AzWvdScalingPlanPooledSchedule+[NoContext]+UpdateExpanded+$PUT+https://management.azure.com/subscriptions/dbedef25-184c-430f-b383-0eeb87c3205d/resourceGroups/alecbUserSessionTests/providers/Microsoft.DesktopVirtualization/scalingPlans/ScalingPlanPowershellContained1?api-version=2024-04-03+1": {
    "Request": {
      "Method": "PUT",
      "RequestUri": "https://management.azure.com/subscriptions/dbedef25-184c-430f-b383-0eeb87c3205d/resourceGroups/alecbUserSessionTests/providers/Microsoft.DesktopVirtualization/scalingPlans/ScalingPlanPowershellContained1?api-version=2024-04-03",
      "Content": "{\r\n  \"location\": \"westus2\",\r\n  \"properties\": {\r\n    \"description\": \"desc\",\r\n    \"friendlyName\": \"fri\",\r\n    \"timeZone\": \"Pacific Standard Time\",\r\n    \"hostPoolType\": \"Pooled\",\r\n    \"schedules\": [ ],\r\n    \"hostPoolReferences\": [ ]\r\n  }\r\n}",
      "isContentBase64": false,
      "Headers": {
      },
      "ContentHeaders": {
        "Content-Type": [ "application/json" ],
        "Content-Length": [ "237" ]
      }
    },
    "Response": {
      "StatusCode": 201,
      "Headers": {
        "Cache-Control": [ "no-cache" ],
        "Pragma": [ "no-cache" ],
        "Location": [ "/subscriptions/dbedef25-184c-430f-b383-0eeb87c3205d/resourcegroups/alecbUserSessionTests/providers/Microsoft.DesktopVirtualization/scalingplans/ScalingPlanPowershellContained1" ],
        "Set-Cookie": [ "ARRAffinity=39d91f16fdd59b39d7a07780844d80b88a73a7f54a8a5e7eeddb8cc0cb631057;Path=/;HttpOnly;Secure;Domain=rdarmprovider-g-us-r0.wvdselfhost.microsoft.com", "ARRAffinitySameSite=39d91f16fdd59b39d7a07780844d80b88a73a7f54a8a5e7eeddb8cc0cb631057;Path=/;HttpOnly;SameSite=None;Secure;Domain=rdarmprovider-g-us-r0.wvdselfhost.microsoft.com" ],
        "X-Rate-Limit-Limit": [ "0" ],
        "X-Rate-Limit-Remaining": [ "9223372036854775807" ],
        "X-Rate-Limit-Reset": [ "0" ],
        "x-ms-opsarmpath64": [ "L3N1YnNjcmlwdGlvbnMvZGJlZGVmMjUtMTg0Yy00MzBmLWIzODMtMGVlYjg3YzMyMDVkL3Jlc291cmNlR3JvdXBzL2FsZWNiVXNlclNlc3Npb25UZXN0cy9wcm92aWRlcnMvTWljcm9zb2Z0LkRlc2t0b3BWaXJ0dWFsaXphdGlvbi9zY2FsaW5nUGxhbnMvU2NhbGluZ1BsYW5Qb3dlcnNoZWxsQ29udGFpbmVkMQ==" ],
        "x-ms-lamport-ts": [ "177469821" ],
        "x-ms-correlation-id": [ "67ae7884-b7f3-456d-9578-93a96fc12bff" ],
        "x-ms-request-id": [ "b85b96be-3188-431b-b426-349b2cc27df2" ],
        "X-Powered-By": [ "ASP.NET" ],
        "X-Content-Type-Options": [ "nosniff" ],
        "x-ms-ratelimit-remaining-subscription-writes": [ "399" ],
        "x-ms-ratelimit-remaining-subscription-global-writes": [ "5999" ],
        "x-ms-correlation-request-id": [ "718f0ed9-d515-4dc2-b5c5-0924b5e1ce0b" ],
        "x-ms-routing-request-id": [ "SOUTHCENTRALUS:20240906T203655Z:718f0ed9-d515-4dc2-b5c5-0924b5e1ce0b" ],
        "Strict-Transport-Security": [ "max-age=31536000; includeSubDomains" ],
        "X-Cache": [ "CONFIG_NOCACHE" ],
        "X-MSEdge-Ref": [ "Ref A: 30211BAEC2D544079AFDABE3F34A5FC1 Ref B: SN4AA2022402045 Ref C: 2024-09-06T20:36:52Z" ],
        "Date": [ "Fri, 06 Sep 2024 20:36:54 GMT" ]
      },
      "ContentHeaders": {
        "Content-Length": [ "807" ],
        "Content-Type": [ "application/json; charset=utf-8" ],
        "Expires": [ "-1" ]
      },
      "Content": "{\"name\":\"ScalingPlanPowershellContained1\",\"id\":\"/subscriptions/dbedef25-184c-430f-b383-0eeb87c3205d/resourcegroups/alecbUserSessionTests/providers/Microsoft.DesktopVirtualization/scalingplans/ScalingPlanPowershellContained1\",\"type\":\"Microsoft.DesktopVirtualization/scalingplans\",\"location\":\"westus2\",\"tags\":null,\"kind\":null,\"systemData\":{\"createdBy\":\"alecbaird@wvdtesttenant.onmicrosoft.com\",\"createdByType\":\"User\",\"createdAt\":\"2024-09-06T20:36:54.61Z\",\"lastModifiedBy\":\"alecbaird@wvdtesttenant.onmicrosoft.com\",\"lastModifiedByType\":\"User\",\"lastModifiedAt\":\"2024-09-06T20:36:54.61Z\"},\"properties\":{\"description\":\"desc\",\"friendlyName\":\"fri\",\"timeZone\":\"Pacific Standard Time\",\"hostPoolType\":\"Pooled\",\"exclusionTag\":\"\",\"schedules\":[],\"hostPoolReferences\":[],\"objectId\":\"52c5fe7d-1120-4256-a7f1-de72d345e042\"}}",
      "isContentBase64": false
    }
  },
  "Update-AzWvdScalingPlanPooledSchedule+[NoContext]+UpdateExpanded+$PUT+https://management.azure.com/subscriptions/dbedef25-184c-430f-b383-0eeb87c3205d/resourceGroups/alecbUserSessionTests/providers/Microsoft.DesktopVirtualization/scalingPlans/ScalingPlanPowershellContained1/pooledSchedules/PooledSchedule1?api-version=2024-04-03+2": {
    "Request": {
      "Method": "PUT",
      "RequestUri": "https://management.azure.com/subscriptions/dbedef25-184c-430f-b383-0eeb87c3205d/resourceGroups/alecbUserSessionTests/providers/Microsoft.DesktopVirtualization/scalingPlans/ScalingPlanPowershellContained1/pooledSchedules/PooledSchedule1?api-version=2024-04-03",
      "Content": "{\r\n  \"properties\": {\r\n    \"rampUpStartTime\": {\r\n      \"hour\": 6,\r\n      \"minute\": 0\r\n    },\r\n    \"peakStartTime\": {\r\n      \"hour\": 8,\r\n      \"minute\": 15\r\n    },\r\n    \"rampDownStartTime\": {\r\n      \"hour\": 16,\r\n      \"minute\": 30\r\n    },\r\n    \"offPeakStartTime\": {\r\n      \"hour\": 18,\r\n      \"minute\": 45\r\n    },\r\n    \"daysOfWeek\": [ \"Monday\", \"Tuesday\", \"Wednesday\" ],\r\n    \"rampUpLoadBalancingAlgorithm\": \"BreadthFirst\",\r\n    \"rampUpMinimumHostsPct\": 1,\r\n    \"rampUpCapacityThresholdPct\": 10,\r\n    \"peakLoadBalancingAlgorithm\": \"BreadthFirst\",\r\n    \"rampDownLoadBalancingAlgorithm\": \"BreadthFirst\",\r\n    \"rampDownCapacityThresholdPct\": 10,\r\n    \"offPeakLoadBalancingAlgorithm\": \"BreadthFirst\"\r\n  }\r\n}",
      "isContentBase64": false,
      "Headers": {
      },
      "ContentHeaders": {
        "Content-Type": [ "application/json" ],
        "Content-Length": [ "700" ]
      }
    },
    "Response": {
      "StatusCode": 200,
      "Headers": {
        "Cache-Control": [ "no-cache" ],
        "Pragma": [ "no-cache" ],
        "Vary": [ "Accept-Encoding" ],
        "Set-Cookie": [ "ARRAffinity=bcbcd66544f5ddaf4cbead41410626b9ca9d605ee7d3a04c141d9e19b964fb41;Path=/;HttpOnly;Secure;Domain=rdarmprovider-g-us-r0.wvdselfhost.microsoft.com", "ARRAffinitySameSite=bcbcd66544f5ddaf4cbead41410626b9ca9d605ee7d3a04c141d9e19b964fb41;Path=/;HttpOnly;SameSite=None;Secure;Domain=rdarmprovider-g-us-r0.wvdselfhost.microsoft.com" ],
        "x-ms-ratelimit-remaining-subscription-writes": [ "398" ],
        "X-Rate-Limit-Limit": [ "0" ],
        "X-Rate-Limit-Remaining": [ "9223372036854775807" ],
        "X-Rate-Limit-Reset": [ "0" ],
        "x-ms-opsarmpath64": [ "L3N1YnNjcmlwdGlvbnMvZGJlZGVmMjUtMTg0Yy00MzBmLWIzODMtMGVlYjg3YzMyMDVkL3Jlc291cmNlR3JvdXBzL2FsZWNiVXNlclNlc3Npb25UZXN0cy9wcm92aWRlcnMvTWljcm9zb2Z0LkRlc2t0b3BWaXJ0dWFsaXphdGlvbi9zY2FsaW5nUGxhbnMvU2NhbGluZ1BsYW5Qb3dlcnNoZWxsQ29udGFpbmVkMS9wb29sZWRTY2hlZHVsZXMvUG9vbGVkU2NoZWR1bGUx" ],
        "x-ms-lamport-ts": [ "177469622" ],
        "x-ms-correlation-id": [ "70b44a38-3bbc-442a-9644-33fed8915906" ],
        "x-ms-request-id": [ "a44d7ee2-4c4b-419d-b03a-99cbf3881d90" ],
        "X-Powered-By": [ "ASP.NET" ],
        "X-Content-Type-Options": [ "nosniff" ],
        "x-ms-ratelimit-remaining-subscription-global-writes": [ "5998" ],
        "x-ms-correlation-request-id": [ "aae3b637-df15-49c9-84da-ef921ca6ee2d" ],
        "x-ms-routing-request-id": [ "SOUTHCENTRALUS:20240906T203655Z:aae3b637-df15-49c9-84da-ef921ca6ee2d" ],
        "Strict-Transport-Security": [ "max-age=31536000; includeSubDomains" ],
        "X-Cache": [ "CONFIG_NOCACHE" ],
        "X-MSEdge-Ref": [ "Ref A: A0B0F7A8E5154AFF95F6BA339B08F3EE Ref B: SN4AA2022402045 Ref C: 2024-09-06T20:36:55Z" ],
        "Date": [ "Fri, 06 Sep 2024 20:36:54 GMT" ]
      },
      "ContentHeaders": {
        "Content-Length": [ "1293" ],
        "Content-Type": [ "application/json; charset=utf-8" ],
        "Expires": [ "-1" ]
      },
      "Content": "{\"name\":\"ScalingPlanPowershellContained1/PooledSchedule1\",\"id\":\"/subscriptions/dbedef25-184c-430f-b383-0eeb87c3205d/resourcegroups/alecbUserSessionTests/providers/Microsoft.DesktopVirtualization/scalingplans/ScalingPlanPowershellContained1/pooledSchedules/PooledSchedule1\",\"type\":\"Microsoft.DesktopVirtualization/scalingplans/pooledSchedules\",\"properties\":{\"rampUpStartTime\":{\"hour\":6,\"minute\":0},\"peakStartTime\":{\"hour\":8,\"minute\":15},\"rampDownStartTime\":{\"hour\":16,\"minute\":30},\"offPeakStartTime\":{\"hour\":18,\"minute\":45},\"name\":\"PooledSchedule1\",\"daysOfWeek\":[\"Monday\",\"Tuesday\",\"Wednesday\"],\"rampUpLoadBalancingAlgorithm\":\"BreadthFirst\",\"rampUpMinimumHostsPct\":1,\"rampUpCapacityThresholdPct\":10,\"peakLoadBalancingAlgorithm\":\"BreadthFirst\",\"rampDownLoadBalancingAlgorithm\":\"BreadthFirst\",\"rampDownMinimumHostsPct\":0,\"rampDownCapacityThresholdPct\":10,\"rampDownForceLogoffUsers\":false,\"rampDownWaitTimeMinutes\":0,\"rampDownNotificationMessage\":\"\",\"rampDownStopHostsWhen\":\"ZeroSessions\",\"offPeakLoadBalancingAlgorithm\":\"BreadthFirst\"},\"systemData\":{\"createdBy\":\"alecbaird@wvdtesttenant.onmicrosoft.com\",\"createdByType\":\"User\",\"createdAt\":\"2024-09-06T20:36:55.33Z\",\"lastModifiedBy\":\"alecbaird@wvdtesttenant.onmicrosoft.com\",\"lastModifiedByType\":\"User\",\"lastModifiedAt\":\"2024-09-06T20:36:55.33Z\"}}",
      "isContentBase64": false
    }
  },
  "Update-AzWvdScalingPlanPooledSchedule+[NoContext]+UpdateExpanded+$PATCH+https://management.azure.com/subscriptions/dbedef25-184c-430f-b383-0eeb87c3205d/resourceGroups/alecbUserSessionTests/providers/Microsoft.DesktopVirtualization/scalingPlans/ScalingPlanPowershellContained1/pooledSchedules/PooledSchedule1?api-version=2024-04-03+3": {
    "Request": {
      "Method": "PATCH",
      "RequestUri": "https://management.azure.com/subscriptions/dbedef25-184c-430f-b383-0eeb87c3205d/resourceGroups/alecbUserSessionTests/providers/Microsoft.DesktopVirtualization/scalingPlans/ScalingPlanPowershellContained1/pooledSchedules/PooledSchedule1?api-version=2024-04-03",
      "Content": "{\r\n  \"properties\": {\r\n    \"rampUpStartTime\": {\r\n      \"hour\": 7,\r\n      \"minute\": 7\r\n    },\r\n    \"rampDownStartTime\": {\r\n      \"hour\": 17,\r\n      \"minute\": 7\r\n    }\r\n  }\r\n}",
      "isContentBase64": false,
      "Headers": {
      },
      "ContentHeaders": {
        "Content-Type": [ "application/json" ],
        "Content-Length": [ "172" ]
      }
    },
    "Response": {
      "StatusCode": 200,
      "Headers": {
        "Cache-Control": [ "no-cache" ],
        "Pragma": [ "no-cache" ],
        "Vary": [ "Accept-Encoding" ],
        "Set-Cookie": [ "ARRAffinity=de05b342bfa7816b86cf467ecc947b8c2d1419d8d518ac9f49486dea08ed770a;Path=/;HttpOnly;Secure;Domain=rdarmprovider-g-us-r0.wvdselfhost.microsoft.com", "ARRAffinitySameSite=de05b342bfa7816b86cf467ecc947b8c2d1419d8d518ac9f49486dea08ed770a;Path=/;HttpOnly;SameSite=None;Secure;Domain=rdarmprovider-g-us-r0.wvdselfhost.microsoft.com" ],
        "x-ms-ratelimit-remaining-subscription-writes": [ "397" ],
        "X-Rate-Limit-Limit": [ "0" ],
        "X-Rate-Limit-Remaining": [ "9223372036854775807" ],
        "X-Rate-Limit-Reset": [ "0" ],
        "x-ms-opsarmpath64": [ "L3N1YnNjcmlwdGlvbnMvZGJlZGVmMjUtMTg0Yy00MzBmLWIzODMtMGVlYjg3YzMyMDVkL3Jlc291cmNlR3JvdXBzL2FsZWNiVXNlclNlc3Npb25UZXN0cy9wcm92aWRlcnMvTWljcm9zb2Z0LkRlc2t0b3BWaXJ0dWFsaXphdGlvbi9zY2FsaW5nUGxhbnMvU2NhbGluZ1BsYW5Qb3dlcnNoZWxsQ29udGFpbmVkMS9wb29sZWRTY2hlZHVsZXMvUG9vbGVkU2NoZWR1bGUx" ],
        "x-ms-lamport-ts": [ "177469819" ],
        "x-ms-correlation-id": [ "70b2577c-085c-4851-a899-005d99155301" ],
        "x-ms-request-id": [ "dab3c996-68b6-400c-a41e-4710b4807c5c" ],
        "X-Powered-By": [ "ASP.NET" ],
        "X-Content-Type-Options": [ "nosniff" ],
        "x-ms-ratelimit-remaining-subscription-global-writes": [ "5997" ],
        "x-ms-correlation-request-id": [ "fffd6d4c-ea7c-45d8-ab4e-e55dba0f18a9" ],
        "x-ms-routing-request-id": [ "SOUTHCENTRALUS:20240906T203655Z:fffd6d4c-ea7c-45d8-ab4e-e55dba0f18a9" ],
        "Strict-Transport-Security": [ "max-age=31536000; includeSubDomains" ],
        "X-Cache": [ "CONFIG_NOCACHE" ],
        "X-MSEdge-Ref": [ "Ref A: 39DF7171E70A40C39895F7733302B1AB Ref B: SN4AA2022402045 Ref C: 2024-09-06T20:36:55Z" ],
        "Date": [ "Fri, 06 Sep 2024 20:36:55 GMT" ]
      },
      "ContentHeaders": {
        "Content-Length": [ "1292" ],
        "Content-Type": [ "application/json; charset=utf-8" ],
        "Expires": [ "-1" ]
      },
      "Content": "{\"name\":\"ScalingPlanPowershellContained1/PooledSchedule1\",\"id\":\"/subscriptions/dbedef25-184c-430f-b383-0eeb87c3205d/resourcegroups/alecbUserSessionTests/providers/Microsoft.DesktopVirtualization/scalingplans/ScalingPlanPowershellContained1/pooledSchedules/PooledSchedule1\",\"type\":\"Microsoft.DesktopVirtualization/scalingplans/pooledSchedules\",\"properties\":{\"rampUpStartTime\":{\"hour\":7,\"minute\":7},\"peakStartTime\":{\"hour\":8,\"minute\":15},\"rampDownStartTime\":{\"hour\":17,\"minute\":7},\"offPeakStartTime\":{\"hour\":18,\"minute\":45},\"name\":\"PooledSchedule1\",\"daysOfWeek\":[\"Monday\",\"Tuesday\",\"Wednesday\"],\"rampUpLoadBalancingAlgorithm\":\"BreadthFirst\",\"rampUpMinimumHostsPct\":1,\"rampUpCapacityThresholdPct\":10,\"peakLoadBalancingAlgorithm\":\"BreadthFirst\",\"rampDownLoadBalancingAlgorithm\":\"BreadthFirst\",\"rampDownMinimumHostsPct\":0,\"rampDownCapacityThresholdPct\":10,\"rampDownForceLogoffUsers\":false,\"rampDownWaitTimeMinutes\":0,\"rampDownNotificationMessage\":\"\",\"rampDownStopHostsWhen\":\"ZeroSessions\",\"offPeakLoadBalancingAlgorithm\":\"BreadthFirst\"},\"systemData\":{\"createdBy\":\"alecbaird@wvdtesttenant.onmicrosoft.com\",\"createdByType\":\"User\",\"createdAt\":\"2024-09-06T20:36:55.33Z\",\"lastModifiedBy\":\"alecbaird@wvdtesttenant.onmicrosoft.com\",\"lastModifiedByType\":\"User\",\"lastModifiedAt\":\"2024-09-06T20:36:55.80Z\"}}",
      "isContentBase64": false
    }
  },
  "Update-AzWvdScalingPlanPooledSchedule+[NoContext]+UpdateExpanded+$GET+https://management.azure.com/subscriptions/dbedef25-184c-430f-b383-0eeb87c3205d/resourceGroups/alecbUserSessionTests/providers/Microsoft.DesktopVirtualization/scalingPlans/ScalingPlanPowershellContained1/pooledSchedules/PooledSchedule1?api-version=2024-04-03+4": {
    "Request": {
      "Method": "GET",
      "RequestUri": "https://management.azure.com/subscriptions/dbedef25-184c-430f-b383-0eeb87c3205d/resourceGroups/alecbUserSessionTests/providers/Microsoft.DesktopVirtualization/scalingPlans/ScalingPlanPowershellContained1/pooledSchedules/PooledSchedule1?api-version=2024-04-03",
      "Content": null,
      "isContentBase64": false,
      "Headers": {
        "x-ms-unique-id": [ "434" ],
        "x-ms-client-request-id": [ "5493ccef-58f9-4cb2-a2a1-ee8969b3a609" ],
        "CommandName": [ "Get-AzWvdScalingPlanPooledSchedule" ],
        "FullCommandName": [ "Get-AzWvdScalingPlanPooledSchedule_Get" ],
        "ParameterSetName": [ "__AllParameterSets" ],
        "User-Agent": [ "AzurePowershell/v12.3.0", "PSVersion/v7.2.23", "Az.DesktopVirtualization/6.0.0" ],
        "Authorization": [ "[Filtered]" ]
      },
      "ContentHeaders": {
      }
    },
    "Response": {
      "StatusCode": 200,
      "Headers": {
        "Cache-Control": [ "no-cache" ],
        "Pragma": [ "no-cache" ],
        "Vary": [ "Accept-Encoding" ],
        "Set-Cookie": [ "ARRAffinity=39d91f16fdd59b39d7a07780844d80b88a73a7f54a8a5e7eeddb8cc0cb631057;Path=/;HttpOnly;Secure;Domain=rdarmprovider-g-us-r0.wvdselfhost.microsoft.com", "ARRAffinitySameSite=39d91f16fdd59b39d7a07780844d80b88a73a7f54a8a5e7eeddb8cc0cb631057;Path=/;HttpOnly;SameSite=None;Secure;Domain=rdarmprovider-g-us-r0.wvdselfhost.microsoft.com" ],
        "x-ms-ratelimit-remaining-subscription-reads": [ "499" ],
        "X-Rate-Limit-Limit": [ "0" ],
        "X-Rate-Limit-Remaining": [ "9223372036854775807" ],
        "X-Rate-Limit-Reset": [ "0" ],
        "x-ms-opsarmpath64": [ "L3N1YnNjcmlwdGlvbnMvZGJlZGVmMjUtMTg0Yy00MzBmLWIzODMtMGVlYjg3YzMyMDVkL3Jlc291cmNlR3JvdXBzL2FsZWNiVXNlclNlc3Npb25UZXN0cy9wcm92aWRlcnMvTWljcm9zb2Z0LkRlc2t0b3BWaXJ0dWFsaXphdGlvbi9zY2FsaW5nUGxhbnMvU2NhbGluZ1BsYW5Qb3dlcnNoZWxsQ29udGFpbmVkMS9wb29sZWRTY2hlZHVsZXMvUG9vbGVkU2NoZWR1bGUx" ],
        "x-ms-lamport-ts": [ "177469824" ],
        "x-ms-correlation-id": [ "012edcbe-39ed-4ff2-9cec-2c8e8ba09795" ],
        "x-ms-request-id": [ "5493ccef-58f9-4cb2-a2a1-ee8969b3a609" ],
        "X-Powered-By": [ "ASP.NET" ],
        "X-Content-Type-Options": [ "nosniff" ],
        "x-ms-ratelimit-remaining-subscription-global-reads": [ "7499" ],
        "x-ms-correlation-request-id": [ "d6323c6f-e0cd-4108-b611-4bc742d6b99f" ],
        "x-ms-routing-request-id": [ "SOUTHCENTRALUS:20240906T203656Z:d6323c6f-e0cd-4108-b611-4bc742d6b99f" ],
        "Strict-Transport-Security": [ "max-age=31536000; includeSubDomains" ],
        "X-Cache": [ "CONFIG_NOCACHE" ],
        "X-MSEdge-Ref": [ "Ref A: 1386E79189C64BB4A8227378B1FD9133 Ref B: SN4AA2022402045 Ref C: 2024-09-06T20:36:56Z" ],
        "Date": [ "Fri, 06 Sep 2024 20:36:55 GMT" ]
      },
      "ContentHeaders": {
        "Content-Length": [ "1292" ],
        "Content-Type": [ "application/json; charset=utf-8" ],
        "Expires": [ "-1" ]
      },
      "Content": "{\"name\":\"ScalingPlanPowershellContained1/PooledSchedule1\",\"id\":\"/subscriptions/dbedef25-184c-430f-b383-0eeb87c3205d/resourcegroups/alecbUserSessionTests/providers/Microsoft.DesktopVirtualization/scalingplans/ScalingPlanPowershellContained1/pooledSchedules/PooledSchedule1\",\"type\":\"Microsoft.DesktopVirtualization/scalingplans/pooledSchedules\",\"properties\":{\"rampUpStartTime\":{\"hour\":7,\"minute\":7},\"peakStartTime\":{\"hour\":8,\"minute\":15},\"rampDownStartTime\":{\"hour\":17,\"minute\":7},\"offPeakStartTime\":{\"hour\":18,\"minute\":45},\"name\":\"PooledSchedule1\",\"daysOfWeek\":[\"Monday\",\"Tuesday\",\"Wednesday\"],\"rampUpLoadBalancingAlgorithm\":\"BreadthFirst\",\"rampUpMinimumHostsPct\":1,\"rampUpCapacityThresholdPct\":10,\"peakLoadBalancingAlgorithm\":\"BreadthFirst\",\"rampDownLoadBalancingAlgorithm\":\"BreadthFirst\",\"rampDownMinimumHostsPct\":0,\"rampDownCapacityThresholdPct\":10,\"rampDownForceLogoffUsers\":false,\"rampDownWaitTimeMinutes\":0,\"rampDownNotificationMessage\":\"\",\"rampDownStopHostsWhen\":\"ZeroSessions\",\"offPeakLoadBalancingAlgorithm\":\"BreadthFirst\"},\"systemData\":{\"createdBy\":\"alecbaird@wvdtesttenant.onmicrosoft.com\",\"createdByType\":\"User\",\"createdAt\":\"2024-09-06T20:36:55.33Z\",\"lastModifiedBy\":\"alecbaird@wvdtesttenant.onmicrosoft.com\",\"lastModifiedByType\":\"User\",\"lastModifiedAt\":\"2024-09-06T20:36:55.80Z\"}}",
      "isContentBase64": false
    }
  },
  "Update-AzWvdScalingPlanPooledSchedule+[NoContext]+UpdateExpanded+$DELETE+https://management.azure.com/subscriptions/dbedef25-184c-430f-b383-0eeb87c3205d/resourceGroups/alecbUserSessionTests/providers/Microsoft.DesktopVirtualization/scalingPlans/ScalingPlanPowershellContained1?api-version=2024-04-03+5": {
    "Request": {
      "Method": "DELETE",
      "RequestUri": "https://management.azure.com/subscriptions/dbedef25-184c-430f-b383-0eeb87c3205d/resourceGroups/alecbUserSessionTests/providers/Microsoft.DesktopVirtualization/scalingPlans/ScalingPlanPowershellContained1?api-version=2024-04-03",
      "Content": null,
      "isContentBase64": false,
      "Headers": {
        "x-ms-unique-id": [ "435" ],
        "x-ms-client-request-id": [ "0c1a5e3f-8c28-4a8c-b698-52650bc4d9ae" ],
        "CommandName": [ "Remove-AzWvdScalingPlan" ],
        "FullCommandName": [ "Remove-AzWvdScalingPlan_Delete" ],
        "ParameterSetName": [ "__AllParameterSets" ],
        "User-Agent": [ "AzurePowershell/v12.3.0", "PSVersion/v7.2.23", "Az.DesktopVirtualization/6.0.0" ],
        "Authorization": [ "[Filtered]" ]
      },
      "ContentHeaders": {
      }
    },
    "Response": {
      "StatusCode": 200,
      "Headers": {
        "Cache-Control": [ "no-cache" ],
        "Pragma": [ "no-cache" ],
        "Vary": [ "Accept-Encoding" ],
        "Set-Cookie": [ "ARRAffinity=bcbcd66544f5ddaf4cbead41410626b9ca9d605ee7d3a04c141d9e19b964fb41;Path=/;HttpOnly;Secure;Domain=rdarmprovider-g-us-r0.wvdselfhost.microsoft.com", "ARRAffinitySameSite=bcbcd66544f5ddaf4cbead41410626b9ca9d605ee7d3a04c141d9e19b964fb41;Path=/;HttpOnly;SameSite=None;Secure;Domain=rdarmprovider-g-us-r0.wvdselfhost.microsoft.com" ],
        "x-ms-ratelimit-remaining-subscription-deletes": [ "399" ],
        "X-Rate-Limit-Limit": [ "0" ],
        "X-Rate-Limit-Remaining": [ "9223372036854775807" ],
        "X-Rate-Limit-Reset": [ "0" ],
        "x-ms-opsarmpath64": [ "L3N1YnNjcmlwdGlvbnMvZGJlZGVmMjUtMTg0Yy00MzBmLWIzODMtMGVlYjg3YzMyMDVkL3Jlc291cmNlR3JvdXBzL2FsZWNiVXNlclNlc3Npb25UZXN0cy9wcm92aWRlcnMvTWljcm9zb2Z0LkRlc2t0b3BWaXJ0dWFsaXphdGlvbi9zY2FsaW5nUGxhbnMvU2NhbGluZ1BsYW5Qb3dlcnNoZWxsQ29udGFpbmVkMQ==" ],
        "x-ms-lamport-ts": [ "177469627" ],
        "x-ms-correlation-id": [ "f6c7b641-742a-4ded-a732-8a0dae76d2d6" ],
        "x-ms-request-id": [ "0c1a5e3f-8c28-4a8c-b698-52650bc4d9ae" ],
        "X-Powered-By": [ "ASP.NET" ],
        "X-Content-Type-Options": [ "nosniff" ],
        "x-ms-ratelimit-remaining-subscription-global-deletes": [ "5999" ],
        "x-ms-correlation-request-id": [ "82d30114-1fea-4ad9-aa78-1b992dc7df1f" ],
        "x-ms-routing-request-id": [ "SOUTHCENTRALUS:20240906T203657Z:82d30114-1fea-4ad9-aa78-1b992dc7df1f" ],
        "Strict-Transport-Security": [ "max-age=31536000; includeSubDomains" ],
        "X-Cache": [ "CONFIG_NOCACHE" ],
        "X-MSEdge-Ref": [ "Ref A: CDAB1F97B79E405BB2DE07DF008ED8D4 Ref B: SN4AA2022402045 Ref C: 2024-09-06T20:36:56Z" ],
        "Date": [ "Fri, 06 Sep 2024 20:36:56 GMT" ]
      },
      "ContentHeaders": {
        "Content-Length": [ "1482" ],
        "Content-Type": [ "application/json; charset=utf-8" ],
        "Expires": [ "-1" ]
      },
      "Content": "{\"name\":\"ScalingPlanPowershellContained1\",\"id\":\"/subscriptions/dbedef25-184c-430f-b383-0eeb87c3205d/resourcegroups/alecbUserSessionTests/providers/Microsoft.DesktopVirtualization/scalingplans/ScalingPlanPowershellContained1\",\"type\":\"Microsoft.DesktopVirtualization/scalingplans\",\"location\":\"westus2\",\"tags\":null,\"kind\":null,\"systemData\":{\"createdBy\":\"alecbaird@wvdtesttenant.onmicrosoft.com\",\"createdByType\":\"User\",\"createdAt\":\"2024-09-06T20:36:54.61Z\",\"lastModifiedBy\":\"alecbaird@wvdtesttenant.onmicrosoft.com\",\"lastModifiedByType\":\"User\",\"lastModifiedAt\":\"2024-09-06T20:36:54.61Z\"},\"properties\":{\"description\":\"desc\",\"friendlyName\":\"fri\",\"timeZone\":\"Pacific Standard Time\",\"hostPoolType\":\"Pooled\",\"exclusionTag\":\"\",\"schedules\":[{\"rampUpStartTime\":{\"hour\":7,\"minute\":7},\"peakStartTime\":{\"hour\":8,\"minute\":15},\"rampDownStartTime\":{\"hour\":17,\"minute\":7},\"offPeakStartTime\":{\"hour\":18,\"minute\":45},\"name\":\"PooledSchedule1\",\"daysOfWeek\":[\"Monday\",\"Tuesday\",\"Wednesday\"],\"rampUpLoadBalancingAlgorithm\":\"BreadthFirst\",\"rampUpMinimumHostsPct\":1,\"rampUpCapacityThresholdPct\":10,\"peakLoadBalancingAlgorithm\":\"BreadthFirst\",\"rampDownLoadBalancingAlgorithm\":\"BreadthFirst\",\"rampDownMinimumHostsPct\":0,\"rampDownCapacityThresholdPct\":10,\"rampDownForceLogoffUsers\":false,\"rampDownWaitTimeMinutes\":0,\"rampDownNotificationMessage\":\"\",\"rampDownStopHostsWhen\":\"ZeroSessions\",\"offPeakLoadBalancingAlgorithm\":\"BreadthFirst\"}],\"hostPoolReferences\":[],\"objectId\":\"52c5fe7d-1120-4256-a7f1-de72d345e042\"}}",
      "isContentBase64": false
    }
  }
}