{
  "Get-AzWvdUserSession+[NoContext]+Get+$GET+https://management.azure.com/subscriptions/dbedef25-184c-430f-b383-0eeb87c3205d/resourceGroups/alecbUserSessionTests/providers/Microsoft.DesktopVirtualization/hostPools/alecbUserSessionHP/sessionHosts/userSess-sh-0/userSessions/3?api-version=2023-10-04-preview+1": {
    "Request": {
      "Method": "GET",
      "RequestUri": "https://management.azure.com/subscriptions/dbedef25-184c-430f-b383-0eeb87c3205d/resourceGroups/alecbUserSessionTests/providers/Microsoft.DesktopVirtualization/hostPools/alecbUserSessionHP/sessionHosts/userSess-sh-0/userSessions/3?api-version=2023-10-04-preview",
      "Content": null,
      "isContentBase64": false,
      "Headers": {
        "x-ms-unique-id": [ "150" ],
        "x-ms-client-request-id": [ "911923ea-ed7a-4b7d-a21e-d0e27ff1678c" ],
        "CommandName": [ "Get-AzWvdUserSession" ],
        "FullCommandName": [ "Get-AzWvdUserSession_Get" ],
        "ParameterSetName": [ "__AllParameterSets" ],
        "User-Agent": [ "AzurePowershell/v0.0.0", "PSVersion/v7.2.16", "Az.DesktopVirtualization/2.1.0" ],
        "Authorization": [ "[Filtered]" ]
      },
      "ContentHeaders": {
      }
    },
    "Response": {
      "StatusCode": 404,
      "Headers": {
        "Cache-Control": [ "no-cache" ],
        "Pragma": [ "no-cache" ],
        "X-Rate-Limit-Limit": [ "0" ],
        "X-Rate-Limit-Remaining": [ "9223372036854775807" ],
        "X-Rate-Limit-Reset": [ "0" ],
        "x-ms-opsarmpath64": [ "L3N1YnNjcmlwdGlvbnMvZGJlZGVmMjUtMTg0Yy00MzBmLWIzODMtMGVlYjg3YzMyMDVkL3Jlc291cmNlR3JvdXBzL2FsZWNiVXNlclNlc3Npb25UZXN0cy9wcm92aWRlcnMvTWljcm9zb2Z0LkRlc2t0b3BWaXJ0dWFsaXphdGlvbi9ob3N0UG9vbHMvYWxlY2JVc2VyU2Vzc2lvbkhQL3Nlc3Npb25Ib3N0cy91c2VyU2Vzcy1zaC0wL3VzZXJTZXNzaW9ucy8z" ],
        "x-ms-lamport-ts": [ "134338113" ],
        "x-ms-correlation-id": [ "35670ade-18eb-4d68-bb1d-8fa74d1abe25" ],
        "x-ms-request-id": [ "911923ea-ed7a-4b7d-a21e-d0e27ff1678c" ],
        "X-Content-Type-Options": [ "nosniff" ],
        "Set-Cookie": [ "ARRAffinity=a31eb62e8fa5fccc488f1b764e015b7c6918a5a68c6d31b38f885e3c06338b76;Path=/;HttpOnly;Secure;Domain=rdarmprovider-g-us-r0.wvdselfhost.microsoft.com", "ARRAffinitySameSite=a31eb62e8fa5fccc488f1b764e015b7c6918a5a68c6d31b38f885e3c06338b76;Path=/;HttpOnly;SameSite=None;Secure;Domain=rdarmprovider-g-us-r0.wvdselfhost.microsoft.com" ],
        "Server": [ "Microsoft-IIS/10.0" ],
        "X-Powered-By": [ "ASP.NET" ],
        "x-ms-ratelimit-remaining-subscription-reads": [ "11967" ],
        "x-ms-correlation-request-id": [ "7e74ff81-dddb-44e8-a07c-8ece686706ff" ],
        "x-ms-routing-request-id": [ "WESTCENTRALUS:20231102T215150Z:7e74ff81-dddb-44e8-a07c-8ece686706ff" ],
        "Strict-Transport-Security": [ "max-age=31536000; includeSubDomains" ],
        "Date": [ "Thu, 02 Nov 2023 21:51:50 GMT" ]
      },
      "ContentHeaders": {
        "Content-Length": [ "120" ],
        "Content-Type": [ "application/json; charset=utf-8" ],
        "Expires": [ "-1" ]
      },
      "Content": "{\"error\":{\"code\":\"404\",\"message\":\"ActivityId: 35670ade-18eb-4d68-bb1d-8fa74d1abe25 Error: User session does not exist\"}}",
      "isContentBase64": false
    }
  },
  "Get-AzWvdUserSession+[NoContext]+List+$GET+https://management.azure.com/subscriptions/dbedef25-184c-430f-b383-0eeb87c3205d/resourceGroups/alecbUserSessionTests/providers/Microsoft.DesktopVirtualization/hostPools/alecbUserSessionHP/sessionHosts/userSess-sh-0/userSessions?api-version=2023-10-04-preview+1": {
    "Request": {
      "Method": "GET",
      "RequestUri": "https://management.azure.com/subscriptions/dbedef25-184c-430f-b383-0eeb87c3205d/resourceGroups/alecbUserSessionTests/providers/Microsoft.DesktopVirtualization/hostPools/alecbUserSessionHP/sessionHosts/userSess-sh-0/userSessions?api-version=2023-10-04-preview",
      "Content": null,
      "isContentBase64": false,
      "Headers": {
        "x-ms-unique-id": [ "151" ],
        "x-ms-client-request-id": [ "60bf2e92-2ce6-4a3f-ba25-d59a48c84da4" ],
        "CommandName": [ "Get-AzWvdUserSession" ],
        "FullCommandName": [ "Get-AzWvdUserSession_List1" ],
        "ParameterSetName": [ "__AllParameterSets" ],
        "User-Agent": [ "AzurePowershell/v0.0.0", "PSVersion/v7.2.16", "Az.DesktopVirtualization/2.1.0" ],
        "Authorization": [ "[Filtered]" ]
      },
      "ContentHeaders": {
      }
    },
    "Response": {
      "StatusCode": 200,
      "Headers": {
        "Cache-Control": [ "no-cache" ],
        "Pragma": [ "no-cache" ],
        "Vary": [ "Accept-Encoding" ],
        "x-ms-ratelimit-remaining-subscription-reads": [ "11966" ],
        "X-Rate-Limit-Limit": [ "0" ],
        "X-Rate-Limit-Remaining": [ "9223372036854775807" ],
        "X-Rate-Limit-Reset": [ "0" ],
        "x-ms-opsarmpath64": [ "L3N1YnNjcmlwdGlvbnMvZGJlZGVmMjUtMTg0Yy00MzBmLWIzODMtMGVlYjg3YzMyMDVkL3Jlc291cmNlR3JvdXBzL2FsZWNiVXNlclNlc3Npb25UZXN0cy9wcm92aWRlcnMvTWljcm9zb2Z0LkRlc2t0b3BWaXJ0dWFsaXphdGlvbi9ob3N0UG9vbHMvYWxlY2JVc2VyU2Vzc2lvbkhQL3Nlc3Npb25Ib3N0cy91c2VyU2Vzcy1zaC0w" ],
        "x-ms-lamport-ts": [ "134338293" ],
        "x-ms-correlation-id": [ "b8526b3a-c950-4b03-86d0-f2423dd2c608" ],
        "x-ms-request-id": [ "60bf2e92-2ce6-4a3f-ba25-d59a48c84da4" ],
        "X-Content-Type-Options": [ "nosniff" ],
        "Set-Cookie": [ "ARRAffinity=f0ee6f21aa7c58c32dab1b39eddd97e2640f8772649e883d33a25aaa012e3a21;Path=/;HttpOnly;Secure;Domain=rdarmprovider-g-us-r0.wvdselfhost.microsoft.com", "ARRAffinitySameSite=f0ee6f21aa7c58c32dab1b39eddd97e2640f8772649e883d33a25aaa012e3a21;Path=/;HttpOnly;SameSite=None;Secure;Domain=rdarmprovider-g-us-r0.wvdselfhost.microsoft.com" ],
        "Server": [ "Microsoft-IIS/10.0" ],
        "X-Powered-By": [ "ASP.NET" ],
        "x-ms-correlation-request-id": [ "8cc6d51e-ff6f-4813-9ff8-f4538f66dce7" ],
        "x-ms-routing-request-id": [ "WESTCENTRALUS:20231102T215151Z:8cc6d51e-ff6f-4813-9ff8-f4538f66dce7" ],
        "Strict-Transport-Security": [ "max-age=31536000; includeSubDomains" ],
        "Date": [ "Thu, 02 Nov 2023 21:51:50 GMT" ]
      },
      "ContentHeaders": {
        "Content-Length": [ "28" ],
        "Content-Type": [ "application/json; charset=utf-8" ],
        "Expires": [ "-1" ]
      },
      "Content": "{\"value\":[],\"nextLink\":null}",
      "isContentBase64": false
    }
  },
  "Get-AzWvdUserSession+[NoContext]+List HostPool Level+$GET+https://management.azure.com/subscriptions/dbedef25-184c-430f-b383-0eeb87c3205d/resourceGroups/alecbUserSessionTests/providers/Microsoft.DesktopVirtualization/hostPools/alecbUserSessionHP/userSessions?api-version=2023-10-04-preview+1": {
    "Request": {
      "Method": "GET",
      "RequestUri": "https://management.azure.com/subscriptions/dbedef25-184c-430f-b383-0eeb87c3205d/resourceGroups/alecbUserSessionTests/providers/Microsoft.DesktopVirtualization/hostPools/alecbUserSessionHP/userSessions?api-version=2023-10-04-preview",
      "Content": null,
      "isContentBase64": false,
      "Headers": {
        "x-ms-unique-id": [ "152" ],
        "x-ms-client-request-id": [ "13e31023-5e89-4e47-ba0b-de4b07e1871d" ],
        "CommandName": [ "Get-AzWvdUserSession" ],
        "FullCommandName": [ "Get-AzWvdUserSession_List" ],
        "ParameterSetName": [ "__AllParameterSets" ],
        "User-Agent": [ "AzurePowershell/v0.0.0", "PSVersion/v7.2.16", "Az.DesktopVirtualization/2.1.0" ],
        "Authorization": [ "[Filtered]" ]
      },
      "ContentHeaders": {
      }
    },
    "Response": {
      "StatusCode": 200,
      "Headers": {
        "Cache-Control": [ "no-cache" ],
        "Pragma": [ "no-cache" ],
        "Vary": [ "Accept-Encoding" ],
        "x-ms-ratelimit-remaining-subscription-reads": [ "11965" ],
        "X-Rate-Limit-Limit": [ "0" ],
        "X-Rate-Limit-Remaining": [ "9223372036854775807" ],
        "X-Rate-Limit-Reset": [ "0" ],
        "x-ms-opsarmpath64": [ "L3N1YnNjcmlwdGlvbnMvZGJlZGVmMjUtMTg0Yy00MzBmLWIzODMtMGVlYjg3YzMyMDVkL3Jlc291cmNlR3JvdXBzL2FsZWNiVXNlclNlc3Npb25UZXN0cy9wcm92aWRlcnMvTWljcm9zb2Z0LkRlc2t0b3BWaXJ0dWFsaXphdGlvbi9ob3N0UG9vbHMvYWxlY2JVc2VyU2Vzc2lvbkhQ" ],
        "x-ms-lamport-ts": [ "134338275" ],
        "x-ms-correlation-id": [ "13062398-921b-443f-90d1-88a162347487" ],
        "x-ms-request-id": [ "13e31023-5e89-4e47-ba0b-de4b07e1871d" ],
        "X-Content-Type-Options": [ "nosniff" ],
        "Set-Cookie": [ "ARRAffinity=7bf5a65c9ab6652b7e960fdced88dd5501d933c0715fe792714d5d958b2e56fd;Path=/;HttpOnly;Secure;Domain=rdarmprovider-g-us-r0.wvdselfhost.microsoft.com", "ARRAffinitySameSite=7bf5a65c9ab6652b7e960fdced88dd5501d933c0715fe792714d5d958b2e56fd;Path=/;HttpOnly;SameSite=None;Secure;Domain=rdarmprovider-g-us-r0.wvdselfhost.microsoft.com" ],
        "Server": [ "Microsoft-IIS/10.0" ],
        "X-Powered-By": [ "ASP.NET" ],
        "x-ms-correlation-request-id": [ "d4255862-d66e-4633-8afe-dcc713b8a6da" ],
        "x-ms-routing-request-id": [ "WESTCENTRALUS:20231102T215151Z:d4255862-d66e-4633-8afe-dcc713b8a6da" ],
        "Strict-Transport-Security": [ "max-age=31536000; includeSubDomains" ],
        "Date": [ "Thu, 02 Nov 2023 21:51:50 GMT" ]
      },
      "ContentHeaders": {
        "Content-Length": [ "28" ],
        "Content-Type": [ "application/json; charset=utf-8" ],
        "Expires": [ "-1" ]
      },
      "Content": "{\"value\":[],\"nextLink\":null}",
      "isContentBase64": false
    }
  }
}