{
  "New-AzWvdScalingPlanPersonalSchedule+[NoContext]+New+$PUT+https://management.azure.com/subscriptions/dbedef25-184c-430f-b383-0eeb87c3205d/resourceGroups/alecbUserSessionTests/providers/Microsoft.DesktopVirtualization/scalingPlans/ScalingPlanPowershellContained1?api-version=2023-10-04-preview+1": {
    "Request": {
      "Method": "PUT",
      "RequestUri": "https://management.azure.com/subscriptions/dbedef25-184c-430f-b383-0eeb87c3205d/resourceGroups/alecbUserSessionTests/providers/Microsoft.DesktopVirtualization/scalingPlans/ScalingPlanPowershellContained1?api-version=2023-10-04-preview",
      "Content": "{\r\n  \"location\": \"westus2\",\r\n  \"properties\": {\r\n    \"description\": \"desc\",\r\n    \"friendlyName\": \"fri\",\r\n    \"timeZone\": \"Pacific Standard Time\",\r\n    \"hostPoolType\": \"Personal\",\r\n    \"schedules\": [ ],\r\n    \"hostPoolReferences\": [ ]\r\n  }\r\n}",
      "isContentBase64": false,
      "Headers": {
      },
      "ContentHeaders": {
        "Content-Type": [ "application/json" ],
        "Content-Length": [ "239" ]
      }
    },
    "Response": {
      "StatusCode": 201,
      "Headers": {
        "Cache-Control": [ "no-cache" ],
        "Pragma": [ "no-cache" ],
        "Location": [ "/subscriptions/dbedef25-184c-430f-b383-0eeb87c3205d/resourcegroups/alecbUserSessionTests/providers/Microsoft.DesktopVirtualization/scalingplans/ScalingPlanPowershellContained1" ],
        "X-Rate-Limit-Limit": [ "0" ],
        "X-Rate-Limit-Remaining": [ "9223372036854775807" ],
        "X-Rate-Limit-Reset": [ "0" ],
        "x-ms-opsarmpath64": [ "L3N1YnNjcmlwdGlvbnMvZGJlZGVmMjUtMTg0Yy00MzBmLWIzODMtMGVlYjg3YzMyMDVkL3Jlc291cmNlR3JvdXBzL2FsZWNiVXNlclNlc3Npb25UZXN0cy9wcm92aWRlcnMvTWljcm9zb2Z0LkRlc2t0b3BWaXJ0dWFsaXphdGlvbi9zY2FsaW5nUGxhbnMvU2NhbGluZ1BsYW5Qb3dlcnNoZWxsQ29udGFpbmVkMQ==" ],
        "x-ms-lamport-ts": [ "134338445" ],
        "x-ms-correlation-id": [ "55c04c34-cb2f-442f-a0e2-5350480ece4c" ],
        "x-ms-request-id": [ "77e2cd26-2124-4929-8f4f-0234b274771d" ],
        "X-Content-Type-Options": [ "nosniff" ],
        "Set-Cookie": [ "ARRAffinity=7bf5a65c9ab6652b7e960fdced88dd5501d933c0715fe792714d5d958b2e56fd;Path=/;HttpOnly;Secure;Domain=rdarmprovider-g-us-r0.wvdselfhost.microsoft.com", "ARRAffinitySameSite=7bf5a65c9ab6652b7e960fdced88dd5501d933c0715fe792714d5d958b2e56fd;Path=/;HttpOnly;SameSite=None;Secure;Domain=rdarmprovider-g-us-r0.wvdselfhost.microsoft.com" ],
        "Server": [ "Microsoft-IIS/10.0" ],
        "X-Powered-By": [ "ASP.NET" ],
        "x-ms-ratelimit-remaining-subscription-writes": [ "1114" ],
        "x-ms-correlation-request-id": [ "08d4697c-006e-411d-92c8-648141639e61" ],
        "x-ms-routing-request-id": [ "WESTCENTRALUS:20231102T215252Z:08d4697c-006e-411d-92c8-648141639e61" ],
        "Strict-Transport-Security": [ "max-age=31536000; includeSubDomains" ],
        "Date": [ "Thu, 02 Nov 2023 21:52:52 GMT" ]
      },
      "ContentHeaders": {
        "Content-Length": [ "801" ],
        "Content-Type": [ "application/json; charset=utf-8" ],
        "Expires": [ "-1" ]
      },
      "Content": "{\"name\":\"ScalingPlanPowershellContained1\",\"id\":\"/subscriptions/dbedef25-184c-430f-b383-0eeb87c3205d/resourcegroups/alecbUserSessionTests/providers/Microsoft.DesktopVirtualization/scalingplans/ScalingPlanPowershellContained1\",\"type\":\"Microsoft.DesktopVirtualization/scalingplans\",\"location\":\"westus2\",\"tags\":null,\"kind\":null,\"systemData\":{\"createdBy\":\"admin@wvdtesttenant.onmicrosoft.com\",\"createdByType\":\"User\",\"createdAt\":\"2023-11-02T21:52:52.47Z\",\"lastModifiedBy\":\"admin@wvdtesttenant.onmicrosoft.com\",\"lastModifiedByType\":\"User\",\"lastModifiedAt\":\"2023-11-02T21:52:52.47Z\"},\"properties\":{\"description\":\"desc\",\"friendlyName\":\"fri\",\"timeZone\":\"Pacific Standard Time\",\"hostPoolType\":\"Personal\",\"exclusionTag\":\"\",\"schedules\":[],\"hostPoolReferences\":[],\"objectId\":\"0db563e4-13ab-435a-8163-918b5af5bf36\"}}",
      "isContentBase64": false
    }
  },
  "New-AzWvdScalingPlanPersonalSchedule+[NoContext]+New+$PUT+https://management.azure.com/subscriptions/dbedef25-184c-430f-b383-0eeb87c3205d/resourceGroups/alecbUserSessionTests/providers/Microsoft.DesktopVirtualization/scalingPlans/ScalingPlanPowershellContained1/personalSchedules/PersonalSchedule1?api-version=2023-10-04-preview+2": {
    "Request": {
      "Method": "PUT",
      "RequestUri": "https://management.azure.com/subscriptions/dbedef25-184c-430f-b383-0eeb87c3205d/resourceGroups/alecbUserSessionTests/providers/Microsoft.DesktopVirtualization/scalingPlans/ScalingPlanPowershellContained1/personalSchedules/PersonalSchedule1?api-version=2023-10-04-preview",
      "Content": "{\r\n  \"properties\": {\r\n    \"rampUpStartTime\": {\r\n      \"hour\": 6,\r\n      \"minute\": 30\r\n    },\r\n    \"peakStartTime\": {\r\n      \"hour\": 8,\r\n      \"minute\": 30\r\n    },\r\n    \"rampDownStartTime\": {\r\n      \"hour\": 16,\r\n      \"minute\": 0\r\n    },\r\n    \"offPeakStartTime\": {\r\n      \"hour\": 22,\r\n      \"minute\": 45\r\n    },\r\n    \"daysOfWeek\": [ \"Monday\", \"Tuesday\", \"Wednesday\", \"Thursday\", \"Friday\" ],\r\n    \"rampUpAutoStartHosts\": \"All\",\r\n    \"rampUpStartVMOnConnect\": \"Enable\",\r\n    \"rampUpActionOnDisconnect\": \"None\",\r\n    \"rampUpMinutesToWaitOnDisconnect\": 10,\r\n    \"rampUpActionOnLogoff\": \"None\",\r\n    \"rampUpMinutesToWaitOnLogoff\": 10,\r\n    \"peakStartVMOnConnect\": \"Enable\",\r\n    \"peakActionOnDisconnect\": \"None\",\r\n    \"peakMinutesToWaitOnDisconnect\": 10,\r\n    \"peakMinutesToWaitOnLogoff\": 10,\r\n    \"rampDownStartVMOnConnect\": \"Enable\",\r\n    \"rampDownActionOnDisconnect\": \"None\",\r\n    \"rampDownMinutesToWaitOnDisconnect\": 10,\r\n    \"rampDownActionOnLogoff\": \"None\",\r\n    \"rampDownMinutesToWaitOnLogoff\": 10,\r\n    \"offPeakStartVMOnConnect\": \"Enable\",\r\n    \"offPeakActionOnDisconnect\": \"None\",\r\n    \"offPeakMinutesToWaitOnDisconnect\": 10,\r\n    \"offPeakActionOnLogoff\": \"Deallocate\",\r\n    \"offPeakMinutesToWaitOnLogoff\": 10\r\n  }\r\n}",
      "isContentBase64": false,
      "Headers": {
      },
      "ContentHeaders": {
        "Content-Type": [ "application/json" ],
        "Content-Length": [ "1220" ]
      }
    },
    "Response": {
      "StatusCode": 200,
      "Headers": {
        "Cache-Control": [ "no-cache" ],
        "Pragma": [ "no-cache" ],
        "Vary": [ "Accept-Encoding" ],
        "x-ms-ratelimit-remaining-subscription-writes": [ "1113" ],
        "X-Rate-Limit-Limit": [ "0" ],
        "X-Rate-Limit-Remaining": [ "9223372036854775807" ],
        "X-Rate-Limit-Reset": [ "0" ],
        "x-ms-opsarmpath64": [ "L3N1YnNjcmlwdGlvbnMvZGJlZGVmMjUtMTg0Yy00MzBmLWIzODMtMGVlYjg3YzMyMDVkL3Jlc291cmNlR3JvdXBzL2FsZWNiVXNlclNlc3Npb25UZXN0cy9wcm92aWRlcnMvTWljcm9zb2Z0LkRlc2t0b3BWaXJ0dWFsaXphdGlvbi9zY2FsaW5nUGxhbnMvU2NhbGluZ1BsYW5Qb3dlcnNoZWxsQ29udGFpbmVkMS9wZXJzb25hbFNjaGVkdWxlcy9QZXJzb25hbFNjaGVkdWxlMQ==" ],
        "x-ms-lamport-ts": [ "134338435" ],
        "x-ms-correlation-id": [ "0edf5832-3dd8-4287-a523-5bfc8719c909" ],
        "x-ms-request-id": [ "24425004-86f5-4428-8a65-1331bfd7dfa9" ],
        "X-Content-Type-Options": [ "nosniff" ],
        "Set-Cookie": [ "ARRAffinity=a31eb62e8fa5fccc488f1b764e015b7c6918a5a68c6d31b38f885e3c06338b76;Path=/;HttpOnly;Secure;Domain=rdarmprovider-g-us-r0.wvdselfhost.microsoft.com", "ARRAffinitySameSite=a31eb62e8fa5fccc488f1b764e015b7c6918a5a68c6d31b38f885e3c06338b76;Path=/;HttpOnly;SameSite=None;Secure;Domain=rdarmprovider-g-us-r0.wvdselfhost.microsoft.com" ],
        "Server": [ "Microsoft-IIS/10.0" ],
        "X-Powered-By": [ "ASP.NET" ],
        "x-ms-correlation-request-id": [ "42a60974-10dc-4d3c-9f73-cf8853cdf49d" ],
        "x-ms-routing-request-id": [ "WESTCENTRALUS:20231102T215253Z:42a60974-10dc-4d3c-9f73-cf8853cdf49d" ],
        "Strict-Transport-Security": [ "max-age=31536000; includeSubDomains" ],
        "Date": [ "Thu, 02 Nov 2023 21:52:52 GMT" ]
      },
      "ContentHeaders": {
        "Content-Length": [ "1851" ],
        "Content-Type": [ "application/json; charset=utf-8" ],
        "Expires": [ "-1" ]
      },
      "Content": "{\"name\":\"ScalingPlanPowershellContained1/PersonalSchedule1\",\"id\":\"/subscriptions/dbedef25-184c-430f-b383-0eeb87c3205d/resourcegroups/alecbUserSessionTests/providers/Microsoft.DesktopVirtualization/scalingplans/ScalingPlanPowershellContained1/personalSchedules/PersonalSchedule1\",\"type\":\"Microsoft.DesktopVirtualization/scalingplans/personalSchedules\",\"properties\":{\"rampUpStartTime\":{\"hour\":6,\"minute\":30},\"rampUpAutoStartHosts\":\"All\",\"rampUpStartVMOnConnect\":\"Enable\",\"rampUpMinutesToWaitOnDisconnect\":10,\"rampUpActionOnDisconnect\":\"None\",\"rampUpMinutesToWaitOnLogoff\":10,\"rampUpActionOnLogoff\":\"None\",\"peakStartTime\":{\"hour\":8,\"minute\":30},\"peakStartVMOnConnect\":\"Enable\",\"peakMinutesToWaitOnDisconnect\":10,\"peakActionOnDisconnect\":\"None\",\"peakMinutesToWaitOnLogoff\":10,\"peakActionOnLogoff\":\"None\",\"rampDownStartTime\":{\"hour\":16,\"minute\":0},\"rampDownStartVMOnConnect\":\"Enable\",\"rampDownMinutesToWaitOnDisconnect\":10,\"rampDownActionOnDisconnect\":\"None\",\"rampDownMinutesToWaitOnLogoff\":10,\"rampDownActionOnLogoff\":\"None\",\"offPeakStartTime\":{\"hour\":22,\"minute\":45},\"offPeakStartVMOnConnect\":\"Enable\",\"offPeakMinutesToWaitOnDisconnect\":10,\"offPeakActionOnDisconnect\":\"None\",\"offPeakMinutesToWaitOnLogoff\":10,\"offPeakActionOnLogoff\":\"Deallocate\",\"name\":\"PersonalSchedule1\",\"systemData\":{\"createdBy\":\"admin@wvdtesttenant.onmicrosoft.com\",\"createdByType\":\"User\",\"createdAt\":\"2023-11-02T21:52:52.8766573Z\",\"lastModifiedBy\":\"admin@wvdtesttenant.onmicrosoft.com\",\"lastModifiedByType\":\"User\",\"lastModifiedAt\":\"2023-11-02T21:52:52.8766573Z\"},\"daysOfWeek\":[\"Monday\",\"Tuesday\",\"Wednesday\",\"Thursday\",\"Friday\"]},\"systemData\":{\"createdBy\":\"admin@wvdtesttenant.onmicrosoft.com\",\"createdByType\":\"User\",\"createdAt\":\"2023-11-02T21:52:52.87Z\",\"lastModifiedBy\":\"admin@wvdtesttenant.onmicrosoft.com\",\"lastModifiedByType\":\"User\",\"lastModifiedAt\":\"2023-11-02T21:52:52.87Z\"}}",
      "isContentBase64": false
    }
  },
  "New-AzWvdScalingPlanPersonalSchedule+[NoContext]+New+$GET+https://management.azure.com/subscriptions/dbedef25-184c-430f-b383-0eeb87c3205d/resourceGroups/alecbUserSessionTests/providers/Microsoft.DesktopVirtualization/scalingPlans/ScalingPlanPowershellContained1/personalSchedules/PersonalSchedule1?api-version=2023-10-04-preview+3": {
    "Request": {
      "Method": "GET",
      "RequestUri": "https://management.azure.com/subscriptions/dbedef25-184c-430f-b383-0eeb87c3205d/resourceGroups/alecbUserSessionTests/providers/Microsoft.DesktopVirtualization/scalingPlans/ScalingPlanPowershellContained1/personalSchedules/PersonalSchedule1?api-version=2023-10-04-preview",
      "Content": null,
      "isContentBase64": false,
      "Headers": {
        "x-ms-unique-id": [ "236" ],
        "x-ms-client-request-id": [ "2fff7eff-e3a3-4e79-b025-46203778deba" ],
        "CommandName": [ "Get-AzWvdScalingPlanPersonalSchedule" ],
        "FullCommandName": [ "Get-AzWvdScalingPlanPersonalSchedule_Get" ],
        "ParameterSetName": [ "__AllParameterSets" ],
        "User-Agent": [ "AzurePowershell/v0.0.0", "PSVersion/v7.2.16", "Az.DesktopVirtualization/2.1.0" ],
        "Authorization": [ "[Filtered]" ]
      },
      "ContentHeaders": {
      }
    },
    "Response": {
      "StatusCode": 200,
      "Headers": {
        "Cache-Control": [ "no-cache" ],
        "Pragma": [ "no-cache" ],
        "Vary": [ "Accept-Encoding" ],
        "x-ms-ratelimit-remaining-subscription-reads": [ "11948" ],
        "X-Rate-Limit-Limit": [ "0" ],
        "X-Rate-Limit-Remaining": [ "9223372036854775807" ],
        "X-Rate-Limit-Reset": [ "0" ],
        "x-ms-opsarmpath64": [ "L3N1YnNjcmlwdGlvbnMvZGJlZGVmMjUtMTg0Yy00MzBmLWIzODMtMGVlYjg3YzMyMDVkL3Jlc291cmNlR3JvdXBzL2FsZWNiVXNlclNlc3Npb25UZXN0cy9wcm92aWRlcnMvTWljcm9zb2Z0LkRlc2t0b3BWaXJ0dWFsaXphdGlvbi9zY2FsaW5nUGxhbnMvU2NhbGluZ1BsYW5Qb3dlcnNoZWxsQ29udGFpbmVkMS9wZXJzb25hbFNjaGVkdWxlcy9QZXJzb25hbFNjaGVkdWxlMQ==" ],
        "x-ms-lamport-ts": [ "134338451" ],
        "x-ms-correlation-id": [ "8f8e9104-3dc8-40b6-8a0a-e0c805affcbc" ],
        "x-ms-request-id": [ "2fff7eff-e3a3-4e79-b025-46203778deba" ],
        "X-Content-Type-Options": [ "nosniff" ],
        "Set-Cookie": [ "ARRAffinity=f0ee6f21aa7c58c32dab1b39eddd97e2640f8772649e883d33a25aaa012e3a21;Path=/;HttpOnly;Secure;Domain=rdarmprovider-g-us-r0.wvdselfhost.microsoft.com", "ARRAffinitySameSite=f0ee6f21aa7c58c32dab1b39eddd97e2640f8772649e883d33a25aaa012e3a21;Path=/;HttpOnly;SameSite=None;Secure;Domain=rdarmprovider-g-us-r0.wvdselfhost.microsoft.com" ],
        "Server": [ "Microsoft-IIS/10.0" ],
        "X-Powered-By": [ "ASP.NET" ],
        "x-ms-correlation-request-id": [ "f309045b-2e96-4cec-b64d-8e2cd026b028" ],
        "x-ms-routing-request-id": [ "WESTCENTRALUS:20231102T215253Z:f309045b-2e96-4cec-b64d-8e2cd026b028" ],
        "Strict-Transport-Security": [ "max-age=31536000; includeSubDomains" ],
        "Date": [ "Thu, 02 Nov 2023 21:52:53 GMT" ]
      },
      "ContentHeaders": {
        "Content-Length": [ "1851" ],
        "Content-Type": [ "application/json; charset=utf-8" ],
        "Expires": [ "-1" ]
      },
      "Content": "{\"name\":\"ScalingPlanPowershellContained1/PersonalSchedule1\",\"id\":\"/subscriptions/dbedef25-184c-430f-b383-0eeb87c3205d/resourcegroups/alecbUserSessionTests/providers/Microsoft.DesktopVirtualization/scalingplans/ScalingPlanPowershellContained1/personalSchedules/PersonalSchedule1\",\"type\":\"Microsoft.DesktopVirtualization/scalingplans/personalSchedules\",\"properties\":{\"rampUpStartTime\":{\"hour\":6,\"minute\":30},\"rampUpAutoStartHosts\":\"All\",\"rampUpStartVMOnConnect\":\"Enable\",\"rampUpMinutesToWaitOnDisconnect\":10,\"rampUpActionOnDisconnect\":\"None\",\"rampUpMinutesToWaitOnLogoff\":10,\"rampUpActionOnLogoff\":\"None\",\"peakStartTime\":{\"hour\":8,\"minute\":30},\"peakStartVMOnConnect\":\"Enable\",\"peakMinutesToWaitOnDisconnect\":10,\"peakActionOnDisconnect\":\"None\",\"peakMinutesToWaitOnLogoff\":10,\"peakActionOnLogoff\":\"None\",\"rampDownStartTime\":{\"hour\":16,\"minute\":0},\"rampDownStartVMOnConnect\":\"Enable\",\"rampDownMinutesToWaitOnDisconnect\":10,\"rampDownActionOnDisconnect\":\"None\",\"rampDownMinutesToWaitOnLogoff\":10,\"rampDownActionOnLogoff\":\"None\",\"offPeakStartTime\":{\"hour\":22,\"minute\":45},\"offPeakStartVMOnConnect\":\"Enable\",\"offPeakMinutesToWaitOnDisconnect\":10,\"offPeakActionOnDisconnect\":\"None\",\"offPeakMinutesToWaitOnLogoff\":10,\"offPeakActionOnLogoff\":\"Deallocate\",\"name\":\"PersonalSchedule1\",\"systemData\":{\"createdBy\":\"admin@wvdtesttenant.onmicrosoft.com\",\"createdByType\":\"User\",\"createdAt\":\"2023-11-02T21:52:52.8766573Z\",\"lastModifiedBy\":\"admin@wvdtesttenant.onmicrosoft.com\",\"lastModifiedByType\":\"User\",\"lastModifiedAt\":\"2023-11-02T21:52:52.8766573Z\"},\"daysOfWeek\":[\"Monday\",\"Tuesday\",\"Wednesday\",\"Thursday\",\"Friday\"]},\"systemData\":{\"createdBy\":\"admin@wvdtesttenant.onmicrosoft.com\",\"createdByType\":\"User\",\"createdAt\":\"2023-11-02T21:52:52.87Z\",\"lastModifiedBy\":\"admin@wvdtesttenant.onmicrosoft.com\",\"lastModifiedByType\":\"User\",\"lastModifiedAt\":\"2023-11-02T21:52:52.87Z\"}}",
      "isContentBase64": false
    }
  },
  "New-AzWvdScalingPlanPersonalSchedule+[NoContext]+New+$DELETE+https://management.azure.com/subscriptions/dbedef25-184c-430f-b383-0eeb87c3205d/resourceGroups/alecbUserSessionTests/providers/Microsoft.DesktopVirtualization/scalingPlans/ScalingPlanPowershellContained1?api-version=2023-10-04-preview+4": {
    "Request": {
      "Method": "DELETE",
      "RequestUri": "https://management.azure.com/subscriptions/dbedef25-184c-430f-b383-0eeb87c3205d/resourceGroups/alecbUserSessionTests/providers/Microsoft.DesktopVirtualization/scalingPlans/ScalingPlanPowershellContained1?api-version=2023-10-04-preview",
      "Content": null,
      "isContentBase64": false,
      "Headers": {
        "x-ms-unique-id": [ "237" ],
        "x-ms-client-request-id": [ "ddfc9a2b-5ed8-4ac6-b0a6-c0591c34c0dd" ],
        "CommandName": [ "Remove-AzWvdScalingPlan" ],
        "FullCommandName": [ "Remove-AzWvdScalingPlan_Delete" ],
        "ParameterSetName": [ "__AllParameterSets" ],
        "User-Agent": [ "AzurePowershell/v0.0.0", "PSVersion/v7.2.16", "Az.DesktopVirtualization/2.1.0" ],
        "Authorization": [ "[Filtered]" ]
      },
      "ContentHeaders": {
      }
    },
    "Response": {
      "StatusCode": 200,
      "Headers": {
        "Cache-Control": [ "no-cache" ],
        "Pragma": [ "no-cache" ],
        "Vary": [ "Accept-Encoding" ],
        "x-ms-ratelimit-remaining-subscription-deletes": [ "14912" ],
        "X-Rate-Limit-Limit": [ "0" ],
        "X-Rate-Limit-Remaining": [ "9223372036854775807" ],
        "X-Rate-Limit-Reset": [ "0" ],
        "x-ms-opsarmpath64": [ "L3N1YnNjcmlwdGlvbnMvZGJlZGVmMjUtMTg0Yy00MzBmLWIzODMtMGVlYjg3YzMyMDVkL3Jlc291cmNlR3JvdXBzL2FsZWNiVXNlclNlc3Npb25UZXN0cy9wcm92aWRlcnMvTWljcm9zb2Z0LkRlc2t0b3BWaXJ0dWFsaXphdGlvbi9zY2FsaW5nUGxhbnMvU2NhbGluZ1BsYW5Qb3dlcnNoZWxsQ29udGFpbmVkMQ==" ],
        "x-ms-lamport-ts": [ "134338451" ],
        "x-ms-correlation-id": [ "babf70a7-d618-4f33-8e6d-00f2dba5d411" ],
        "x-ms-request-id": [ "ddfc9a2b-5ed8-4ac6-b0a6-c0591c34c0dd" ],
        "X-Content-Type-Options": [ "nosniff" ],
        "Set-Cookie": [ "ARRAffinity=7bf5a65c9ab6652b7e960fdced88dd5501d933c0715fe792714d5d958b2e56fd;Path=/;HttpOnly;Secure;Domain=rdarmprovider-g-us-r0.wvdselfhost.microsoft.com", "ARRAffinitySameSite=7bf5a65c9ab6652b7e960fdced88dd5501d933c0715fe792714d5d958b2e56fd;Path=/;HttpOnly;SameSite=None;Secure;Domain=rdarmprovider-g-us-r0.wvdselfhost.microsoft.com" ],
        "Server": [ "Microsoft-IIS/10.0" ],
        "X-Powered-By": [ "ASP.NET" ],
        "x-ms-correlation-request-id": [ "d051ac37-cff2-4280-823f-8c8d7c318e0c" ],
        "x-ms-routing-request-id": [ "WESTCENTRALUS:20231102T215254Z:d051ac37-cff2-4280-823f-8c8d7c318e0c" ],
        "Strict-Transport-Security": [ "max-age=31536000; includeSubDomains" ],
        "Date": [ "Thu, 02 Nov 2023 21:52:53 GMT" ]
      },
      "ContentHeaders": {
        "Content-Length": [ "801" ],
        "Content-Type": [ "application/json; charset=utf-8" ],
        "Expires": [ "-1" ]
      },
      "Content": "{\"name\":\"ScalingPlanPowershellContained1\",\"id\":\"/subscriptions/dbedef25-184c-430f-b383-0eeb87c3205d/resourcegroups/alecbUserSessionTests/providers/Microsoft.DesktopVirtualization/scalingplans/ScalingPlanPowershellContained1\",\"type\":\"Microsoft.DesktopVirtualization/scalingplans\",\"location\":\"westus2\",\"tags\":null,\"kind\":null,\"systemData\":{\"createdBy\":\"admin@wvdtesttenant.onmicrosoft.com\",\"createdByType\":\"User\",\"createdAt\":\"2023-11-02T21:52:52.47Z\",\"lastModifiedBy\":\"admin@wvdtesttenant.onmicrosoft.com\",\"lastModifiedByType\":\"User\",\"lastModifiedAt\":\"2023-11-02T21:52:52.47Z\"},\"properties\":{\"description\":\"desc\",\"friendlyName\":\"fri\",\"timeZone\":\"Pacific Standard Time\",\"hostPoolType\":\"Personal\",\"exclusionTag\":\"\",\"schedules\":[],\"hostPoolReferences\":[],\"objectId\":\"0db563e4-13ab-435a-8163-918b5af5bf36\"}}",
      "isContentBase64": false
    }
  }
}