{
  "Remove-AzStorageMoverEndpoint+[NoContext]+Delete+$PUT+https://management.azure.com/subscriptions/45b60d85-fd72-427a-a708-f994d26e593e/resourceGroups/testStorageMover/providers/Microsoft.StorageMover/storageMovers/testStoMover1034pjhl6/endpoints/containerEndpoint2034pjhl6?api-version=2022-07-01-preview+1": {
    "Request": {
      "Method": "PUT",
      "RequestUri": "https://management.azure.com/subscriptions/45b60d85-fd72-427a-a708-f994d26e593e/resourceGroups/testStorageMover/providers/Microsoft.StorageMover/storageMovers/testStoMover1034pjhl6/endpoints/containerEndpoint2034pjhl6?api-version=2022-07-01-preview",
      "Content": "{\r\n  \"properties\": {\r\n    \"endpointType\": \"AzureStorageBlobContainer\",\r\n    \"storageAccountResourceId\": \"/subscriptions/45b60d85-fd72-427a-a708-f994d26e593e/resourceGroups/testStorageMover/providers/Microsoft.Storage/storageAccounts/storacc034pjhl6\",\r\n    \"blobContainerName\": \"container034pjhl6\"\r\n  }\r\n}",
      "isContentBase64": false,
      "Headers": {
      },
      "ContentHeaders": {
        "Content-Type": [ "application/json" ],
        "Content-Length": [ "304" ]
      }
    },
    "Response": {
      "StatusCode": 200,
      "Headers": {
        "Cache-Control": [ "no-cache" ],
        "Pragma": [ "no-cache" ],
        "ETag": [ "\"0000a355-0000-3400-0000-62d5242e0000\"" ],
        "x-ms-ratelimit-remaining-subscription-writes": [ "1188" ],
        "x-ms-providerhub-traffic": [ "True" ],
        "mise-correlation-id": [ "2fe00ea7-33db-407c-807d-5a917836d043" ],
        "x-ms-request-id": [ "039bce60-a3fe-4449-a91e-8421da315332" ],
        "x-ms-correlation-request-id": [ "b89bdbfd-8f5e-4501-813f-0d8be3cf08f4" ],
        "x-ms-routing-request-id": [ "SOUTHEASTASIA:20220718T091318Z:b89bdbfd-8f5e-4501-813f-0d8be3cf08f4" ],
        "Strict-Transport-Security": [ "max-age=31536000; includeSubDomains" ],
        "X-Content-Type-Options": [ "nosniff" ],
        "Date": [ "Mon, 18 Jul 2022 09:13:18 GMT" ]
      },
      "ContentHeaders": {
        "Content-Length": [ "833" ],
        "Content-Type": [ "application/json; charset=utf-8" ],
        "Expires": [ "-1" ]
      },
      "Content": "{\"id\":\"/subscriptions/45b60d85-fd72-427a-a708-f994d26e593e/resourceGroups/testStorageMover/providers/Microsoft.StorageMover/storageMovers/testStoMover1034pjhl6/endpoints/containerEndpoint2034pjhl6\",\"name\":\"containerEndpoint2034pjhl6\",\"type\":\"microsoft.storagemover/storagemovers/endpoints\",\"systemData\":{\"createdBy\":\"yifanzhang@microsoft.com\",\"createdByType\":\"User\",\"createdAt\":\"2022-07-18T09:13:17.9794428Z\",\"lastModifiedBy\":\"yifanzhang@microsoft.com\",\"lastModifiedByType\":\"User\",\"lastModifiedAt\":\"2022-07-18T09:13:17.9794428Z\"},\"properties\":{\"endpointType\":\"AzureStorageBlobContainer\",\"storageAccountResourceId\":\"/subscriptions/45b60d85-fd72-427a-a708-f994d26e593e/resourceGroups/testStorageMover/providers/Microsoft.Storage/storageAccounts/storacc034pjhl6\",\"blobContainerName\":\"container034pjhl6\",\"provisioningState\":\"Succeeded\"}}",
      "isContentBase64": false
    }
  },
  "Remove-AzStorageMoverEndpoint+[NoContext]+Delete+$DELETE+https://management.azure.com/subscriptions/45b60d85-fd72-427a-a708-f994d26e593e/resourceGroups/testStorageMover/providers/Microsoft.StorageMover/storageMovers/testStorageMover1/endpoints/containerEndpoint2034pjhl6?api-version=2022-07-01-preview+2": {
    "Request": {
      "Method": "DELETE",
      "RequestUri": "https://management.azure.com/subscriptions/45b60d85-fd72-427a-a708-f994d26e593e/resourceGroups/testStorageMover/providers/Microsoft.StorageMover/storageMovers/testStorageMover1/endpoints/containerEndpoint2034pjhl6?api-version=2022-07-01-preview",
      "Content": null,
      "isContentBase64": false,
      "Headers": {
        "x-ms-unique-id": [ "33" ],
        "x-ms-client-request-id": [ "117fbf7c-7618-4fc5-913e-511c72537562" ],
        "CommandName": [ "Remove-AzStorageMoverEndpoint" ],
        "FullCommandName": [ "Remove-AzStorageMoverEndpoint_Delete" ],
        "ParameterSetName": [ "__AllParameterSets" ],
        "User-Agent": [ "AzurePowershell/v8.0.0", "PSVersion/v7.2.5", "Az.StorageMover/0.1.0" ],
        "Authorization": [ "[Filtered]" ]
      },
      "ContentHeaders": {
      }
    },
    "Response": {
      "StatusCode": 204,
      "Headers": {
        "Cache-Control": [ "no-cache" ],
        "Pragma": [ "no-cache" ],
        "x-ms-providerhub-traffic": [ "True" ],
        "x-ms-request-id": [ "00000000-0000-0000-0000-000000000000" ],
        "x-ms-ratelimit-remaining-subscription-deletes": [ "14999" ],
        "x-ms-correlation-request-id": [ "a5cb9936-0de7-4d6f-97d0-d822888ea194" ],
        "x-ms-routing-request-id": [ "SOUTHEASTASIA:20220718T091319Z:a5cb9936-0de7-4d6f-97d0-d822888ea194" ],
        "Strict-Transport-Security": [ "max-age=31536000; includeSubDomains" ],
        "X-Content-Type-Options": [ "nosniff" ],
        "Date": [ "Mon, 18 Jul 2022 09:13:19 GMT" ]
      },
      "ContentHeaders": {
        "Expires": [ "-1" ]
      },
      "Content": null,
      "isContentBase64": false
    }
  },
  "Remove-AzStorageMoverEndpoint+[NoContext]+Delete+$GET+https://management.azure.com/subscriptions/45b60d85-fd72-427a-a708-f994d26e593e/resourceGroups/testStorageMover/providers/Microsoft.StorageMover/storageMovers/testStorageMover1/endpoints?api-version=2022-07-01-preview+3": {
    "Request": {
      "Method": "GET",
      "RequestUri": "https://management.azure.com/subscriptions/45b60d85-fd72-427a-a708-f994d26e593e/resourceGroups/testStorageMover/providers/Microsoft.StorageMover/storageMovers/testStorageMover1/endpoints?api-version=2022-07-01-preview",
      "Content": null,
      "isContentBase64": false,
      "Headers": {
        "x-ms-unique-id": [ "34" ],
        "x-ms-client-request-id": [ "577fb827-7fc7-4e7a-99ca-fc8ee49dd77b" ],
        "CommandName": [ "Get-AzStorageMoverEndpoint" ],
        "FullCommandName": [ "Get-AzStorageMoverEndpoint_List" ],
        "ParameterSetName": [ "__AllParameterSets" ],
        "User-Agent": [ "AzurePowershell/v8.0.0", "PSVersion/v7.2.5", "Az.StorageMover/0.1.0" ],
        "Authorization": [ "[Filtered]" ]
      },
      "ContentHeaders": {
      }
    },
    "Response": {
      "StatusCode": 200,
      "Headers": {
        "Cache-Control": [ "no-cache" ],
        "Pragma": [ "no-cache" ],
        "x-ms-ratelimit-remaining-subscription-reads": [ "11980" ],
        "x-ms-providerhub-traffic": [ "True" ],
        "x-ms-request-id": [ "74f6f22a-3a80-4c7e-9121-78dc793cdecf" ],
        "x-ms-correlation-request-id": [ "b10428dc-8a05-4f82-a893-dd1728c49379" ],
        "x-ms-routing-request-id": [ "SOUTHEASTASIA:20220718T091319Z:b10428dc-8a05-4f82-a893-dd1728c49379" ],
        "Strict-Transport-Security": [ "max-age=31536000; includeSubDomains" ],
        "X-Content-Type-Options": [ "nosniff" ],
        "Date": [ "Mon, 18 Jul 2022 09:13:19 GMT" ]
      },
      "ContentHeaders": {
        "Content-Length": [ "36077" ],
        "Content-Type": [ "application/json; charset=utf-8" ],
        "Expires": [ "-1" ]
      },
      "Content": "{\"value\":[{\"id\":\"/subscriptions/45b60d85-fd72-427a-a708-f994d26e593e/resourceGroups/testStorageMover/providers/Microsoft.StorageMover/storageMovers/testStorageMover1/endpoints/containerEndpoint17avc5fpy\",\"name\":\"containerEndpoint17avc5fpy\",\"type\":\"microsoft.storagemover/storagemovers/endpoints\",\"systemData\":{\"createdBy\":\"yifanzhang@microsoft.com\",\"createdByType\":\"User\",\"createdAt\":\"2022-07-18T04:10:46.0509676Z\",\"lastModifiedBy\":\"yifanzhang@microsoft.com\",\"lastModifiedByType\":\"User\",\"lastModifiedAt\":\"2022-07-18T04:10:46.0509676Z\"},\"properties\":{\"endpointType\":\"AzureStorageBlobContainer\",\"storageAccountResourceId\":\"/subscriptions/45b60d85-fd72-427a-a708-f994d26e593e/resourceGroups/testStorageMover/providers/Microsoft.Storage/storageAccounts/storacc7avc5fpy\",\"blobContainerName\":\"container7avc5fpy\",\"provisioningState\":\"Succeeded\"}},{\"id\":\"/subscriptions/45b60d85-fd72-427a-a708-f994d26e593e/resourceGroups/testStorageMover/providers/Microsoft.StorageMover/storageMovers/testStorageMover1/endpoints/nfsEndpoint17avc5fpy\",\"name\":\"nfsEndpoint17avc5fpy\",\"type\":\"microsoft.storagemover/storagemovers/endpoints\",\"systemData\":{\"createdBy\":\"yifanzhang@microsoft.com\",\"createdByType\":\"User\",\"createdAt\":\"2022-07-18T04:10:47.019733Z\",\"lastModifiedBy\":\"yifanzhang@microsoft.com\",\"lastModifiedByType\":\"User\",\"lastModifiedAt\":\"2022-07-18T04:10:47.019733Z\"},\"properties\":{\"endpointType\":\"NfsMount\",\"host\":\"10.0.0.1\",\"remoteExport\":\"/\",\"provisioningState\":\"Succeeded\"}},{\"id\":\"/subscriptions/45b60d85-fd72-427a-a708-f994d26e593e/resourceGroups/testStorageMover/providers/Microsoft.StorageMover/storageMovers/testStorageMover1/endpoints/containerEndpoint1d6swotc0\",\"name\":\"containerEndpoint1d6swotc0\",\"type\":\"microsoft.storagemover/storagemovers/endpoints\",\"systemData\":{\"createdBy\":\"yifanzhang@microsoft.com\",\"createdByType\":\"User\",\"createdAt\":\"2022-07-18T04:13:51.8406762Z\",\"lastModifiedBy\":\"yifanzhang@microsoft.com\",\"lastModifiedByType\":\"User\",\"lastModifiedAt\":\"2022-07-18T04:13:51.8406762Z\"},\"properties\":{\"endpointType\":\"AzureStorageBlobContainer\",\"storageAccountResourceId\":\"/subscriptions/45b60d85-fd72-427a-a708-f994d26e593e/resourceGroups/testStorageMover/providers/Microsoft.Storage/storageAccounts/storaccd6swotc0\",\"blobContainerName\":\"containerd6swotc0\",\"provisioningState\":\"Succeeded\"}},{\"id\":\"/subscriptions/45b60d85-fd72-427a-a708-f994d26e593e/resourceGroups/testStorageMover/providers/Microsoft.StorageMover/storageMovers/testStorageMover1/endpoints/nfsEndpoint1d6swotc0\",\"name\":\"nfsEndpoint1d6swotc0\",\"type\":\"microsoft.storagemover/storagemovers/endpoints\",\"systemData\":{\"createdBy\":\"yifanzhang@microsoft.com\",\"createdByType\":\"User\",\"createdAt\":\"2022-07-18T04:13:53.0437993Z\",\"lastModifiedBy\":\"yifanzhang@microsoft.com\",\"lastModifiedByType\":\"User\",\"lastModifiedAt\":\"2022-07-18T04:13:53.0437993Z\"},\"properties\":{\"endpointType\":\"NfsMount\",\"host\":\"10.0.0.1\",\"remoteExport\":\"/\",\"provisioningState\":\"Succeeded\"}},{\"id\":\"/subscriptions/45b60d85-fd72-427a-a708-f994d26e593e/resourceGroups/testStorageMover/providers/Microsoft.StorageMover/storageMovers/testStorageMover1/endpoints/containerEndpointr4qd8aij\",\"name\":\"containerEndpointr4qd8aij\",\"type\":\"microsoft.storagemover/storagemovers/endpoints\",\"systemData\":{\"createdBy\":\"yifanzhang@microsoft.com\",\"createdByType\":\"User\",\"createdAt\":\"2022-07-18T05:52:55.5539287Z\",\"lastModifiedBy\":\"yifanzhang@microsoft.com\",\"lastModifiedByType\":\"User\",\"lastModifiedAt\":\"2022-07-18T05:52:55.5539287Z\"},\"properties\":{\"endpointType\":\"AzureStorageBlobContainer\",\"storageAccountResourceId\":\"/subscriptions/45b60d85-fd72-427a-a708-f994d26e593e/resourceGroups/testStorageMover/providers/Microsoft.Storage/storageAccounts/storaccr4qd8aij\",\"blobContainerName\":\"containerr4qd8aij\",\"provisioningState\":\"Succeeded\"}},{\"id\":\"/subscriptions/45b60d85-fd72-427a-a708-f994d26e593e/resourceGroups/testStorageMover/providers/Microsoft.StorageMover/storageMovers/testStorageMover1/endpoints/nfsEndpointr4qd8aij\",\"name\":\"nfsEndpointr4qd8aij\",\"type\":\"microsoft.storagemover/storagemovers/endpoints\",\"systemData\":{\"createdBy\":\"yifanzhang@microsoft.com\",\"createdByType\":\"User\",\"createdAt\":\"2022-07-18T05:52:56.5695576Z\",\"lastModifiedBy\":\"yifanzhang@microsoft.com\",\"lastModifiedByType\":\"User\",\"lastModifiedAt\":\"2022-07-18T05:52:56.5695576Z\"},\"properties\":{\"endpointType\":\"NfsMount\",\"host\":\"10.0.0.1\",\"remoteExport\":\"/\",\"provisioningState\":\"Succeeded\"}},{\"id\":\"/subscriptions/45b60d85-fd72-427a-a708-f994d26e593e/resourceGroups/testStorageMover/providers/Microsoft.StorageMover/storageMovers/testStorageMover1/endpoints/containerEndpointhl1b3iax\",\"name\":\"containerEndpointhl1b3iax\",\"type\":\"microsoft.storagemover/storagemovers/endpoints\",\"systemData\":{\"createdBy\":\"yifanzhang@microsoft.com\",\"createdByType\":\"User\",\"createdAt\":\"2022-07-18T05:56:19.5368085Z\",\"lastModifiedBy\":\"yifanzhang@microsoft.com\",\"lastModifiedByType\":\"User\",\"lastModifiedAt\":\"2022-07-18T05:56:19.5368085Z\"},\"properties\":{\"endpointType\":\"AzureStorageBlobContainer\",\"storageAccountResourceId\":\"/subscriptions/45b60d85-fd72-427a-a708-f994d26e593e/resourceGroups/testStorageMover/providers/Microsoft.Storage/storageAccounts/storacchl1b3iax\",\"blobContainerName\":\"containerhl1b3iax\",\"provisioningState\":\"Succeeded\"}},{\"id\":\"/subscriptions/45b60d85-fd72-427a-a708-f994d26e593e/resourceGroups/testStorageMover/providers/Microsoft.StorageMover/storageMovers/testStorageMover1/endpoints/nfsEndpointhl1b3iax\",\"name\":\"nfsEndpointhl1b3iax\",\"type\":\"microsoft.storagemover/storagemovers/endpoints\",\"systemData\":{\"createdBy\":\"yifanzhang@microsoft.com\",\"createdByType\":\"User\",\"createdAt\":\"2022-07-18T05:56:20.4586348Z\",\"lastModifiedBy\":\"yifanzhang@microsoft.com\",\"lastModifiedByType\":\"User\",\"lastModifiedAt\":\"2022-07-18T05:56:20.4586348Z\"},\"properties\":{\"endpointType\":\"NfsMount\",\"host\":\"10.0.0.1\",\"remoteExport\":\"/\",\"provisioningState\":\"Succeeded\"}},{\"id\":\"/subscriptions/45b60d85-fd72-427a-a708-f994d26e593e/resourceGroups/testStorageMover/providers/Microsoft.StorageMover/storageMovers/testStorageMover1/endpoints/containerEndpointk7ed95i4\",\"name\":\"containerEndpointk7ed95i4\",\"type\":\"microsoft.storagemover/storagemovers/endpoints\",\"systemData\":{\"createdBy\":\"yifanzhang@microsoft.com\",\"createdByType\":\"User\",\"createdAt\":\"2022-07-18T06:00:33.3721416Z\",\"lastModifiedBy\":\"yifanzhang@microsoft.com\",\"lastModifiedByType\":\"User\",\"lastModifiedAt\":\"2022-07-18T06:00:33.3721416Z\"},\"properties\":{\"endpointType\":\"AzureStorageBlobContainer\",\"storageAccountResourceId\":\"/subscriptions/45b60d85-fd72-427a-a708-f994d26e593e/resourceGroups/testStorageMover/providers/Microsoft.Storage/storageAccounts/storacck7ed95i4\",\"blobContainerName\":\"containerk7ed95i4\",\"provisioningState\":\"Succeeded\"}},{\"id\":\"/subscriptions/45b60d85-fd72-427a-a708-f994d26e593e/resourceGroups/testStorageMover/providers/Microsoft.StorageMover/storageMovers/testStorageMover1/endpoints/nfsEndpointk7ed95i4\",\"name\":\"nfsEndpointk7ed95i4\",\"type\":\"microsoft.storagemover/storagemovers/endpoints\",\"systemData\":{\"createdBy\":\"yifanzhang@microsoft.com\",\"createdByType\":\"User\",\"createdAt\":\"2022-07-18T06:00:34.3252759Z\",\"lastModifiedBy\":\"yifanzhang@microsoft.com\",\"lastModifiedByType\":\"User\",\"lastModifiedAt\":\"2022-07-18T06:00:34.3252759Z\"},\"properties\":{\"endpointType\":\"NfsMount\",\"host\":\"10.0.0.1\",\"remoteExport\":\"/\",\"provisioningState\":\"Succeeded\"}},{\"id\":\"/subscriptions/45b60d85-fd72-427a-a708-f994d26e593e/resourceGroups/testStorageMover/providers/Microsoft.StorageMover/storageMovers/testStorageMover1/endpoints/containerEndpointjsb7w0gk\",\"name\":\"containerEndpointjsb7w0gk\",\"type\":\"microsoft.storagemover/storagemovers/endpoints\",\"systemData\":{\"createdBy\":\"yifanzhang@microsoft.com\",\"createdByType\":\"User\",\"createdAt\":\"2022-07-18T06:04:42.057684Z\",\"lastModifiedBy\":\"yifanzhang@microsoft.com\",\"lastModifiedByType\":\"User\",\"lastModifiedAt\":\"2022-07-18T06:04:42.057684Z\"},\"properties\":{\"endpointType\":\"AzureStorageBlobContainer\",\"storageAccountResourceId\":\"/subscriptions/45b60d85-fd72-427a-a708-f994d26e593e/resourceGroups/testStorageMover/providers/Microsoft.Storage/storageAccounts/storaccjsb7w0gk\",\"blobContainerName\":\"containerjsb7w0gk\",\"provisioningState\":\"Succeeded\"}},{\"id\":\"/subscriptions/45b60d85-fd72-427a-a708-f994d26e593e/resourceGroups/testStorageMover/providers/Microsoft.StorageMover/storageMovers/testStorageMover1/endpoints/nfsEndpointjsb7w0gk\",\"name\":\"nfsEndpointjsb7w0gk\",\"type\":\"microsoft.storagemover/storagemovers/endpoints\",\"systemData\":{\"createdBy\":\"yifanzhang@microsoft.com\",\"createdByType\":\"User\",\"createdAt\":\"2022-07-18T06:04:42.7608167Z\",\"lastModifiedBy\":\"yifanzhang@microsoft.com\",\"lastModifiedByType\":\"User\",\"lastModifiedAt\":\"2022-07-18T06:04:42.7608167Z\"},\"properties\":{\"endpointType\":\"NfsMount\",\"host\":\"10.0.0.1\",\"remoteExport\":\"/\",\"provisioningState\":\"Succeeded\"}},{\"id\":\"/subscriptions/45b60d85-fd72-427a-a708-f994d26e593e/resourceGroups/testStorageMover/providers/Microsoft.StorageMover/storageMovers/testStorageMover1/endpoints/containerEndpointvo6hpgem\",\"name\":\"containerEndpointvo6hpgem\",\"type\":\"microsoft.storagemover/storagemovers/endpoints\",\"systemData\":{\"createdBy\":\"yifanzhang@microsoft.com\",\"createdByType\":\"User\",\"createdAt\":\"2022-07-18T06:07:30.1876049Z\",\"lastModifiedBy\":\"yifanzhang@microsoft.com\",\"lastModifiedByType\":\"User\",\"lastModifiedAt\":\"2022-07-18T06:07:30.1876049Z\"},\"properties\":{\"endpointType\":\"AzureStorageBlobContainer\",\"storageAccountResourceId\":\"/subscriptions/45b60d85-fd72-427a-a708-f994d26e593e/resourceGroups/testStorageMover/providers/Microsoft.Storage/storageAccounts/storaccvo6hpgem\",\"blobContainerName\":\"containervo6hpgem\",\"provisioningState\":\"Succeeded\"}},{\"id\":\"/subscriptions/45b60d85-fd72-427a-a708-f994d26e593e/resourceGroups/testStorageMover/providers/Microsoft.StorageMover/storageMovers/testStorageMover1/endpoints/nfsEndpointvo6hpgem\",\"name\":\"nfsEndpointvo6hpgem\",\"type\":\"microsoft.storagemover/storagemovers/endpoints\",\"systemData\":{\"createdBy\":\"yifanzhang@microsoft.com\",\"createdByType\":\"User\",\"createdAt\":\"2022-07-18T06:07:31.1416276Z\",\"lastModifiedBy\":\"yifanzhang@microsoft.com\",\"lastModifiedByType\":\"User\",\"lastModifiedAt\":\"2022-07-18T06:07:31.1416276Z\"},\"properties\":{\"endpointType\":\"NfsMount\",\"host\":\"10.0.0.1\",\"remoteExport\":\"/\",\"provisioningState\":\"Succeeded\"}},{\"id\":\"/subscriptions/45b60d85-fd72-427a-a708-f994d26e593e/resourceGroups/testStorageMover/providers/Microsoft.StorageMover/storageMovers/testStorageMover1/endpoints/containerEndpointm1fkud84\",\"name\":\"containerEndpointm1fkud84\",\"type\":\"microsoft.storagemover/storagemovers/endpoints\",\"systemData\":{\"createdBy\":\"yifanzhang@microsoft.com\",\"createdByType\":\"User\",\"createdAt\":\"2022-07-18T06:15:53.2889844Z\",\"lastModifiedBy\":\"yifanzhang@microsoft.com\",\"lastModifiedByType\":\"User\",\"lastModifiedAt\":\"2022-07-18T06:15:53.2889844Z\"},\"properties\":{\"endpointType\":\"AzureStorageBlobContainer\",\"storageAccountResourceId\":\"/subscriptions/45b60d85-fd72-427a-a708-f994d26e593e/resourceGroups/testStorageMover/providers/Microsoft.Storage/storageAccounts/storaccm1fkud84\",\"blobContainerName\":\"containerm1fkud84\",\"provisioningState\":\"Succeeded\"}},{\"id\":\"/subscriptions/45b60d85-fd72-427a-a708-f994d26e593e/resourceGroups/testStorageMover/providers/Microsoft.StorageMover/storageMovers/testStorageMover1/endpoints/nfsEndpointm1fkud84\",\"name\":\"nfsEndpointm1fkud84\",\"type\":\"microsoft.storagemover/storagemovers/endpoints\",\"systemData\":{\"createdBy\":\"yifanzhang@microsoft.com\",\"createdByType\":\"User\",\"createdAt\":\"2022-07-18T06:15:54.3046167Z\",\"lastModifiedBy\":\"yifanzhang@microsoft.com\",\"lastModifiedByType\":\"User\",\"lastModifiedAt\":\"2022-07-18T06:15:54.3046167Z\"},\"properties\":{\"endpointType\":\"NfsMount\",\"host\":\"10.0.0.1\",\"remoteExport\":\"/\",\"provisioningState\":\"Succeeded\"}},{\"id\":\"/subscriptions/45b60d85-fd72-427a-a708-f994d26e593e/resourceGroups/testStorageMover/providers/Microsoft.StorageMover/storageMovers/testStorageMover1/endpoints/containerEndpointihqvy5wk\",\"name\":\"containerEndpointihqvy5wk\",\"type\":\"microsoft.storagemover/storagemovers/endpoints\",\"systemData\":{\"createdBy\":\"yifanzhang@microsoft.com\",\"createdByType\":\"User\",\"createdAt\":\"2022-07-18T06:23:24.5312714Z\",\"lastModifiedBy\":\"yifanzhang@microsoft.com\",\"lastModifiedByType\":\"User\",\"lastModifiedAt\":\"2022-07-18T06:23:24.5312714Z\"},\"properties\":{\"endpointType\":\"AzureStorageBlobContainer\",\"storageAccountResourceId\":\"/subscriptions/45b60d85-fd72-427a-a708-f994d26e593e/resourceGroups/testStorageMover/providers/Microsoft.Storage/storageAccounts/storaccihqvy5wk\",\"blobContainerName\":\"containerihqvy5wk\",\"provisioningState\":\"Succeeded\"}},{\"id\":\"/subscriptions/45b60d85-fd72-427a-a708-f994d26e593e/resourceGroups/testStorageMover/providers/Microsoft.StorageMover/storageMovers/testStorageMover1/endpoints/nfsEndpointihqvy5wk\",\"name\":\"nfsEndpointihqvy5wk\",\"type\":\"microsoft.storagemover/storagemovers/endpoints\",\"systemData\":{\"createdBy\":\"yifanzhang@microsoft.com\",\"createdByType\":\"User\",\"createdAt\":\"2022-07-18T06:23:25.3125652Z\",\"lastModifiedBy\":\"yifanzhang@microsoft.com\",\"lastModifiedByType\":\"User\",\"lastModifiedAt\":\"2022-07-18T06:23:25.3125652Z\"},\"properties\":{\"endpointType\":\"NfsMount\",\"host\":\"10.0.0.1\",\"remoteExport\":\"/\",\"provisioningState\":\"Succeeded\"}},{\"id\":\"/subscriptions/45b60d85-fd72-427a-a708-f994d26e593e/resourceGroups/testStorageMover/providers/Microsoft.StorageMover/storageMovers/testStorageMover1/endpoints/containerEndpointi8n9djwr\",\"name\":\"containerEndpointi8n9djwr\",\"type\":\"microsoft.storagemover/storagemovers/endpoints\",\"systemData\":{\"createdBy\":\"yifanzhang@microsoft.com\",\"createdByType\":\"User\",\"createdAt\":\"2022-07-18T06:25:39.2066945Z\",\"lastModifiedBy\":\"yifanzhang@microsoft.com\",\"lastModifiedByType\":\"User\",\"lastModifiedAt\":\"2022-07-18T06:25:39.2066945Z\"},\"properties\":{\"endpointType\":\"AzureStorageBlobContainer\",\"storageAccountResourceId\":\"/subscriptions/45b60d85-fd72-427a-a708-f994d26e593e/resourceGroups/testStorageMover/providers/Microsoft.Storage/storageAccounts/storacci8n9djwr\",\"blobContainerName\":\"containeri8n9djwr\",\"provisioningState\":\"Succeeded\"}},{\"id\":\"/subscriptions/45b60d85-fd72-427a-a708-f994d26e593e/resourceGroups/testStorageMover/providers/Microsoft.StorageMover/storageMovers/testStorageMover1/endpoints/nfsEndpointi8n9djwr\",\"name\":\"nfsEndpointi8n9djwr\",\"type\":\"microsoft.storagemover/storagemovers/endpoints\",\"systemData\":{\"createdBy\":\"yifanzhang@microsoft.com\",\"createdByType\":\"User\",\"createdAt\":\"2022-07-18T06:25:39.9254554Z\",\"lastModifiedBy\":\"yifanzhang@microsoft.com\",\"lastModifiedByType\":\"User\",\"lastModifiedAt\":\"2022-07-18T06:25:39.9254554Z\"},\"properties\":{\"endpointType\":\"NfsMount\",\"host\":\"10.0.0.1\",\"remoteExport\":\"/\",\"provisioningState\":\"Succeeded\"}},{\"id\":\"/subscriptions/45b60d85-fd72-427a-a708-f994d26e593e/resourceGroups/testStorageMover/providers/Microsoft.StorageMover/storageMovers/testStorageMover1/endpoints/containerEndpointhir50cu8\",\"name\":\"containerEndpointhir50cu8\",\"type\":\"microsoft.storagemover/storagemovers/endpoints\",\"systemData\":{\"createdBy\":\"yifanzhang@microsoft.com\",\"createdByType\":\"User\",\"createdAt\":\"2022-07-18T06:29:07.499009Z\",\"lastModifiedBy\":\"yifanzhang@microsoft.com\",\"lastModifiedByType\":\"User\",\"lastModifiedAt\":\"2022-07-18T06:29:07.499009Z\"},\"properties\":{\"endpointType\":\"AzureStorageBlobContainer\",\"storageAccountResourceId\":\"/subscriptions/45b60d85-fd72-427a-a708-f994d26e593e/resourceGroups/testStorageMover/providers/Microsoft.Storage/storageAccounts/storacchir50cu8\",\"blobContainerName\":\"containerhir50cu8\",\"provisioningState\":\"Succeeded\"}},{\"id\":\"/subscriptions/45b60d85-fd72-427a-a708-f994d26e593e/resourceGroups/testStorageMover/providers/Microsoft.StorageMover/storageMovers/testStorageMover1/endpoints/nfsEndpointhir50cu8\",\"name\":\"nfsEndpointhir50cu8\",\"type\":\"microsoft.storagemover/storagemovers/endpoints\",\"systemData\":{\"createdBy\":\"yifanzhang@microsoft.com\",\"createdByType\":\"User\",\"createdAt\":\"2022-07-18T06:29:08.2958568Z\",\"lastModifiedBy\":\"yifanzhang@microsoft.com\",\"lastModifiedByType\":\"User\",\"lastModifiedAt\":\"2022-07-18T06:29:08.2958568Z\"},\"properties\":{\"endpointType\":\"NfsMount\",\"host\":\"10.0.0.1\",\"remoteExport\":\"/\",\"provisioningState\":\"Succeeded\"}},{\"id\":\"/subscriptions/45b60d85-fd72-427a-a708-f994d26e593e/resourceGroups/testStorageMover/providers/Microsoft.StorageMover/storageMovers/testStorageMover1/endpoints/containerEndpointmy6o9hg2\",\"name\":\"containerEndpointmy6o9hg2\",\"type\":\"microsoft.storagemover/storagemovers/endpoints\",\"systemData\":{\"createdBy\":\"yifanzhang@microsoft.com\",\"createdByType\":\"User\",\"createdAt\":\"2022-07-18T06:34:35.2346935Z\",\"lastModifiedBy\":\"yifanzhang@microsoft.com\",\"lastModifiedByType\":\"User\",\"lastModifiedAt\":\"2022-07-18T06:34:35.2346935Z\"},\"properties\":{\"endpointType\":\"AzureStorageBlobContainer\",\"storageAccountResourceId\":\"/subscriptions/45b60d85-fd72-427a-a708-f994d26e593e/resourceGroups/testStorageMover/providers/Microsoft.Storage/storageAccounts/storaccmy6o9hg2\",\"blobContainerName\":\"containermy6o9hg2\",\"provisioningState\":\"Succeeded\"}},{\"id\":\"/subscriptions/45b60d85-fd72-427a-a708-f994d26e593e/resourceGroups/testStorageMover/providers/Microsoft.StorageMover/storageMovers/testStorageMover1/endpoints/nfsEndpointmy6o9hg2\",\"name\":\"nfsEndpointmy6o9hg2\",\"type\":\"microsoft.storagemover/storagemovers/endpoints\",\"systemData\":{\"createdBy\":\"yifanzhang@microsoft.com\",\"createdByType\":\"User\",\"createdAt\":\"2022-07-18T06:34:35.9846936Z\",\"lastModifiedBy\":\"yifanzhang@microsoft.com\",\"lastModifiedByType\":\"User\",\"lastModifiedAt\":\"2022-07-18T06:34:35.9846936Z\"},\"properties\":{\"endpointType\":\"NfsMount\",\"host\":\"10.0.0.1\",\"remoteExport\":\"/\",\"provisioningState\":\"Succeeded\"}},{\"id\":\"/subscriptions/45b60d85-fd72-427a-a708-f994d26e593e/resourceGroups/testStorageMover/providers/Microsoft.StorageMover/storageMovers/testStorageMover1/endpoints/containerEndpoint4bmpywo2\",\"name\":\"containerEndpoint4bmpywo2\",\"type\":\"microsoft.storagemover/storagemovers/endpoints\",\"systemData\":{\"createdBy\":\"yifanzhang@microsoft.com\",\"createdByType\":\"User\",\"createdAt\":\"2022-07-18T06:37:11.5972536Z\",\"lastModifiedBy\":\"yifanzhang@microsoft.com\",\"lastModifiedByType\":\"User\",\"lastModifiedAt\":\"2022-07-18T06:37:11.5972536Z\"},\"properties\":{\"endpointType\":\"AzureStorageBlobContainer\",\"storageAccountResourceId\":\"/subscriptions/45b60d85-fd72-427a-a708-f994d26e593e/resourceGroups/testStorageMover/providers/Microsoft.Storage/storageAccounts/storacc4bmpywo2\",\"blobContainerName\":\"container4bmpywo2\",\"provisioningState\":\"Succeeded\"}},{\"id\":\"/subscriptions/45b60d85-fd72-427a-a708-f994d26e593e/resourceGroups/testStorageMover/providers/Microsoft.StorageMover/storageMovers/testStorageMover1/endpoints/nfsEndpoint4bmpywo2\",\"name\":\"nfsEndpoint4bmpywo2\",\"type\":\"microsoft.storagemover/storagemovers/endpoints\",\"systemData\":{\"createdBy\":\"yifanzhang@microsoft.com\",\"createdByType\":\"User\",\"createdAt\":\"2022-07-18T06:37:12.4410094Z\",\"lastModifiedBy\":\"yifanzhang@microsoft.com\",\"lastModifiedByType\":\"User\",\"lastModifiedAt\":\"2022-07-18T06:37:12.4410094Z\"},\"properties\":{\"endpointType\":\"NfsMount\",\"host\":\"10.0.0.1\",\"remoteExport\":\"/\",\"provisioningState\":\"Succeeded\"}},{\"id\":\"/subscriptions/45b60d85-fd72-427a-a708-f994d26e593e/resourceGroups/testStorageMover/providers/Microsoft.StorageMover/storageMovers/testStorageMover1/endpoints/containerEndpointcjmunv9x\",\"name\":\"containerEndpointcjmunv9x\",\"type\":\"microsoft.storagemover/storagemovers/endpoints\",\"systemData\":{\"createdBy\":\"yifanzhang@microsoft.com\",\"createdByType\":\"User\",\"createdAt\":\"2022-07-18T06:38:51.895562Z\",\"lastModifiedBy\":\"yifanzhang@microsoft.com\",\"lastModifiedByType\":\"User\",\"lastModifiedAt\":\"2022-07-18T06:38:51.895562Z\"},\"properties\":{\"endpointType\":\"AzureStorageBlobContainer\",\"storageAccountResourceId\":\"/subscriptions/45b60d85-fd72-427a-a708-f994d26e593e/resourceGroups/testStorageMover/providers/Microsoft.Storage/storageAccounts/storacccjmunv9x\",\"blobContainerName\":\"containercjmunv9x\",\"provisioningState\":\"Succeeded\"}},{\"id\":\"/subscriptions/45b60d85-fd72-427a-a708-f994d26e593e/resourceGroups/testStorageMover/providers/Microsoft.StorageMover/storageMovers/testStorageMover1/endpoints/nfsEndpointcjmunv9x\",\"name\":\"nfsEndpointcjmunv9x\",\"type\":\"microsoft.storagemover/storagemovers/endpoints\",\"systemData\":{\"createdBy\":\"yifanzhang@microsoft.com\",\"createdByType\":\"User\",\"createdAt\":\"2022-07-18T06:38:52.5986897Z\",\"lastModifiedBy\":\"yifanzhang@microsoft.com\",\"lastModifiedByType\":\"User\",\"lastModifiedAt\":\"2022-07-18T06:38:52.5986897Z\"},\"properties\":{\"endpointType\":\"NfsMount\",\"host\":\"10.0.0.1\",\"remoteExport\":\"/\",\"provisioningState\":\"Succeeded\"}},{\"id\":\"/subscriptions/45b60d85-fd72-427a-a708-f994d26e593e/resourceGroups/testStorageMover/providers/Microsoft.StorageMover/storageMovers/testStorageMover1/endpoints/containerEndpoint4g2au9k6\",\"name\":\"containerEndpoint4g2au9k6\",\"type\":\"microsoft.storagemover/storagemovers/endpoints\",\"systemData\":{\"createdBy\":\"yifanzhang@microsoft.com\",\"createdByType\":\"User\",\"createdAt\":\"2022-07-18T06:40:19.5992676Z\",\"lastModifiedBy\":\"yifanzhang@microsoft.com\",\"lastModifiedByType\":\"User\",\"lastModifiedAt\":\"2022-07-18T06:40:19.5992676Z\"},\"properties\":{\"endpointType\":\"AzureStorageBlobContainer\",\"storageAccountResourceId\":\"/subscriptions/45b60d85-fd72-427a-a708-f994d26e593e/resourceGroups/testStorageMover/providers/Microsoft.Storage/storageAccounts/storacc4g2au9k6\",\"blobContainerName\":\"container4g2au9k6\",\"provisioningState\":\"Succeeded\"}},{\"id\":\"/subscriptions/45b60d85-fd72-427a-a708-f994d26e593e/resourceGroups/testStorageMover/providers/Microsoft.StorageMover/storageMovers/testStorageMover1/endpoints/nfsEndpoint4g2au9k6\",\"name\":\"nfsEndpoint4g2au9k6\",\"type\":\"microsoft.storagemover/storagemovers/endpoints\",\"systemData\":{\"createdBy\":\"yifanzhang@microsoft.com\",\"createdByType\":\"User\",\"createdAt\":\"2022-07-18T06:40:20.5836428Z\",\"lastModifiedBy\":\"yifanzhang@microsoft.com\",\"lastModifiedByType\":\"User\",\"lastModifiedAt\":\"2022-07-18T06:40:20.5836428Z\"},\"properties\":{\"endpointType\":\"NfsMount\",\"host\":\"10.0.0.1\",\"remoteExport\":\"/\",\"provisioningState\":\"Succeeded\"}},{\"id\":\"/subscriptions/45b60d85-fd72-427a-a708-f994d26e593e/resourceGroups/testStorageMover/providers/Microsoft.StorageMover/storageMovers/testStorageMover1/endpoints/containerEndpointl3d9bt14\",\"name\":\"containerEndpointl3d9bt14\",\"type\":\"microsoft.storagemover/storagemovers/endpoints\",\"systemData\":{\"createdBy\":\"yifanzhang@microsoft.com\",\"createdByType\":\"User\",\"createdAt\":\"2022-07-18T07:18:24.9833079Z\",\"lastModifiedBy\":\"yifanzhang@microsoft.com\",\"lastModifiedByType\":\"User\",\"lastModifiedAt\":\"2022-07-18T07:18:24.9833079Z\"},\"properties\":{\"endpointType\":\"AzureStorageBlobContainer\",\"storageAccountResourceId\":\"/subscriptions/45b60d85-fd72-427a-a708-f994d26e593e/resourceGroups/testStorageMover/providers/Microsoft.Storage/storageAccounts/storaccl3d9bt14\",\"blobContainerName\":\"containerl3d9bt14\",\"provisioningState\":\"Succeeded\"}},{\"id\":\"/subscriptions/45b60d85-fd72-427a-a708-f994d26e593e/resourceGroups/testStorageMover/providers/Microsoft.StorageMover/storageMovers/testStorageMover1/endpoints/nfsEndpointl3d9bt14\",\"name\":\"nfsEndpointl3d9bt14\",\"type\":\"microsoft.storagemover/storagemovers/endpoints\",\"systemData\":{\"createdBy\":\"yifanzhang@microsoft.com\",\"createdByType\":\"User\",\"createdAt\":\"2022-07-18T07:18:25.9989377Z\",\"lastModifiedBy\":\"yifanzhang@microsoft.com\",\"lastModifiedByType\":\"User\",\"lastModifiedAt\":\"2022-07-18T07:18:25.9989377Z\"},\"properties\":{\"endpointType\":\"NfsMount\",\"host\":\"10.0.0.1\",\"remoteExport\":\"/\",\"provisioningState\":\"Succeeded\"}},{\"id\":\"/subscriptions/45b60d85-fd72-427a-a708-f994d26e593e/resourceGroups/testStorageMover/providers/Microsoft.StorageMover/storageMovers/testStorageMover1/endpoints/containerEndpoint97zsdwjn\",\"name\":\"containerEndpoint97zsdwjn\",\"type\":\"microsoft.storagemover/storagemovers/endpoints\",\"systemData\":{\"createdBy\":\"yifanzhang@microsoft.com\",\"createdByType\":\"User\",\"createdAt\":\"2022-07-18T07:23:57.1438331Z\",\"lastModifiedBy\":\"yifanzhang@microsoft.com\",\"lastModifiedByType\":\"User\",\"lastModifiedAt\":\"2022-07-18T07:23:57.1438331Z\"},\"properties\":{\"endpointType\":\"AzureStorageBlobContainer\",\"storageAccountResourceId\":\"/subscriptions/45b60d85-fd72-427a-a708-f994d26e593e/resourceGroups/testStorageMover/providers/Microsoft.Storage/storageAccounts/storacc97zsdwjn\",\"blobContainerName\":\"container97zsdwjn\",\"provisioningState\":\"Succeeded\"}},{\"id\":\"/subscriptions/45b60d85-fd72-427a-a708-f994d26e593e/resourceGroups/testStorageMover/providers/Microsoft.StorageMover/storageMovers/testStorageMover1/endpoints/nfsEndpoint97zsdwjn\",\"name\":\"nfsEndpoint97zsdwjn\",\"type\":\"microsoft.storagemover/storagemovers/endpoints\",\"systemData\":{\"createdBy\":\"yifanzhang@microsoft.com\",\"createdByType\":\"User\",\"createdAt\":\"2022-07-18T07:23:58.6750884Z\",\"lastModifiedBy\":\"yifanzhang@microsoft.com\",\"lastModifiedByType\":\"User\",\"lastModifiedAt\":\"2022-07-18T07:23:58.6750884Z\"},\"properties\":{\"endpointType\":\"NfsMount\",\"host\":\"10.0.0.1\",\"remoteExport\":\"/\",\"provisioningState\":\"Succeeded\"}},{\"id\":\"/subscriptions/45b60d85-fd72-427a-a708-f994d26e593e/resourceGroups/testStorageMover/providers/Microsoft.StorageMover/storageMovers/testStorageMover1/endpoints/containerEndpointo3q8xlbr\",\"name\":\"containerEndpointo3q8xlbr\",\"type\":\"microsoft.storagemover/storagemovers/endpoints\",\"systemData\":{\"createdBy\":\"yifanzhang@microsoft.com\",\"createdByType\":\"User\",\"createdAt\":\"2022-07-18T07:28:29.4016174Z\",\"lastModifiedBy\":\"yifanzhang@microsoft.com\",\"lastModifiedByType\":\"User\",\"lastModifiedAt\":\"2022-07-18T07:28:29.4016174Z\"},\"properties\":{\"endpointType\":\"AzureStorageBlobContainer\",\"storageAccountResourceId\":\"/subscriptions/45b60d85-fd72-427a-a708-f994d26e593e/resourceGroups/testStorageMover/providers/Microsoft.Storage/storageAccounts/storacco3q8xlbr\",\"blobContainerName\":\"containero3q8xlbr\",\"provisioningState\":\"Succeeded\"}},{\"id\":\"/subscriptions/45b60d85-fd72-427a-a708-f994d26e593e/resourceGroups/testStorageMover/providers/Microsoft.StorageMover/storageMovers/testStorageMover1/endpoints/nfsEndpointo3q8xlbr\",\"name\":\"nfsEndpointo3q8xlbr\",\"type\":\"microsoft.storagemover/storagemovers/endpoints\",\"systemData\":{\"createdBy\":\"yifanzhang@microsoft.com\",\"createdByType\":\"User\",\"createdAt\":\"2022-07-18T07:28:30.1672466Z\",\"lastModifiedBy\":\"yifanzhang@microsoft.com\",\"lastModifiedByType\":\"User\",\"lastModifiedAt\":\"2022-07-18T07:28:30.1672466Z\"},\"properties\":{\"endpointType\":\"NfsMount\",\"host\":\"10.0.0.1\",\"remoteExport\":\"/\",\"provisioningState\":\"Succeeded\"}},{\"id\":\"/subscriptions/45b60d85-fd72-427a-a708-f994d26e593e/resourceGroups/testStorageMover/providers/Microsoft.StorageMover/storageMovers/testStorageMover1/endpoints/containerEndpointny9th7lp\",\"name\":\"containerEndpointny9th7lp\",\"type\":\"microsoft.storagemover/storagemovers/endpoints\",\"systemData\":{\"createdBy\":\"yifanzhang@microsoft.com\",\"createdByType\":\"User\",\"createdAt\":\"2022-07-18T08:21:10.288383Z\",\"lastModifiedBy\":\"yifanzhang@microsoft.com\",\"lastModifiedByType\":\"User\",\"lastModifiedAt\":\"2022-07-18T08:21:10.288383Z\"},\"properties\":{\"endpointType\":\"AzureStorageBlobContainer\",\"storageAccountResourceId\":\"/subscriptions/45b60d85-fd72-427a-a708-f994d26e593e/resourceGroups/testStorageMover/providers/Microsoft.Storage/storageAccounts/storaccny9th7lp\",\"blobContainerName\":\"containerny9th7lp\",\"provisioningState\":\"Succeeded\"}},{\"id\":\"/subscriptions/45b60d85-fd72-427a-a708-f994d26e593e/resourceGroups/testStorageMover/providers/Microsoft.StorageMover/storageMovers/testStorageMover1/endpoints/nfsEndpointny9th7lp\",\"name\":\"nfsEndpointny9th7lp\",\"type\":\"microsoft.storagemover/storagemovers/endpoints\",\"systemData\":{\"createdBy\":\"yifanzhang@microsoft.com\",\"createdByType\":\"User\",\"createdAt\":\"2022-07-18T08:21:11.2258908Z\",\"lastModifiedBy\":\"yifanzhang@microsoft.com\",\"lastModifiedByType\":\"User\",\"lastModifiedAt\":\"2022-07-18T08:21:11.2258908Z\"},\"properties\":{\"endpointType\":\"NfsMount\",\"host\":\"10.0.0.1\",\"remoteExport\":\"/\",\"provisioningState\":\"Succeeded\"}},{\"id\":\"/subscriptions/45b60d85-fd72-427a-a708-f994d26e593e/resourceGroups/testStorageMover/providers/Microsoft.StorageMover/storageMovers/testStorageMover1/endpoints/containerEndpoint9sqbr1f2\",\"name\":\"containerEndpoint9sqbr1f2\",\"type\":\"microsoft.storagemover/storagemovers/endpoints\",\"systemData\":{\"createdBy\":\"yifanzhang@microsoft.com\",\"createdByType\":\"User\",\"createdAt\":\"2022-07-18T08:22:40.3363889Z\",\"lastModifiedBy\":\"yifanzhang@microsoft.com\",\"lastModifiedByType\":\"User\",\"lastModifiedAt\":\"2022-07-18T08:22:40.3363889Z\"},\"properties\":{\"endpointType\":\"AzureStorageBlobContainer\",\"storageAccountResourceId\":\"/subscriptions/45b60d85-fd72-427a-a708-f994d26e593e/resourceGroups/testStorageMover/providers/Microsoft.Storage/storageAccounts/storacc9sqbr1f2\",\"blobContainerName\":\"container9sqbr1f2\",\"provisioningState\":\"Succeeded\"}},{\"id\":\"/subscriptions/45b60d85-fd72-427a-a708-f994d26e593e/resourceGroups/testStorageMover/providers/Microsoft.StorageMover/storageMovers/testStorageMover1/endpoints/nfsEndpoint9sqbr1f2\",\"name\":\"nfsEndpoint9sqbr1f2\",\"type\":\"microsoft.storagemover/storagemovers/endpoints\",\"systemData\":{\"createdBy\":\"yifanzhang@microsoft.com\",\"createdByType\":\"User\",\"createdAt\":\"2022-07-18T08:22:41.0863904Z\",\"lastModifiedBy\":\"yifanzhang@microsoft.com\",\"lastModifiedByType\":\"User\",\"lastModifiedAt\":\"2022-07-18T08:22:41.0863904Z\"},\"properties\":{\"endpointType\":\"NfsMount\",\"host\":\"10.0.0.1\",\"remoteExport\":\"/\",\"provisioningState\":\"Succeeded\"}},{\"id\":\"/subscriptions/45b60d85-fd72-427a-a708-f994d26e593e/resourceGroups/testStorageMover/providers/Microsoft.StorageMover/storageMovers/testStorageMover1/endpoints/containerEndpointhkw3a5j9\",\"name\":\"containerEndpointhkw3a5j9\",\"type\":\"microsoft.storagemover/storagemovers/endpoints\",\"systemData\":{\"createdBy\":\"yifanzhang@microsoft.com\",\"createdByType\":\"User\",\"createdAt\":\"2022-07-18T08:24:49.4507608Z\",\"lastModifiedBy\":\"yifanzhang@microsoft.com\",\"lastModifiedByType\":\"User\",\"lastModifiedAt\":\"2022-07-18T08:24:49.4507608Z\"},\"properties\":{\"endpointType\":\"AzureStorageBlobContainer\",\"storageAccountResourceId\":\"/subscriptions/45b60d85-fd72-427a-a708-f994d26e593e/resourceGroups/testStorageMover/providers/Microsoft.Storage/storageAccounts/storacchkw3a5j9\",\"blobContainerName\":\"containerhkw3a5j9\",\"provisioningState\":\"Succeeded\"}},{\"id\":\"/subscriptions/45b60d85-fd72-427a-a708-f994d26e593e/resourceGroups/testStorageMover/providers/Microsoft.StorageMover/storageMovers/testStorageMover1/endpoints/nfsEndpointhkw3a5j9\",\"name\":\"nfsEndpointhkw3a5j9\",\"type\":\"microsoft.storagemover/storagemovers/endpoints\",\"systemData\":{\"createdBy\":\"yifanzhang@microsoft.com\",\"createdByType\":\"User\",\"createdAt\":\"2022-07-18T08:24:50.1850787Z\",\"lastModifiedBy\":\"yifanzhang@microsoft.com\",\"lastModifiedByType\":\"User\",\"lastModifiedAt\":\"2022-07-18T08:24:50.1850787Z\"},\"properties\":{\"endpointType\":\"NfsMount\",\"host\":\"10.0.0.1\",\"remoteExport\":\"/\",\"provisioningState\":\"Succeeded\"}},{\"id\":\"/subscriptions/45b60d85-fd72-427a-a708-f994d26e593e/resourceGroups/testStorageMover/providers/Microsoft.StorageMover/storageMovers/testStorageMover1/endpoints/containerEndpointq70s249g\",\"name\":\"containerEndpointq70s249g\",\"type\":\"microsoft.storagemover/storagemovers/endpoints\",\"systemData\":{\"createdBy\":\"yifanzhang@microsoft.com\",\"createdByType\":\"User\",\"createdAt\":\"2022-07-18T08:26:24.4294953Z\",\"lastModifiedBy\":\"yifanzhang@microsoft.com\",\"lastModifiedByType\":\"User\",\"lastModifiedAt\":\"2022-07-18T08:26:24.4294953Z\"},\"properties\":{\"endpointType\":\"AzureStorageBlobContainer\",\"storageAccountResourceId\":\"/subscriptions/45b60d85-fd72-427a-a708-f994d26e593e/resourceGroups/testStorageMover/providers/Microsoft.Storage/storageAccounts/storaccq70s249g\",\"blobContainerName\":\"containerq70s249g\",\"provisioningState\":\"Succeeded\"}},{\"id\":\"/subscriptions/45b60d85-fd72-427a-a708-f994d26e593e/resourceGroups/testStorageMover/providers/Microsoft.StorageMover/storageMovers/testStorageMover1/endpoints/nfsEndpointq70s249g\",\"name\":\"nfsEndpointq70s249g\",\"type\":\"microsoft.storagemover/storagemovers/endpoints\",\"systemData\":{\"createdBy\":\"yifanzhang@microsoft.com\",\"createdByType\":\"User\",\"createdAt\":\"2022-07-18T08:26:25.1325977Z\",\"lastModifiedBy\":\"yifanzhang@microsoft.com\",\"lastModifiedByType\":\"User\",\"lastModifiedAt\":\"2022-07-18T08:26:25.1325977Z\"},\"properties\":{\"endpointType\":\"NfsMount\",\"host\":\"10.0.0.1\",\"remoteExport\":\"/\",\"provisioningState\":\"Succeeded\"}},{\"id\":\"/subscriptions/45b60d85-fd72-427a-a708-f994d26e593e/resourceGroups/testStorageMover/providers/Microsoft.StorageMover/storageMovers/testStorageMover1/endpoints/nfsEndpointvfo10l47\",\"name\":\"nfsEndpointvfo10l47\",\"type\":\"microsoft.storagemover/storagemovers/endpoints\",\"systemData\":{\"createdBy\":\"yifanzhang@microsoft.com\",\"createdByType\":\"User\",\"createdAt\":\"2022-07-18T08:28:01.155457Z\",\"lastModifiedBy\":\"yifanzhang@microsoft.com\",\"lastModifiedByType\":\"User\",\"lastModifiedAt\":\"2022-07-18T08:28:01.155457Z\"},\"properties\":{\"endpointType\":\"NfsMount\",\"host\":\"10.0.0.1\",\"remoteExport\":\"/\",\"provisioningState\":\"Succeeded\"}},{\"id\":\"/subscriptions/45b60d85-fd72-427a-a708-f994d26e593e/resourceGroups/testStorageMover/providers/Microsoft.StorageMover/storageMovers/testStorageMover1/endpoints/nfsEndpointk3pmhtl9\",\"name\":\"nfsEndpointk3pmhtl9\",\"type\":\"microsoft.storagemover/storagemovers/endpoints\",\"systemData\":{\"createdBy\":\"yifanzhang@microsoft.com\",\"createdByType\":\"User\",\"createdAt\":\"2022-07-18T08:29:56.4962449Z\",\"lastModifiedBy\":\"yifanzhang@microsoft.com\",\"lastModifiedByType\":\"User\",\"lastModifiedAt\":\"2022-07-18T08:29:56.4962449Z\"},\"properties\":{\"endpointType\":\"NfsMount\",\"host\":\"10.0.0.1\",\"remoteExport\":\"/\",\"provisioningState\":\"Succeeded\"}},{\"id\":\"/subscriptions/45b60d85-fd72-427a-a708-f994d26e593e/resourceGroups/testStorageMover/providers/Microsoft.StorageMover/storageMovers/testStorageMover1/endpoints/containerEndpointfr4dzm73\",\"name\":\"containerEndpointfr4dzm73\",\"type\":\"microsoft.storagemover/storagemovers/endpoints\",\"systemData\":{\"createdBy\":\"yifanzhang@microsoft.com\",\"createdByType\":\"User\",\"createdAt\":\"2022-07-18T08:31:43.6965809Z\",\"lastModifiedBy\":\"yifanzhang@microsoft.com\",\"lastModifiedByType\":\"User\",\"lastModifiedAt\":\"2022-07-18T08:31:43.6965809Z\"},\"properties\":{\"endpointType\":\"AzureStorageBlobContainer\",\"storageAccountResourceId\":\"/subscriptions/45b60d85-fd72-427a-a708-f994d26e593e/resourceGroups/testStorageMover/providers/Microsoft.Storage/storageAccounts/storaccfr4dzm73\",\"blobContainerName\":\"containerfr4dzm73\",\"provisioningState\":\"Succeeded\"}},{\"id\":\"/subscriptions/45b60d85-fd72-427a-a708-f994d26e593e/resourceGroups/testStorageMover/providers/Microsoft.StorageMover/storageMovers/testStorageMover1/endpoints/nfsEndpointfr4dzm73\",\"name\":\"nfsEndpointfr4dzm73\",\"type\":\"microsoft.storagemover/storagemovers/endpoints\",\"systemData\":{\"createdBy\":\"yifanzhang@microsoft.com\",\"createdByType\":\"User\",\"createdAt\":\"2022-07-18T08:31:44.5090759Z\",\"lastModifiedBy\":\"yifanzhang@microsoft.com\",\"lastModifiedByType\":\"User\",\"lastModifiedAt\":\"2022-07-18T08:31:44.5090759Z\"},\"properties\":{\"endpointType\":\"NfsMount\",\"host\":\"10.0.0.1\",\"remoteExport\":\"/\",\"provisioningState\":\"Succeeded\"}},{\"id\":\"/subscriptions/45b60d85-fd72-427a-a708-f994d26e593e/resourceGroups/testStorageMover/providers/Microsoft.StorageMover/storageMovers/testStorageMover1/endpoints/containerEndpoint034pjhl6\",\"name\":\"containerEndpoint034pjhl6\",\"type\":\"microsoft.storagemover/storagemovers/endpoints\",\"systemData\":{\"createdBy\":\"yifanzhang@microsoft.com\",\"createdByType\":\"User\",\"createdAt\":\"2022-07-18T09:12:45.8387232Z\",\"lastModifiedBy\":\"yifanzhang@microsoft.com\",\"lastModifiedByType\":\"User\",\"lastModifiedAt\":\"2022-07-18T09:12:45.8387232Z\"},\"properties\":{\"endpointType\":\"AzureStorageBlobContainer\",\"storageAccountResourceId\":\"/subscriptions/45b60d85-fd72-427a-a708-f994d26e593e/resourceGroups/testStorageMover/providers/Microsoft.Storage/storageAccounts/storacc034pjhl6\",\"blobContainerName\":\"container034pjhl6\",\"provisioningState\":\"Succeeded\"}},{\"id\":\"/subscriptions/45b60d85-fd72-427a-a708-f994d26e593e/resourceGroups/testStorageMover/providers/Microsoft.StorageMover/storageMovers/testStorageMover1/endpoints/nfsEndpoint034pjhl6\",\"name\":\"nfsEndpoint034pjhl6\",\"type\":\"microsoft.storagemover/storagemovers/endpoints\",\"systemData\":{\"createdBy\":\"yifanzhang@microsoft.com\",\"createdByType\":\"User\",\"createdAt\":\"2022-07-18T09:12:46.6668664Z\",\"lastModifiedBy\":\"yifanzhang@microsoft.com\",\"lastModifiedByType\":\"User\",\"lastModifiedAt\":\"2022-07-18T09:12:46.6668664Z\"},\"properties\":{\"endpointType\":\"NfsMount\",\"host\":\"10.0.0.1\",\"remoteExport\":\"/\",\"provisioningState\":\"Succeeded\"}}]}",
      "isContentBase64": false
    }
  }
}